
*** Running vivado
    with args -log DesignForPStoReg_simple_reg_0_0.vds -m64 -product Vivado -mode batch -messageDb vivado.pb -notrace -source DesignForPStoReg_simple_reg_0_0.tcl


****** Vivado v2018.1 (64-bit)
  **** SW Build 2188600 on Wed Apr  4 18:40:38 MDT 2018
  **** IP Build 2185939 on Wed Apr  4 20:55:05 MDT 2018
    ** Copyright 1986-2018 Xilinx, Inc. All Rights Reserved.

source DesignForPStoReg_simple_reg_0_0.tcl -notrace
Command: synth_design -top DesignForPStoReg_simple_reg_0_0 -part xc7z020clg400-1 -mode out_of_context
Starting synth_design
Attempting to get a license for feature 'Synthesis' and/or device 'xc7z020'
INFO: [Common 17-349] Got license for feature 'Synthesis' and/or device 'xc7z020'
INFO: Launching helper process for spawning children vivado processes
INFO: Helper process launched with PID 15948 
---------------------------------------------------------------------------------
Starting RTL Elaboration : Time (s): cpu = 00:00:04 ; elapsed = 00:00:04 . Memory (MB): peak = 394.633 ; gain = 100.621
---------------------------------------------------------------------------------
INFO: [Synth 8-6157] synthesizing module 'DesignForPStoReg_simple_reg_0_0' [c:/Users/hrish/Downloads/ReRAM_Thesis/Project Folder/EightBitRegisterMemory/EightBitRegisterMemory.srcs/sources_1/bd/DesignForPStoReg/ip/DesignForPStoReg_simple_reg_0_0/synth/DesignForPStoReg_simple_reg_0_0.v:57]
INFO: [Synth 8-6157] synthesizing module 'simple_reg_v1_0' [c:/Users/hrish/Downloads/ReRAM_Thesis/Project Folder/EightBitRegisterMemory/EightBitRegisterMemory.srcs/sources_1/bd/DesignForPStoReg/ipshared/5df0/hdl/simple_reg_v1_0.v:4]
	Parameter C_S00_AXI_DATA_WIDTH bound to: 32 - type: integer 
	Parameter C_S00_AXI_ADDR_WIDTH bound to: 4 - type: integer 
INFO: [Synth 8-6157] synthesizing module 'simple_reg_v1_0_S00_AXI' [c:/Users/hrish/Downloads/ReRAM_Thesis/Project Folder/EightBitRegisterMemory/EightBitRegisterMemory.srcs/sources_1/bd/DesignForPStoReg/ipshared/5df0/hdl/simple_reg_v1_0_S00_AXI.v:8]
	Parameter C_S_AXI_DATA_WIDTH bound to: 32 - type: integer 
	Parameter C_S_AXI_ADDR_WIDTH bound to: 4 - type: integer 
	Parameter ADDR_LSB bound to: 2 - type: integer 
	Parameter OPT_MEM_ADDR_BITS bound to: 0 - type: integer 
INFO: [Synth 8-6155] done synthesizing module 'simple_reg_v1_0_S00_AXI' (1#1) [c:/Users/hrish/Downloads/ReRAM_Thesis/Project Folder/EightBitRegisterMemory/EightBitRegisterMemory.srcs/sources_1/bd/DesignForPStoReg/ipshared/5df0/hdl/simple_reg_v1_0_S00_AXI.v:8]
INFO: [Synth 8-6155] done synthesizing module 'simple_reg_v1_0' (2#1) [c:/Users/hrish/Downloads/ReRAM_Thesis/Project Folder/EightBitRegisterMemory/EightBitRegisterMemory.srcs/sources_1/bd/DesignForPStoReg/ipshared/5df0/hdl/simple_reg_v1_0.v:4]
INFO: [Synth 8-6155] done synthesizing module 'DesignForPStoReg_simple_reg_0_0' (3#1) [c:/Users/hrish/Downloads/ReRAM_Thesis/Project Folder/EightBitRegisterMemory/EightBitRegisterMemory.srcs/sources_1/bd/DesignForPStoReg/ip/DesignForPStoReg_simple_reg_0_0/synth/DesignForPStoReg_simple_reg_0_0.v:57]
WARNING: [Synth 8-3331] design simple_reg_v1_0_S00_AXI has unconnected port S_AXI_AWPROT[2]
WARNING: [Synth 8-3331] design simple_reg_v1_0_S00_AXI has unconnected port S_AXI_AWPROT[1]
WARNING: [Synth 8-3331] design simple_reg_v1_0_S00_AXI has unconnected port S_AXI_AWPROT[0]
WARNING: [Synth 8-3331] design simple_reg_v1_0_S00_AXI has unconnected port S_AXI_WDATA[31]
WARNING: [Synth 8-3331] design simple_reg_v1_0_S00_AXI has unconnected port S_AXI_WDATA[30]
WARNING: [Synth 8-3331] design simple_reg_v1_0_S00_AXI has unconnected port S_AXI_WDATA[29]
WARNING: [Synth 8-3331] design simple_reg_v1_0_S00_AXI has unconnected port S_AXI_WDATA[28]
WARNING: [Synth 8-3331] design simple_reg_v1_0_S00_AXI has unconnected port S_AXI_WDATA[27]
WARNING: [Synth 8-3331] design simple_reg_v1_0_S00_AXI has unconnected port S_AXI_WDATA[26]
WARNING: [Synth 8-3331] design simple_reg_v1_0_S00_AXI has unconnected port S_AXI_WDATA[25]
WARNING: [Synth 8-3331] design simple_reg_v1_0_S00_AXI has unconnected port S_AXI_WDATA[24]
WARNING: [Synth 8-3331] design simple_reg_v1_0_S00_AXI has unconnected port S_AXI_WDATA[23]
WARNING: [Synth 8-3331] design simple_reg_v1_0_S00_AXI has unconnected port S_AXI_WDATA[22]
WARNING: [Synth 8-3331] design simple_reg_v1_0_S00_AXI has unconnected port S_AXI_WDATA[21]
WARNING: [Synth 8-3331] design simple_reg_v1_0_S00_AXI has unconnected port S_AXI_WDATA[20]
WARNING: [Synth 8-3331] design simple_reg_v1_0_S00_AXI has unconnected port S_AXI_WDATA[19]
WARNING: [Synth 8-3331] design simple_reg_v1_0_S00_AXI has unconnected port S_AXI_WDATA[18]
WARNING: [Synth 8-3331] design simple_reg_v1_0_S00_AXI has unconnected port S_AXI_WDATA[17]
WARNING: [Synth 8-3331] design simple_reg_v1_0_S00_AXI has unconnected port S_AXI_WDATA[16]
WARNING: [Synth 8-3331] design simple_reg_v1_0_S00_AXI has unconnected port S_AXI_WDATA[15]
WARNING: [Synth 8-3331] design simple_reg_v1_0_S00_AXI has unconnected port S_AXI_WDATA[14]
WARNING: [Synth 8-3331] design simple_reg_v1_0_S00_AXI has unconnected port S_AXI_WDATA[13]
WARNING: [Synth 8-3331] design simple_reg_v1_0_S00_AXI has unconnected port S_AXI_WDATA[12]
WARNING: [Synth 8-3331] design simple_reg_v1_0_S00_AXI has unconnected port S_AXI_WDATA[11]
WARNING: [Synth 8-3331] design simple_reg_v1_0_S00_AXI has unconnected port S_AXI_WDATA[10]
WARNING: [Synth 8-3331] design simple_reg_v1_0_S00_AXI has unconnected port S_AXI_WDATA[9]
WARNING: [Synth 8-3331] design simple_reg_v1_0_S00_AXI has unconnected port S_AXI_WDATA[8]
WARNING: [Synth 8-3331] design simple_reg_v1_0_S00_AXI has unconnected port S_AXI_WSTRB[3]
WARNING: [Synth 8-3331] design simple_reg_v1_0_S00_AXI has unconnected port S_AXI_WSTRB[2]
WARNING: [Synth 8-3331] design simple_reg_v1_0_S00_AXI has unconnected port S_AXI_WSTRB[1]
WARNING: [Synth 8-3331] design simple_reg_v1_0_S00_AXI has unconnected port S_AXI_WSTRB[0]
WARNING: [Synth 8-3331] design simple_reg_v1_0_S00_AXI has unconnected port S_AXI_ARPROT[2]
WARNING: [Synth 8-3331] design simple_reg_v1_0_S00_AXI has unconnected port S_AXI_ARPROT[1]
WARNING: [Synth 8-3331] design simple_reg_v1_0_S00_AXI has unconnected port S_AXI_ARPROT[0]
---------------------------------------------------------------------------------
Finished RTL Elaboration : Time (s): cpu = 00:00:05 ; elapsed = 00:00:05 . Memory (MB): peak = 449.242 ; gain = 155.230
---------------------------------------------------------------------------------

Report Check Netlist: 
+------+------------------+-------+---------+-------+------------------+
|      |Item              |Errors |Warnings |Status |Description       |
+------+------------------+-------+---------+-------+------------------+
|1     |multi_driven_nets |      0|        0|Passed |Multi driven nets |
+------+------------------+-------+---------+-------+------------------+
---------------------------------------------------------------------------------
Start Handling Custom Attributes
---------------------------------------------------------------------------------
---------------------------------------------------------------------------------
Finished Handling Custom Attributes : Time (s): cpu = 00:00:05 ; elapsed = 00:00:05 . Memory (MB): peak = 449.242 ; gain = 155.230
---------------------------------------------------------------------------------
---------------------------------------------------------------------------------
Finished RTL Optimization Phase 1 : Time (s): cpu = 00:00:05 ; elapsed = 00:00:05 . Memory (MB): peak = 449.242 ; gain = 155.230
---------------------------------------------------------------------------------
INFO: [Device 21-403] Loading part xc7z020clg400-1
INFO: [Project 1-570] Preparing netlist for logic optimization

Processing XDC Constraints
Initializing timing engine
Completed Processing XDC Constraints

INFO: [Project 1-111] Unisim Transformation Summary:
No Unisim elements were transformed.

Constraint Validation Runtime : Time (s): cpu = 00:00:00 ; elapsed = 00:00:00.022 . Memory (MB): peak = 786.816 ; gain = 0.000
---------------------------------------------------------------------------------
Finished Constraint Validation : Time (s): cpu = 00:00:16 ; elapsed = 00:00:19 . Memory (MB): peak = 786.816 ; gain = 492.805
---------------------------------------------------------------------------------
---------------------------------------------------------------------------------
Start Loading Part and Timing Information
---------------------------------------------------------------------------------
Loading part: xc7z020clg400-1
---------------------------------------------------------------------------------
Finished Loading Part and Timing Information : Time (s): cpu = 00:00:16 ; elapsed = 00:00:19 . Memory (MB): peak = 786.816 ; gain = 492.805
---------------------------------------------------------------------------------
---------------------------------------------------------------------------------
Start Applying 'set_property' XDC Constraints
---------------------------------------------------------------------------------
---------------------------------------------------------------------------------
Finished applying 'set_property' XDC Constraints : Time (s): cpu = 00:00:16 ; elapsed = 00:00:19 . Memory (MB): peak = 786.816 ; gain = 492.805
---------------------------------------------------------------------------------
---------------------------------------------------------------------------------
Finished RTL Optimization Phase 2 : Time (s): cpu = 00:00:16 ; elapsed = 00:00:19 . Memory (MB): peak = 786.816 ; gain = 492.805
---------------------------------------------------------------------------------

Report RTL Partitions: 
+-+--------------+------------+----------+
| |RTL Partition |Replication |Instances |
+-+--------------+------------+----------+
+-+--------------+------------+----------+
---------------------------------------------------------------------------------
Start RTL Component Statistics 
---------------------------------------------------------------------------------
Detailed RTL Component Info : 
+---Registers : 
	                8 Bit    Registers := 1     
	                4 Bit    Registers := 2     
	                2 Bit    Registers := 2     
	                1 Bit    Registers := 6     
+---Muxes : 
	   2 Input     32 Bit        Muxes := 1     
	   2 Input      1 Bit        Muxes := 5     
---------------------------------------------------------------------------------
Finished RTL Component Statistics 
---------------------------------------------------------------------------------
---------------------------------------------------------------------------------
Start RTL Hierarchical Component Statistics 
---------------------------------------------------------------------------------
Hierarchical RTL Component report 
Module simple_reg_v1_0_S00_AXI 
Detailed RTL Component Info : 
+---Registers : 
	                8 Bit    Registers := 1     
	                4 Bit    Registers := 2     
	                2 Bit    Registers := 2     
	                1 Bit    Registers := 6     
+---Muxes : 
	   2 Input     32 Bit        Muxes := 1     
	   2 Input      1 Bit        Muxes := 5     
---------------------------------------------------------------------------------
Finished RTL Hierarchical Component Statistics
---------------------------------------------------------------------------------
---------------------------------------------------------------------------------
Start Part Resource Summary
---------------------------------------------------------------------------------
Part Resources:
DSPs: 220 (col length:60)
BRAMs: 280 (col length: RAMB18 60 RAMB36 30)
---------------------------------------------------------------------------------
Finished Part Resource Summary
---------------------------------------------------------------------------------
---------------------------------------------------------------------------------
Start Cross Boundary and Area Optimization
---------------------------------------------------------------------------------
Warning: Parallel synthesis criteria is not met 
INFO: [Synth 8-3917] design DesignForPStoReg_simple_reg_0_0 has port s00_axi_rdata[29] driven by constant 0
INFO: [Synth 8-3917] design DesignForPStoReg_simple_reg_0_0 has port s00_axi_rdata[24] driven by constant 0
INFO: [Synth 8-3917] design DesignForPStoReg_simple_reg_0_0 has port s00_axi_rdata[22] driven by constant 0
INFO: [Synth 8-3917] design DesignForPStoReg_simple_reg_0_0 has port s00_axi_rdata[20] driven by constant 0
INFO: [Synth 8-3917] design DesignForPStoReg_simple_reg_0_0 has port s00_axi_rdata[17] driven by constant 0
INFO: [Synth 8-3917] design DesignForPStoReg_simple_reg_0_0 has port s00_axi_rdata[14] driven by constant 0
INFO: [Synth 8-3917] design DesignForPStoReg_simple_reg_0_0 has port s00_axi_rdata[8] driven by constant 0
WARNING: [Synth 8-3331] design DesignForPStoReg_simple_reg_0_0 has unconnected port s00_axi_awprot[2]
WARNING: [Synth 8-3331] design DesignForPStoReg_simple_reg_0_0 has unconnected port s00_axi_awprot[1]
WARNING: [Synth 8-3331] design DesignForPStoReg_simple_reg_0_0 has unconnected port s00_axi_awprot[0]
WARNING: [Synth 8-3331] design DesignForPStoReg_simple_reg_0_0 has unconnected port s00_axi_wdata[31]
WARNING: [Synth 8-3331] design DesignForPStoReg_simple_reg_0_0 has unconnected port s00_axi_wdata[30]
WARNING: [Synth 8-3331] design DesignForPStoReg_simple_reg_0_0 has unconnected port s00_axi_wdata[29]
WARNING: [Synth 8-3331] design DesignForPStoReg_simple_reg_0_0 has unconnected port s00_axi_wdata[28]
WARNING: [Synth 8-3331] design DesignForPStoReg_simple_reg_0_0 has unconnected port s00_axi_wdata[27]
WARNING: [Synth 8-3331] design DesignForPStoReg_simple_reg_0_0 has unconnected port s00_axi_wdata[26]
WARNING: [Synth 8-3331] design DesignForPStoReg_simple_reg_0_0 has unconnected port s00_axi_wdata[25]
WARNING: [Synth 8-3331] design DesignForPStoReg_simple_reg_0_0 has unconnected port s00_axi_wdata[24]
WARNING: [Synth 8-3331] design DesignForPStoReg_simple_reg_0_0 has unconnected port s00_axi_wdata[23]
WARNING: [Synth 8-3331] design DesignForPStoReg_simple_reg_0_0 has unconnected port s00_axi_wdata[22]
WARNING: [Synth 8-3331] design DesignForPStoReg_simple_reg_0_0 has unconnected port s00_axi_wdata[21]
WARNING: [Synth 8-3331] design DesignForPStoReg_simple_reg_0_0 has unconnected port s00_axi_wdata[20]
WARNING: [Synth 8-3331] design DesignForPStoReg_simple_reg_0_0 has unconnected port s00_axi_wdata[19]
WARNING: [Synth 8-3331] design DesignForPStoReg_simple_reg_0_0 has unconnected port s00_axi_wdata[18]
WARNING: [Synth 8-3331] design DesignForPStoReg_simple_reg_0_0 has unconnected port s00_axi_wdata[17]
WARNING: [Synth 8-3331] design DesignForPStoReg_simple_reg_0_0 has unconnected port s00_axi_wdata[16]
WARNING: [Synth 8-3331] design DesignForPStoReg_simple_reg_0_0 has unconnected port s00_axi_wdata[15]
WARNING: [Synth 8-3331] design DesignForPStoReg_simple_reg_0_0 has unconnected port s00_axi_wdata[14]
WARNING: [Synth 8-3331] design DesignForPStoReg_simple_reg_0_0 has unconnected port s00_axi_wdata[13]
WARNING: [Synth 8-3331] design DesignForPStoReg_simple_reg_0_0 has unconnected port s00_axi_wdata[12]
WARNING: [Synth 8-3331] design DesignForPStoReg_simple_reg_0_0 has unconnected port s00_axi_wdata[11]
WARNING: [Synth 8-3331] design DesignForPStoReg_simple_reg_0_0 has unconnected port s00_axi_wdata[10]
WARNING: [Synth 8-3331] design DesignForPStoReg_simple_reg_0_0 has unconnected port s00_axi_wdata[9]
WARNING: [Synth 8-3331] design DesignForPStoReg_simple_reg_0_0 has unconnected port s00_axi_wdata[8]
WARNING: [Synth 8-3331] design DesignForPStoReg_simple_reg_0_0 has unconnected port s00_axi_wstrb[3]
WARNING: [Synth 8-3331] design DesignForPStoReg_simple_reg_0_0 has unconnected port s00_axi_wstrb[2]
WARNING: [Synth 8-3331] design DesignForPStoReg_simple_reg_0_0 has unconnected port s00_axi_wstrb[1]
WARNING: [Synth 8-3331] design DesignForPStoReg_simple_reg_0_0 has unconnected port s00_axi_wstrb[0]
WARNING: [Synth 8-3331] design DesignForPStoReg_simple_reg_0_0 has unconnected port s00_axi_arprot[2]
WARNING: [Synth 8-3331] design DesignForPStoReg_simple_reg_0_0 has unconnected port s00_axi_arprot[1]
WARNING: [Synth 8-3331] design DesignForPStoReg_simple_reg_0_0 has unconnected port s00_axi_arprot[0]
INFO: [Synth 8-3886] merging instance 'inst/simple_reg_v1_0_S00_AXI_inst/axi_rresp_reg[0]' (FDRE) to 'inst/simple_reg_v1_0_S00_AXI_inst/axi_rresp_reg[1]'
INFO: [Synth 8-3333] propagating constant 0 across sequential element (\inst/simple_reg_v1_0_S00_AXI_inst/axi_rresp_reg[1] )
INFO: [Synth 8-3886] merging instance 'inst/simple_reg_v1_0_S00_AXI_inst/axi_bresp_reg[0]' (FDRE) to 'inst/simple_reg_v1_0_S00_AXI_inst/axi_bresp_reg[1]'
INFO: [Synth 8-3333] propagating constant 0 across sequential element (\inst/simple_reg_v1_0_S00_AXI_inst/axi_bresp_reg[1] )
INFO: [Synth 8-3332] Sequential element (inst/simple_reg_v1_0_S00_AXI_inst/axi_bresp_reg[1]) is unused and will be removed from module DesignForPStoReg_simple_reg_0_0.
INFO: [Synth 8-3332] Sequential element (inst/simple_reg_v1_0_S00_AXI_inst/axi_awaddr_reg[3]) is unused and will be removed from module DesignForPStoReg_simple_reg_0_0.
INFO: [Synth 8-3332] Sequential element (inst/simple_reg_v1_0_S00_AXI_inst/axi_awaddr_reg[1]) is unused and will be removed from module DesignForPStoReg_simple_reg_0_0.
INFO: [Synth 8-3332] Sequential element (inst/simple_reg_v1_0_S00_AXI_inst/axi_awaddr_reg[0]) is unused and will be removed from module DesignForPStoReg_simple_reg_0_0.
INFO: [Synth 8-3332] Sequential element (inst/simple_reg_v1_0_S00_AXI_inst/axi_araddr_reg[3]) is unused and will be removed from module DesignForPStoReg_simple_reg_0_0.
INFO: [Synth 8-3332] Sequential element (inst/simple_reg_v1_0_S00_AXI_inst/axi_araddr_reg[1]) is unused and will be removed from module DesignForPStoReg_simple_reg_0_0.
INFO: [Synth 8-3332] Sequential element (inst/simple_reg_v1_0_S00_AXI_inst/axi_araddr_reg[0]) is unused and will be removed from module DesignForPStoReg_simple_reg_0_0.
INFO: [Synth 8-3332] Sequential element (inst/simple_reg_v1_0_S00_AXI_inst/axi_rresp_reg[1]) is unused and will be removed from module DesignForPStoReg_simple_reg_0_0.
---------------------------------------------------------------------------------
Finished Cross Boundary and Area Optimization : Time (s): cpu = 00:00:16 ; elapsed = 00:00:19 . Memory (MB): peak = 786.816 ; gain = 492.805
---------------------------------------------------------------------------------

Report RTL Partitions: 
+-+--------------+------------+----------+
| |RTL Partition |Replication |Instances |
+-+--------------+------------+----------+
+-+--------------+------------+----------+
---------------------------------------------------------------------------------
Start Applying XDC Timing Constraints
---------------------------------------------------------------------------------
---------------------------------------------------------------------------------
Finished Applying XDC Timing Constraints : Time (s): cpu = 00:00:25 ; elapsed = 00:00:29 . Memory (MB): peak = 794.250 ; gain = 500.238
---------------------------------------------------------------------------------
---------------------------------------------------------------------------------
Start Timing Optimization
---------------------------------------------------------------------------------
---------------------------------------------------------------------------------
Finished Timing Optimization : Time (s): cpu = 00:00:25 ; elapsed = 00:00:29 . Memory (MB): peak = 794.250 ; gain = 500.238
---------------------------------------------------------------------------------

Report RTL Partitions: 
+-+--------------+------------+----------+
| |RTL Partition |Replication |Instances |
+-+--------------+------------+----------+
+-+--------------+------------+----------+
---------------------------------------------------------------------------------
Start Technology Mapping
---------------------------------------------------------------------------------
---------------------------------------------------------------------------------
Finished Technology Mapping : Time (s): cpu = 00:00:25 ; elapsed = 00:00:29 . Memory (MB): peak = 804.348 ; gain = 510.336
---------------------------------------------------------------------------------

Report RTL Partitions: 
+-+--------------+------------+----------+
| |RTL Partition |Replication |Instances |
+-+--------------+------------+----------+
+-+--------------+------------+----------+
---------------------------------------------------------------------------------
Start IO Insertion
---------------------------------------------------------------------------------
---------------------------------------------------------------------------------
Start Flattening Before IO Insertion
---------------------------------------------------------------------------------
---------------------------------------------------------------------------------
Finished Flattening Before IO Insertion
---------------------------------------------------------------------------------
---------------------------------------------------------------------------------
Start Final Netlist Cleanup
---------------------------------------------------------------------------------
---------------------------------------------------------------------------------
Finished Final Netlist Cleanup
---------------------------------------------------------------------------------
---------------------------------------------------------------------------------
Finished IO Insertion : Time (s): cpu = 00:00:25 ; elapsed = 00:00:30 . Memory (MB): peak = 804.348 ; gain = 510.336
---------------------------------------------------------------------------------

Report Check Netlist: 
+------+------------------+-------+---------+-------+------------------+
|      |Item              |Errors |Warnings |Status |Description       |
+------+------------------+-------+---------+-------+------------------+
|1     |multi_driven_nets |      0|        0|Passed |Multi driven nets |
+------+------------------+-------+---------+-------+------------------+
---------------------------------------------------------------------------------
Start Renaming Generated Instances
---------------------------------------------------------------------------------
---------------------------------------------------------------------------------
Finished Renaming Generated Instances : Time (s): cpu = 00:00:25 ; elapsed = 00:00:30 . Memory (MB): peak = 804.348 ; gain = 510.336
---------------------------------------------------------------------------------

Report RTL Partitions: 
+-+--------------+------------+----------+
| |RTL Partition |Replication |Instances |
+-+--------------+------------+----------+
+-+--------------+------------+----------+
---------------------------------------------------------------------------------
Start Rebuilding User Hierarchy
---------------------------------------------------------------------------------
---------------------------------------------------------------------------------
Finished Rebuilding User Hierarchy : Time (s): cpu = 00:00:25 ; elapsed = 00:00:30 . Memory (MB): peak = 804.348 ; gain = 510.336
---------------------------------------------------------------------------------
---------------------------------------------------------------------------------
Start Renaming Generated Ports
---------------------------------------------------------------------------------
---------------------------------------------------------------------------------
Finished Renaming Generated Ports : Time (s): cpu = 00:00:25 ; elapsed = 00:00:30 . Memory (MB): peak = 804.348 ; gain = 510.336
---------------------------------------------------------------------------------
---------------------------------------------------------------------------------
Start Handling Custom Attributes
---------------------------------------------------------------------------------
---------------------------------------------------------------------------------
Finished Handling Custom Attributes : Time (s): cpu = 00:00:25 ; elapsed = 00:00:30 . Memory (MB): peak = 804.348 ; gain = 510.336
---------------------------------------------------------------------------------
---------------------------------------------------------------------------------
Start Renaming Generated Nets
---------------------------------------------------------------------------------
---------------------------------------------------------------------------------
Finished Renaming Generated Nets : Time (s): cpu = 00:00:25 ; elapsed = 00:00:30 . Memory (MB): peak = 804.348 ; gain = 510.336
---------------------------------------------------------------------------------
---------------------------------------------------------------------------------
Start Writing Synthesis Report
---------------------------------------------------------------------------------

Report BlackBoxes: 
+-+--------------+----------+
| |BlackBox name |Instances |
+-+--------------+----------+
+-+--------------+----------+

Report Cell Usage: 
+------+-----+------+
|      |Cell |Count |
+------+-----+------+
|1     |LUT1 |     1|
|2     |LUT2 |     9|
|3     |LUT4 |     4|
|4     |LUT5 |     1|
|5     |LUT6 |     3|
|6     |FDRE |    15|
|7     |FDSE |     1|
+------+-----+------+

Report Instance Areas: 
+------+---------------------------------+------------------------+------+
|      |Instance                         |Module                  |Cells |
+------+---------------------------------+------------------------+------+
|1     |top                              |                        |    34|
|2     |  inst                           |simple_reg_v1_0         |    34|
|3     |    simple_reg_v1_0_S00_AXI_inst |simple_reg_v1_0_S00_AXI |    34|
+------+---------------------------------+------------------------+------+
---------------------------------------------------------------------------------
Finished Writing Synthesis Report : Time (s): cpu = 00:00:25 ; elapsed = 00:00:30 . Memory (MB): peak = 804.348 ; gain = 510.336
---------------------------------------------------------------------------------
Synthesis finished with 0 errors, 0 critical warnings and 34 warnings.
Synthesis Optimization Runtime : Time (s): cpu = 00:00:15 ; elapsed = 00:00:21 . Memory (MB): peak = 804.348 ; gain = 172.762
Synthesis Optimization Complete : Time (s): cpu = 00:00:26 ; elapsed = 00:00:30 . Memory (MB): peak = 804.348 ; gain = 510.336
INFO: [Project 1-571] Translating synthesized netlist
INFO: [Project 1-570] Preparing netlist for logic optimization
INFO: [Opt 31-138] Pushed 0 inverter(s) to 0 load pin(s).
INFO: [Project 1-111] Unisim Transformation Summary:
No Unisim elements were transformed.

INFO: [Common 17-83] Releasing license: Synthesis
34 Infos, 68 Warnings, 0 Critical Warnings and 0 Errors encountered.
synth_design completed successfully
synth_design: Time (s): cpu = 00:00:27 ; elapsed = 00:00:32 . Memory (MB): peak = 815.910 ; gain = 533.395
INFO: [Common 17-1381] The checkpoint 'C:/Users/hrish/Downloads/ReRAM_Thesis/Project Folder/EightBitRegisterMemory/EightBitRegisterMemory.runs/DesignForPStoReg_simple_reg_0_0_synth_1/DesignForPStoReg_simple_reg_0_0.dcp' has been generated.
INFO: [Coretcl 2-1482] Added synthesis output to IP cache for IP c:/Users/hrish/Downloads/ReRAM_Thesis/Project Folder/EightBitRegisterMemory/EightBitRegisterMemory.srcs/sources_1/bd/DesignForPStoReg/ip/DesignForPStoReg_simple_reg_0_0/DesignForPStoReg_simple_reg_0_0.xci
INFO: [Coretcl 2-1174] Renamed 2 cell refs.
INFO: [Common 17-1381] The checkpoint 'C:/Users/hrish/Downloads/ReRAM_Thesis/Project Folder/EightBitRegisterMemory/EightBitRegisterMemory.runs/DesignForPStoReg_simple_reg_0_0_synth_1/DesignForPStoReg_simple_reg_0_0.dcp' has been generated.
INFO: [runtcl-4] Executing : report_utilization -file DesignForPStoReg_simple_reg_0_0_utilization_synth.rpt -pb DesignForPStoReg_simple_reg_0_0_utilization_synth.pb
report_utilization: Time (s): cpu = 00:00:01 ; elapsed = 00:00:00.040 . Memory (MB): peak = 815.910 ; gain = 0.000
INFO: [Common 17-206] Exiting Vivado at Sun Oct  5 18:10:21 2025...
