Copyright 1986-2018 Xilinx, Inc. All Rights Reserved.
------------------------------------------------------------------------------------
| Tool Version : Vivado v.2018.1 (win64) Build 2188600 Wed Apr  4 18:40:38 MDT 2018
| Date         : Mon Aug 18 22:32:38 2025
| Host         : LOREFARM running 64-bit major release  (build 9200)
| Command      : upgrade_ip
| Device       : xc7z020clg400-1
------------------------------------------------------------------------------------

Upgrade Log for IP 'system_bd_reram_axi_ip_0_7'

1. Summary
----------

SUCCESS in the upgrade of system_bd_reram_axi_ip_0_7 (xilinx.com:user:reram_axi_ip:1.0) from (Rev. 4) to (Rev. 5)






Copyright 1986-2018 Xilinx, Inc. All Rights Reserved.
------------------------------------------------------------------------------------
| Tool Version : Vivado v.2018.1 (win64) Build 2188600 Wed Apr  4 18:40:38 MDT 2018
| Date         : Mon Aug 18 22:14:32 2025
| Host         : LOREFARM running 64-bit major release  (build 9200)
| Command      : upgrade_ip
| Device       : xc7z020clg400-1
------------------------------------------------------------------------------------

Upgrade Log for IP 'system_bd_reram_axi_ip_0_7'

1. Summary
----------

SUCCESS in the upgrade of system_bd_reram_axi_ip_0_7 (xilinx.com:user:reram_axi_ip:1.0) from (Rev. 3) to (Rev. 4)






Copyright 1986-2018 Xilinx, Inc. All Rights Reserved.
------------------------------------------------------------------------------------
| Tool Version : Vivado v.2018.1 (win64) Build 2188600 Wed Apr  4 18:40:38 MDT 2018
| Date         : Mon Aug 18 22:05:21 2025
| Host         : LOREFARM running 64-bit major release  (build 9200)
| Command      : upgrade_ip
| Device       : xc7z020clg400-1
------------------------------------------------------------------------------------

Upgrade Log for IP 'system_bd_reram_axi_ip_0_7'

1. Summary
----------

SUCCESS in the upgrade of system_bd_reram_axi_ip_0_7 (xilinx.com:user:reram_axi_ip:1.0) from (Rev. 2) to (Rev. 3)

