#-----------------------------------------------------------
# Vivado v2018.1 (64-bit)
# SW Build 2188600 on Wed Apr  4 18:40:38 MDT 2018
# IP Build 2185939 on Wed Apr  4 20:55:05 MDT 2018
# Start of session at: Sun Oct  5 12:24:59 2025
# Process ID: 14704
# Current directory: C:/Users/hrish/Downloads/ReRAM_Thesis/Project Folder/ReRAM_AXI_Project
# Command line: vivado.exe -gui_launcher_event rodinguilauncherevent23644 C:\Users\hrish\Downloads\ReRAM_Thesis\Project Folder\ReRAM_AXI_Project\ReRAM_AXI_Project.xpr
# Log file: C:/Users/hrish/Downloads/ReRAM_Thesis/Project Folder/ReRAM_AXI_Project/vivado.log
# Journal file: C:/Users/hrish/Downloads/ReRAM_Thesis/Project Folder/ReRAM_AXI_Project\vivado.jou
#-----------------------------------------------------------
start_gui
open_project {C:/Users/hrish/Downloads/ReRAM_Thesis/Project Folder/ReRAM_AXI_Project/ReRAM_AXI_Project.xpr}
Scanning sources...
Finished scanning sources
INFO: [IP_Flow 19-234] Refreshing IP repositories
INFO: [IP_Flow 19-1700] Loaded user IP repository 'c:/Users/hrish/Downloads/ReRAM_Thesis/Project Folder/ip_repo/reram_axi_ip_1.0'.
INFO: [IP_Flow 19-2313] Loaded Vivado IP repository 'C:/Xilinx/Vivado/2018.1/data/ip'.
open_project: Time (s): cpu = 00:00:24 ; elapsed = 00:00:24 . Memory (MB): peak = 869.492 ; gain = 149.000
update_compile_order -fileset sources_1
exit
INFO: [Common 17-206] Exiting Vivado at Sun Oct  5 12:37:40 2025...
