17:47:33 INFO  : Registering command handlers for SDK TCF services
17:47:33 INFO  : Launching XSCT server: xsct.bat -interactive C:\Users\hrish\OneDrive\Desktop\id3\SDK1\temp_xsdb_launch_script.tcl
17:47:35 INFO  : XSCT server has started successfully.
17:47:36 INFO  : Successfully done setting XSCT server connection channel  
17:47:36 INFO  : Successfully done setting SDK workspace  
17:47:36 INFO  : Processing command line option -hwspec C:/Users/hrish/OneDrive/Desktop/id3/HW1/DesignForPStoReg_wrapper.hdf.
17:51:35 INFO  : Connected to target on host '127.0.0.1' and port '3121'.
17:51:35 INFO  : 'targets -set -filter {jtag_cable_name =~ "Digilent Zybo Z7 210351A81D96A" && level==0} -index 1' command is executed.
17:51:38 INFO  : FPGA configured successfully with bitstream "C:/Users/hrish/OneDrive/Desktop/id3/SDK1/DesignForPStoReg_wrapper_hw_platform_0/DesignForPStoReg_wrapper.bit"
17:51:47 INFO  : 'targets -set -filter {jtag_cable_name =~ "Digilent Zybo Z7 210351A81D96A" && level==0} -index 1' command is executed.
17:51:47 INFO  : 'fpga -state' command is executed.
17:51:47 INFO  : Connected to target on host '127.0.0.1' and port '3121'.
17:51:48 INFO  : Jtag cable 'Digilent Zybo Z7 210351A81D96A' is selected.
17:51:48 INFO  : 'jtag frequency' command is executed.
17:51:48 INFO  : Sourcing of 'C:/Users/hrish/OneDrive/Desktop/id3/SDK1/DesignForPStoReg_wrapper_hw_platform_0/ps7_init.tcl' is done.
17:51:48 INFO  : Context for 'APU' is selected.
17:51:48 INFO  : Hardware design information is loaded from 'C:/Users/hrish/OneDrive/Desktop/id3/SDK1/DesignForPStoReg_wrapper_hw_platform_0/system.hdf'.
17:51:48 INFO  : 'configparams force-mem-access 1' command is executed.
17:51:48 INFO  : Context for 'APU' is selected.
17:51:48 INFO  : 'stop' command is executed.
17:51:48 INFO  : 'ps7_init' command is executed.
17:51:48 INFO  : 'ps7_post_config' command is executed.
17:51:48 INFO  : Context for processor 'ps7_cortexa9_0' is selected.
17:51:49 INFO  : Processor reset is completed for 'ps7_cortexa9_0'.
17:51:49 INFO  : Context for processor 'ps7_cortexa9_0' is selected.
17:51:49 INFO  : The application 'C:/Users/hrish/OneDrive/Desktop/id3/SDK1/NoMirroring/Debug/NoMirroring.elf' is downloaded to processor 'ps7_cortexa9_0'.
17:51:49 INFO  : 'configparams force-mem-access 0' command is executed.
17:51:49 INFO  : ----------------XSDB Script----------------
connect -url tcp:127.0.0.1:3121
source C:/Users/hrish/OneDrive/Desktop/id3/SDK1/DesignForPStoReg_wrapper_hw_platform_0/ps7_init.tcl
targets -set -nocase -filter {name =~"APU*" && jtag_cable_name =~ "Digilent Zybo Z7 210351A81D96A"} -index 0
loadhw -hw C:/Users/hrish/OneDrive/Desktop/id3/SDK1/DesignForPStoReg_wrapper_hw_platform_0/system.hdf -mem-ranges [list {0x40000000 0xbfffffff}]
configparams force-mem-access 1
targets -set -nocase -filter {name =~"APU*" && jtag_cable_name =~ "Digilent Zybo Z7 210351A81D96A"} -index 0
stop
ps7_init
ps7_post_config
targets -set -nocase -filter {name =~ "ARM*#0" && jtag_cable_name =~ "Digilent Zybo Z7 210351A81D96A"} -index 0
rst -processor
targets -set -nocase -filter {name =~ "ARM*#0" && jtag_cable_name =~ "Digilent Zybo Z7 210351A81D96A"} -index 0
dow C:/Users/hrish/OneDrive/Desktop/id3/SDK1/NoMirroring/Debug/NoMirroring.elf
configparams force-mem-access 0
----------------End of Script----------------

17:51:49 INFO  : Memory regions updated for context APU
17:51:49 INFO  : Context for processor 'ps7_cortexa9_0' is selected.
17:51:49 INFO  : 'con' command is executed.
17:51:49 INFO  : ----------------XSDB Script (After Launch)----------------
targets -set -nocase -filter {name =~ "ARM*#0" && jtag_cable_name =~ "Digilent Zybo Z7 210351A81D96A"} -index 0
con
----------------End of Script----------------

17:51:49 INFO  : Launch script is exported to file 'C:\Users\hrish\OneDrive\Desktop\id3\SDK1\.sdk\launch_scripts\xilinx_c-c++_application_(system_debugger)\system_debugger_using_debug_nomirroring.elf_on_local.tcl'
17:56:22 INFO  : Disconnected from the channel tcfchan#1.
18:14:08 INFO  : SDK has detected change in the last modified timestamps for source hardware specification file Source:1759680817570,  Project:1759679102896
18:14:08 INFO  : Project DesignForPStoReg_wrapper_hw_platform_0's source hardware specification located at C:/Users/hrish/OneDrive/Desktop/id3/HW1/DesignForPStoReg_wrapper.hdf is now different from the local copy.
		 The local copy will be replaced with the source specification and your workspace will be updated.
18:15:21 INFO  : Copied contents of C:/Users/hrish/OneDrive/Desktop/id3/HW1/DesignForPStoReg_wrapper.hdf into \DesignForPStoReg_wrapper_hw_platform_0\system.hdf.
18:15:23 INFO  : Synchronizing projects in the workspace with the hardware platform specification changes.
18:15:26 INFO  : 
18:15:27 INFO  : Updating hardware inferred compiler options for NoMirroring.
18:15:27 INFO  : Clearing existing target manager status.
18:15:27 INFO  : Closing and re-opening the MSS file of ther project NoMirroring_bsp
18:15:28 INFO  : Workspace synchronized with the new hardware specification file. Cleaning dependent projects...
18:15:29 WARN  : Linker script will not be updated automatically. Users need to update it manually.
18:17:33 INFO  : The new hardware specification file contains the same information as the current specification file. No changes were done to the workspace.
18:19:11 INFO  : Connected to target on host '127.0.0.1' and port '3121'.
18:19:11 INFO  : 'targets -set -filter {jtag_cable_name =~ "Digilent Zybo Z7 210351A81D96A" && level==0} -index 1' command is executed.
18:19:13 INFO  : FPGA configured successfully with bitstream "C:/Users/hrish/OneDrive/Desktop/id3/SDK1/DesignForPStoReg_wrapper_hw_platform_0/DesignForPStoReg_wrapper.bit"
18:19:24 INFO  : 'targets -set -filter {jtag_cable_name =~ "Digilent Zybo Z7 210351A81D96A" && level==0} -index 1' command is executed.
18:19:24 INFO  : 'fpga -state' command is executed.
18:19:24 INFO  : Connected to target on host '127.0.0.1' and port '3121'.
18:19:24 INFO  : Jtag cable 'Digilent Zybo Z7 210351A81D96A' is selected.
18:19:24 INFO  : 'jtag frequency' command is executed.
18:19:24 INFO  : Sourcing of 'C:/Users/hrish/OneDrive/Desktop/id3/SDK1/DesignForPStoReg_wrapper_hw_platform_0/ps7_init.tcl' is done.
18:19:24 INFO  : Context for 'APU' is selected.
18:19:24 INFO  : Hardware design information is loaded from 'C:/Users/hrish/OneDrive/Desktop/id3/SDK1/DesignForPStoReg_wrapper_hw_platform_0/system.hdf'.
18:19:24 INFO  : 'configparams force-mem-access 1' command is executed.
18:19:24 INFO  : Context for 'APU' is selected.
18:19:24 INFO  : 'stop' command is executed.
18:19:25 INFO  : 'ps7_init' command is executed.
18:19:25 INFO  : 'ps7_post_config' command is executed.
18:19:25 INFO  : Context for processor 'ps7_cortexa9_0' is selected.
18:19:25 INFO  : Processor reset is completed for 'ps7_cortexa9_0'.
18:19:25 INFO  : Context for processor 'ps7_cortexa9_0' is selected.
18:19:25 INFO  : The application 'C:/Users/hrish/OneDrive/Desktop/id3/SDK1/NoMirroring/Debug/NoMirroring.elf' is downloaded to processor 'ps7_cortexa9_0'.
18:19:25 INFO  : 'configparams force-mem-access 0' command is executed.
18:19:25 INFO  : ----------------XSDB Script----------------
connect -url tcp:127.0.0.1:3121
source C:/Users/hrish/OneDrive/Desktop/id3/SDK1/DesignForPStoReg_wrapper_hw_platform_0/ps7_init.tcl
targets -set -nocase -filter {name =~"APU*" && jtag_cable_name =~ "Digilent Zybo Z7 210351A81D96A"} -index 0
loadhw -hw C:/Users/hrish/OneDrive/Desktop/id3/SDK1/DesignForPStoReg_wrapper_hw_platform_0/system.hdf -mem-ranges [list {0x40000000 0xbfffffff}]
configparams force-mem-access 1
targets -set -nocase -filter {name =~"APU*" && jtag_cable_name =~ "Digilent Zybo Z7 210351A81D96A"} -index 0
stop
ps7_init
ps7_post_config
targets -set -nocase -filter {name =~ "ARM*#0" && jtag_cable_name =~ "Digilent Zybo Z7 210351A81D96A"} -index 0
rst -processor
targets -set -nocase -filter {name =~ "ARM*#0" && jtag_cable_name =~ "Digilent Zybo Z7 210351A81D96A"} -index 0
dow C:/Users/hrish/OneDrive/Desktop/id3/SDK1/NoMirroring/Debug/NoMirroring.elf
configparams force-mem-access 0
----------------End of Script----------------

18:19:25 INFO  : Memory regions updated for context APU
18:19:25 INFO  : Context for processor 'ps7_cortexa9_0' is selected.
18:19:25 INFO  : 'con' command is executed.
18:19:25 INFO  : ----------------XSDB Script (After Launch)----------------
targets -set -nocase -filter {name =~ "ARM*#0" && jtag_cable_name =~ "Digilent Zybo Z7 210351A81D96A"} -index 0
con
----------------End of Script----------------

18:19:25 INFO  : Launch script is exported to file 'C:\Users\hrish\OneDrive\Desktop\id3\SDK1\.sdk\launch_scripts\xilinx_c-c++_application_(system_debugger)\system_debugger_using_debug_nomirroring.elf_on_local.tcl'
18:20:49 INFO  : Disconnected from the channel tcfchan#2.
14:18:07 INFO  : Registering command handlers for SDK TCF services
14:18:08 INFO  : Launching XSCT server: xsct.bat -interactive C:\Users\hrish\OneDrive\Desktop\id3\SDK1\temp_xsdb_launch_script.tcl
14:18:10 INFO  : XSCT server has started successfully.
14:18:10 INFO  : Successfully done setting XSCT server connection channel  
14:18:11 INFO  : Successfully done setting SDK workspace  
