19:45:44 INFO  : Registering command handlers for SDK TCF services
19:45:44 INFO  : Launching XSCT server: xsct.bat -interactive C:\Users\hrish\OneDrive\Desktop\id0\SDK\temp_xsdb_launch_script.tcl
19:45:47 INFO  : XSCT server has started successfully.
19:45:47 INFO  : Successfully done setting XSCT server connection channel  
19:45:47 INFO  : Successfully done setting SDK workspace  
19:45:47 INFO  : Processing command line option -hwspec C:/Users/hrish/OneDrive/Desktop/id0/HW/system_bd_wrapper.hdf.
19:51:03 INFO  : Connected to target on host '127.0.0.1' and port '3121'.
19:51:03 INFO  : 'targets -set -filter {jtag_cable_name =~ "Digilent Zybo Z7 210351A81D96A" && level==0} -index 1' command is executed.
19:51:06 INFO  : FPGA configured successfully with bitstream "C:/Users/hrish/OneDrive/Desktop/id0/SDK/system_bd_wrapper_hw_platform_0/system_bd_wrapper.bit"
19:51:16 INFO  : 'targets -set -filter {jtag_cable_name =~ "Digilent Zybo Z7 210351A81D96A" && level==0} -index 1' command is executed.
19:51:16 INFO  : 'fpga -state' command is executed.
19:51:16 INFO  : Connected to target on host '127.0.0.1' and port '3121'.
19:51:16 INFO  : Jtag cable 'Digilent Zybo Z7 210351A81D96A' is selected.
19:51:16 INFO  : 'jtag frequency' command is executed.
19:51:16 INFO  : Sourcing of 'C:/Users/hrish/OneDrive/Desktop/id0/SDK/system_bd_wrapper_hw_platform_0/ps7_init.tcl' is done.
19:51:16 INFO  : Context for 'APU' is selected.
19:51:16 INFO  : Hardware design information is loaded from 'C:/Users/hrish/OneDrive/Desktop/id0/SDK/system_bd_wrapper_hw_platform_0/system.hdf'.
19:51:16 INFO  : 'configparams force-mem-access 1' command is executed.
19:51:16 INFO  : Context for 'APU' is selected.
19:51:16 INFO  : 'stop' command is executed.
19:51:17 INFO  : 'ps7_init' command is executed.
19:51:17 INFO  : 'ps7_post_config' command is executed.
19:51:17 INFO  : Context for processor 'ps7_cortexa9_0' is selected.
19:51:17 INFO  : Processor reset is completed for 'ps7_cortexa9_0'.
19:51:17 INFO  : Context for processor 'ps7_cortexa9_0' is selected.
19:51:17 INFO  : The application 'C:/Users/hrish/OneDrive/Desktop/id0/SDK/TestingOnBRAM/Debug/TestingOnBRAM.elf' is downloaded to processor 'ps7_cortexa9_0'.
19:51:17 INFO  : 'configparams force-mem-access 0' command is executed.
19:51:17 INFO  : ----------------XSDB Script----------------
connect -url tcp:127.0.0.1:3121
source C:/Users/hrish/OneDrive/Desktop/id0/SDK/system_bd_wrapper_hw_platform_0/ps7_init.tcl
targets -set -nocase -filter {name =~"APU*" && jtag_cable_name =~ "Digilent Zybo Z7 210351A81D96A"} -index 0
loadhw -hw C:/Users/hrish/OneDrive/Desktop/id0/SDK/system_bd_wrapper_hw_platform_0/system.hdf -mem-ranges [list {0x40000000 0xbfffffff}]
configparams force-mem-access 1
targets -set -nocase -filter {name =~"APU*" && jtag_cable_name =~ "Digilent Zybo Z7 210351A81D96A"} -index 0
stop
ps7_init
ps7_post_config
targets -set -nocase -filter {name =~ "ARM*#0" && jtag_cable_name =~ "Digilent Zybo Z7 210351A81D96A"} -index 0
rst -processor
targets -set -nocase -filter {name =~ "ARM*#0" && jtag_cable_name =~ "Digilent Zybo Z7 210351A81D96A"} -index 0
dow C:/Users/hrish/OneDrive/Desktop/id0/SDK/TestingOnBRAM/Debug/TestingOnBRAM.elf
configparams force-mem-access 0
----------------End of Script----------------

19:51:18 INFO  : Memory regions updated for context APU
19:51:18 INFO  : Context for processor 'ps7_cortexa9_0' is selected.
19:51:18 INFO  : 'con' command is executed.
19:51:18 INFO  : ----------------XSDB Script (After Launch)----------------
targets -set -nocase -filter {name =~ "ARM*#0" && jtag_cable_name =~ "Digilent Zybo Z7 210351A81D96A"} -index 0
con
----------------End of Script----------------

19:51:18 INFO  : Launch script is exported to file 'C:\Users\hrish\OneDrive\Desktop\id0\SDK\.sdk\launch_scripts\xilinx_c-c++_application_(system_debugger)\system_debugger_using_debug_testingonbram.elf_on_local.tcl'
19:53:49 INFO  : Disconnected from the channel tcfchan#1.
