21:50:20 INFO  : Registering command handlers for SDK TCF services
21:50:20 INFO  : Launching XSCT server: xsct.bat -interactive C:\Users\hrish\Downloads\ReRAM_Thesis\Project\ReRAM_SPM\sdk\temp_xsdb_launch_script.tcl
21:50:26 INFO  : XSCT server has started successfully.
21:50:34 INFO  : Successfully done setting XSCT server connection channel  
21:50:34 INFO  : Successfully done setting SDK workspace  
21:50:34 INFO  : Processing command line option -hwspec C:/Users/hrish/Downloads/ReRAM_Thesis/Project/ReRAM_SPM/hw/ReRamSpm_wrapper.hdf.
21:55:09 INFO  : Connected to target on host '127.0.0.1' and port '3121'.
21:55:10 INFO  : 'targets -set -filter {jtag_cable_name =~ "Digilent Zybo Z7 210351A81D96A" && level==0} -index 1' command is executed.
21:55:12 INFO  : FPGA configured successfully with bitstream "C:/Users/hrish/Downloads/ReRAM_Thesis/Project/ReRAM_SPM/sdk/ReRamSpm_wrapper_hw_platform_0/ReRamSpm_wrapper.bit"
21:55:22 INFO  : 'targets -set -filter {jtag_cable_name =~ "Digilent Zybo Z7 210351A81D96A" && level==0} -index 1' command is executed.
21:55:22 INFO  : 'fpga -state' command is executed.
21:55:22 INFO  : Connected to target on host '127.0.0.1' and port '3121'.
21:55:22 INFO  : Jtag cable 'Digilent Zybo Z7 210351A81D96A' is selected.
21:55:22 INFO  : 'jtag frequency' command is executed.
21:55:22 INFO  : Sourcing of 'C:/Users/hrish/Downloads/ReRAM_Thesis/Project/ReRAM_SPM/sdk/ReRamSpm_wrapper_hw_platform_0/ps7_init.tcl' is done.
21:55:22 INFO  : Context for 'APU' is selected.
21:55:23 INFO  : Hardware design information is loaded from 'C:/Users/hrish/Downloads/ReRAM_Thesis/Project/ReRAM_SPM/sdk/ReRamSpm_wrapper_hw_platform_0/system.hdf'.
21:55:23 INFO  : 'configparams force-mem-access 1' command is executed.
21:55:23 INFO  : Context for 'APU' is selected.
21:55:23 INFO  : 'stop' command is executed.
21:55:23 INFO  : 'ps7_init' command is executed.
21:55:23 INFO  : 'ps7_post_config' command is executed.
21:55:23 INFO  : Context for processor 'ps7_cortexa9_0' is selected.
21:55:23 INFO  : Processor reset is completed for 'ps7_cortexa9_0'.
21:55:23 INFO  : Context for processor 'ps7_cortexa9_0' is selected.
21:55:23 INFO  : The application 'C:/Users/hrish/Downloads/ReRAM_Thesis/Project/ReRAM_SPM/sdk/testing_functionality/Debug/testing_functionality.elf' is downloaded to processor 'ps7_cortexa9_0'.
21:55:23 INFO  : 'configparams force-mem-access 0' command is executed.
21:55:23 INFO  : ----------------XSDB Script----------------
connect -url tcp:127.0.0.1:3121
source C:/Users/hrish/Downloads/ReRAM_Thesis/Project/ReRAM_SPM/sdk/ReRamSpm_wrapper_hw_platform_0/ps7_init.tcl
targets -set -nocase -filter {name =~"APU*" && jtag_cable_name =~ "Digilent Zybo Z7 210351A81D96A"} -index 0
loadhw -hw C:/Users/hrish/Downloads/ReRAM_Thesis/Project/ReRAM_SPM/sdk/ReRamSpm_wrapper_hw_platform_0/system.hdf -mem-ranges [list {0x40000000 0xbfffffff}]
configparams force-mem-access 1
targets -set -nocase -filter {name =~"APU*" && jtag_cable_name =~ "Digilent Zybo Z7 210351A81D96A"} -index 0
stop
ps7_init
ps7_post_config
targets -set -nocase -filter {name =~ "ARM*#0" && jtag_cable_name =~ "Digilent Zybo Z7 210351A81D96A"} -index 0
rst -processor
targets -set -nocase -filter {name =~ "ARM*#0" && jtag_cable_name =~ "Digilent Zybo Z7 210351A81D96A"} -index 0
dow C:/Users/hrish/Downloads/ReRAM_Thesis/Project/ReRAM_SPM/sdk/testing_functionality/Debug/testing_functionality.elf
configparams force-mem-access 0
----------------End of Script----------------

21:55:24 INFO  : Memory regions updated for context APU
21:55:24 INFO  : Context for processor 'ps7_cortexa9_0' is selected.
21:55:24 INFO  : 'con' command is executed.
21:55:24 INFO  : ----------------XSDB Script (After Launch)----------------
targets -set -nocase -filter {name =~ "ARM*#0" && jtag_cable_name =~ "Digilent Zybo Z7 210351A81D96A"} -index 0
con
----------------End of Script----------------

21:55:24 INFO  : Launch script is exported to file 'C:\Users\hrish\Downloads\ReRAM_Thesis\Project\ReRAM_SPM\sdk\.sdk\launch_scripts\xilinx_c-c++_application_(system_debugger)\system_debugger_using_debug_testing_functionality.elf_on_local.tcl'
21:57:34 INFO  : Disconnected from the channel tcfchan#1.
01:01:19 INFO  : SDK has detected change in the last modified timestamps for source hardware specification file Source:1761346857434,  Project:1761335178477
01:01:19 INFO  : Project ReRamSpm_wrapper_hw_platform_0's source hardware specification located at C:/Users/hrish/Downloads/ReRAM_Thesis/Project/ReRAM_SPM/hw/ReRamSpm_wrapper.hdf is now different from the local copy.
		 The local copy will be replaced with the source specification and your workspace will be updated.
01:02:00 INFO  : Copied contents of C:/Users/hrish/Downloads/ReRAM_Thesis/Project/ReRAM_SPM/hw/ReRamSpm_wrapper.hdf into \ReRamSpm_wrapper_hw_platform_0\system.hdf.
01:02:05 INFO  : Synchronizing projects in the workspace with the hardware platform specification changes.
01:02:08 INFO  : 
01:02:09 INFO  : Updating hardware inferred compiler options for testing_functionality.
01:02:09 INFO  : Clearing existing target manager status.
01:02:09 INFO  : Closing and re-opening the MSS file of ther project testing_functionality_bsp
01:02:10 INFO  : Closing and re-opening the MSS file of ther project testing_functionality_bsp
01:02:10 INFO  : Workspace synchronized with the new hardware specification file. Cleaning dependent projects...
01:02:12 WARN  : Linker script will not be updated automatically. Users need to update it manually.
01:03:45 INFO  : Connected to target on host '127.0.0.1' and port '3121'.
01:03:45 INFO  : 'targets -set -filter {jtag_cable_name =~ "Digilent Zybo Z7 210351A81D96A" && level==0} -index 1' command is executed.
01:03:47 INFO  : FPGA configured successfully with bitstream "C:/Users/hrish/Downloads/ReRAM_Thesis/Project/ReRAM_SPM/sdk/ReRamSpm_wrapper_hw_platform_0/ReRamSpm_wrapper.bit"
01:04:01 INFO  : 'targets -set -filter {jtag_cable_name =~ "Digilent Zybo Z7 210351A81D96A" && level==0} -index 1' command is executed.
01:04:01 INFO  : 'fpga -state' command is executed.
01:04:01 INFO  : Connected to target on host '127.0.0.1' and port '3121'.
01:04:01 INFO  : Jtag cable 'Digilent Zybo Z7 210351A81D96A' is selected.
01:04:01 INFO  : 'jtag frequency' command is executed.
01:04:01 INFO  : Sourcing of 'C:/Users/hrish/Downloads/ReRAM_Thesis/Project/ReRAM_SPM/sdk/ReRamSpm_wrapper_hw_platform_0/ps7_init.tcl' is done.
01:04:01 INFO  : Context for 'APU' is selected.
01:04:01 INFO  : Hardware design information is loaded from 'C:/Users/hrish/Downloads/ReRAM_Thesis/Project/ReRAM_SPM/sdk/ReRamSpm_wrapper_hw_platform_0/system.hdf'.
01:04:01 INFO  : 'configparams force-mem-access 1' command is executed.
01:04:01 INFO  : Context for 'APU' is selected.
01:04:01 INFO  : 'stop' command is executed.
01:04:02 INFO  : 'ps7_init' command is executed.
01:04:02 INFO  : 'ps7_post_config' command is executed.
01:04:02 INFO  : Context for processor 'ps7_cortexa9_0' is selected.
01:04:02 INFO  : Processor reset is completed for 'ps7_cortexa9_0'.
01:04:02 INFO  : Context for processor 'ps7_cortexa9_0' is selected.
01:04:02 INFO  : The application 'C:/Users/hrish/Downloads/ReRAM_Thesis/Project/ReRAM_SPM/sdk/testing_functionality/Debug/testing_functionality.elf' is downloaded to processor 'ps7_cortexa9_0'.
01:04:02 INFO  : 'configparams force-mem-access 0' command is executed.
01:04:02 INFO  : ----------------XSDB Script----------------
connect -url tcp:127.0.0.1:3121
source C:/Users/hrish/Downloads/ReRAM_Thesis/Project/ReRAM_SPM/sdk/ReRamSpm_wrapper_hw_platform_0/ps7_init.tcl
targets -set -nocase -filter {name =~"APU*" && jtag_cable_name =~ "Digilent Zybo Z7 210351A81D96A"} -index 0
loadhw -hw C:/Users/hrish/Downloads/ReRAM_Thesis/Project/ReRAM_SPM/sdk/ReRamSpm_wrapper_hw_platform_0/system.hdf -mem-ranges [list {0x40000000 0xbfffffff}]
configparams force-mem-access 1
targets -set -nocase -filter {name =~"APU*" && jtag_cable_name =~ "Digilent Zybo Z7 210351A81D96A"} -index 0
stop
ps7_init
ps7_post_config
targets -set -nocase -filter {name =~ "ARM*#0" && jtag_cable_name =~ "Digilent Zybo Z7 210351A81D96A"} -index 0
rst -processor
targets -set -nocase -filter {name =~ "ARM*#0" && jtag_cable_name =~ "Digilent Zybo Z7 210351A81D96A"} -index 0
dow C:/Users/hrish/Downloads/ReRAM_Thesis/Project/ReRAM_SPM/sdk/testing_functionality/Debug/testing_functionality.elf
configparams force-mem-access 0
----------------End of Script----------------

01:04:02 INFO  : Memory regions updated for context APU
01:04:03 INFO  : Context for processor 'ps7_cortexa9_0' is selected.
01:04:03 INFO  : 'con' command is executed.
01:04:03 INFO  : ----------------XSDB Script (After Launch)----------------
targets -set -nocase -filter {name =~ "ARM*#0" && jtag_cable_name =~ "Digilent Zybo Z7 210351A81D96A"} -index 0
con
----------------End of Script----------------

01:04:03 INFO  : Launch script is exported to file 'C:\Users\hrish\Downloads\ReRAM_Thesis\Project\ReRAM_SPM\sdk\.sdk\launch_scripts\xilinx_c-c++_application_(system_debugger)\system_debugger_using_debug_testing_functionality.elf_on_local.tcl'
01:07:19 INFO  : Disconnected from the channel tcfchan#2.
01:14:20 INFO  : Connected to target on host '127.0.0.1' and port '3121'.
01:14:21 INFO  : 'targets -set -filter {jtag_cable_name =~ "Digilent Zybo Z7 210351A81D96A" && level==0} -index 1' command is executed.
01:14:23 INFO  : FPGA configured successfully with bitstream "C:/Users/hrish/Downloads/ReRAM_Thesis/Project/ReRAM_SPM/sdk/ReRamSpm_wrapper_hw_platform_0/ReRamSpm_wrapper.bit"
01:14:30 INFO  : 'targets -set -filter {jtag_cable_name =~ "Digilent Zybo Z7 210351A81D96A" && level==0} -index 1' command is executed.
01:14:30 INFO  : 'fpga -state' command is executed.
01:14:30 INFO  : Connected to target on host '127.0.0.1' and port '3121'.
01:14:30 INFO  : Jtag cable 'Digilent Zybo Z7 210351A81D96A' is selected.
01:14:30 INFO  : 'jtag frequency' command is executed.
01:14:30 INFO  : Sourcing of 'C:/Users/hrish/Downloads/ReRAM_Thesis/Project/ReRAM_SPM/sdk/ReRamSpm_wrapper_hw_platform_0/ps7_init.tcl' is done.
01:14:30 INFO  : Context for 'APU' is selected.
01:14:30 INFO  : Hardware design information is loaded from 'C:/Users/hrish/Downloads/ReRAM_Thesis/Project/ReRAM_SPM/sdk/ReRamSpm_wrapper_hw_platform_0/system.hdf'.
01:14:30 INFO  : 'configparams force-mem-access 1' command is executed.
01:14:30 INFO  : Context for 'APU' is selected.
01:14:31 INFO  : 'stop' command is executed.
01:14:31 INFO  : 'ps7_init' command is executed.
01:14:31 INFO  : 'ps7_post_config' command is executed.
01:14:31 INFO  : Context for processor 'ps7_cortexa9_0' is selected.
01:14:31 INFO  : Processor reset is completed for 'ps7_cortexa9_0'.
01:14:32 INFO  : Context for processor 'ps7_cortexa9_0' is selected.
01:14:32 INFO  : The application 'C:/Users/hrish/Downloads/ReRAM_Thesis/Project/ReRAM_SPM/sdk/testing_functionality/Debug/testing_functionality.elf' is downloaded to processor 'ps7_cortexa9_0'.
01:14:32 INFO  : 'configparams force-mem-access 0' command is executed.
01:14:32 INFO  : ----------------XSDB Script----------------
connect -url tcp:127.0.0.1:3121
source C:/Users/hrish/Downloads/ReRAM_Thesis/Project/ReRAM_SPM/sdk/ReRamSpm_wrapper_hw_platform_0/ps7_init.tcl
targets -set -nocase -filter {name =~"APU*" && jtag_cable_name =~ "Digilent Zybo Z7 210351A81D96A"} -index 0
loadhw -hw C:/Users/hrish/Downloads/ReRAM_Thesis/Project/ReRAM_SPM/sdk/ReRamSpm_wrapper_hw_platform_0/system.hdf -mem-ranges [list {0x40000000 0xbfffffff}]
configparams force-mem-access 1
targets -set -nocase -filter {name =~"APU*" && jtag_cable_name =~ "Digilent Zybo Z7 210351A81D96A"} -index 0
stop
ps7_init
ps7_post_config
targets -set -nocase -filter {name =~ "ARM*#0" && jtag_cable_name =~ "Digilent Zybo Z7 210351A81D96A"} -index 0
rst -processor
targets -set -nocase -filter {name =~ "ARM*#0" && jtag_cable_name =~ "Digilent Zybo Z7 210351A81D96A"} -index 0
dow C:/Users/hrish/Downloads/ReRAM_Thesis/Project/ReRAM_SPM/sdk/testing_functionality/Debug/testing_functionality.elf
configparams force-mem-access 0
----------------End of Script----------------

01:14:32 INFO  : Memory regions updated for context APU
01:14:32 INFO  : Context for processor 'ps7_cortexa9_0' is selected.
01:14:32 INFO  : 'con' command is executed.
01:14:32 INFO  : ----------------XSDB Script (After Launch)----------------
targets -set -nocase -filter {name =~ "ARM*#0" && jtag_cable_name =~ "Digilent Zybo Z7 210351A81D96A"} -index 0
con
----------------End of Script----------------

01:14:32 INFO  : Launch script is exported to file 'C:\Users\hrish\Downloads\ReRAM_Thesis\Project\ReRAM_SPM\sdk\.sdk\launch_scripts\xilinx_c-c++_application_(system_debugger)\system_debugger_using_debug_testing_functionality.elf_on_local.tcl'
01:15:37 INFO  : Disconnected from the channel tcfchan#3.
01:52:54 INFO  : SDK has detected change in the last modified timestamps for source hardware specification file Source:1761349947202,  Project:1761346857434
01:52:54 INFO  : Project ReRamSpm_wrapper_hw_platform_0's source hardware specification located at C:/Users/hrish/Downloads/ReRAM_Thesis/Project/ReRAM_SPM/hw/ReRamSpm_wrapper.hdf is now different from the local copy.
		 The local copy will be replaced with the source specification and your workspace will be updated.
01:53:05 INFO  : Copied contents of C:/Users/hrish/Downloads/ReRAM_Thesis/Project/ReRAM_SPM/hw/ReRamSpm_wrapper.hdf into \ReRamSpm_wrapper_hw_platform_0\system.hdf.
01:53:14 INFO  : Synchronizing projects in the workspace with the hardware platform specification changes.
01:53:17 INFO  : 
01:53:18 INFO  : Updating hardware inferred compiler options for testing_functionality.
01:53:18 INFO  : Clearing existing target manager status.
01:53:18 INFO  : Closing and re-opening the MSS file of ther project testing_functionality_bsp
01:53:20 INFO  : Closing and re-opening the MSS file of ther project testing_functionality_bsp
01:53:20 INFO  : Closing and re-opening the MSS file of ther project testing_functionality_bsp
01:53:20 INFO  : Workspace synchronized with the new hardware specification file. Cleaning dependent projects...
01:53:23 WARN  : Linker script will not be updated automatically. Users need to update it manually.
01:54:56 INFO  : Connected to target on host '127.0.0.1' and port '3121'.
01:54:56 INFO  : 'targets -set -filter {jtag_cable_name =~ "Digilent Zybo Z7 210351A81D96A" && level==0} -index 1' command is executed.
01:54:59 INFO  : FPGA configured successfully with bitstream "C:/Users/hrish/Downloads/ReRAM_Thesis/Project/ReRAM_SPM/sdk/ReRamSpm_wrapper_hw_platform_0/ReRamSpm_wrapper.bit"
01:55:08 INFO  : 'targets -set -filter {jtag_cable_name =~ "Digilent Zybo Z7 210351A81D96A" && level==0} -index 1' command is executed.
01:55:08 INFO  : 'fpga -state' command is executed.
01:55:08 INFO  : Connected to target on host '127.0.0.1' and port '3121'.
01:55:08 INFO  : Jtag cable 'Digilent Zybo Z7 210351A81D96A' is selected.
01:55:08 INFO  : 'jtag frequency' command is executed.
01:55:08 INFO  : Sourcing of 'C:/Users/hrish/Downloads/ReRAM_Thesis/Project/ReRAM_SPM/sdk/ReRamSpm_wrapper_hw_platform_0/ps7_init.tcl' is done.
01:55:08 INFO  : Context for 'APU' is selected.
01:55:08 INFO  : Hardware design information is loaded from 'C:/Users/hrish/Downloads/ReRAM_Thesis/Project/ReRAM_SPM/sdk/ReRamSpm_wrapper_hw_platform_0/system.hdf'.
01:55:08 INFO  : 'configparams force-mem-access 1' command is executed.
01:55:09 INFO  : Context for 'APU' is selected.
01:55:09 INFO  : 'stop' command is executed.
01:55:09 INFO  : 'ps7_init' command is executed.
01:55:09 INFO  : 'ps7_post_config' command is executed.
01:55:09 INFO  : Context for processor 'ps7_cortexa9_0' is selected.
01:55:09 INFO  : Processor reset is completed for 'ps7_cortexa9_0'.
01:55:09 INFO  : Context for processor 'ps7_cortexa9_0' is selected.
01:55:10 INFO  : The application 'C:/Users/hrish/Downloads/ReRAM_Thesis/Project/ReRAM_SPM/sdk/testing_functionality/Debug/testing_functionality.elf' is downloaded to processor 'ps7_cortexa9_0'.
01:55:10 INFO  : 'configparams force-mem-access 0' command is executed.
01:55:10 INFO  : ----------------XSDB Script----------------
connect -url tcp:127.0.0.1:3121
source C:/Users/hrish/Downloads/ReRAM_Thesis/Project/ReRAM_SPM/sdk/ReRamSpm_wrapper_hw_platform_0/ps7_init.tcl
targets -set -nocase -filter {name =~"APU*" && jtag_cable_name =~ "Digilent Zybo Z7 210351A81D96A"} -index 0
loadhw -hw C:/Users/hrish/Downloads/ReRAM_Thesis/Project/ReRAM_SPM/sdk/ReRamSpm_wrapper_hw_platform_0/system.hdf -mem-ranges [list {0x40000000 0xbfffffff}]
configparams force-mem-access 1
targets -set -nocase -filter {name =~"APU*" && jtag_cable_name =~ "Digilent Zybo Z7 210351A81D96A"} -index 0
stop
ps7_init
ps7_post_config
targets -set -nocase -filter {name =~ "ARM*#0" && jtag_cable_name =~ "Digilent Zybo Z7 210351A81D96A"} -index 0
rst -processor
targets -set -nocase -filter {name =~ "ARM*#0" && jtag_cable_name =~ "Digilent Zybo Z7 210351A81D96A"} -index 0
dow C:/Users/hrish/Downloads/ReRAM_Thesis/Project/ReRAM_SPM/sdk/testing_functionality/Debug/testing_functionality.elf
configparams force-mem-access 0
----------------End of Script----------------

01:55:10 INFO  : Memory regions updated for context APU
01:55:10 INFO  : Context for processor 'ps7_cortexa9_0' is selected.
01:55:10 INFO  : 'con' command is executed.
01:55:10 INFO  : ----------------XSDB Script (After Launch)----------------
targets -set -nocase -filter {name =~ "ARM*#0" && jtag_cable_name =~ "Digilent Zybo Z7 210351A81D96A"} -index 0
con
----------------End of Script----------------

01:55:10 INFO  : Launch script is exported to file 'C:\Users\hrish\Downloads\ReRAM_Thesis\Project\ReRAM_SPM\sdk\.sdk\launch_scripts\xilinx_c-c++_application_(system_debugger)\system_debugger_using_debug_testing_functionality.elf_on_local.tcl'
01:56:04 INFO  : Disconnected from the channel tcfchan#4.
01:57:21 INFO  : Connected to target on host '127.0.0.1' and port '3121'.
01:57:21 INFO  : 'targets -set -filter {jtag_cable_name =~ "Digilent Zybo Z7 210351A81D96A" && level==0} -index 1' command is executed.
01:57:24 INFO  : FPGA configured successfully with bitstream "C:/Users/hrish/Downloads/ReRAM_Thesis/Project/ReRAM_SPM/sdk/ReRamSpm_wrapper_hw_platform_0/ReRamSpm_wrapper.bit"
01:57:35 INFO  : 'targets -set -filter {jtag_cable_name =~ "Digilent Zybo Z7 210351A81D96A" && level==0} -index 1' command is executed.
01:57:35 INFO  : 'fpga -state' command is executed.
01:57:35 INFO  : Connected to target on host '127.0.0.1' and port '3121'.
01:57:35 INFO  : Jtag cable 'Digilent Zybo Z7 210351A81D96A' is selected.
01:57:35 INFO  : 'jtag frequency' command is executed.
01:57:35 INFO  : Sourcing of 'C:/Users/hrish/Downloads/ReRAM_Thesis/Project/ReRAM_SPM/sdk/ReRamSpm_wrapper_hw_platform_0/ps7_init.tcl' is done.
01:57:35 INFO  : Context for 'APU' is selected.
01:57:35 INFO  : Hardware design information is loaded from 'C:/Users/hrish/Downloads/ReRAM_Thesis/Project/ReRAM_SPM/sdk/ReRamSpm_wrapper_hw_platform_0/system.hdf'.
01:57:35 INFO  : 'configparams force-mem-access 1' command is executed.
01:57:35 INFO  : Context for 'APU' is selected.
01:57:35 INFO  : 'stop' command is executed.
01:57:36 INFO  : 'ps7_init' command is executed.
01:57:36 INFO  : 'ps7_post_config' command is executed.
01:57:36 INFO  : Context for processor 'ps7_cortexa9_0' is selected.
01:57:36 INFO  : Processor reset is completed for 'ps7_cortexa9_0'.
01:57:36 INFO  : Context for processor 'ps7_cortexa9_0' is selected.
01:57:36 INFO  : The application 'C:/Users/hrish/Downloads/ReRAM_Thesis/Project/ReRAM_SPM/sdk/testing_functionality/Debug/testing_functionality.elf' is downloaded to processor 'ps7_cortexa9_0'.
01:57:36 INFO  : 'configparams force-mem-access 0' command is executed.
01:57:36 INFO  : ----------------XSDB Script----------------
connect -url tcp:127.0.0.1:3121
source C:/Users/hrish/Downloads/ReRAM_Thesis/Project/ReRAM_SPM/sdk/ReRamSpm_wrapper_hw_platform_0/ps7_init.tcl
targets -set -nocase -filter {name =~"APU*" && jtag_cable_name =~ "Digilent Zybo Z7 210351A81D96A"} -index 0
loadhw -hw C:/Users/hrish/Downloads/ReRAM_Thesis/Project/ReRAM_SPM/sdk/ReRamSpm_wrapper_hw_platform_0/system.hdf -mem-ranges [list {0x40000000 0xbfffffff}]
configparams force-mem-access 1
targets -set -nocase -filter {name =~"APU*" && jtag_cable_name =~ "Digilent Zybo Z7 210351A81D96A"} -index 0
stop
ps7_init
ps7_post_config
targets -set -nocase -filter {name =~ "ARM*#0" && jtag_cable_name =~ "Digilent Zybo Z7 210351A81D96A"} -index 0
rst -processor
targets -set -nocase -filter {name =~ "ARM*#0" && jtag_cable_name =~ "Digilent Zybo Z7 210351A81D96A"} -index 0
dow C:/Users/hrish/Downloads/ReRAM_Thesis/Project/ReRAM_SPM/sdk/testing_functionality/Debug/testing_functionality.elf
configparams force-mem-access 0
----------------End of Script----------------

01:57:37 INFO  : Memory regions updated for context APU
01:57:37 INFO  : Context for processor 'ps7_cortexa9_0' is selected.
01:57:37 INFO  : 'con' command is executed.
01:57:37 INFO  : ----------------XSDB Script (After Launch)----------------
targets -set -nocase -filter {name =~ "ARM*#0" && jtag_cable_name =~ "Digilent Zybo Z7 210351A81D96A"} -index 0
con
----------------End of Script----------------

01:57:37 INFO  : Launch script is exported to file 'C:\Users\hrish\Downloads\ReRAM_Thesis\Project\ReRAM_SPM\sdk\.sdk\launch_scripts\xilinx_c-c++_application_(system_debugger)\system_debugger_using_debug_testing_functionality.elf_on_local.tcl'
02:01:09 INFO  : Disconnected from the channel tcfchan#5.
05:38:38 INFO  : Registering command handlers for SDK TCF services
05:38:39 INFO  : Launching XSCT server: xsct.bat -interactive C:\Users\hrish\Downloads\ReRAM_Thesis\Project\ReRAM_SPM\sdk\temp_xsdb_launch_script.tcl
05:38:43 INFO  : XSCT server has started successfully.
05:38:43 INFO  : Successfully done setting XSCT server connection channel  
05:38:49 INFO  : Successfully done setting SDK workspace  
05:38:49 INFO  : Processing command line option -hwspec C:/Users/hrish/Downloads/ReRAM_Thesis/Project/ReRAM_SPM/hw/ReRamSpm_wrapper.hdf.
05:38:49 INFO  : Checking for hwspec changes in the project ReRamSpm_wrapper_hw_platform_0.
05:40:38 INFO  : Connected to target on host '127.0.0.1' and port '3121'.
05:40:38 INFO  : 'targets -set -filter {jtag_cable_name =~ "Digilent Zybo Z7 210351A81D96A" && level==0} -index 1' command is executed.
05:40:41 INFO  : FPGA configured successfully with bitstream "C:/Users/hrish/Downloads/ReRAM_Thesis/Project/ReRAM_SPM/sdk/ReRamSpm_wrapper_hw_platform_0/ReRamSpm_wrapper.bit"
05:40:58 INFO  : 'targets -set -filter {jtag_cable_name =~ "Digilent Zybo Z7 210351A81D96A" && level==0} -index 1' command is executed.
05:40:58 INFO  : 'fpga -state' command is executed.
05:40:58 INFO  : Connected to target on host '127.0.0.1' and port '3121'.
05:40:58 INFO  : Jtag cable 'Digilent Zybo Z7 210351A81D96A' is selected.
05:40:58 INFO  : 'jtag frequency' command is executed.
05:40:58 INFO  : Sourcing of 'C:/Users/hrish/Downloads/ReRAM_Thesis/Project/ReRAM_SPM/sdk/ReRamSpm_wrapper_hw_platform_0/ps7_init.tcl' is done.
05:40:58 INFO  : Context for 'APU' is selected.
05:40:58 INFO  : Hardware design information is loaded from 'C:/Users/hrish/Downloads/ReRAM_Thesis/Project/ReRAM_SPM/sdk/ReRamSpm_wrapper_hw_platform_0/system.hdf'.
05:40:58 INFO  : 'configparams force-mem-access 1' command is executed.
05:40:58 INFO  : Context for 'APU' is selected.
05:40:58 INFO  : 'stop' command is executed.
05:40:59 INFO  : 'ps7_init' command is executed.
05:40:59 INFO  : 'ps7_post_config' command is executed.
05:40:59 INFO  : Context for processor 'ps7_cortexa9_0' is selected.
05:40:59 INFO  : Processor reset is completed for 'ps7_cortexa9_0'.
05:40:59 INFO  : Context for processor 'ps7_cortexa9_0' is selected.
05:40:59 INFO  : The application 'C:/Users/hrish/Downloads/ReRAM_Thesis/Project/ReRAM_SPM/sdk/testing_functionality/Debug/testing_functionality.elf' is downloaded to processor 'ps7_cortexa9_0'.
05:40:59 INFO  : 'configparams force-mem-access 0' command is executed.
05:40:59 INFO  : ----------------XSDB Script----------------
connect -url tcp:127.0.0.1:3121
source C:/Users/hrish/Downloads/ReRAM_Thesis/Project/ReRAM_SPM/sdk/ReRamSpm_wrapper_hw_platform_0/ps7_init.tcl
targets -set -nocase -filter {name =~"APU*" && jtag_cable_name =~ "Digilent Zybo Z7 210351A81D96A"} -index 0
loadhw -hw C:/Users/hrish/Downloads/ReRAM_Thesis/Project/ReRAM_SPM/sdk/ReRamSpm_wrapper_hw_platform_0/system.hdf -mem-ranges [list {0x40000000 0xbfffffff}]
configparams force-mem-access 1
targets -set -nocase -filter {name =~"APU*" && jtag_cable_name =~ "Digilent Zybo Z7 210351A81D96A"} -index 0
stop
ps7_init
ps7_post_config
targets -set -nocase -filter {name =~ "ARM*#0" && jtag_cable_name =~ "Digilent Zybo Z7 210351A81D96A"} -index 0
rst -processor
targets -set -nocase -filter {name =~ "ARM*#0" && jtag_cable_name =~ "Digilent Zybo Z7 210351A81D96A"} -index 0
dow C:/Users/hrish/Downloads/ReRAM_Thesis/Project/ReRAM_SPM/sdk/testing_functionality/Debug/testing_functionality.elf
configparams force-mem-access 0
----------------End of Script----------------

05:40:59 INFO  : Memory regions updated for context APU
05:40:59 INFO  : Context for processor 'ps7_cortexa9_0' is selected.
05:40:59 INFO  : 'con' command is executed.
05:40:59 INFO  : ----------------XSDB Script (After Launch)----------------
targets -set -nocase -filter {name =~ "ARM*#0" && jtag_cable_name =~ "Digilent Zybo Z7 210351A81D96A"} -index 0
con
----------------End of Script----------------

05:40:59 INFO  : Launch script is exported to file 'C:\Users\hrish\Downloads\ReRAM_Thesis\Project\ReRAM_SPM\sdk\.sdk\launch_scripts\xilinx_c-c++_application_(system_debugger)\system_debugger_using_debug_testing_functionality.elf_on_local.tcl'
05:42:46 INFO  : Disconnected from the channel tcfchan#1.
05:45:25 INFO  : Connected to target on host '127.0.0.1' and port '3121'.
05:45:25 INFO  : 'targets -set -filter {jtag_cable_name =~ "Digilent Zybo Z7 210351A81D96A" && level==0} -index 1' command is executed.
05:45:28 INFO  : FPGA configured successfully with bitstream "C:/Users/hrish/Downloads/ReRAM_Thesis/Project/ReRAM_SPM/sdk/ReRamSpm_wrapper_hw_platform_0/ReRamSpm_wrapper.bit"
05:45:48 INFO  : 'targets -set -filter {jtag_cable_name =~ "Digilent Zybo Z7 210351A81D96A" && level==0} -index 1' command is executed.
05:45:48 INFO  : 'fpga -state' command is executed.
05:45:48 INFO  : Connected to target on host '127.0.0.1' and port '3121'.
05:45:48 INFO  : Jtag cable 'Digilent Zybo Z7 210351A81D96A' is selected.
05:45:48 INFO  : 'jtag frequency' command is executed.
05:45:48 INFO  : Sourcing of 'C:/Users/hrish/Downloads/ReRAM_Thesis/Project/ReRAM_SPM/sdk/ReRamSpm_wrapper_hw_platform_0/ps7_init.tcl' is done.
05:45:48 INFO  : Context for 'APU' is selected.
05:45:48 INFO  : Hardware design information is loaded from 'C:/Users/hrish/Downloads/ReRAM_Thesis/Project/ReRAM_SPM/sdk/ReRamSpm_wrapper_hw_platform_0/system.hdf'.
05:45:48 INFO  : 'configparams force-mem-access 1' command is executed.
05:45:48 INFO  : Context for 'APU' is selected.
05:45:48 INFO  : 'stop' command is executed.
05:45:48 INFO  : 'ps7_init' command is executed.
05:45:49 INFO  : 'ps7_post_config' command is executed.
05:45:49 INFO  : Context for processor 'ps7_cortexa9_0' is selected.
05:45:49 INFO  : Processor reset is completed for 'ps7_cortexa9_0'.
05:45:49 INFO  : Context for processor 'ps7_cortexa9_0' is selected.
05:45:49 INFO  : The application 'C:/Users/hrish/Downloads/ReRAM_Thesis/Project/ReRAM_SPM/sdk/testing_functionality/Debug/testing_functionality.elf' is downloaded to processor 'ps7_cortexa9_0'.
05:45:49 INFO  : 'configparams force-mem-access 0' command is executed.
05:45:49 INFO  : ----------------XSDB Script----------------
connect -url tcp:127.0.0.1:3121
source C:/Users/hrish/Downloads/ReRAM_Thesis/Project/ReRAM_SPM/sdk/ReRamSpm_wrapper_hw_platform_0/ps7_init.tcl
targets -set -nocase -filter {name =~"APU*" && jtag_cable_name =~ "Digilent Zybo Z7 210351A81D96A"} -index 0
loadhw -hw C:/Users/hrish/Downloads/ReRAM_Thesis/Project/ReRAM_SPM/sdk/ReRamSpm_wrapper_hw_platform_0/system.hdf -mem-ranges [list {0x40000000 0xbfffffff}]
configparams force-mem-access 1
targets -set -nocase -filter {name =~"APU*" && jtag_cable_name =~ "Digilent Zybo Z7 210351A81D96A"} -index 0
stop
ps7_init
ps7_post_config
targets -set -nocase -filter {name =~ "ARM*#0" && jtag_cable_name =~ "Digilent Zybo Z7 210351A81D96A"} -index 0
rst -processor
targets -set -nocase -filter {name =~ "ARM*#0" && jtag_cable_name =~ "Digilent Zybo Z7 210351A81D96A"} -index 0
dow C:/Users/hrish/Downloads/ReRAM_Thesis/Project/ReRAM_SPM/sdk/testing_functionality/Debug/testing_functionality.elf
configparams force-mem-access 0
----------------End of Script----------------

05:45:49 INFO  : Memory regions updated for context APU
05:45:49 INFO  : Context for processor 'ps7_cortexa9_0' is selected.
05:45:49 INFO  : 'con' command is executed.
05:45:49 INFO  : ----------------XSDB Script (After Launch)----------------
targets -set -nocase -filter {name =~ "ARM*#0" && jtag_cable_name =~ "Digilent Zybo Z7 210351A81D96A"} -index 0
con
----------------End of Script----------------

05:45:49 INFO  : Launch script is exported to file 'C:\Users\hrish\Downloads\ReRAM_Thesis\Project\ReRAM_SPM\sdk\.sdk\launch_scripts\xilinx_c-c++_application_(system_debugger)\system_debugger_using_debug_testing_functionality.elf_on_local.tcl'
05:46:39 INFO  : Disconnected from the channel tcfchan#2.
05:47:24 INFO  : Connected to target on host '127.0.0.1' and port '3121'.
05:47:25 INFO  : 'targets -set -filter {jtag_cable_name =~ "Digilent Zybo Z7 210351A81D96A" && level==0} -index 1' command is executed.
05:47:27 INFO  : FPGA configured successfully with bitstream "C:/Users/hrish/Downloads/ReRAM_Thesis/Project/ReRAM_SPM/sdk/ReRamSpm_wrapper_hw_platform_0/ReRamSpm_wrapper.bit"
05:47:34 INFO  : 'targets -set -filter {jtag_cable_name =~ "Digilent Zybo Z7 210351A81D96A" && level==0} -index 1' command is executed.
05:47:34 INFO  : 'fpga -state' command is executed.
05:47:34 INFO  : Connected to target on host '127.0.0.1' and port '3121'.
05:47:34 INFO  : Jtag cable 'Digilent Zybo Z7 210351A81D96A' is selected.
05:47:34 INFO  : 'jtag frequency' command is executed.
05:47:34 INFO  : Sourcing of 'C:/Users/hrish/Downloads/ReRAM_Thesis/Project/ReRAM_SPM/sdk/ReRamSpm_wrapper_hw_platform_0/ps7_init.tcl' is done.
05:47:34 INFO  : Context for 'APU' is selected.
05:47:34 INFO  : Hardware design information is loaded from 'C:/Users/hrish/Downloads/ReRAM_Thesis/Project/ReRAM_SPM/sdk/ReRamSpm_wrapper_hw_platform_0/system.hdf'.
05:47:34 INFO  : 'configparams force-mem-access 1' command is executed.
05:47:34 INFO  : Context for 'APU' is selected.
05:47:34 INFO  : 'stop' command is executed.
05:47:35 INFO  : 'ps7_init' command is executed.
05:47:35 INFO  : 'ps7_post_config' command is executed.
05:47:35 INFO  : Context for processor 'ps7_cortexa9_0' is selected.
05:47:35 INFO  : Processor reset is completed for 'ps7_cortexa9_0'.
05:47:35 INFO  : Context for processor 'ps7_cortexa9_0' is selected.
05:47:35 INFO  : The application 'C:/Users/hrish/Downloads/ReRAM_Thesis/Project/ReRAM_SPM/sdk/testing_functionality/Debug/testing_functionality.elf' is downloaded to processor 'ps7_cortexa9_0'.
05:47:35 INFO  : 'configparams force-mem-access 0' command is executed.
05:47:35 INFO  : ----------------XSDB Script----------------
connect -url tcp:127.0.0.1:3121
source C:/Users/hrish/Downloads/ReRAM_Thesis/Project/ReRAM_SPM/sdk/ReRamSpm_wrapper_hw_platform_0/ps7_init.tcl
targets -set -nocase -filter {name =~"APU*" && jtag_cable_name =~ "Digilent Zybo Z7 210351A81D96A"} -index 0
loadhw -hw C:/Users/hrish/Downloads/ReRAM_Thesis/Project/ReRAM_SPM/sdk/ReRamSpm_wrapper_hw_platform_0/system.hdf -mem-ranges [list {0x40000000 0xbfffffff}]
configparams force-mem-access 1
targets -set -nocase -filter {name =~"APU*" && jtag_cable_name =~ "Digilent Zybo Z7 210351A81D96A"} -index 0
stop
ps7_init
ps7_post_config
targets -set -nocase -filter {name =~ "ARM*#0" && jtag_cable_name =~ "Digilent Zybo Z7 210351A81D96A"} -index 0
rst -processor
targets -set -nocase -filter {name =~ "ARM*#0" && jtag_cable_name =~ "Digilent Zybo Z7 210351A81D96A"} -index 0
dow C:/Users/hrish/Downloads/ReRAM_Thesis/Project/ReRAM_SPM/sdk/testing_functionality/Debug/testing_functionality.elf
configparams force-mem-access 0
----------------End of Script----------------

05:47:35 INFO  : Memory regions updated for context APU
05:47:36 INFO  : Context for processor 'ps7_cortexa9_0' is selected.
05:47:36 INFO  : 'con' command is executed.
05:47:36 INFO  : ----------------XSDB Script (After Launch)----------------
targets -set -nocase -filter {name =~ "ARM*#0" && jtag_cable_name =~ "Digilent Zybo Z7 210351A81D96A"} -index 0
con
----------------End of Script----------------

05:47:36 INFO  : Launch script is exported to file 'C:\Users\hrish\Downloads\ReRAM_Thesis\Project\ReRAM_SPM\sdk\.sdk\launch_scripts\xilinx_c-c++_application_(system_debugger)\system_debugger_using_debug_testing_functionality.elf_on_local.tcl'
05:48:47 INFO  : Disconnected from the channel tcfchan#3.
05:49:43 INFO  : Connected to target on host '127.0.0.1' and port '3121'.
05:49:44 INFO  : 'targets -set -filter {jtag_cable_name =~ "Digilent Zybo Z7 210351A81D96A" && level==0} -index 1' command is executed.
05:49:46 INFO  : FPGA configured successfully with bitstream "C:/Users/hrish/Downloads/ReRAM_Thesis/Project/ReRAM_SPM/sdk/ReRamSpm_wrapper_hw_platform_0/ReRamSpm_wrapper.bit"
05:49:56 INFO  : 'targets -set -filter {jtag_cable_name =~ "Digilent Zybo Z7 210351A81D96A" && level==0} -index 1' command is executed.
05:49:56 INFO  : 'fpga -state' command is executed.
05:49:56 INFO  : Connected to target on host '127.0.0.1' and port '3121'.
05:49:57 INFO  : Jtag cable 'Digilent Zybo Z7 210351A81D96A' is selected.
05:49:57 INFO  : 'jtag frequency' command is executed.
05:49:57 INFO  : Sourcing of 'C:/Users/hrish/Downloads/ReRAM_Thesis/Project/ReRAM_SPM/sdk/ReRamSpm_wrapper_hw_platform_0/ps7_init.tcl' is done.
05:49:57 INFO  : Context for 'APU' is selected.
05:49:57 INFO  : Hardware design information is loaded from 'C:/Users/hrish/Downloads/ReRAM_Thesis/Project/ReRAM_SPM/sdk/ReRamSpm_wrapper_hw_platform_0/system.hdf'.
05:49:57 INFO  : 'configparams force-mem-access 1' command is executed.
05:49:57 INFO  : Context for 'APU' is selected.
05:49:57 INFO  : 'stop' command is executed.
05:49:58 INFO  : 'ps7_init' command is executed.
05:49:58 INFO  : 'ps7_post_config' command is executed.
05:49:58 INFO  : Context for processor 'ps7_cortexa9_0' is selected.
05:49:58 INFO  : Processor reset is completed for 'ps7_cortexa9_0'.
05:49:58 INFO  : Context for processor 'ps7_cortexa9_0' is selected.
05:49:58 INFO  : The application 'C:/Users/hrish/Downloads/ReRAM_Thesis/Project/ReRAM_SPM/sdk/testing_functionality/Debug/testing_functionality.elf' is downloaded to processor 'ps7_cortexa9_0'.
05:49:58 INFO  : 'configparams force-mem-access 0' command is executed.
05:49:58 INFO  : ----------------XSDB Script----------------
connect -url tcp:127.0.0.1:3121
source C:/Users/hrish/Downloads/ReRAM_Thesis/Project/ReRAM_SPM/sdk/ReRamSpm_wrapper_hw_platform_0/ps7_init.tcl
targets -set -nocase -filter {name =~"APU*" && jtag_cable_name =~ "Digilent Zybo Z7 210351A81D96A"} -index 0
loadhw -hw C:/Users/hrish/Downloads/ReRAM_Thesis/Project/ReRAM_SPM/sdk/ReRamSpm_wrapper_hw_platform_0/system.hdf -mem-ranges [list {0x40000000 0xbfffffff}]
configparams force-mem-access 1
targets -set -nocase -filter {name =~"APU*" && jtag_cable_name =~ "Digilent Zybo Z7 210351A81D96A"} -index 0
stop
ps7_init
ps7_post_config
targets -set -nocase -filter {name =~ "ARM*#0" && jtag_cable_name =~ "Digilent Zybo Z7 210351A81D96A"} -index 0
rst -processor
targets -set -nocase -filter {name =~ "ARM*#0" && jtag_cable_name =~ "Digilent Zybo Z7 210351A81D96A"} -index 0
dow C:/Users/hrish/Downloads/ReRAM_Thesis/Project/ReRAM_SPM/sdk/testing_functionality/Debug/testing_functionality.elf
configparams force-mem-access 0
----------------End of Script----------------

05:49:58 INFO  : Memory regions updated for context APU
05:49:58 INFO  : Context for processor 'ps7_cortexa9_0' is selected.
05:49:58 INFO  : 'con' command is executed.
05:49:58 INFO  : ----------------XSDB Script (After Launch)----------------
targets -set -nocase -filter {name =~ "ARM*#0" && jtag_cable_name =~ "Digilent Zybo Z7 210351A81D96A"} -index 0
con
----------------End of Script----------------

05:49:58 INFO  : Launch script is exported to file 'C:\Users\hrish\Downloads\ReRAM_Thesis\Project\ReRAM_SPM\sdk\.sdk\launch_scripts\xilinx_c-c++_application_(system_debugger)\system_debugger_using_debug_testing_functionality.elf_on_local.tcl'
05:52:04 INFO  : Connected to target on host '127.0.0.1' and port '3121'.
05:52:49 INFO  : Connected to target on host '127.0.0.1' and port '3121'.
05:52:49 INFO  : 'targets -set -filter {jtag_cable_name =~ "Digilent Zybo Z7 210351A81D96A" && level==0} -index 1' command is executed.
05:52:51 INFO  : FPGA configured successfully with bitstream "C:/Users/hrish/Downloads/ReRAM_Thesis/Project/ReRAM_SPM/sdk/ReRamSpm_wrapper_hw_platform_0/ReRamSpm_wrapper.bit"
05:53:01 INFO  : Disconnected from the channel tcfchan#4.
05:53:02 INFO  : 'targets -set -filter {jtag_cable_name =~ "Digilent Zybo Z7 210351A81D96A" && level==0} -index 1' command is executed.
05:53:02 INFO  : 'fpga -state' command is executed.
05:53:02 INFO  : Connected to target on host '127.0.0.1' and port '3121'.
05:53:02 INFO  : Jtag cable 'Digilent Zybo Z7 210351A81D96A' is selected.
05:53:02 INFO  : 'jtag frequency' command is executed.
05:53:02 INFO  : Sourcing of 'C:/Users/hrish/Downloads/ReRAM_Thesis/Project/ReRAM_SPM/sdk/ReRamSpm_wrapper_hw_platform_0/ps7_init.tcl' is done.
05:53:02 INFO  : Context for 'APU' is selected.
05:53:05 INFO  : Hardware design information is loaded from 'C:/Users/hrish/Downloads/ReRAM_Thesis/Project/ReRAM_SPM/sdk/ReRamSpm_wrapper_hw_platform_0/system.hdf'.
05:53:05 INFO  : 'configparams force-mem-access 1' command is executed.
05:53:05 INFO  : Context for 'APU' is selected.
05:53:05 INFO  : 'stop' command is executed.
05:53:06 INFO  : 'ps7_init' command is executed.
05:53:06 INFO  : 'ps7_post_config' command is executed.
05:53:06 INFO  : Context for processor 'ps7_cortexa9_0' is selected.
05:53:06 INFO  : Processor reset is completed for 'ps7_cortexa9_0'.
05:53:06 INFO  : Context for processor 'ps7_cortexa9_0' is selected.
05:53:06 INFO  : The application 'C:/Users/hrish/Downloads/ReRAM_Thesis/Project/ReRAM_SPM/sdk/testing_functionality/Debug/testing_functionality.elf' is downloaded to processor 'ps7_cortexa9_0'.
05:53:06 INFO  : 'configparams force-mem-access 0' command is executed.
05:53:06 INFO  : ----------------XSDB Script----------------
connect -url tcp:127.0.0.1:3121
source C:/Users/hrish/Downloads/ReRAM_Thesis/Project/ReRAM_SPM/sdk/ReRamSpm_wrapper_hw_platform_0/ps7_init.tcl
targets -set -nocase -filter {name =~"APU*" && jtag_cable_name =~ "Digilent Zybo Z7 210351A81D96A"} -index 0
loadhw -hw C:/Users/hrish/Downloads/ReRAM_Thesis/Project/ReRAM_SPM/sdk/ReRamSpm_wrapper_hw_platform_0/system.hdf -mem-ranges [list {0x40000000 0xbfffffff}]
configparams force-mem-access 1
targets -set -nocase -filter {name =~"APU*" && jtag_cable_name =~ "Digilent Zybo Z7 210351A81D96A"} -index 0
stop
ps7_init
ps7_post_config
targets -set -nocase -filter {name =~ "ARM*#0" && jtag_cable_name =~ "Digilent Zybo Z7 210351A81D96A"} -index 0
rst -processor
targets -set -nocase -filter {name =~ "ARM*#0" && jtag_cable_name =~ "Digilent Zybo Z7 210351A81D96A"} -index 0
dow C:/Users/hrish/Downloads/ReRAM_Thesis/Project/ReRAM_SPM/sdk/testing_functionality/Debug/testing_functionality.elf
configparams force-mem-access 0
----------------End of Script----------------

05:53:06 INFO  : Memory regions updated for context APU
05:53:06 INFO  : Context for processor 'ps7_cortexa9_0' is selected.
05:53:06 INFO  : 'con' command is executed.
05:53:06 INFO  : ----------------XSDB Script (After Launch)----------------
targets -set -nocase -filter {name =~ "ARM*#0" && jtag_cable_name =~ "Digilent Zybo Z7 210351A81D96A"} -index 0
con
----------------End of Script----------------

05:53:06 INFO  : Launch script is exported to file 'C:\Users\hrish\Downloads\ReRAM_Thesis\Project\ReRAM_SPM\sdk\.sdk\launch_scripts\xilinx_c-c++_application_(system_debugger)\system_debugger_using_debug_testing_functionality.elf_on_local.tcl'
05:54:18 INFO  : Disconnected from the channel tcfchan#5.
