15:50:36 INFO  : Registering command handlers for SDK TCF services
15:50:36 INFO  : Launching XSCT server: xsct.bat -interactive C:\Users\hrish\OneDrive\Desktop\ids2\temp_xsdb_launch_script.tcl
15:50:38 INFO  : XSCT server has started successfully.
15:50:38 INFO  : Successfully done setting XSCT server connection channel  
15:50:39 INFO  : Successfully done setting SDK workspace  
15:50:39 INFO  : Processing command line option -hwspec C:/Users/hrish/OneDrive/Desktop/ids2/system_bd_wrapper.hdf.
15:52:14 INFO  : Connected to target on host '127.0.0.1' and port '3121'.
15:52:15 INFO  : 'targets -set -filter {jtag_cable_name =~ "Digilent Zybo Z7 210351A81D96A" && level==0} -index 1' command is executed.
15:52:17 INFO  : FPGA configured successfully with bitstream "C:/Users/hrish/OneDrive/Desktop/ids2/system_bd_wrapper_hw_platform_0/system_bd_wrapper.bit"
15:53:29 INFO  : 'targets -set -filter {jtag_cable_name =~ "Digilent Zybo Z7 210351A81D96A" && level==0} -index 1' command is executed.
15:53:29 INFO  : 'fpga -state' command is executed.
15:53:29 INFO  : Connected to target on host '127.0.0.1' and port '3121'.
15:53:30 INFO  : Jtag cable 'Digilent Zybo Z7 210351A81D96A' is selected.
15:53:30 INFO  : 'jtag frequency' command is executed.
15:53:30 INFO  : Sourcing of 'C:/Users/hrish/OneDrive/Desktop/ids2/system_bd_wrapper_hw_platform_0/ps7_init.tcl' is done.
15:53:30 INFO  : Context for 'APU' is selected.
15:53:30 INFO  : Hardware design information is loaded from 'C:/Users/hrish/OneDrive/Desktop/ids2/system_bd_wrapper_hw_platform_0/system.hdf'.
15:53:30 INFO  : 'configparams force-mem-access 1' command is executed.
15:53:30 INFO  : Context for 'APU' is selected.
15:53:30 INFO  : 'stop' command is executed.
15:53:31 INFO  : 'ps7_init' command is executed.
15:53:31 INFO  : 'ps7_post_config' command is executed.
15:53:31 INFO  : Context for processor 'ps7_cortexa9_0' is selected.
15:53:31 INFO  : Processor reset is completed for 'ps7_cortexa9_0'.
15:53:31 INFO  : Context for processor 'ps7_cortexa9_0' is selected.
15:53:31 INFO  : The application 'C:/Users/hrish/OneDrive/Desktop/ids2/vitis/My_Praaject/Debug/My_Praaject.elf' is downloaded to processor 'ps7_cortexa9_0'.
15:53:31 INFO  : 'configparams force-mem-access 0' command is executed.
15:53:31 INFO  : ----------------XSDB Script----------------
connect -url tcp:127.0.0.1:3121
source C:/Users/hrish/OneDrive/Desktop/ids2/system_bd_wrapper_hw_platform_0/ps7_init.tcl
targets -set -nocase -filter {name =~"APU*" && jtag_cable_name =~ "Digilent Zybo Z7 210351A81D96A"} -index 0
loadhw -hw C:/Users/hrish/OneDrive/Desktop/ids2/system_bd_wrapper_hw_platform_0/system.hdf -mem-ranges [list {0x40000000 0xbfffffff}]
configparams force-mem-access 1
targets -set -nocase -filter {name =~"APU*" && jtag_cable_name =~ "Digilent Zybo Z7 210351A81D96A"} -index 0
stop
ps7_init
ps7_post_config
targets -set -nocase -filter {name =~ "ARM*#0" && jtag_cable_name =~ "Digilent Zybo Z7 210351A81D96A"} -index 0
rst -processor
targets -set -nocase -filter {name =~ "ARM*#0" && jtag_cable_name =~ "Digilent Zybo Z7 210351A81D96A"} -index 0
dow C:/Users/hrish/OneDrive/Desktop/ids2/vitis/My_Praaject/Debug/My_Praaject.elf
configparams force-mem-access 0
----------------End of Script----------------

15:53:31 INFO  : Memory regions updated for context APU
15:53:31 INFO  : Context for processor 'ps7_cortexa9_0' is selected.
15:53:31 INFO  : 'con' command is executed.
15:53:31 INFO  : ----------------XSDB Script (After Launch)----------------
targets -set -nocase -filter {name =~ "ARM*#0" && jtag_cable_name =~ "Digilent Zybo Z7 210351A81D96A"} -index 0
con
----------------End of Script----------------

15:53:31 INFO  : Launch script is exported to file 'C:\Users\hrish\OneDrive\Desktop\ids2\.sdk\launch_scripts\xilinx_c-c++_application_(system_debugger)\system_debugger_using_debug_my_praaject.elf_on_local.tcl'
15:58:36 INFO  : Connected to target on host '127.0.0.1' and port '3121'.
15:58:37 INFO  : 'targets -set -filter {jtag_cable_name =~ "Digilent Zybo Z7 210351A81D96A" && level==0} -index 1' command is executed.
15:58:39 INFO  : FPGA configured successfully with bitstream "C:/Users/hrish/OneDrive/Desktop/ids2/system_bd_wrapper_hw_platform_0/system_bd_wrapper.bit"
15:58:52 INFO  : Disconnected from the channel tcfchan#1.
15:58:54 INFO  : 'targets -set -filter {jtag_cable_name =~ "Digilent Zybo Z7 210351A81D96A" && level==0} -index 1' command is executed.
15:58:54 INFO  : 'fpga -state' command is executed.
15:58:55 INFO  : Connected to target on host '127.0.0.1' and port '3121'.
15:58:55 INFO  : Jtag cable 'Digilent Zybo Z7 210351A81D96A' is selected.
15:58:55 INFO  : 'jtag frequency' command is executed.
15:58:55 INFO  : Sourcing of 'C:/Users/hrish/OneDrive/Desktop/ids2/system_bd_wrapper_hw_platform_0/ps7_init.tcl' is done.
15:58:55 INFO  : Context for 'APU' is selected.
15:58:57 INFO  : Hardware design information is loaded from 'C:/Users/hrish/OneDrive/Desktop/ids2/system_bd_wrapper_hw_platform_0/system.hdf'.
15:58:57 INFO  : 'configparams force-mem-access 1' command is executed.
15:58:58 INFO  : Context for 'APU' is selected.
15:58:58 INFO  : 'stop' command is executed.
15:58:58 INFO  : 'ps7_init' command is executed.
15:58:58 INFO  : 'ps7_post_config' command is executed.
15:58:58 INFO  : Context for processor 'ps7_cortexa9_0' is selected.
15:58:58 INFO  : Processor reset is completed for 'ps7_cortexa9_0'.
15:58:59 INFO  : Context for processor 'ps7_cortexa9_0' is selected.
15:58:59 INFO  : The application 'C:/Users/hrish/OneDrive/Desktop/ids2/vitis/My_Praaject/Debug/My_Praaject.elf' is downloaded to processor 'ps7_cortexa9_0'.
15:58:59 INFO  : 'configparams force-mem-access 0' command is executed.
15:58:59 INFO  : ----------------XSDB Script----------------
connect -url tcp:127.0.0.1:3121
source C:/Users/hrish/OneDrive/Desktop/ids2/system_bd_wrapper_hw_platform_0/ps7_init.tcl
targets -set -nocase -filter {name =~"APU*" && jtag_cable_name =~ "Digilent Zybo Z7 210351A81D96A"} -index 0
loadhw -hw C:/Users/hrish/OneDrive/Desktop/ids2/system_bd_wrapper_hw_platform_0/system.hdf -mem-ranges [list {0x40000000 0xbfffffff}]
configparams force-mem-access 1
targets -set -nocase -filter {name =~"APU*" && jtag_cable_name =~ "Digilent Zybo Z7 210351A81D96A"} -index 0
stop
ps7_init
ps7_post_config
targets -set -nocase -filter {name =~ "ARM*#0" && jtag_cable_name =~ "Digilent Zybo Z7 210351A81D96A"} -index 0
rst -processor
targets -set -nocase -filter {name =~ "ARM*#0" && jtag_cable_name =~ "Digilent Zybo Z7 210351A81D96A"} -index 0
dow C:/Users/hrish/OneDrive/Desktop/ids2/vitis/My_Praaject/Debug/My_Praaject.elf
configparams force-mem-access 0
----------------End of Script----------------

15:58:59 INFO  : Memory regions updated for context APU
15:58:59 INFO  : Context for processor 'ps7_cortexa9_0' is selected.
15:58:59 INFO  : 'con' command is executed.
15:58:59 INFO  : ----------------XSDB Script (After Launch)----------------
targets -set -nocase -filter {name =~ "ARM*#0" && jtag_cable_name =~ "Digilent Zybo Z7 210351A81D96A"} -index 0
con
----------------End of Script----------------

15:58:59 INFO  : Launch script is exported to file 'C:\Users\hrish\OneDrive\Desktop\ids2\.sdk\launch_scripts\xilinx_c-c++_application_(system_debugger)\system_debugger_using_debug_my_praaject.elf_on_local.tcl'
15:59:34 INFO  : Disconnected from the channel tcfchan#2.
15:59:35 INFO  : 'targets -set -filter {jtag_cable_name =~ "Digilent Zybo Z7 210351A81D96A" && level==0} -index 1' command is executed.
15:59:35 INFO  : 'fpga -state' command is executed.
15:59:35 INFO  : Connected to target on host '127.0.0.1' and port '3121'.
15:59:35 INFO  : Jtag cable 'Digilent Zybo Z7 210351A81D96A' is selected.
15:59:35 INFO  : 'jtag frequency' command is executed.
15:59:35 INFO  : Sourcing of 'C:/Users/hrish/OneDrive/Desktop/ids2/system_bd_wrapper_hw_platform_0/ps7_init.tcl' is done.
15:59:35 INFO  : Context for 'APU' is selected.
15:59:38 INFO  : Hardware design information is loaded from 'C:/Users/hrish/OneDrive/Desktop/ids2/system_bd_wrapper_hw_platform_0/system.hdf'.
15:59:38 INFO  : 'configparams force-mem-access 1' command is executed.
15:59:38 INFO  : Context for 'APU' is selected.
15:59:38 INFO  : 'stop' command is executed.
15:59:38 INFO  : 'ps7_init' command is executed.
15:59:38 INFO  : 'ps7_post_config' command is executed.
15:59:38 INFO  : Context for processor 'ps7_cortexa9_0' is selected.
15:59:39 INFO  : Processor reset is completed for 'ps7_cortexa9_0'.
15:59:39 INFO  : Context for processor 'ps7_cortexa9_0' is selected.
15:59:39 INFO  : The application 'C:/Users/hrish/OneDrive/Desktop/ids2/vitis/My_Praaject/Debug/My_Praaject.elf' is downloaded to processor 'ps7_cortexa9_0'.
15:59:39 INFO  : 'configparams force-mem-access 0' command is executed.
15:59:39 INFO  : ----------------XSDB Script----------------
connect -url tcp:127.0.0.1:3121
source C:/Users/hrish/OneDrive/Desktop/ids2/system_bd_wrapper_hw_platform_0/ps7_init.tcl
targets -set -nocase -filter {name =~"APU*" && jtag_cable_name =~ "Digilent Zybo Z7 210351A81D96A"} -index 0
loadhw -hw C:/Users/hrish/OneDrive/Desktop/ids2/system_bd_wrapper_hw_platform_0/system.hdf -mem-ranges [list {0x40000000 0xbfffffff}]
configparams force-mem-access 1
targets -set -nocase -filter {name =~"APU*" && jtag_cable_name =~ "Digilent Zybo Z7 210351A81D96A"} -index 0
stop
ps7_init
ps7_post_config
targets -set -nocase -filter {name =~ "ARM*#0" && jtag_cable_name =~ "Digilent Zybo Z7 210351A81D96A"} -index 0
rst -processor
targets -set -nocase -filter {name =~ "ARM*#0" && jtag_cable_name =~ "Digilent Zybo Z7 210351A81D96A"} -index 0
dow C:/Users/hrish/OneDrive/Desktop/ids2/vitis/My_Praaject/Debug/My_Praaject.elf
configparams force-mem-access 0
----------------End of Script----------------

15:59:39 INFO  : Memory regions updated for context APU
15:59:39 INFO  : Context for processor 'ps7_cortexa9_0' is selected.
15:59:39 INFO  : 'con' command is executed.
15:59:39 INFO  : ----------------XSDB Script (After Launch)----------------
targets -set -nocase -filter {name =~ "ARM*#0" && jtag_cable_name =~ "Digilent Zybo Z7 210351A81D96A"} -index 0
con
----------------End of Script----------------

15:59:39 INFO  : Launch script is exported to file 'C:\Users\hrish\OneDrive\Desktop\ids2\.sdk\launch_scripts\xilinx_c-c++_application_(system_debugger)\system_debugger_using_debug_my_praaject.elf_on_local.tcl'
17:07:02 INFO  : Disconnected from the channel tcfchan#3.
