Copyright 1986-2018 Xilinx, Inc. All Rights Reserved.
----------------------------------------------------------------------------------------------------------------------------------------------------------------------
| Tool Version     : Vivado v.2018.1 (win64) Build 2188600 Wed Apr  4 18:40:38 MDT 2018
| Date             : Fri Oct 31 00:58:35 2025
| Host             : LOREFARM running 64-bit major release  (build 9200)
| Command          : report_power -file ReRamSpm_wrapper_power_routed.rpt -pb ReRamSpm_wrapper_power_summary_routed.pb -rpx ReRamSpm_wrapper_power_routed.rpx
| Design           : ReRamSpm_wrapper
| Device           : xc7z020clg400-1
| Design State     : routed
| Grade            : commercial
| Process          : typical
| Characterization : Production
----------------------------------------------------------------------------------------------------------------------------------------------------------------------

Power Report

Table of Contents
-----------------
1. Summary
1.1 On-Chip Components
1.2 Power Supply Summary
1.3 Confidence Level
2. Settings
2.1 Environment
2.2 Clock Constraints
3. Detailed Reports
3.1 By Hierarchy

1. Summary
----------

+--------------------------+--------------+
| Total On-Chip Power (W)  | 1.584        |
| Design Power Budget (W)  | Unspecified* |
| Power Budget Margin (W)  | NA           |
| Dynamic (W)              | 1.445        |
| Device Static (W)        | 0.138        |
| Effective TJA (C/W)      | 11.5         |
| Max Ambient (C)          | 66.7         |
| Junction Temperature (C) | 43.3         |
| Confidence Level         | Medium       |
| Setting File             | ---          |
| Simulation Activity File | ---          |
| Design Nets Matched      | NA           |
+--------------------------+--------------+
* Specify Design Power Budget using, set_operating_conditions -design_power_budget <value in Watts>


1.1 On-Chip Components
----------------------

+-------------------------+-----------+----------+-----------+-----------------+
| On-Chip                 | Power (W) | Used     | Available | Utilization (%) |
+-------------------------+-----------+----------+-----------+-----------------+
| Clocks                  |     0.043 |        3 |       --- |             --- |
| Slice Logic             |     0.001 |    88906 |       --- |             --- |
|   LUT as Logic          |    <0.001 |    33919 |     53200 |           63.76 |
|   Register              |    <0.001 |    25959 |    106400 |           24.40 |
|   CARRY4                |    <0.001 |     6674 |     13300 |           50.18 |
|   F7/F8 Muxes           |    <0.001 |      133 |     53200 |            0.25 |
|   LUT as Shift Register |    <0.001 |       60 |     17400 |            0.34 |
|   Others                |     0.000 |     1245 |       --- |             --- |
|   BUFG                  |     0.000 |        1 |        32 |            3.13 |
| Signals                 |     0.002 |    58463 |       --- |             --- |
| PS7                     |     1.399 |        1 |       --- |             --- |
| Static Power            |     0.138 |          |           |                 |
| Total                   |     1.584 |          |           |                 |
+-------------------------+-----------+----------+-----------+-----------------+


1.2 Power Supply Summary
------------------------

+-----------+-------------+-----------+-------------+------------+
| Source    | Voltage (V) | Total (A) | Dynamic (A) | Static (A) |
+-----------+-------------+-----------+-------------+------------+
| Vccint    |       1.000 |     0.060 |       0.046 |      0.014 |
| Vccaux    |       1.800 |     0.015 |       0.000 |      0.015 |
| Vcco33    |       3.300 |     0.000 |       0.000 |      0.000 |
| Vcco25    |       2.500 |     0.000 |       0.000 |      0.000 |
| Vcco18    |       1.800 |     0.000 |       0.000 |      0.000 |
| Vcco15    |       1.500 |     0.000 |       0.000 |      0.000 |
| Vcco135   |       1.350 |     0.000 |       0.000 |      0.000 |
| Vcco12    |       1.200 |     0.000 |       0.000 |      0.000 |
| Vccaux_io |       1.800 |     0.000 |       0.000 |      0.000 |
| Vccbram   |       1.000 |     0.001 |       0.000 |      0.001 |
| MGTAVcc   |       1.000 |     0.000 |       0.000 |      0.000 |
| MGTAVtt   |       1.200 |     0.000 |       0.000 |      0.000 |
| MGTVccaux |       1.800 |     0.000 |       0.000 |      0.000 |
| Vccpint   |       1.000 |     0.746 |       0.717 |      0.029 |
| Vccpaux   |       1.800 |     0.061 |       0.051 |      0.010 |
| Vccpll    |       1.800 |     0.017 |       0.014 |      0.003 |
| Vcco_ddr  |       1.350 |     0.413 |       0.411 |      0.002 |
| Vcco_mio0 |       3.300 |     0.003 |       0.002 |      0.001 |
| Vcco_mio1 |       1.800 |     0.003 |       0.002 |      0.001 |
| Vccadc    |       1.800 |     0.020 |       0.000 |      0.020 |
+-----------+-------------+-----------+-------------+------------+


1.3 Confidence Level
--------------------

+-----------------------------+------------+------------------------------------------------+------------------------------------------------------------------------------------------------------------+
| User Input Data             | Confidence | Details                                        | Action                                                                                                     |
+-----------------------------+------------+------------------------------------------------+------------------------------------------------------------------------------------------------------------+
| Design implementation state | High       | Design is routed                               |                                                                                                            |
| Clock nodes activity        | High       | User specified more than 95% of clocks         |                                                                                                            |
| I/O nodes activity          | High       | User specified more than 95% of inputs         |                                                                                                            |
| Internal nodes activity     | Medium     | User specified less than 25% of internal nodes | Provide missing internal nodes activity with simulation results or by editing the "By Resource Type" views |
| Device models               | High       | Device models are Production                   |                                                                                                            |
|                             |            |                                                |                                                                                                            |
| Overall confidence level    | Medium     |                                                |                                                                                                            |
+-----------------------------+------------+------------------------------------------------+------------------------------------------------------------------------------------------------------------+


2. Settings
-----------

2.1 Environment
---------------

+-----------------------+------------------------+
| Ambient Temp (C)      | 25.0                   |
| ThetaJA (C/W)         | 11.5                   |
| Airflow (LFM)         | 250                    |
| Heat Sink             | none                   |
| ThetaSA (C/W)         | 0.0                    |
| Board Selection       | medium (10"x10")       |
| # of Board Layers     | 8to11 (8 to 11 Layers) |
| Board Temperature (C) | 25.0                   |
+-----------------------+------------------------+


2.2 Clock Constraints
---------------------

+------------+-------------------------------------------------------------+-----------------+
| Clock      | Domain                                                      | Constraint (ns) |
+------------+-------------------------------------------------------------+-----------------+
| clk_fpga_0 | ReRamSpm_i/processing_system7_0/inst/FCLK_CLK_unbuffered[0] |            20.0 |
+------------+-------------------------------------------------------------+-----------------+


3. Detailed Reports
-------------------

3.1 By Hierarchy
----------------

+--------------------------------------------------+-----------+
| Name                                             | Power (W) |
+--------------------------------------------------+-----------+
| ReRamSpm_wrapper                                 |     1.445 |
|   ReRamSpm_i                                     |     1.445 |
|     processing_system7_0                         |     1.399 |
|       inst                                       |     1.399 |
|     ps7_0_axi_periph                             |     0.003 |
|       s00_couplers                               |     0.003 |
|         auto_pc                                  |     0.003 |
|           inst                                   |     0.003 |
|             gen_axilite.gen_b2s_conv.axilite_b2s |     0.003 |
|               RD.ar_channel_0                    |    <0.001 |
|                 ar_cmd_fsm_0                     |    <0.001 |
|                 cmd_translator_0                 |    <0.001 |
|                   incr_cmd_0                     |    <0.001 |
|                   wrap_cmd_0                     |    <0.001 |
|               RD.r_channel_0                     |    <0.001 |
|                 rd_data_fifo_0                   |    <0.001 |
|                 transaction_fifo_0               |    <0.001 |
|               SI_REG                             |    <0.001 |
|                 ar.ar_pipe                       |    <0.001 |
|                 aw.aw_pipe                       |    <0.001 |
|                 b.b_pipe                         |    <0.001 |
|                 r.r_pipe                         |    <0.001 |
|               WR.aw_channel_0                    |    <0.001 |
|                 aw_cmd_fsm_0                     |    <0.001 |
|                 cmd_translator_0                 |    <0.001 |
|                   incr_cmd_0                     |    <0.001 |
|                   wrap_cmd_0                     |    <0.001 |
|               WR.b_channel_0                     |    <0.001 |
|                 bid_fifo_0                       |    <0.001 |
|                 bresp_fifo_0                     |    <0.001 |
|     reram_axilite_wrapper_0                      |     0.043 |
|       inst                                       |     0.043 |
|         u_core                                   |     0.043 |
|           word_arrays[0].word_array_inst         |     0.003 |
|             cell_instances[0].cell_inst          |    <0.001 |
|             cell_instances[10].cell_inst         |    <0.001 |
|             cell_instances[11].cell_inst         |    <0.001 |
|             cell_instances[12].cell_inst         |    <0.001 |
|             cell_instances[13].cell_inst         |    <0.001 |
|             cell_instances[14].cell_inst         |    <0.001 |
|             cell_instances[15].cell_inst         |    <0.001 |
|             cell_instances[16].cell_inst         |    <0.001 |
|             cell_instances[17].cell_inst         |    <0.001 |
|             cell_instances[18].cell_inst         |    <0.001 |
|             cell_instances[19].cell_inst         |    <0.001 |
|             cell_instances[1].cell_inst          |    <0.001 |
|             cell_instances[20].cell_inst         |    <0.001 |
|             cell_instances[21].cell_inst         |    <0.001 |
|             cell_instances[22].cell_inst         |    <0.001 |
|             cell_instances[23].cell_inst         |    <0.001 |
|             cell_instances[24].cell_inst         |    <0.001 |
|             cell_instances[25].cell_inst         |    <0.001 |
|             cell_instances[26].cell_inst         |    <0.001 |
|             cell_instances[27].cell_inst         |    <0.001 |
|             cell_instances[28].cell_inst         |    <0.001 |
|             cell_instances[29].cell_inst         |    <0.001 |
|             cell_instances[2].cell_inst          |    <0.001 |
|             cell_instances[30].cell_inst         |    <0.001 |
|             cell_instances[31].cell_inst         |    <0.001 |
|             cell_instances[3].cell_inst          |    <0.001 |
|             cell_instances[4].cell_inst          |    <0.001 |
|             cell_instances[5].cell_inst          |    <0.001 |
|             cell_instances[6].cell_inst          |    <0.001 |
|             cell_instances[7].cell_inst          |    <0.001 |
|             cell_instances[8].cell_inst          |    <0.001 |
|             cell_instances[9].cell_inst          |    <0.001 |
|           word_arrays[10].word_array_inst        |     0.003 |
|             cell_instances[0].cell_inst          |    <0.001 |
|             cell_instances[10].cell_inst         |    <0.001 |
|             cell_instances[11].cell_inst         |    <0.001 |
|             cell_instances[12].cell_inst         |    <0.001 |
|             cell_instances[13].cell_inst         |    <0.001 |
|             cell_instances[14].cell_inst         |    <0.001 |
|             cell_instances[15].cell_inst         |    <0.001 |
|             cell_instances[16].cell_inst         |    <0.001 |
|             cell_instances[17].cell_inst         |    <0.001 |
|             cell_instances[18].cell_inst         |    <0.001 |
|             cell_instances[19].cell_inst         |    <0.001 |
|             cell_instances[1].cell_inst          |    <0.001 |
|             cell_instances[20].cell_inst         |    <0.001 |
|             cell_instances[21].cell_inst         |    <0.001 |
|             cell_instances[22].cell_inst         |    <0.001 |
|             cell_instances[23].cell_inst         |    <0.001 |
|             cell_instances[24].cell_inst         |    <0.001 |
|             cell_instances[25].cell_inst         |    <0.001 |
|             cell_instances[26].cell_inst         |    <0.001 |
|             cell_instances[27].cell_inst         |    <0.001 |
|             cell_instances[28].cell_inst         |    <0.001 |
|             cell_instances[29].cell_inst         |    <0.001 |
|             cell_instances[2].cell_inst          |    <0.001 |
|             cell_instances[30].cell_inst         |    <0.001 |
|             cell_instances[31].cell_inst         |    <0.001 |
|             cell_instances[3].cell_inst          |    <0.001 |
|             cell_instances[4].cell_inst          |    <0.001 |
|             cell_instances[5].cell_inst          |    <0.001 |
|             cell_instances[6].cell_inst          |    <0.001 |
|             cell_instances[7].cell_inst          |    <0.001 |
|             cell_instances[8].cell_inst          |    <0.001 |
|             cell_instances[9].cell_inst          |    <0.001 |
|           word_arrays[11].word_array_inst        |     0.003 |
|             cell_instances[0].cell_inst          |    <0.001 |
|             cell_instances[10].cell_inst         |    <0.001 |
|             cell_instances[11].cell_inst         |    <0.001 |
|             cell_instances[12].cell_inst         |    <0.001 |
|             cell_instances[13].cell_inst         |    <0.001 |
|             cell_instances[14].cell_inst         |    <0.001 |
|             cell_instances[15].cell_inst         |    <0.001 |
|             cell_instances[16].cell_inst         |    <0.001 |
|             cell_instances[17].cell_inst         |    <0.001 |
|             cell_instances[18].cell_inst         |    <0.001 |
|             cell_instances[19].cell_inst         |    <0.001 |
|             cell_instances[1].cell_inst          |    <0.001 |
|             cell_instances[20].cell_inst         |    <0.001 |
|             cell_instances[21].cell_inst         |    <0.001 |
|             cell_instances[22].cell_inst         |    <0.001 |
|             cell_instances[23].cell_inst         |    <0.001 |
|             cell_instances[24].cell_inst         |    <0.001 |
|             cell_instances[25].cell_inst         |    <0.001 |
|             cell_instances[26].cell_inst         |    <0.001 |
|             cell_instances[27].cell_inst         |    <0.001 |
|             cell_instances[28].cell_inst         |    <0.001 |
|             cell_instances[29].cell_inst         |    <0.001 |
|             cell_instances[2].cell_inst          |    <0.001 |
|             cell_instances[30].cell_inst         |    <0.001 |
|             cell_instances[31].cell_inst         |    <0.001 |
|             cell_instances[3].cell_inst          |    <0.001 |
|             cell_instances[4].cell_inst          |    <0.001 |
|             cell_instances[5].cell_inst          |    <0.001 |
|             cell_instances[6].cell_inst          |    <0.001 |
|             cell_instances[7].cell_inst          |    <0.001 |
|             cell_instances[8].cell_inst          |    <0.001 |
|             cell_instances[9].cell_inst          |    <0.001 |
|           word_arrays[12].word_array_inst        |     0.003 |
|             cell_instances[0].cell_inst          |    <0.001 |
|             cell_instances[10].cell_inst         |    <0.001 |
|             cell_instances[11].cell_inst         |    <0.001 |
|             cell_instances[12].cell_inst         |    <0.001 |
|             cell_instances[13].cell_inst         |    <0.001 |
|             cell_instances[14].cell_inst         |    <0.001 |
|             cell_instances[15].cell_inst         |    <0.001 |
|             cell_instances[16].cell_inst         |    <0.001 |
|             cell_instances[17].cell_inst         |    <0.001 |
|             cell_instances[18].cell_inst         |    <0.001 |
|             cell_instances[19].cell_inst         |    <0.001 |
|             cell_instances[1].cell_inst          |    <0.001 |
|             cell_instances[20].cell_inst         |    <0.001 |
|             cell_instances[21].cell_inst         |    <0.001 |
|             cell_instances[22].cell_inst         |    <0.001 |
|             cell_instances[23].cell_inst         |    <0.001 |
|             cell_instances[24].cell_inst         |    <0.001 |
|             cell_instances[25].cell_inst         |    <0.001 |
|             cell_instances[26].cell_inst         |    <0.001 |
|             cell_instances[27].cell_inst         |    <0.001 |
|             cell_instances[28].cell_inst         |    <0.001 |
|             cell_instances[29].cell_inst         |    <0.001 |
|             cell_instances[2].cell_inst          |    <0.001 |
|             cell_instances[30].cell_inst         |    <0.001 |
|             cell_instances[31].cell_inst         |    <0.001 |
|             cell_instances[3].cell_inst          |    <0.001 |
|             cell_instances[4].cell_inst          |    <0.001 |
|             cell_instances[5].cell_inst          |    <0.001 |
|             cell_instances[6].cell_inst          |    <0.001 |
|             cell_instances[7].cell_inst          |    <0.001 |
|             cell_instances[8].cell_inst          |    <0.001 |
|             cell_instances[9].cell_inst          |    <0.001 |
|           word_arrays[13].word_array_inst        |     0.003 |
|             cell_instances[0].cell_inst          |    <0.001 |
|             cell_instances[10].cell_inst         |    <0.001 |
|             cell_instances[11].cell_inst         |    <0.001 |
|             cell_instances[12].cell_inst         |    <0.001 |
|             cell_instances[13].cell_inst         |    <0.001 |
|             cell_instances[14].cell_inst         |    <0.001 |
|             cell_instances[15].cell_inst         |    <0.001 |
|             cell_instances[16].cell_inst         |    <0.001 |
|             cell_instances[17].cell_inst         |    <0.001 |
|             cell_instances[18].cell_inst         |    <0.001 |
|             cell_instances[19].cell_inst         |    <0.001 |
|             cell_instances[1].cell_inst          |    <0.001 |
|             cell_instances[20].cell_inst         |    <0.001 |
|             cell_instances[21].cell_inst         |    <0.001 |
|             cell_instances[22].cell_inst         |    <0.001 |
|             cell_instances[23].cell_inst         |    <0.001 |
|             cell_instances[24].cell_inst         |    <0.001 |
|             cell_instances[25].cell_inst         |    <0.001 |
|             cell_instances[26].cell_inst         |    <0.001 |
|             cell_instances[27].cell_inst         |    <0.001 |
|             cell_instances[28].cell_inst         |    <0.001 |
|             cell_instances[29].cell_inst         |    <0.001 |
|             cell_instances[2].cell_inst          |    <0.001 |
|             cell_instances[30].cell_inst         |    <0.001 |
|             cell_instances[31].cell_inst         |    <0.001 |
|             cell_instances[3].cell_inst          |    <0.001 |
|             cell_instances[4].cell_inst          |    <0.001 |
|             cell_instances[5].cell_inst          |    <0.001 |
|             cell_instances[6].cell_inst          |    <0.001 |
|             cell_instances[7].cell_inst          |    <0.001 |
|             cell_instances[8].cell_inst          |    <0.001 |
|             cell_instances[9].cell_inst          |    <0.001 |
|           word_arrays[14].word_array_inst        |     0.003 |
|             cell_instances[0].cell_inst          |    <0.001 |
|             cell_instances[10].cell_inst         |    <0.001 |
|             cell_instances[11].cell_inst         |    <0.001 |
|             cell_instances[12].cell_inst         |    <0.001 |
|             cell_instances[13].cell_inst         |    <0.001 |
|             cell_instances[14].cell_inst         |    <0.001 |
|             cell_instances[15].cell_inst         |    <0.001 |
|             cell_instances[16].cell_inst         |    <0.001 |
|             cell_instances[17].cell_inst         |    <0.001 |
|             cell_instances[18].cell_inst         |    <0.001 |
|             cell_instances[19].cell_inst         |    <0.001 |
|             cell_instances[1].cell_inst          |    <0.001 |
|             cell_instances[20].cell_inst         |    <0.001 |
|             cell_instances[21].cell_inst         |    <0.001 |
|             cell_instances[22].cell_inst         |    <0.001 |
|             cell_instances[23].cell_inst         |    <0.001 |
|             cell_instances[24].cell_inst         |    <0.001 |
|             cell_instances[25].cell_inst         |    <0.001 |
|             cell_instances[26].cell_inst         |    <0.001 |
|             cell_instances[27].cell_inst         |    <0.001 |
|             cell_instances[28].cell_inst         |    <0.001 |
|             cell_instances[29].cell_inst         |    <0.001 |
|             cell_instances[2].cell_inst          |    <0.001 |
|             cell_instances[30].cell_inst         |    <0.001 |
|             cell_instances[31].cell_inst         |    <0.001 |
|             cell_instances[3].cell_inst          |    <0.001 |
|             cell_instances[4].cell_inst          |    <0.001 |
|             cell_instances[5].cell_inst          |    <0.001 |
|             cell_instances[6].cell_inst          |    <0.001 |
|             cell_instances[7].cell_inst          |    <0.001 |
|             cell_instances[8].cell_inst          |    <0.001 |
|             cell_instances[9].cell_inst          |    <0.001 |
|           word_arrays[15].word_array_inst        |     0.003 |
|             cell_instances[0].cell_inst          |    <0.001 |
|             cell_instances[10].cell_inst         |    <0.001 |
|             cell_instances[11].cell_inst         |    <0.001 |
|             cell_instances[12].cell_inst         |    <0.001 |
|             cell_instances[13].cell_inst         |    <0.001 |
|             cell_instances[14].cell_inst         |    <0.001 |
|             cell_instances[15].cell_inst         |    <0.001 |
|             cell_instances[16].cell_inst         |    <0.001 |
|             cell_instances[17].cell_inst         |    <0.001 |
|             cell_instances[18].cell_inst         |    <0.001 |
|             cell_instances[19].cell_inst         |    <0.001 |
|             cell_instances[1].cell_inst          |    <0.001 |
|             cell_instances[20].cell_inst         |    <0.001 |
|             cell_instances[21].cell_inst         |    <0.001 |
|             cell_instances[22].cell_inst         |    <0.001 |
|             cell_instances[23].cell_inst         |    <0.001 |
|             cell_instances[24].cell_inst         |    <0.001 |
|             cell_instances[25].cell_inst         |    <0.001 |
|             cell_instances[26].cell_inst         |    <0.001 |
|             cell_instances[27].cell_inst         |    <0.001 |
|             cell_instances[28].cell_inst         |    <0.001 |
|             cell_instances[29].cell_inst         |    <0.001 |
|             cell_instances[2].cell_inst          |    <0.001 |
|             cell_instances[30].cell_inst         |    <0.001 |
|             cell_instances[31].cell_inst         |    <0.001 |
|             cell_instances[3].cell_inst          |    <0.001 |
|             cell_instances[4].cell_inst          |    <0.001 |
|             cell_instances[5].cell_inst          |    <0.001 |
|             cell_instances[6].cell_inst          |    <0.001 |
|             cell_instances[7].cell_inst          |    <0.001 |
|             cell_instances[8].cell_inst          |    <0.001 |
|             cell_instances[9].cell_inst          |    <0.001 |
|           word_arrays[1].word_array_inst         |     0.003 |
|             cell_instances[0].cell_inst          |    <0.001 |
|             cell_instances[10].cell_inst         |    <0.001 |
|             cell_instances[11].cell_inst         |    <0.001 |
|             cell_instances[12].cell_inst         |    <0.001 |
|             cell_instances[13].cell_inst         |    <0.001 |
|             cell_instances[14].cell_inst         |    <0.001 |
|             cell_instances[15].cell_inst         |    <0.001 |
|             cell_instances[16].cell_inst         |    <0.001 |
|             cell_instances[17].cell_inst         |    <0.001 |
|             cell_instances[18].cell_inst         |    <0.001 |
|             cell_instances[19].cell_inst         |    <0.001 |
|             cell_instances[1].cell_inst          |    <0.001 |
|             cell_instances[20].cell_inst         |    <0.001 |
|             cell_instances[21].cell_inst         |    <0.001 |
|             cell_instances[22].cell_inst         |    <0.001 |
|             cell_instances[23].cell_inst         |    <0.001 |
|             cell_instances[24].cell_inst         |    <0.001 |
|             cell_instances[25].cell_inst         |    <0.001 |
|             cell_instances[26].cell_inst         |    <0.001 |
|             cell_instances[27].cell_inst         |    <0.001 |
|             cell_instances[28].cell_inst         |    <0.001 |
|             cell_instances[29].cell_inst         |    <0.001 |
|             cell_instances[2].cell_inst          |    <0.001 |
|             cell_instances[30].cell_inst         |    <0.001 |
|             cell_instances[31].cell_inst         |    <0.001 |
|             cell_instances[3].cell_inst          |    <0.001 |
|             cell_instances[4].cell_inst          |    <0.001 |
|             cell_instances[5].cell_inst          |    <0.001 |
|             cell_instances[6].cell_inst          |    <0.001 |
|             cell_instances[7].cell_inst          |    <0.001 |
|             cell_instances[8].cell_inst          |    <0.001 |
|             cell_instances[9].cell_inst          |    <0.001 |
|           word_arrays[2].word_array_inst         |     0.003 |
|             cell_instances[0].cell_inst          |    <0.001 |
|             cell_instances[10].cell_inst         |    <0.001 |
|             cell_instances[11].cell_inst         |    <0.001 |
|             cell_instances[12].cell_inst         |    <0.001 |
|             cell_instances[13].cell_inst         |    <0.001 |
|             cell_instances[14].cell_inst         |    <0.001 |
|             cell_instances[15].cell_inst         |    <0.001 |
|             cell_instances[16].cell_inst         |    <0.001 |
|             cell_instances[17].cell_inst         |    <0.001 |
|             cell_instances[18].cell_inst         |    <0.001 |
|             cell_instances[19].cell_inst         |    <0.001 |
|             cell_instances[1].cell_inst          |    <0.001 |
|             cell_instances[20].cell_inst         |    <0.001 |
|             cell_instances[21].cell_inst         |    <0.001 |
|             cell_instances[22].cell_inst         |    <0.001 |
|             cell_instances[23].cell_inst         |    <0.001 |
|             cell_instances[24].cell_inst         |    <0.001 |
|             cell_instances[25].cell_inst         |    <0.001 |
|             cell_instances[26].cell_inst         |    <0.001 |
|             cell_instances[27].cell_inst         |    <0.001 |
|             cell_instances[28].cell_inst         |    <0.001 |
|             cell_instances[29].cell_inst         |    <0.001 |
|             cell_instances[2].cell_inst          |    <0.001 |
|             cell_instances[30].cell_inst         |    <0.001 |
|             cell_instances[31].cell_inst         |    <0.001 |
|             cell_instances[3].cell_inst          |    <0.001 |
|             cell_instances[4].cell_inst          |    <0.001 |
|             cell_instances[5].cell_inst          |    <0.001 |
|             cell_instances[6].cell_inst          |    <0.001 |
|             cell_instances[7].cell_inst          |    <0.001 |
|             cell_instances[8].cell_inst          |    <0.001 |
|             cell_instances[9].cell_inst          |    <0.001 |
|           word_arrays[3].word_array_inst         |     0.003 |
|             cell_instances[0].cell_inst          |    <0.001 |
|             cell_instances[10].cell_inst         |    <0.001 |
|             cell_instances[11].cell_inst         |    <0.001 |
|             cell_instances[12].cell_inst         |    <0.001 |
|             cell_instances[13].cell_inst         |    <0.001 |
|             cell_instances[14].cell_inst         |    <0.001 |
|             cell_instances[15].cell_inst         |    <0.001 |
|             cell_instances[16].cell_inst         |    <0.001 |
|             cell_instances[17].cell_inst         |    <0.001 |
|             cell_instances[18].cell_inst         |    <0.001 |
|             cell_instances[19].cell_inst         |    <0.001 |
|             cell_instances[1].cell_inst          |    <0.001 |
|             cell_instances[20].cell_inst         |    <0.001 |
|             cell_instances[21].cell_inst         |    <0.001 |
|             cell_instances[22].cell_inst         |    <0.001 |
|             cell_instances[23].cell_inst         |    <0.001 |
|             cell_instances[24].cell_inst         |    <0.001 |
|             cell_instances[25].cell_inst         |    <0.001 |
|             cell_instances[26].cell_inst         |    <0.001 |
|             cell_instances[27].cell_inst         |    <0.001 |
|             cell_instances[28].cell_inst         |    <0.001 |
|             cell_instances[29].cell_inst         |    <0.001 |
|             cell_instances[2].cell_inst          |    <0.001 |
|             cell_instances[30].cell_inst         |    <0.001 |
|             cell_instances[31].cell_inst         |    <0.001 |
|             cell_instances[3].cell_inst          |    <0.001 |
|             cell_instances[4].cell_inst          |    <0.001 |
|             cell_instances[5].cell_inst          |    <0.001 |
|             cell_instances[6].cell_inst          |    <0.001 |
|             cell_instances[7].cell_inst          |    <0.001 |
|             cell_instances[8].cell_inst          |    <0.001 |
|             cell_instances[9].cell_inst          |    <0.001 |
|           word_arrays[4].word_array_inst         |     0.003 |
|             cell_instances[0].cell_inst          |    <0.001 |
|             cell_instances[10].cell_inst         |    <0.001 |
|             cell_instances[11].cell_inst         |    <0.001 |
|             cell_instances[12].cell_inst         |    <0.001 |
|             cell_instances[13].cell_inst         |    <0.001 |
|             cell_instances[14].cell_inst         |    <0.001 |
|             cell_instances[15].cell_inst         |    <0.001 |
|             cell_instances[16].cell_inst         |    <0.001 |
|             cell_instances[17].cell_inst         |    <0.001 |
|             cell_instances[18].cell_inst         |    <0.001 |
|             cell_instances[19].cell_inst         |    <0.001 |
|             cell_instances[1].cell_inst          |    <0.001 |
|             cell_instances[20].cell_inst         |    <0.001 |
|             cell_instances[21].cell_inst         |    <0.001 |
|             cell_instances[22].cell_inst         |    <0.001 |
|             cell_instances[23].cell_inst         |    <0.001 |
|             cell_instances[24].cell_inst         |    <0.001 |
|             cell_instances[25].cell_inst         |    <0.001 |
|             cell_instances[26].cell_inst         |    <0.001 |
|             cell_instances[27].cell_inst         |    <0.001 |
|             cell_instances[28].cell_inst         |    <0.001 |
|             cell_instances[29].cell_inst         |    <0.001 |
|             cell_instances[2].cell_inst          |    <0.001 |
|             cell_instances[30].cell_inst         |    <0.001 |
|             cell_instances[31].cell_inst         |    <0.001 |
|             cell_instances[3].cell_inst          |    <0.001 |
|             cell_instances[4].cell_inst          |    <0.001 |
|             cell_instances[5].cell_inst          |    <0.001 |
|             cell_instances[6].cell_inst          |    <0.001 |
|             cell_instances[7].cell_inst          |    <0.001 |
|             cell_instances[8].cell_inst          |    <0.001 |
|             cell_instances[9].cell_inst          |    <0.001 |
|           word_arrays[5].word_array_inst         |     0.003 |
|             cell_instances[0].cell_inst          |    <0.001 |
|             cell_instances[10].cell_inst         |    <0.001 |
|             cell_instances[11].cell_inst         |    <0.001 |
|             cell_instances[12].cell_inst         |    <0.001 |
|             cell_instances[13].cell_inst         |    <0.001 |
|             cell_instances[14].cell_inst         |    <0.001 |
|             cell_instances[15].cell_inst         |    <0.001 |
|             cell_instances[16].cell_inst         |    <0.001 |
|             cell_instances[17].cell_inst         |    <0.001 |
|             cell_instances[18].cell_inst         |    <0.001 |
|             cell_instances[19].cell_inst         |    <0.001 |
|             cell_instances[1].cell_inst          |    <0.001 |
|             cell_instances[20].cell_inst         |    <0.001 |
|             cell_instances[21].cell_inst         |    <0.001 |
|             cell_instances[22].cell_inst         |    <0.001 |
|             cell_instances[23].cell_inst         |    <0.001 |
|             cell_instances[24].cell_inst         |    <0.001 |
|             cell_instances[25].cell_inst         |    <0.001 |
|             cell_instances[26].cell_inst         |    <0.001 |
|             cell_instances[27].cell_inst         |    <0.001 |
|             cell_instances[28].cell_inst         |    <0.001 |
|             cell_instances[29].cell_inst         |    <0.001 |
|             cell_instances[2].cell_inst          |    <0.001 |
|             cell_instances[30].cell_inst         |    <0.001 |
|             cell_instances[31].cell_inst         |    <0.001 |
|             cell_instances[3].cell_inst          |    <0.001 |
|             cell_instances[4].cell_inst          |    <0.001 |
|             cell_instances[5].cell_inst          |    <0.001 |
|             cell_instances[6].cell_inst          |    <0.001 |
|             cell_instances[7].cell_inst          |    <0.001 |
|             cell_instances[8].cell_inst          |    <0.001 |
|             cell_instances[9].cell_inst          |    <0.001 |
|           word_arrays[6].word_array_inst         |     0.003 |
|             cell_instances[0].cell_inst          |    <0.001 |
|             cell_instances[10].cell_inst         |    <0.001 |
|             cell_instances[11].cell_inst         |    <0.001 |
|             cell_instances[12].cell_inst         |    <0.001 |
|             cell_instances[13].cell_inst         |    <0.001 |
|             cell_instances[14].cell_inst         |    <0.001 |
|             cell_instances[15].cell_inst         |    <0.001 |
|             cell_instances[16].cell_inst         |    <0.001 |
|             cell_instances[17].cell_inst         |    <0.001 |
|             cell_instances[18].cell_inst         |    <0.001 |
|             cell_instances[19].cell_inst         |    <0.001 |
|             cell_instances[1].cell_inst          |    <0.001 |
|             cell_instances[20].cell_inst         |    <0.001 |
|             cell_instances[21].cell_inst         |    <0.001 |
|             cell_instances[22].cell_inst         |    <0.001 |
|             cell_instances[23].cell_inst         |    <0.001 |
|             cell_instances[24].cell_inst         |    <0.001 |
|             cell_instances[25].cell_inst         |    <0.001 |
|             cell_instances[26].cell_inst         |    <0.001 |
|             cell_instances[27].cell_inst         |    <0.001 |
|             cell_instances[28].cell_inst         |    <0.001 |
|             cell_instances[29].cell_inst         |    <0.001 |
|             cell_instances[2].cell_inst          |    <0.001 |
|             cell_instances[30].cell_inst         |    <0.001 |
|             cell_instances[31].cell_inst         |    <0.001 |
|             cell_instances[3].cell_inst          |    <0.001 |
|             cell_instances[4].cell_inst          |    <0.001 |
|             cell_instances[5].cell_inst          |    <0.001 |
|             cell_instances[6].cell_inst          |    <0.001 |
|             cell_instances[7].cell_inst          |    <0.001 |
|             cell_instances[8].cell_inst          |    <0.001 |
|             cell_instances[9].cell_inst          |    <0.001 |
|           word_arrays[7].word_array_inst         |     0.003 |
|             cell_instances[0].cell_inst          |    <0.001 |
|             cell_instances[10].cell_inst         |    <0.001 |
|             cell_instances[11].cell_inst         |    <0.001 |
|             cell_instances[12].cell_inst         |    <0.001 |
|             cell_instances[13].cell_inst         |    <0.001 |
|             cell_instances[14].cell_inst         |    <0.001 |
|             cell_instances[15].cell_inst         |    <0.001 |
|             cell_instances[16].cell_inst         |    <0.001 |
|             cell_instances[17].cell_inst         |    <0.001 |
|             cell_instances[18].cell_inst         |    <0.001 |
|             cell_instances[19].cell_inst         |    <0.001 |
|             cell_instances[1].cell_inst          |    <0.001 |
|             cell_instances[20].cell_inst         |    <0.001 |
|             cell_instances[21].cell_inst         |    <0.001 |
|             cell_instances[22].cell_inst         |    <0.001 |
|             cell_instances[23].cell_inst         |    <0.001 |
|             cell_instances[24].cell_inst         |    <0.001 |
|             cell_instances[25].cell_inst         |    <0.001 |
|             cell_instances[26].cell_inst         |    <0.001 |
|             cell_instances[27].cell_inst         |    <0.001 |
|             cell_instances[28].cell_inst         |    <0.001 |
|             cell_instances[29].cell_inst         |    <0.001 |
|             cell_instances[2].cell_inst          |    <0.001 |
|             cell_instances[30].cell_inst         |    <0.001 |
|             cell_instances[31].cell_inst         |    <0.001 |
|             cell_instances[3].cell_inst          |    <0.001 |
|             cell_instances[4].cell_inst          |    <0.001 |
|             cell_instances[5].cell_inst          |    <0.001 |
|             cell_instances[6].cell_inst          |    <0.001 |
|             cell_instances[7].cell_inst          |    <0.001 |
|             cell_instances[8].cell_inst          |    <0.001 |
|             cell_instances[9].cell_inst          |    <0.001 |
|           word_arrays[8].word_array_inst         |     0.003 |
|             cell_instances[0].cell_inst          |    <0.001 |
|             cell_instances[10].cell_inst         |    <0.001 |
|             cell_instances[11].cell_inst         |    <0.001 |
|             cell_instances[12].cell_inst         |    <0.001 |
|             cell_instances[13].cell_inst         |    <0.001 |
|             cell_instances[14].cell_inst         |    <0.001 |
|             cell_instances[15].cell_inst         |    <0.001 |
|             cell_instances[16].cell_inst         |    <0.001 |
|             cell_instances[17].cell_inst         |    <0.001 |
|             cell_instances[18].cell_inst         |    <0.001 |
|             cell_instances[19].cell_inst         |    <0.001 |
|             cell_instances[1].cell_inst          |    <0.001 |
|             cell_instances[20].cell_inst         |    <0.001 |
|             cell_instances[21].cell_inst         |    <0.001 |
|             cell_instances[22].cell_inst         |    <0.001 |
|             cell_instances[23].cell_inst         |    <0.001 |
|             cell_instances[24].cell_inst         |    <0.001 |
|             cell_instances[25].cell_inst         |    <0.001 |
|             cell_instances[26].cell_inst         |    <0.001 |
|             cell_instances[27].cell_inst         |    <0.001 |
|             cell_instances[28].cell_inst         |    <0.001 |
|             cell_instances[29].cell_inst         |    <0.001 |
|             cell_instances[2].cell_inst          |    <0.001 |
|             cell_instances[30].cell_inst         |    <0.001 |
|             cell_instances[31].cell_inst         |    <0.001 |
|             cell_instances[3].cell_inst          |    <0.001 |
|             cell_instances[4].cell_inst          |    <0.001 |
|             cell_instances[5].cell_inst          |    <0.001 |
|             cell_instances[6].cell_inst          |    <0.001 |
|             cell_instances[7].cell_inst          |    <0.001 |
|             cell_instances[8].cell_inst          |    <0.001 |
|             cell_instances[9].cell_inst          |    <0.001 |
|           word_arrays[9].word_array_inst         |     0.003 |
|             cell_instances[0].cell_inst          |    <0.001 |
|             cell_instances[10].cell_inst         |    <0.001 |
|             cell_instances[11].cell_inst         |    <0.001 |
|             cell_instances[12].cell_inst         |    <0.001 |
|             cell_instances[13].cell_inst         |    <0.001 |
|             cell_instances[14].cell_inst         |    <0.001 |
|             cell_instances[15].cell_inst         |    <0.001 |
|             cell_instances[16].cell_inst         |    <0.001 |
|             cell_instances[17].cell_inst         |    <0.001 |
|             cell_instances[18].cell_inst         |    <0.001 |
|             cell_instances[19].cell_inst         |    <0.001 |
|             cell_instances[1].cell_inst          |    <0.001 |
|             cell_instances[20].cell_inst         |    <0.001 |
|             cell_instances[21].cell_inst         |    <0.001 |
|             cell_instances[22].cell_inst         |    <0.001 |
|             cell_instances[23].cell_inst         |    <0.001 |
|             cell_instances[24].cell_inst         |    <0.001 |
|             cell_instances[25].cell_inst         |    <0.001 |
|             cell_instances[26].cell_inst         |    <0.001 |
|             cell_instances[27].cell_inst         |    <0.001 |
|             cell_instances[28].cell_inst         |    <0.001 |
|             cell_instances[29].cell_inst         |    <0.001 |
|             cell_instances[2].cell_inst          |    <0.001 |
|             cell_instances[30].cell_inst         |    <0.001 |
|             cell_instances[31].cell_inst         |    <0.001 |
|             cell_instances[3].cell_inst          |    <0.001 |
|             cell_instances[4].cell_inst          |    <0.001 |
|             cell_instances[5].cell_inst          |    <0.001 |
|             cell_instances[6].cell_inst          |    <0.001 |
|             cell_instances[7].cell_inst          |    <0.001 |
|             cell_instances[8].cell_inst          |    <0.001 |
|             cell_instances[9].cell_inst          |    <0.001 |
|     rst_ps7_0_50M                                |    <0.001 |
|       U0                                         |    <0.001 |
|         EXT_LPF                                  |    <0.001 |
|           ACTIVE_LOW_AUX.ACT_LO_AUX              |    <0.001 |
|           ACTIVE_LOW_EXT.ACT_LO_EXT              |    <0.001 |
|         SEQ                                      |    <0.001 |
|           SEQ_COUNTER                            |    <0.001 |
+--------------------------------------------------+-----------+


