Copyright 1986-2018 Xilinx, Inc. All Rights Reserved.
--------------------------------------------------------------------------------------------------------------------------------------------------------------------------------------
| Tool Version : Vivado v.2018.1 (win64) Build 2188600 Wed Apr  4 18:40:38 MDT 2018
| Date         : Fri Oct 31 00:58:14 2025
| Host         : LOREFARM running 64-bit major release  (build 9200)
| Command      : report_methodology -file ReRamSpm_wrapper_methodology_drc_routed.rpt -pb ReRamSpm_wrapper_methodology_drc_routed.pb -rpx ReRamSpm_wrapper_methodology_drc_routed.rpx
| Design       : ReRamSpm_wrapper
| Device       : xc7z020clg400-1
| Speed File   : -1
| Design State : Routed
--------------------------------------------------------------------------------------------------------------------------------------------------------------------------------------

Report Methodology

Table of Contents
-----------------
1. REPORT SUMMARY
2. REPORT DETAILS

1. REPORT SUMMARY
-----------------
            Netlist: netlist
          Floorplan: design_1
      Design limits: <entire design considered>
             Max violations: <unlimited>
             Violations found: 137
+-----------+----------+-----------------------+------------+
| Rule      | Severity | Description           | Violations |
+-----------+----------+-----------------------+------------+
| TIMING-16 | Warning  | Large setup violation | 137        |
+-----------+----------+-----------------------+------------+

2. REPORT DETAILS
-----------------
TIMING-16#1 Warning
Large setup violation  
There is a large setup violation of -1.048 ns between ReRamSpm_i/reram_axilite_wrapper_0/inst/u_core/word_arrays[5].word_array_inst/cell_command_reg_reg[0]_rep/C (clocked by clk_fpga_0) and ReRamSpm_i/reram_axilite_wrapper_0/inst/u_core/FSM_sequential_state_reg[0]/D (clocked by clk_fpga_0). Large setup violations at the end of those stages might be difficult to fix during the post-placement implementation flow and could be the result of non-optimal XDC constraints or non-optimal design architecture
Related violations: <none>

TIMING-16#2 Warning
Large setup violation  
There is a large setup violation of -1.081 ns between ReRamSpm_i/reram_axilite_wrapper_0/inst/u_core/word_arrays[5].word_array_inst/cell_command_reg_reg[0]_rep/C (clocked by clk_fpga_0) and ReRamSpm_i/reram_axilite_wrapper_0/inst/u_core/FSM_sequential_state_reg[1]/D (clocked by clk_fpga_0). Large setup violations at the end of those stages might be difficult to fix during the post-placement implementation flow and could be the result of non-optimal XDC constraints or non-optimal design architecture
Related violations: <none>

TIMING-16#3 Warning
Large setup violation  
There is a large setup violation of -1.901 ns between ReRamSpm_i/reram_axilite_wrapper_0/inst/u_core/word_arrays[5].word_array_inst/cell_command_reg_reg[0]_rep/C (clocked by clk_fpga_0) and ReRamSpm_i/reram_axilite_wrapper_0/inst/u_core/write_counter_reg[24]/CE (clocked by clk_fpga_0). Large setup violations at the end of those stages might be difficult to fix during the post-placement implementation flow and could be the result of non-optimal XDC constraints or non-optimal design architecture
Related violations: <none>

TIMING-16#4 Warning
Large setup violation  
There is a large setup violation of -1.901 ns between ReRamSpm_i/reram_axilite_wrapper_0/inst/u_core/word_arrays[5].word_array_inst/cell_command_reg_reg[0]_rep/C (clocked by clk_fpga_0) and ReRamSpm_i/reram_axilite_wrapper_0/inst/u_core/write_counter_reg[25]/CE (clocked by clk_fpga_0). Large setup violations at the end of those stages might be difficult to fix during the post-placement implementation flow and could be the result of non-optimal XDC constraints or non-optimal design architecture
Related violations: <none>

TIMING-16#5 Warning
Large setup violation  
There is a large setup violation of -1.901 ns between ReRamSpm_i/reram_axilite_wrapper_0/inst/u_core/word_arrays[5].word_array_inst/cell_command_reg_reg[0]_rep/C (clocked by clk_fpga_0) and ReRamSpm_i/reram_axilite_wrapper_0/inst/u_core/write_counter_reg[26]/CE (clocked by clk_fpga_0). Large setup violations at the end of those stages might be difficult to fix during the post-placement implementation flow and could be the result of non-optimal XDC constraints or non-optimal design architecture
Related violations: <none>

TIMING-16#6 Warning
Large setup violation  
There is a large setup violation of -1.901 ns between ReRamSpm_i/reram_axilite_wrapper_0/inst/u_core/word_arrays[5].word_array_inst/cell_command_reg_reg[0]_rep/C (clocked by clk_fpga_0) and ReRamSpm_i/reram_axilite_wrapper_0/inst/u_core/write_counter_reg[27]/CE (clocked by clk_fpga_0). Large setup violations at the end of those stages might be difficult to fix during the post-placement implementation flow and could be the result of non-optimal XDC constraints or non-optimal design architecture
Related violations: <none>

TIMING-16#7 Warning
Large setup violation  
There is a large setup violation of -1.917 ns between ReRamSpm_i/reram_axilite_wrapper_0/inst/u_core/word_arrays[5].word_array_inst/cell_command_reg_reg[0]_rep/C (clocked by clk_fpga_0) and ReRamSpm_i/reram_axilite_wrapper_0/inst/u_core/write_counter_reg[28]/CE (clocked by clk_fpga_0). Large setup violations at the end of those stages might be difficult to fix during the post-placement implementation flow and could be the result of non-optimal XDC constraints or non-optimal design architecture
Related violations: <none>

TIMING-16#8 Warning
Large setup violation  
There is a large setup violation of -1.917 ns between ReRamSpm_i/reram_axilite_wrapper_0/inst/u_core/word_arrays[5].word_array_inst/cell_command_reg_reg[0]_rep/C (clocked by clk_fpga_0) and ReRamSpm_i/reram_axilite_wrapper_0/inst/u_core/write_counter_reg[29]/CE (clocked by clk_fpga_0). Large setup violations at the end of those stages might be difficult to fix during the post-placement implementation flow and could be the result of non-optimal XDC constraints or non-optimal design architecture
Related violations: <none>

TIMING-16#9 Warning
Large setup violation  
There is a large setup violation of -1.917 ns between ReRamSpm_i/reram_axilite_wrapper_0/inst/u_core/word_arrays[5].word_array_inst/cell_command_reg_reg[0]_rep/C (clocked by clk_fpga_0) and ReRamSpm_i/reram_axilite_wrapper_0/inst/u_core/write_counter_reg[30]/CE (clocked by clk_fpga_0). Large setup violations at the end of those stages might be difficult to fix during the post-placement implementation flow and could be the result of non-optimal XDC constraints or non-optimal design architecture
Related violations: <none>

TIMING-16#10 Warning
Large setup violation  
There is a large setup violation of -1.917 ns between ReRamSpm_i/reram_axilite_wrapper_0/inst/u_core/word_arrays[5].word_array_inst/cell_command_reg_reg[0]_rep/C (clocked by clk_fpga_0) and ReRamSpm_i/reram_axilite_wrapper_0/inst/u_core/write_counter_reg[31]/CE (clocked by clk_fpga_0). Large setup violations at the end of those stages might be difficult to fix during the post-placement implementation flow and could be the result of non-optimal XDC constraints or non-optimal design architecture
Related violations: <none>

TIMING-16#11 Warning
Large setup violation  
There is a large setup violation of -1.943 ns between ReRamSpm_i/reram_axilite_wrapper_0/inst/u_core/word_arrays[5].word_array_inst/cell_command_reg_reg[0]_rep/C (clocked by clk_fpga_0) and ReRamSpm_i/reram_axilite_wrapper_0/inst/u_core/write_counter_reg[12]/CE (clocked by clk_fpga_0). Large setup violations at the end of those stages might be difficult to fix during the post-placement implementation flow and could be the result of non-optimal XDC constraints or non-optimal design architecture
Related violations: <none>

TIMING-16#12 Warning
Large setup violation  
There is a large setup violation of -1.943 ns between ReRamSpm_i/reram_axilite_wrapper_0/inst/u_core/word_arrays[5].word_array_inst/cell_command_reg_reg[0]_rep/C (clocked by clk_fpga_0) and ReRamSpm_i/reram_axilite_wrapper_0/inst/u_core/write_counter_reg[13]/CE (clocked by clk_fpga_0). Large setup violations at the end of those stages might be difficult to fix during the post-placement implementation flow and could be the result of non-optimal XDC constraints or non-optimal design architecture
Related violations: <none>

TIMING-16#13 Warning
Large setup violation  
There is a large setup violation of -1.943 ns between ReRamSpm_i/reram_axilite_wrapper_0/inst/u_core/word_arrays[5].word_array_inst/cell_command_reg_reg[0]_rep/C (clocked by clk_fpga_0) and ReRamSpm_i/reram_axilite_wrapper_0/inst/u_core/write_counter_reg[14]/CE (clocked by clk_fpga_0). Large setup violations at the end of those stages might be difficult to fix during the post-placement implementation flow and could be the result of non-optimal XDC constraints or non-optimal design architecture
Related violations: <none>

TIMING-16#14 Warning
Large setup violation  
There is a large setup violation of -1.943 ns between ReRamSpm_i/reram_axilite_wrapper_0/inst/u_core/word_arrays[5].word_array_inst/cell_command_reg_reg[0]_rep/C (clocked by clk_fpga_0) and ReRamSpm_i/reram_axilite_wrapper_0/inst/u_core/write_counter_reg[15]/CE (clocked by clk_fpga_0). Large setup violations at the end of those stages might be difficult to fix during the post-placement implementation flow and could be the result of non-optimal XDC constraints or non-optimal design architecture
Related violations: <none>

TIMING-16#15 Warning
Large setup violation  
There is a large setup violation of -2.039 ns between ReRamSpm_i/reram_axilite_wrapper_0/inst/u_core/word_arrays[5].word_array_inst/cell_command_reg_reg[0]_rep/C (clocked by clk_fpga_0) and ReRamSpm_i/reram_axilite_wrapper_0/inst/u_core/write_counter_reg[20]/CE (clocked by clk_fpga_0). Large setup violations at the end of those stages might be difficult to fix during the post-placement implementation flow and could be the result of non-optimal XDC constraints or non-optimal design architecture
Related violations: <none>

TIMING-16#16 Warning
Large setup violation  
There is a large setup violation of -2.039 ns between ReRamSpm_i/reram_axilite_wrapper_0/inst/u_core/word_arrays[5].word_array_inst/cell_command_reg_reg[0]_rep/C (clocked by clk_fpga_0) and ReRamSpm_i/reram_axilite_wrapper_0/inst/u_core/write_counter_reg[21]/CE (clocked by clk_fpga_0). Large setup violations at the end of those stages might be difficult to fix during the post-placement implementation flow and could be the result of non-optimal XDC constraints or non-optimal design architecture
Related violations: <none>

TIMING-16#17 Warning
Large setup violation  
There is a large setup violation of -2.039 ns between ReRamSpm_i/reram_axilite_wrapper_0/inst/u_core/word_arrays[5].word_array_inst/cell_command_reg_reg[0]_rep/C (clocked by clk_fpga_0) and ReRamSpm_i/reram_axilite_wrapper_0/inst/u_core/write_counter_reg[22]/CE (clocked by clk_fpga_0). Large setup violations at the end of those stages might be difficult to fix during the post-placement implementation flow and could be the result of non-optimal XDC constraints or non-optimal design architecture
Related violations: <none>

TIMING-16#18 Warning
Large setup violation  
There is a large setup violation of -2.039 ns between ReRamSpm_i/reram_axilite_wrapper_0/inst/u_core/word_arrays[5].word_array_inst/cell_command_reg_reg[0]_rep/C (clocked by clk_fpga_0) and ReRamSpm_i/reram_axilite_wrapper_0/inst/u_core/write_counter_reg[23]/CE (clocked by clk_fpga_0). Large setup violations at the end of those stages might be difficult to fix during the post-placement implementation flow and could be the result of non-optimal XDC constraints or non-optimal design architecture
Related violations: <none>

TIMING-16#19 Warning
Large setup violation  
There is a large setup violation of -2.041 ns between ReRamSpm_i/reram_axilite_wrapper_0/inst/u_core/word_arrays[5].word_array_inst/cell_command_reg_reg[0]_rep/C (clocked by clk_fpga_0) and ReRamSpm_i/reram_axilite_wrapper_0/inst/u_core/write_counter_reg[16]/CE (clocked by clk_fpga_0). Large setup violations at the end of those stages might be difficult to fix during the post-placement implementation flow and could be the result of non-optimal XDC constraints or non-optimal design architecture
Related violations: <none>

TIMING-16#20 Warning
Large setup violation  
There is a large setup violation of -2.041 ns between ReRamSpm_i/reram_axilite_wrapper_0/inst/u_core/word_arrays[5].word_array_inst/cell_command_reg_reg[0]_rep/C (clocked by clk_fpga_0) and ReRamSpm_i/reram_axilite_wrapper_0/inst/u_core/write_counter_reg[17]/CE (clocked by clk_fpga_0). Large setup violations at the end of those stages might be difficult to fix during the post-placement implementation flow and could be the result of non-optimal XDC constraints or non-optimal design architecture
Related violations: <none>

TIMING-16#21 Warning
Large setup violation  
There is a large setup violation of -2.041 ns between ReRamSpm_i/reram_axilite_wrapper_0/inst/u_core/word_arrays[5].word_array_inst/cell_command_reg_reg[0]_rep/C (clocked by clk_fpga_0) and ReRamSpm_i/reram_axilite_wrapper_0/inst/u_core/write_counter_reg[18]/CE (clocked by clk_fpga_0). Large setup violations at the end of those stages might be difficult to fix during the post-placement implementation flow and could be the result of non-optimal XDC constraints or non-optimal design architecture
Related violations: <none>

TIMING-16#22 Warning
Large setup violation  
There is a large setup violation of -2.041 ns between ReRamSpm_i/reram_axilite_wrapper_0/inst/u_core/word_arrays[5].word_array_inst/cell_command_reg_reg[0]_rep/C (clocked by clk_fpga_0) and ReRamSpm_i/reram_axilite_wrapper_0/inst/u_core/write_counter_reg[19]/CE (clocked by clk_fpga_0). Large setup violations at the end of those stages might be difficult to fix during the post-placement implementation flow and could be the result of non-optimal XDC constraints or non-optimal design architecture
Related violations: <none>

TIMING-16#23 Warning
Large setup violation  
There is a large setup violation of -2.069 ns between ReRamSpm_i/reram_axilite_wrapper_0/inst/u_core/word_arrays[5].word_array_inst/cell_command_reg_reg[0]_rep/C (clocked by clk_fpga_0) and ReRamSpm_i/reram_axilite_wrapper_0/inst/axi_rvalid_reg/D (clocked by clk_fpga_0). Large setup violations at the end of those stages might be difficult to fix during the post-placement implementation flow and could be the result of non-optimal XDC constraints or non-optimal design architecture
Related violations: <none>

TIMING-16#24 Warning
Large setup violation  
There is a large setup violation of -2.073 ns between ReRamSpm_i/reram_axilite_wrapper_0/inst/u_core/word_arrays[5].word_array_inst/cell_command_reg_reg[0]_rep/C (clocked by clk_fpga_0) and ReRamSpm_i/reram_axilite_wrapper_0/inst/u_core/write_counter_reg[10]/CE (clocked by clk_fpga_0). Large setup violations at the end of those stages might be difficult to fix during the post-placement implementation flow and could be the result of non-optimal XDC constraints or non-optimal design architecture
Related violations: <none>

TIMING-16#25 Warning
Large setup violation  
There is a large setup violation of -2.073 ns between ReRamSpm_i/reram_axilite_wrapper_0/inst/u_core/word_arrays[5].word_array_inst/cell_command_reg_reg[0]_rep/C (clocked by clk_fpga_0) and ReRamSpm_i/reram_axilite_wrapper_0/inst/u_core/write_counter_reg[11]/CE (clocked by clk_fpga_0). Large setup violations at the end of those stages might be difficult to fix during the post-placement implementation flow and could be the result of non-optimal XDC constraints or non-optimal design architecture
Related violations: <none>

TIMING-16#26 Warning
Large setup violation  
There is a large setup violation of -2.073 ns between ReRamSpm_i/reram_axilite_wrapper_0/inst/u_core/word_arrays[5].word_array_inst/cell_command_reg_reg[0]_rep/C (clocked by clk_fpga_0) and ReRamSpm_i/reram_axilite_wrapper_0/inst/u_core/write_counter_reg[8]/CE (clocked by clk_fpga_0). Large setup violations at the end of those stages might be difficult to fix during the post-placement implementation flow and could be the result of non-optimal XDC constraints or non-optimal design architecture
Related violations: <none>

TIMING-16#27 Warning
Large setup violation  
There is a large setup violation of -2.073 ns between ReRamSpm_i/reram_axilite_wrapper_0/inst/u_core/word_arrays[5].word_array_inst/cell_command_reg_reg[0]_rep/C (clocked by clk_fpga_0) and ReRamSpm_i/reram_axilite_wrapper_0/inst/u_core/write_counter_reg[9]/CE (clocked by clk_fpga_0). Large setup violations at the end of those stages might be difficult to fix during the post-placement implementation flow and could be the result of non-optimal XDC constraints or non-optimal design architecture
Related violations: <none>

TIMING-16#28 Warning
Large setup violation  
There is a large setup violation of -2.082 ns between ReRamSpm_i/reram_axilite_wrapper_0/inst/u_core/word_arrays[5].word_array_inst/cell_command_reg_reg[0]_rep/C (clocked by clk_fpga_0) and ReRamSpm_i/reram_axilite_wrapper_0/inst/u_core/write_counter_reg[4]/CE (clocked by clk_fpga_0). Large setup violations at the end of those stages might be difficult to fix during the post-placement implementation flow and could be the result of non-optimal XDC constraints or non-optimal design architecture
Related violations: <none>

TIMING-16#29 Warning
Large setup violation  
There is a large setup violation of -2.082 ns between ReRamSpm_i/reram_axilite_wrapper_0/inst/u_core/word_arrays[5].word_array_inst/cell_command_reg_reg[0]_rep/C (clocked by clk_fpga_0) and ReRamSpm_i/reram_axilite_wrapper_0/inst/u_core/write_counter_reg[5]/CE (clocked by clk_fpga_0). Large setup violations at the end of those stages might be difficult to fix during the post-placement implementation flow and could be the result of non-optimal XDC constraints or non-optimal design architecture
Related violations: <none>

TIMING-16#30 Warning
Large setup violation  
There is a large setup violation of -2.082 ns between ReRamSpm_i/reram_axilite_wrapper_0/inst/u_core/word_arrays[5].word_array_inst/cell_command_reg_reg[0]_rep/C (clocked by clk_fpga_0) and ReRamSpm_i/reram_axilite_wrapper_0/inst/u_core/write_counter_reg[6]/CE (clocked by clk_fpga_0). Large setup violations at the end of those stages might be difficult to fix during the post-placement implementation flow and could be the result of non-optimal XDC constraints or non-optimal design architecture
Related violations: <none>

TIMING-16#31 Warning
Large setup violation  
There is a large setup violation of -2.082 ns between ReRamSpm_i/reram_axilite_wrapper_0/inst/u_core/word_arrays[5].word_array_inst/cell_command_reg_reg[0]_rep/C (clocked by clk_fpga_0) and ReRamSpm_i/reram_axilite_wrapper_0/inst/u_core/write_counter_reg[7]/CE (clocked by clk_fpga_0). Large setup violations at the end of those stages might be difficult to fix during the post-placement implementation flow and could be the result of non-optimal XDC constraints or non-optimal design architecture
Related violations: <none>

TIMING-16#32 Warning
Large setup violation  
There is a large setup violation of -2.100 ns between ReRamSpm_i/reram_axilite_wrapper_0/inst/u_core/word_arrays[5].word_array_inst/cell_command_reg_reg[0]_rep/C (clocked by clk_fpga_0) and ReRamSpm_i/reram_axilite_wrapper_0/inst/u_core/write_counter_reg[0]/CE (clocked by clk_fpga_0). Large setup violations at the end of those stages might be difficult to fix during the post-placement implementation flow and could be the result of non-optimal XDC constraints or non-optimal design architecture
Related violations: <none>

TIMING-16#33 Warning
Large setup violation  
There is a large setup violation of -2.100 ns between ReRamSpm_i/reram_axilite_wrapper_0/inst/u_core/word_arrays[5].word_array_inst/cell_command_reg_reg[0]_rep/C (clocked by clk_fpga_0) and ReRamSpm_i/reram_axilite_wrapper_0/inst/u_core/write_counter_reg[1]/CE (clocked by clk_fpga_0). Large setup violations at the end of those stages might be difficult to fix during the post-placement implementation flow and could be the result of non-optimal XDC constraints or non-optimal design architecture
Related violations: <none>

TIMING-16#34 Warning
Large setup violation  
There is a large setup violation of -2.100 ns between ReRamSpm_i/reram_axilite_wrapper_0/inst/u_core/word_arrays[5].word_array_inst/cell_command_reg_reg[0]_rep/C (clocked by clk_fpga_0) and ReRamSpm_i/reram_axilite_wrapper_0/inst/u_core/write_counter_reg[2]/CE (clocked by clk_fpga_0). Large setup violations at the end of those stages might be difficult to fix during the post-placement implementation flow and could be the result of non-optimal XDC constraints or non-optimal design architecture
Related violations: <none>

TIMING-16#35 Warning
Large setup violation  
There is a large setup violation of -2.100 ns between ReRamSpm_i/reram_axilite_wrapper_0/inst/u_core/word_arrays[5].word_array_inst/cell_command_reg_reg[0]_rep/C (clocked by clk_fpga_0) and ReRamSpm_i/reram_axilite_wrapper_0/inst/u_core/write_counter_reg[3]/CE (clocked by clk_fpga_0). Large setup violations at the end of those stages might be difficult to fix during the post-placement implementation flow and could be the result of non-optimal XDC constraints or non-optimal design architecture
Related violations: <none>

TIMING-16#36 Warning
Large setup violation  
There is a large setup violation of -2.381 ns between ReRamSpm_i/reram_axilite_wrapper_0/inst/u_core/word_arrays[5].word_array_inst/cell_command_reg_reg[0]_rep/C (clocked by clk_fpga_0) and ReRamSpm_i/reram_axilite_wrapper_0/inst/u_core/read_counter_reg[20]/CE (clocked by clk_fpga_0). Large setup violations at the end of those stages might be difficult to fix during the post-placement implementation flow and could be the result of non-optimal XDC constraints or non-optimal design architecture
Related violations: <none>

TIMING-16#37 Warning
Large setup violation  
There is a large setup violation of -2.381 ns between ReRamSpm_i/reram_axilite_wrapper_0/inst/u_core/word_arrays[5].word_array_inst/cell_command_reg_reg[0]_rep/C (clocked by clk_fpga_0) and ReRamSpm_i/reram_axilite_wrapper_0/inst/u_core/read_counter_reg[21]/CE (clocked by clk_fpga_0). Large setup violations at the end of those stages might be difficult to fix during the post-placement implementation flow and could be the result of non-optimal XDC constraints or non-optimal design architecture
Related violations: <none>

TIMING-16#38 Warning
Large setup violation  
There is a large setup violation of -2.381 ns between ReRamSpm_i/reram_axilite_wrapper_0/inst/u_core/word_arrays[5].word_array_inst/cell_command_reg_reg[0]_rep/C (clocked by clk_fpga_0) and ReRamSpm_i/reram_axilite_wrapper_0/inst/u_core/read_counter_reg[22]/CE (clocked by clk_fpga_0). Large setup violations at the end of those stages might be difficult to fix during the post-placement implementation flow and could be the result of non-optimal XDC constraints or non-optimal design architecture
Related violations: <none>

TIMING-16#39 Warning
Large setup violation  
There is a large setup violation of -2.381 ns between ReRamSpm_i/reram_axilite_wrapper_0/inst/u_core/word_arrays[5].word_array_inst/cell_command_reg_reg[0]_rep/C (clocked by clk_fpga_0) and ReRamSpm_i/reram_axilite_wrapper_0/inst/u_core/read_counter_reg[23]/CE (clocked by clk_fpga_0). Large setup violations at the end of those stages might be difficult to fix during the post-placement implementation flow and could be the result of non-optimal XDC constraints or non-optimal design architecture
Related violations: <none>

TIMING-16#40 Warning
Large setup violation  
There is a large setup violation of -2.530 ns between ReRamSpm_i/reram_axilite_wrapper_0/inst/u_core/word_arrays[5].word_array_inst/cell_command_reg_reg[0]_rep/C (clocked by clk_fpga_0) and ReRamSpm_i/reram_axilite_wrapper_0/inst/u_core/read_counter_reg[16]/CE (clocked by clk_fpga_0). Large setup violations at the end of those stages might be difficult to fix during the post-placement implementation flow and could be the result of non-optimal XDC constraints or non-optimal design architecture
Related violations: <none>

TIMING-16#41 Warning
Large setup violation  
There is a large setup violation of -2.530 ns between ReRamSpm_i/reram_axilite_wrapper_0/inst/u_core/word_arrays[5].word_array_inst/cell_command_reg_reg[0]_rep/C (clocked by clk_fpga_0) and ReRamSpm_i/reram_axilite_wrapper_0/inst/u_core/read_counter_reg[17]/CE (clocked by clk_fpga_0). Large setup violations at the end of those stages might be difficult to fix during the post-placement implementation flow and could be the result of non-optimal XDC constraints or non-optimal design architecture
Related violations: <none>

TIMING-16#42 Warning
Large setup violation  
There is a large setup violation of -2.530 ns between ReRamSpm_i/reram_axilite_wrapper_0/inst/u_core/word_arrays[5].word_array_inst/cell_command_reg_reg[0]_rep/C (clocked by clk_fpga_0) and ReRamSpm_i/reram_axilite_wrapper_0/inst/u_core/read_counter_reg[18]/CE (clocked by clk_fpga_0). Large setup violations at the end of those stages might be difficult to fix during the post-placement implementation flow and could be the result of non-optimal XDC constraints or non-optimal design architecture
Related violations: <none>

TIMING-16#43 Warning
Large setup violation  
There is a large setup violation of -2.530 ns between ReRamSpm_i/reram_axilite_wrapper_0/inst/u_core/word_arrays[5].word_array_inst/cell_command_reg_reg[0]_rep/C (clocked by clk_fpga_0) and ReRamSpm_i/reram_axilite_wrapper_0/inst/u_core/read_counter_reg[19]/CE (clocked by clk_fpga_0). Large setup violations at the end of those stages might be difficult to fix during the post-placement implementation flow and could be the result of non-optimal XDC constraints or non-optimal design architecture
Related violations: <none>

TIMING-16#44 Warning
Large setup violation  
There is a large setup violation of -2.533 ns between ReRamSpm_i/reram_axilite_wrapper_0/inst/u_core/word_arrays[5].word_array_inst/cell_command_reg_reg[0]_rep/C (clocked by clk_fpga_0) and ReRamSpm_i/reram_axilite_wrapper_0/inst/u_core/read_counter_reg[24]/CE (clocked by clk_fpga_0). Large setup violations at the end of those stages might be difficult to fix during the post-placement implementation flow and could be the result of non-optimal XDC constraints or non-optimal design architecture
Related violations: <none>

TIMING-16#45 Warning
Large setup violation  
There is a large setup violation of -2.533 ns between ReRamSpm_i/reram_axilite_wrapper_0/inst/u_core/word_arrays[5].word_array_inst/cell_command_reg_reg[0]_rep/C (clocked by clk_fpga_0) and ReRamSpm_i/reram_axilite_wrapper_0/inst/u_core/read_counter_reg[25]/CE (clocked by clk_fpga_0). Large setup violations at the end of those stages might be difficult to fix during the post-placement implementation flow and could be the result of non-optimal XDC constraints or non-optimal design architecture
Related violations: <none>

TIMING-16#46 Warning
Large setup violation  
There is a large setup violation of -2.533 ns between ReRamSpm_i/reram_axilite_wrapper_0/inst/u_core/word_arrays[5].word_array_inst/cell_command_reg_reg[0]_rep/C (clocked by clk_fpga_0) and ReRamSpm_i/reram_axilite_wrapper_0/inst/u_core/read_counter_reg[26]/CE (clocked by clk_fpga_0). Large setup violations at the end of those stages might be difficult to fix during the post-placement implementation flow and could be the result of non-optimal XDC constraints or non-optimal design architecture
Related violations: <none>

TIMING-16#47 Warning
Large setup violation  
There is a large setup violation of -2.533 ns between ReRamSpm_i/reram_axilite_wrapper_0/inst/u_core/word_arrays[5].word_array_inst/cell_command_reg_reg[0]_rep/C (clocked by clk_fpga_0) and ReRamSpm_i/reram_axilite_wrapper_0/inst/u_core/read_counter_reg[27]/CE (clocked by clk_fpga_0). Large setup violations at the end of those stages might be difficult to fix during the post-placement implementation flow and could be the result of non-optimal XDC constraints or non-optimal design architecture
Related violations: <none>

TIMING-16#48 Warning
Large setup violation  
There is a large setup violation of -2.575 ns between ReRamSpm_i/reram_axilite_wrapper_0/inst/u_core/word_arrays[5].word_array_inst/cell_command_reg_reg[0]_rep/C (clocked by clk_fpga_0) and ReRamSpm_i/reram_axilite_wrapper_0/inst/axi_bvalid_reg/D (clocked by clk_fpga_0). Large setup violations at the end of those stages might be difficult to fix during the post-placement implementation flow and could be the result of non-optimal XDC constraints or non-optimal design architecture
Related violations: <none>

TIMING-16#49 Warning
Large setup violation  
There is a large setup violation of -2.581 ns between ReRamSpm_i/reram_axilite_wrapper_0/inst/u_core/word_arrays[5].word_array_inst/cell_command_reg_reg[0]_rep/C (clocked by clk_fpga_0) and ReRamSpm_i/reram_axilite_wrapper_0/inst/FSM_sequential_rd_state_reg[0]/D (clocked by clk_fpga_0). Large setup violations at the end of those stages might be difficult to fix during the post-placement implementation flow and could be the result of non-optimal XDC constraints or non-optimal design architecture
Related violations: <none>

TIMING-16#50 Warning
Large setup violation  
There is a large setup violation of -2.609 ns between ReRamSpm_i/reram_axilite_wrapper_0/inst/u_core/word_arrays[5].word_array_inst/cell_command_reg_reg[0]_rep/C (clocked by clk_fpga_0) and ReRamSpm_i/reram_axilite_wrapper_0/inst/FSM_sequential_rd_state_reg[1]/D (clocked by clk_fpga_0). Large setup violations at the end of those stages might be difficult to fix during the post-placement implementation flow and could be the result of non-optimal XDC constraints or non-optimal design architecture
Related violations: <none>

TIMING-16#51 Warning
Large setup violation  
There is a large setup violation of -2.678 ns between ReRamSpm_i/reram_axilite_wrapper_0/inst/u_core/word_arrays[5].word_array_inst/cell_command_reg_reg[0]_rep/C (clocked by clk_fpga_0) and ReRamSpm_i/reram_axilite_wrapper_0/inst/u_core/read_counter_reg[12]/CE (clocked by clk_fpga_0). Large setup violations at the end of those stages might be difficult to fix during the post-placement implementation flow and could be the result of non-optimal XDC constraints or non-optimal design architecture
Related violations: <none>

TIMING-16#52 Warning
Large setup violation  
There is a large setup violation of -2.678 ns between ReRamSpm_i/reram_axilite_wrapper_0/inst/u_core/word_arrays[5].word_array_inst/cell_command_reg_reg[0]_rep/C (clocked by clk_fpga_0) and ReRamSpm_i/reram_axilite_wrapper_0/inst/u_core/read_counter_reg[13]/CE (clocked by clk_fpga_0). Large setup violations at the end of those stages might be difficult to fix during the post-placement implementation flow and could be the result of non-optimal XDC constraints or non-optimal design architecture
Related violations: <none>

TIMING-16#53 Warning
Large setup violation  
There is a large setup violation of -2.678 ns between ReRamSpm_i/reram_axilite_wrapper_0/inst/u_core/word_arrays[5].word_array_inst/cell_command_reg_reg[0]_rep/C (clocked by clk_fpga_0) and ReRamSpm_i/reram_axilite_wrapper_0/inst/u_core/read_counter_reg[14]/CE (clocked by clk_fpga_0). Large setup violations at the end of those stages might be difficult to fix during the post-placement implementation flow and could be the result of non-optimal XDC constraints or non-optimal design architecture
Related violations: <none>

TIMING-16#54 Warning
Large setup violation  
There is a large setup violation of -2.678 ns between ReRamSpm_i/reram_axilite_wrapper_0/inst/u_core/word_arrays[5].word_array_inst/cell_command_reg_reg[0]_rep/C (clocked by clk_fpga_0) and ReRamSpm_i/reram_axilite_wrapper_0/inst/u_core/read_counter_reg[15]/CE (clocked by clk_fpga_0). Large setup violations at the end of those stages might be difficult to fix during the post-placement implementation flow and could be the result of non-optimal XDC constraints or non-optimal design architecture
Related violations: <none>

TIMING-16#55 Warning
Large setup violation  
There is a large setup violation of -2.700 ns between ReRamSpm_i/reram_axilite_wrapper_0/inst/u_core/word_arrays[5].word_array_inst/cell_command_reg_reg[0]_rep/C (clocked by clk_fpga_0) and ReRamSpm_i/reram_axilite_wrapper_0/inst/u_core/read_counter_reg[28]/CE (clocked by clk_fpga_0). Large setup violations at the end of those stages might be difficult to fix during the post-placement implementation flow and could be the result of non-optimal XDC constraints or non-optimal design architecture
Related violations: <none>

TIMING-16#56 Warning
Large setup violation  
There is a large setup violation of -2.700 ns between ReRamSpm_i/reram_axilite_wrapper_0/inst/u_core/word_arrays[5].word_array_inst/cell_command_reg_reg[0]_rep/C (clocked by clk_fpga_0) and ReRamSpm_i/reram_axilite_wrapper_0/inst/u_core/read_counter_reg[29]/CE (clocked by clk_fpga_0). Large setup violations at the end of those stages might be difficult to fix during the post-placement implementation flow and could be the result of non-optimal XDC constraints or non-optimal design architecture
Related violations: <none>

TIMING-16#57 Warning
Large setup violation  
There is a large setup violation of -2.700 ns between ReRamSpm_i/reram_axilite_wrapper_0/inst/u_core/word_arrays[5].word_array_inst/cell_command_reg_reg[0]_rep/C (clocked by clk_fpga_0) and ReRamSpm_i/reram_axilite_wrapper_0/inst/u_core/read_counter_reg[30]/CE (clocked by clk_fpga_0). Large setup violations at the end of those stages might be difficult to fix during the post-placement implementation flow and could be the result of non-optimal XDC constraints or non-optimal design architecture
Related violations: <none>

TIMING-16#58 Warning
Large setup violation  
There is a large setup violation of -2.700 ns between ReRamSpm_i/reram_axilite_wrapper_0/inst/u_core/word_arrays[5].word_array_inst/cell_command_reg_reg[0]_rep/C (clocked by clk_fpga_0) and ReRamSpm_i/reram_axilite_wrapper_0/inst/u_core/read_counter_reg[31]/CE (clocked by clk_fpga_0). Large setup violations at the end of those stages might be difficult to fix during the post-placement implementation flow and could be the result of non-optimal XDC constraints or non-optimal design architecture
Related violations: <none>

TIMING-16#59 Warning
Large setup violation  
There is a large setup violation of -2.827 ns between ReRamSpm_i/reram_axilite_wrapper_0/inst/u_core/word_arrays[5].word_array_inst/cell_command_reg_reg[0]_rep/C (clocked by clk_fpga_0) and ReRamSpm_i/reram_axilite_wrapper_0/inst/u_core/read_counter_reg[10]/CE (clocked by clk_fpga_0). Large setup violations at the end of those stages might be difficult to fix during the post-placement implementation flow and could be the result of non-optimal XDC constraints or non-optimal design architecture
Related violations: <none>

TIMING-16#60 Warning
Large setup violation  
There is a large setup violation of -2.827 ns between ReRamSpm_i/reram_axilite_wrapper_0/inst/u_core/word_arrays[5].word_array_inst/cell_command_reg_reg[0]_rep/C (clocked by clk_fpga_0) and ReRamSpm_i/reram_axilite_wrapper_0/inst/u_core/read_counter_reg[11]/CE (clocked by clk_fpga_0). Large setup violations at the end of those stages might be difficult to fix during the post-placement implementation flow and could be the result of non-optimal XDC constraints or non-optimal design architecture
Related violations: <none>

TIMING-16#61 Warning
Large setup violation  
There is a large setup violation of -2.827 ns between ReRamSpm_i/reram_axilite_wrapper_0/inst/u_core/word_arrays[5].word_array_inst/cell_command_reg_reg[0]_rep/C (clocked by clk_fpga_0) and ReRamSpm_i/reram_axilite_wrapper_0/inst/u_core/read_counter_reg[8]/CE (clocked by clk_fpga_0). Large setup violations at the end of those stages might be difficult to fix during the post-placement implementation flow and could be the result of non-optimal XDC constraints or non-optimal design architecture
Related violations: <none>

TIMING-16#62 Warning
Large setup violation  
There is a large setup violation of -2.827 ns between ReRamSpm_i/reram_axilite_wrapper_0/inst/u_core/word_arrays[5].word_array_inst/cell_command_reg_reg[0]_rep/C (clocked by clk_fpga_0) and ReRamSpm_i/reram_axilite_wrapper_0/inst/u_core/read_counter_reg[9]/CE (clocked by clk_fpga_0). Large setup violations at the end of those stages might be difficult to fix during the post-placement implementation flow and could be the result of non-optimal XDC constraints or non-optimal design architecture
Related violations: <none>

TIMING-16#63 Warning
Large setup violation  
There is a large setup violation of -2.976 ns between ReRamSpm_i/reram_axilite_wrapper_0/inst/u_core/word_arrays[5].word_array_inst/cell_command_reg_reg[0]_rep/C (clocked by clk_fpga_0) and ReRamSpm_i/reram_axilite_wrapper_0/inst/u_core/read_counter_reg[4]/CE (clocked by clk_fpga_0). Large setup violations at the end of those stages might be difficult to fix during the post-placement implementation flow and could be the result of non-optimal XDC constraints or non-optimal design architecture
Related violations: <none>

TIMING-16#64 Warning
Large setup violation  
There is a large setup violation of -2.976 ns between ReRamSpm_i/reram_axilite_wrapper_0/inst/u_core/word_arrays[5].word_array_inst/cell_command_reg_reg[0]_rep/C (clocked by clk_fpga_0) and ReRamSpm_i/reram_axilite_wrapper_0/inst/u_core/read_counter_reg[5]/CE (clocked by clk_fpga_0). Large setup violations at the end of those stages might be difficult to fix during the post-placement implementation flow and could be the result of non-optimal XDC constraints or non-optimal design architecture
Related violations: <none>

TIMING-16#65 Warning
Large setup violation  
There is a large setup violation of -2.976 ns between ReRamSpm_i/reram_axilite_wrapper_0/inst/u_core/word_arrays[5].word_array_inst/cell_command_reg_reg[0]_rep/C (clocked by clk_fpga_0) and ReRamSpm_i/reram_axilite_wrapper_0/inst/u_core/read_counter_reg[6]/CE (clocked by clk_fpga_0). Large setup violations at the end of those stages might be difficult to fix during the post-placement implementation flow and could be the result of non-optimal XDC constraints or non-optimal design architecture
Related violations: <none>

TIMING-16#66 Warning
Large setup violation  
There is a large setup violation of -2.976 ns between ReRamSpm_i/reram_axilite_wrapper_0/inst/u_core/word_arrays[5].word_array_inst/cell_command_reg_reg[0]_rep/C (clocked by clk_fpga_0) and ReRamSpm_i/reram_axilite_wrapper_0/inst/u_core/read_counter_reg[7]/CE (clocked by clk_fpga_0). Large setup violations at the end of those stages might be difficult to fix during the post-placement implementation flow and could be the result of non-optimal XDC constraints or non-optimal design architecture
Related violations: <none>

TIMING-16#67 Warning
Large setup violation  
There is a large setup violation of -3.115 ns between ReRamSpm_i/reram_axilite_wrapper_0/inst/u_core/word_arrays[5].word_array_inst/cell_command_reg_reg[0]_rep/C (clocked by clk_fpga_0) and ReRamSpm_i/reram_axilite_wrapper_0/inst/u_core/read_counter_reg[0]/CE (clocked by clk_fpga_0). Large setup violations at the end of those stages might be difficult to fix during the post-placement implementation flow and could be the result of non-optimal XDC constraints or non-optimal design architecture
Related violations: <none>

TIMING-16#68 Warning
Large setup violation  
There is a large setup violation of -3.115 ns between ReRamSpm_i/reram_axilite_wrapper_0/inst/u_core/word_arrays[5].word_array_inst/cell_command_reg_reg[0]_rep/C (clocked by clk_fpga_0) and ReRamSpm_i/reram_axilite_wrapper_0/inst/u_core/read_counter_reg[1]/CE (clocked by clk_fpga_0). Large setup violations at the end of those stages might be difficult to fix during the post-placement implementation flow and could be the result of non-optimal XDC constraints or non-optimal design architecture
Related violations: <none>

TIMING-16#69 Warning
Large setup violation  
There is a large setup violation of -3.115 ns between ReRamSpm_i/reram_axilite_wrapper_0/inst/u_core/word_arrays[5].word_array_inst/cell_command_reg_reg[0]_rep/C (clocked by clk_fpga_0) and ReRamSpm_i/reram_axilite_wrapper_0/inst/u_core/read_counter_reg[2]/CE (clocked by clk_fpga_0). Large setup violations at the end of those stages might be difficult to fix during the post-placement implementation flow and could be the result of non-optimal XDC constraints or non-optimal design architecture
Related violations: <none>

TIMING-16#70 Warning
Large setup violation  
There is a large setup violation of -3.115 ns between ReRamSpm_i/reram_axilite_wrapper_0/inst/u_core/word_arrays[5].word_array_inst/cell_command_reg_reg[0]_rep/C (clocked by clk_fpga_0) and ReRamSpm_i/reram_axilite_wrapper_0/inst/u_core/read_counter_reg[3]/CE (clocked by clk_fpga_0). Large setup violations at the end of those stages might be difficult to fix during the post-placement implementation flow and could be the result of non-optimal XDC constraints or non-optimal design architecture
Related violations: <none>

TIMING-16#71 Warning
Large setup violation  
There is a large setup violation of -3.426 ns between ReRamSpm_i/reram_axilite_wrapper_0/inst/u_core/word_arrays[5].word_array_inst/cell_command_reg_reg[0]_rep/C (clocked by clk_fpga_0) and ReRamSpm_i/reram_axilite_wrapper_0/inst/FSM_onehot_wr_state_reg[1]/D (clocked by clk_fpga_0). Large setup violations at the end of those stages might be difficult to fix during the post-placement implementation flow and could be the result of non-optimal XDC constraints or non-optimal design architecture
Related violations: <none>

TIMING-16#72 Warning
Large setup violation  
There is a large setup violation of -3.711 ns between ReRamSpm_i/reram_axilite_wrapper_0/inst/u_core/word_arrays[5].word_array_inst/cell_command_reg_reg[0]_rep/C (clocked by clk_fpga_0) and ReRamSpm_i/reram_axilite_wrapper_0/inst/FSM_onehot_wr_state_reg[2]/D (clocked by clk_fpga_0). Large setup violations at the end of those stages might be difficult to fix during the post-placement implementation flow and could be the result of non-optimal XDC constraints or non-optimal design architecture
Related violations: <none>

TIMING-16#73 Warning
Large setup violation  
There is a large setup violation of -3.725 ns between ReRamSpm_i/reram_axilite_wrapper_0/inst/u_core/word_arrays[5].word_array_inst/cell_command_reg_reg[0]_rep/C (clocked by clk_fpga_0) and ReRamSpm_i/reram_axilite_wrapper_0/inst/FSM_onehot_wr_state_reg[0]/D (clocked by clk_fpga_0). Large setup violations at the end of those stages might be difficult to fix during the post-placement implementation flow and could be the result of non-optimal XDC constraints or non-optimal design architecture
Related violations: <none>

TIMING-16#74 Warning
Large setup violation  
There is a large setup violation of -3.913 ns between ReRamSpm_i/reram_axilite_wrapper_0/inst/u_core/word_arrays[5].word_array_inst/cell_command_reg_reg[0]_rep/C (clocked by clk_fpga_0) and ReRamSpm_i/reram_axilite_wrapper_0/inst/axi_rdata_reg_reg[30]/CE (clocked by clk_fpga_0). Large setup violations at the end of those stages might be difficult to fix during the post-placement implementation flow and could be the result of non-optimal XDC constraints or non-optimal design architecture
Related violations: <none>

TIMING-16#75 Warning
Large setup violation  
There is a large setup violation of -3.940 ns between ReRamSpm_i/reram_axilite_wrapper_0/inst/u_core/word_arrays[5].word_array_inst/cell_command_reg_reg[0]_rep/C (clocked by clk_fpga_0) and ReRamSpm_i/reram_axilite_wrapper_0/inst/axi_rdata_reg_reg[27]/CE (clocked by clk_fpga_0). Large setup violations at the end of those stages might be difficult to fix during the post-placement implementation flow and could be the result of non-optimal XDC constraints or non-optimal design architecture
Related violations: <none>

TIMING-16#76 Warning
Large setup violation  
There is a large setup violation of -3.965 ns between ReRamSpm_i/reram_axilite_wrapper_0/inst/u_core/word_arrays[5].word_array_inst/cell_command_reg_reg[0]_rep/C (clocked by clk_fpga_0) and ReRamSpm_i/reram_axilite_wrapper_0/inst/axi_rdata_reg_reg[28]/CE (clocked by clk_fpga_0). Large setup violations at the end of those stages might be difficult to fix during the post-placement implementation flow and could be the result of non-optimal XDC constraints or non-optimal design architecture
Related violations: <none>

TIMING-16#77 Warning
Large setup violation  
There is a large setup violation of -3.965 ns between ReRamSpm_i/reram_axilite_wrapper_0/inst/u_core/word_arrays[5].word_array_inst/cell_command_reg_reg[0]_rep/C (clocked by clk_fpga_0) and ReRamSpm_i/reram_axilite_wrapper_0/inst/axi_rdata_reg_reg[31]/CE (clocked by clk_fpga_0). Large setup violations at the end of those stages might be difficult to fix during the post-placement implementation flow and could be the result of non-optimal XDC constraints or non-optimal design architecture
Related violations: <none>

TIMING-16#78 Warning
Large setup violation  
There is a large setup violation of -4.047 ns between ReRamSpm_i/reram_axilite_wrapper_0/inst/u_core/word_arrays[5].word_array_inst/cell_command_reg_reg[0]_rep/C (clocked by clk_fpga_0) and ReRamSpm_i/reram_axilite_wrapper_0/inst/axi_rdata_reg_reg[25]/CE (clocked by clk_fpga_0). Large setup violations at the end of those stages might be difficult to fix during the post-placement implementation flow and could be the result of non-optimal XDC constraints or non-optimal design architecture
Related violations: <none>

TIMING-16#79 Warning
Large setup violation  
There is a large setup violation of -4.075 ns between ReRamSpm_i/reram_axilite_wrapper_0/inst/u_core/word_arrays[5].word_array_inst/cell_command_reg_reg[0]_rep/C (clocked by clk_fpga_0) and ReRamSpm_i/reram_axilite_wrapper_0/inst/axi_rdata_reg_reg[24]/CE (clocked by clk_fpga_0). Large setup violations at the end of those stages might be difficult to fix during the post-placement implementation flow and could be the result of non-optimal XDC constraints or non-optimal design architecture
Related violations: <none>

TIMING-16#80 Warning
Large setup violation  
There is a large setup violation of -4.134 ns between ReRamSpm_i/reram_axilite_wrapper_0/inst/u_core/word_arrays[5].word_array_inst/cell_command_reg_reg[0]_rep/C (clocked by clk_fpga_0) and ReRamSpm_i/reram_axilite_wrapper_0/inst/axi_rdata_reg_reg[26]/CE (clocked by clk_fpga_0). Large setup violations at the end of those stages might be difficult to fix during the post-placement implementation flow and could be the result of non-optimal XDC constraints or non-optimal design architecture
Related violations: <none>

TIMING-16#81 Warning
Large setup violation  
There is a large setup violation of -4.183 ns between ReRamSpm_i/reram_axilite_wrapper_0/inst/u_core/word_arrays[5].word_array_inst/cell_command_reg_reg[0]_rep/C (clocked by clk_fpga_0) and ReRamSpm_i/reram_axilite_wrapper_0/inst/axi_rdata_reg_reg[29]/CE (clocked by clk_fpga_0). Large setup violations at the end of those stages might be difficult to fix during the post-placement implementation flow and could be the result of non-optimal XDC constraints or non-optimal design architecture
Related violations: <none>

TIMING-16#82 Warning
Large setup violation  
There is a large setup violation of -4.378 ns between ReRamSpm_i/reram_axilite_wrapper_0/inst/u_core/word_arrays[5].word_array_inst/cell_command_reg_reg[0]_rep/C (clocked by clk_fpga_0) and ReRamSpm_i/reram_axilite_wrapper_0/inst/axi_rdata_reg_reg[22]/CE (clocked by clk_fpga_0). Large setup violations at the end of those stages might be difficult to fix during the post-placement implementation flow and could be the result of non-optimal XDC constraints or non-optimal design architecture
Related violations: <none>

TIMING-16#83 Warning
Large setup violation  
There is a large setup violation of -4.378 ns between ReRamSpm_i/reram_axilite_wrapper_0/inst/u_core/word_arrays[5].word_array_inst/cell_command_reg_reg[0]_rep/C (clocked by clk_fpga_0) and ReRamSpm_i/reram_axilite_wrapper_0/inst/axi_rdata_reg_reg[23]/CE (clocked by clk_fpga_0). Large setup violations at the end of those stages might be difficult to fix during the post-placement implementation flow and could be the result of non-optimal XDC constraints or non-optimal design architecture
Related violations: <none>

TIMING-16#84 Warning
Large setup violation  
There is a large setup violation of -4.409 ns between ReRamSpm_i/reram_axilite_wrapper_0/inst/u_core/word_arrays[5].word_array_inst/cell_command_reg_reg[0]_rep/C (clocked by clk_fpga_0) and ReRamSpm_i/reram_axilite_wrapper_0/inst/axi_rdata_reg_reg[19]/CE (clocked by clk_fpga_0). Large setup violations at the end of those stages might be difficult to fix during the post-placement implementation flow and could be the result of non-optimal XDC constraints or non-optimal design architecture
Related violations: <none>

TIMING-16#85 Warning
Large setup violation  
There is a large setup violation of -4.409 ns between ReRamSpm_i/reram_axilite_wrapper_0/inst/u_core/word_arrays[5].word_array_inst/cell_command_reg_reg[0]_rep/C (clocked by clk_fpga_0) and ReRamSpm_i/reram_axilite_wrapper_0/inst/axi_rdata_reg_reg[20]/CE (clocked by clk_fpga_0). Large setup violations at the end of those stages might be difficult to fix during the post-placement implementation flow and could be the result of non-optimal XDC constraints or non-optimal design architecture
Related violations: <none>

TIMING-16#86 Warning
Large setup violation  
There is a large setup violation of -4.546 ns between ReRamSpm_i/reram_axilite_wrapper_0/inst/u_core/word_arrays[5].word_array_inst/cell_command_reg_reg[0]_rep/C (clocked by clk_fpga_0) and ReRamSpm_i/reram_axilite_wrapper_0/inst/axi_rdata_reg_reg[18]/CE (clocked by clk_fpga_0). Large setup violations at the end of those stages might be difficult to fix during the post-placement implementation flow and could be the result of non-optimal XDC constraints or non-optimal design architecture
Related violations: <none>

TIMING-16#87 Warning
Large setup violation  
There is a large setup violation of -4.546 ns between ReRamSpm_i/reram_axilite_wrapper_0/inst/u_core/word_arrays[5].word_array_inst/cell_command_reg_reg[0]_rep/C (clocked by clk_fpga_0) and ReRamSpm_i/reram_axilite_wrapper_0/inst/axi_rdata_reg_reg[21]/CE (clocked by clk_fpga_0). Large setup violations at the end of those stages might be difficult to fix during the post-placement implementation flow and could be the result of non-optimal XDC constraints or non-optimal design architecture
Related violations: <none>

TIMING-16#88 Warning
Large setup violation  
There is a large setup violation of -4.583 ns between ReRamSpm_i/reram_axilite_wrapper_0/inst/u_core/word_arrays[5].word_array_inst/cell_command_reg_reg[0]_rep/C (clocked by clk_fpga_0) and ReRamSpm_i/reram_axilite_wrapper_0/inst/axi_rdata_reg_reg[2]/CE (clocked by clk_fpga_0). Large setup violations at the end of those stages might be difficult to fix during the post-placement implementation flow and could be the result of non-optimal XDC constraints or non-optimal design architecture
Related violations: <none>

TIMING-16#89 Warning
Large setup violation  
There is a large setup violation of -4.588 ns between ReRamSpm_i/reram_axilite_wrapper_0/inst/u_core/word_arrays[5].word_array_inst/cell_command_reg_reg[0]_rep/C (clocked by clk_fpga_0) and ReRamSpm_i/reram_axilite_wrapper_0/inst/axi_rdata_reg_reg[17]/CE (clocked by clk_fpga_0). Large setup violations at the end of those stages might be difficult to fix during the post-placement implementation flow and could be the result of non-optimal XDC constraints or non-optimal design architecture
Related violations: <none>

TIMING-16#90 Warning
Large setup violation  
There is a large setup violation of -4.621 ns between ReRamSpm_i/reram_axilite_wrapper_0/inst/u_core/word_arrays[5].word_array_inst/cell_command_reg_reg[0]_rep/C (clocked by clk_fpga_0) and ReRamSpm_i/reram_axilite_wrapper_0/inst/axi_rdata_reg_reg[16]/CE (clocked by clk_fpga_0). Large setup violations at the end of those stages might be difficult to fix during the post-placement implementation flow and could be the result of non-optimal XDC constraints or non-optimal design architecture
Related violations: <none>

TIMING-16#91 Warning
Large setup violation  
There is a large setup violation of -4.657 ns between ReRamSpm_i/reram_axilite_wrapper_0/inst/u_core/word_arrays[5].word_array_inst/cell_command_reg_reg[0]_rep/C (clocked by clk_fpga_0) and ReRamSpm_i/reram_axilite_wrapper_0/inst/axi_rdata_reg_reg[1]/CE (clocked by clk_fpga_0). Large setup violations at the end of those stages might be difficult to fix during the post-placement implementation flow and could be the result of non-optimal XDC constraints or non-optimal design architecture
Related violations: <none>

TIMING-16#92 Warning
Large setup violation  
There is a large setup violation of -4.720 ns between ReRamSpm_i/reram_axilite_wrapper_0/inst/u_core/word_arrays[5].word_array_inst/cell_command_reg_reg[0]_rep/C (clocked by clk_fpga_0) and ReRamSpm_i/reram_axilite_wrapper_0/inst/axi_rdata_reg_reg[3]/CE (clocked by clk_fpga_0). Large setup violations at the end of those stages might be difficult to fix during the post-placement implementation flow and could be the result of non-optimal XDC constraints or non-optimal design architecture
Related violations: <none>

TIMING-16#93 Warning
Large setup violation  
There is a large setup violation of -4.725 ns between ReRamSpm_i/reram_axilite_wrapper_0/inst/u_core/word_arrays[5].word_array_inst/cell_command_reg_reg[0]_rep/C (clocked by clk_fpga_0) and ReRamSpm_i/reram_axilite_wrapper_0/inst/axi_rdata_reg_reg[0]/CE (clocked by clk_fpga_0). Large setup violations at the end of those stages might be difficult to fix during the post-placement implementation flow and could be the result of non-optimal XDC constraints or non-optimal design architecture
Related violations: <none>

TIMING-16#94 Warning
Large setup violation  
There is a large setup violation of -4.725 ns between ReRamSpm_i/reram_axilite_wrapper_0/inst/u_core/word_arrays[5].word_array_inst/cell_command_reg_reg[0]_rep/C (clocked by clk_fpga_0) and ReRamSpm_i/reram_axilite_wrapper_0/inst/axi_rdata_reg_reg[4]/CE (clocked by clk_fpga_0). Large setup violations at the end of those stages might be difficult to fix during the post-placement implementation flow and could be the result of non-optimal XDC constraints or non-optimal design architecture
Related violations: <none>

TIMING-16#95 Warning
Large setup violation  
There is a large setup violation of -4.750 ns between ReRamSpm_i/reram_axilite_wrapper_0/inst/u_core/word_arrays[5].word_array_inst/cell_command_reg_reg[0]_rep/C (clocked by clk_fpga_0) and ReRamSpm_i/reram_axilite_wrapper_0/inst/axi_rdata_reg_reg[5]/CE (clocked by clk_fpga_0). Large setup violations at the end of those stages might be difficult to fix during the post-placement implementation flow and could be the result of non-optimal XDC constraints or non-optimal design architecture
Related violations: <none>

TIMING-16#96 Warning
Large setup violation  
There is a large setup violation of -4.776 ns between ReRamSpm_i/reram_axilite_wrapper_0/inst/u_core/word_arrays[5].word_array_inst/cell_command_reg_reg[0]_rep/C (clocked by clk_fpga_0) and ReRamSpm_i/reram_axilite_wrapper_0/inst/axi_rdata_reg_reg[6]/CE (clocked by clk_fpga_0). Large setup violations at the end of those stages might be difficult to fix during the post-placement implementation flow and could be the result of non-optimal XDC constraints or non-optimal design architecture
Related violations: <none>

TIMING-16#97 Warning
Large setup violation  
There is a large setup violation of -4.865 ns between ReRamSpm_i/reram_axilite_wrapper_0/inst/u_core/word_arrays[5].word_array_inst/cell_command_reg_reg[0]_rep/C (clocked by clk_fpga_0) and ReRamSpm_i/reram_axilite_wrapper_0/inst/axi_rdata_reg_reg[7]/CE (clocked by clk_fpga_0). Large setup violations at the end of those stages might be difficult to fix during the post-placement implementation flow and could be the result of non-optimal XDC constraints or non-optimal design architecture
Related violations: <none>

TIMING-16#98 Warning
Large setup violation  
There is a large setup violation of -4.876 ns between ReRamSpm_i/reram_axilite_wrapper_0/inst/u_core/word_arrays[5].word_array_inst/cell_command_reg_reg[0]_rep/C (clocked by clk_fpga_0) and ReRamSpm_i/reram_axilite_wrapper_0/inst/axi_rdata_reg_reg[8]/CE (clocked by clk_fpga_0). Large setup violations at the end of those stages might be difficult to fix during the post-placement implementation flow and could be the result of non-optimal XDC constraints or non-optimal design architecture
Related violations: <none>

TIMING-16#99 Warning
Large setup violation  
There is a large setup violation of -4.968 ns between ReRamSpm_i/reram_axilite_wrapper_0/inst/u_core/word_arrays[5].word_array_inst/cell_command_reg_reg[0]_rep/C (clocked by clk_fpga_0) and ReRamSpm_i/reram_axilite_wrapper_0/inst/axi_rdata_reg_reg[10]/CE (clocked by clk_fpga_0). Large setup violations at the end of those stages might be difficult to fix during the post-placement implementation flow and could be the result of non-optimal XDC constraints or non-optimal design architecture
Related violations: <none>

TIMING-16#100 Warning
Large setup violation  
There is a large setup violation of -4.968 ns between ReRamSpm_i/reram_axilite_wrapper_0/inst/u_core/word_arrays[5].word_array_inst/cell_command_reg_reg[0]_rep/C (clocked by clk_fpga_0) and ReRamSpm_i/reram_axilite_wrapper_0/inst/axi_rdata_reg_reg[13]/CE (clocked by clk_fpga_0). Large setup violations at the end of those stages might be difficult to fix during the post-placement implementation flow and could be the result of non-optimal XDC constraints or non-optimal design architecture
Related violations: <none>

TIMING-16#101 Warning
Large setup violation  
There is a large setup violation of -4.996 ns between ReRamSpm_i/reram_axilite_wrapper_0/inst/u_core/word_arrays[5].word_array_inst/cell_command_reg_reg[0]_rep/C (clocked by clk_fpga_0) and ReRamSpm_i/reram_axilite_wrapper_0/inst/axi_rdata_reg_reg[15]/CE (clocked by clk_fpga_0). Large setup violations at the end of those stages might be difficult to fix during the post-placement implementation flow and could be the result of non-optimal XDC constraints or non-optimal design architecture
Related violations: <none>

TIMING-16#102 Warning
Large setup violation  
There is a large setup violation of -5.017 ns between ReRamSpm_i/reram_axilite_wrapper_0/inst/u_core/word_arrays[5].word_array_inst/cell_command_reg_reg[0]_rep/C (clocked by clk_fpga_0) and ReRamSpm_i/reram_axilite_wrapper_0/inst/axi_rdata_reg_reg[9]/CE (clocked by clk_fpga_0). Large setup violations at the end of those stages might be difficult to fix during the post-placement implementation flow and could be the result of non-optimal XDC constraints or non-optimal design architecture
Related violations: <none>

TIMING-16#103 Warning
Large setup violation  
There is a large setup violation of -5.044 ns between ReRamSpm_i/reram_axilite_wrapper_0/inst/u_core/word_arrays[5].word_array_inst/cell_command_reg_reg[0]_rep/C (clocked by clk_fpga_0) and ReRamSpm_i/reram_axilite_wrapper_0/inst/axi_rdata_reg_reg[11]/CE (clocked by clk_fpga_0). Large setup violations at the end of those stages might be difficult to fix during the post-placement implementation flow and could be the result of non-optimal XDC constraints or non-optimal design architecture
Related violations: <none>

TIMING-16#104 Warning
Large setup violation  
There is a large setup violation of -5.076 ns between ReRamSpm_i/reram_axilite_wrapper_0/inst/u_core/word_arrays[5].word_array_inst/cell_command_reg_reg[0]_rep/C (clocked by clk_fpga_0) and ReRamSpm_i/reram_axilite_wrapper_0/inst/axi_rdata_reg_reg[12]/CE (clocked by clk_fpga_0). Large setup violations at the end of those stages might be difficult to fix during the post-placement implementation flow and could be the result of non-optimal XDC constraints or non-optimal design architecture
Related violations: <none>

TIMING-16#105 Warning
Large setup violation  
There is a large setup violation of -5.093 ns between ReRamSpm_i/reram_axilite_wrapper_0/inst/u_core/word_arrays[5].word_array_inst/cell_command_reg_reg[0]_rep/C (clocked by clk_fpga_0) and ReRamSpm_i/reram_axilite_wrapper_0/inst/axi_rdata_reg_reg[14]/CE (clocked by clk_fpga_0). Large setup violations at the end of those stages might be difficult to fix during the post-placement implementation flow and could be the result of non-optimal XDC constraints or non-optimal design architecture
Related violations: <none>

TIMING-16#106 Warning
Large setup violation  
There is a large setup violation of -59.433 ns between ReRamSpm_i/reram_axilite_wrapper_0/inst/u_core/word_arrays[3].word_array_inst/cell_instances[1].cell_inst/write_counter_reg[2]/C (clocked by clk_fpga_0) and ReRamSpm_i/reram_axilite_wrapper_0/inst/axi_rdata_reg_reg[25]/D (clocked by clk_fpga_0). Large setup violations at the end of those stages might be difficult to fix during the post-placement implementation flow and could be the result of non-optimal XDC constraints or non-optimal design architecture
Related violations: <none>

TIMING-16#107 Warning
Large setup violation  
There is a large setup violation of -59.525 ns between ReRamSpm_i/reram_axilite_wrapper_0/inst/u_core/word_arrays[15].word_array_inst/cell_instances[0].cell_inst/write_counter_reg[2]/C (clocked by clk_fpga_0) and ReRamSpm_i/reram_axilite_wrapper_0/inst/axi_rdata_reg_reg[27]/D (clocked by clk_fpga_0). Large setup violations at the end of those stages might be difficult to fix during the post-placement implementation flow and could be the result of non-optimal XDC constraints or non-optimal design architecture
Related violations: <none>

TIMING-16#108 Warning
Large setup violation  
There is a large setup violation of -59.565 ns between ReRamSpm_i/reram_axilite_wrapper_0/inst/u_core/word_arrays[3].word_array_inst/cell_instances[1].cell_inst/write_counter_reg[2]/C (clocked by clk_fpga_0) and ReRamSpm_i/reram_axilite_wrapper_0/inst/axi_rdata_reg_reg[29]/D (clocked by clk_fpga_0). Large setup violations at the end of those stages might be difficult to fix during the post-placement implementation flow and could be the result of non-optimal XDC constraints or non-optimal design architecture
Related violations: <none>

TIMING-16#109 Warning
Large setup violation  
There is a large setup violation of -59.796 ns between ReRamSpm_i/reram_axilite_wrapper_0/inst/u_core/word_arrays[3].word_array_inst/cell_instances[1].cell_inst/write_counter_reg[2]/C (clocked by clk_fpga_0) and ReRamSpm_i/reram_axilite_wrapper_0/inst/axi_rdata_reg_reg[30]/D (clocked by clk_fpga_0). Large setup violations at the end of those stages might be difficult to fix during the post-placement implementation flow and could be the result of non-optimal XDC constraints or non-optimal design architecture
Related violations: <none>

TIMING-16#110 Warning
Large setup violation  
There is a large setup violation of -59.815 ns between ReRamSpm_i/reram_axilite_wrapper_0/inst/u_core/word_arrays[4].word_array_inst/cell_instances[1].cell_inst/write_counter_reg[1]/C (clocked by clk_fpga_0) and ReRamSpm_i/reram_axilite_wrapper_0/inst/axi_rdata_reg_reg[5]/D (clocked by clk_fpga_0). Large setup violations at the end of those stages might be difficult to fix during the post-placement implementation flow and could be the result of non-optimal XDC constraints or non-optimal design architecture
Related violations: <none>

TIMING-16#111 Warning
Large setup violation  
There is a large setup violation of -59.854 ns between ReRamSpm_i/reram_axilite_wrapper_0/inst/u_core/word_arrays[3].word_array_inst/cell_instances[1].cell_inst/write_counter_reg[2]/C (clocked by clk_fpga_0) and ReRamSpm_i/reram_axilite_wrapper_0/inst/axi_rdata_reg_reg[26]/D (clocked by clk_fpga_0). Large setup violations at the end of those stages might be difficult to fix during the post-placement implementation flow and could be the result of non-optimal XDC constraints or non-optimal design architecture
Related violations: <none>

TIMING-16#112 Warning
Large setup violation  
There is a large setup violation of -59.896 ns between ReRamSpm_i/reram_axilite_wrapper_0/inst/u_core/word_arrays[15].word_array_inst/cell_instances[0].cell_inst/write_counter_reg[2]/C (clocked by clk_fpga_0) and ReRamSpm_i/reram_axilite_wrapper_0/inst/axi_rdata_reg_reg[24]/D (clocked by clk_fpga_0). Large setup violations at the end of those stages might be difficult to fix during the post-placement implementation flow and could be the result of non-optimal XDC constraints or non-optimal design architecture
Related violations: <none>

TIMING-16#113 Warning
Large setup violation  
There is a large setup violation of -59.958 ns between ReRamSpm_i/reram_axilite_wrapper_0/inst/u_core/word_arrays[4].word_array_inst/cell_instances[1].cell_inst/write_counter_reg[1]/C (clocked by clk_fpga_0) and ReRamSpm_i/reram_axilite_wrapper_0/inst/axi_rdata_reg_reg[3]/D (clocked by clk_fpga_0). Large setup violations at the end of those stages might be difficult to fix during the post-placement implementation flow and could be the result of non-optimal XDC constraints or non-optimal design architecture
Related violations: <none>

TIMING-16#114 Warning
Large setup violation  
There is a large setup violation of -59.998 ns between ReRamSpm_i/reram_axilite_wrapper_0/inst/u_core/word_arrays[3].word_array_inst/cell_instances[1].cell_inst/write_counter_reg[2]/C (clocked by clk_fpga_0) and ReRamSpm_i/reram_axilite_wrapper_0/inst/axi_rdata_reg_reg[31]/D (clocked by clk_fpga_0). Large setup violations at the end of those stages might be difficult to fix during the post-placement implementation flow and could be the result of non-optimal XDC constraints or non-optimal design architecture
Related violations: <none>

TIMING-16#115 Warning
Large setup violation  
There is a large setup violation of -60.001 ns between ReRamSpm_i/reram_axilite_wrapper_0/inst/u_core/word_arrays[12].word_array_inst/cell_instances[0].cell_inst/write_counter_reg[7]/C (clocked by clk_fpga_0) and ReRamSpm_i/reram_axilite_wrapper_0/inst/axi_rdata_reg_reg[1]/D (clocked by clk_fpga_0). Large setup violations at the end of those stages might be difficult to fix during the post-placement implementation flow and could be the result of non-optimal XDC constraints or non-optimal design architecture
Related violations: <none>

TIMING-16#116 Warning
Large setup violation  
There is a large setup violation of -60.049 ns between ReRamSpm_i/reram_axilite_wrapper_0/inst/u_core/word_arrays[3].word_array_inst/cell_instances[1].cell_inst/write_counter_reg[2]/C (clocked by clk_fpga_0) and ReRamSpm_i/reram_axilite_wrapper_0/inst/axi_rdata_reg_reg[28]/D (clocked by clk_fpga_0). Large setup violations at the end of those stages might be difficult to fix during the post-placement implementation flow and could be the result of non-optimal XDC constraints or non-optimal design architecture
Related violations: <none>

TIMING-16#117 Warning
Large setup violation  
There is a large setup violation of -60.248 ns between ReRamSpm_i/reram_axilite_wrapper_0/inst/u_core/word_arrays[12].word_array_inst/cell_instances[0].cell_inst/write_counter_reg[7]/C (clocked by clk_fpga_0) and ReRamSpm_i/reram_axilite_wrapper_0/inst/axi_rdata_reg_reg[6]/D (clocked by clk_fpga_0). Large setup violations at the end of those stages might be difficult to fix during the post-placement implementation flow and could be the result of non-optimal XDC constraints or non-optimal design architecture
Related violations: <none>

TIMING-16#118 Warning
Large setup violation  
There is a large setup violation of -60.291 ns between ReRamSpm_i/reram_axilite_wrapper_0/inst/u_core/word_arrays[12].word_array_inst/cell_instances[0].cell_inst/write_counter_reg[7]/C (clocked by clk_fpga_0) and ReRamSpm_i/reram_axilite_wrapper_0/inst/axi_rdata_reg_reg[4]/D (clocked by clk_fpga_0). Large setup violations at the end of those stages might be difficult to fix during the post-placement implementation flow and could be the result of non-optimal XDC constraints or non-optimal design architecture
Related violations: <none>

TIMING-16#119 Warning
Large setup violation  
There is a large setup violation of -60.309 ns between ReRamSpm_i/reram_axilite_wrapper_0/inst/u_core/word_arrays[1].word_array_inst/cell_instances[0].cell_inst/write_counter_reg[1]/C (clocked by clk_fpga_0) and ReRamSpm_i/reram_axilite_wrapper_0/inst/axi_rdata_reg_reg[9]/D (clocked by clk_fpga_0). Large setup violations at the end of those stages might be difficult to fix during the post-placement implementation flow and could be the result of non-optimal XDC constraints or non-optimal design architecture
Related violations: <none>

TIMING-16#120 Warning
Large setup violation  
There is a large setup violation of -60.396 ns between ReRamSpm_i/reram_axilite_wrapper_0/inst/u_core/word_arrays[12].word_array_inst/cell_instances[0].cell_inst/write_counter_reg[7]/C (clocked by clk_fpga_0) and ReRamSpm_i/reram_axilite_wrapper_0/inst/axi_rdata_reg_reg[7]/D (clocked by clk_fpga_0). Large setup violations at the end of those stages might be difficult to fix during the post-placement implementation flow and could be the result of non-optimal XDC constraints or non-optimal design architecture
Related violations: <none>

TIMING-16#121 Warning
Large setup violation  
There is a large setup violation of -60.429 ns between ReRamSpm_i/reram_axilite_wrapper_0/inst/u_core/word_arrays[12].word_array_inst/cell_instances[0].cell_inst/write_counter_reg[7]/C (clocked by clk_fpga_0) and ReRamSpm_i/reram_axilite_wrapper_0/inst/axi_rdata_reg_reg[2]/D (clocked by clk_fpga_0). Large setup violations at the end of those stages might be difficult to fix during the post-placement implementation flow and could be the result of non-optimal XDC constraints or non-optimal design architecture
Related violations: <none>

TIMING-16#122 Warning
Large setup violation  
There is a large setup violation of -60.477 ns between ReRamSpm_i/reram_axilite_wrapper_0/inst/u_core/word_arrays[12].word_array_inst/cell_instances[0].cell_inst/write_counter_reg[7]/C (clocked by clk_fpga_0) and ReRamSpm_i/reram_axilite_wrapper_0/inst/axi_rdata_reg_reg[0]/D (clocked by clk_fpga_0). Large setup violations at the end of those stages might be difficult to fix during the post-placement implementation flow and could be the result of non-optimal XDC constraints or non-optimal design architecture
Related violations: <none>

TIMING-16#123 Warning
Large setup violation  
There is a large setup violation of -60.628 ns between ReRamSpm_i/reram_axilite_wrapper_0/inst/u_core/word_arrays[1].word_array_inst/cell_instances[0].cell_inst/write_counter_reg[1]/C (clocked by clk_fpga_0) and ReRamSpm_i/reram_axilite_wrapper_0/inst/axi_rdata_reg_reg[10]/D (clocked by clk_fpga_0). Large setup violations at the end of those stages might be difficult to fix during the post-placement implementation flow and could be the result of non-optimal XDC constraints or non-optimal design architecture
Related violations: <none>

TIMING-16#124 Warning
Large setup violation  
There is a large setup violation of -60.679 ns between ReRamSpm_i/reram_axilite_wrapper_0/inst/u_core/word_arrays[1].word_array_inst/cell_instances[0].cell_inst/write_counter_reg[1]/C (clocked by clk_fpga_0) and ReRamSpm_i/reram_axilite_wrapper_0/inst/axi_rdata_reg_reg[8]/D (clocked by clk_fpga_0). Large setup violations at the end of those stages might be difficult to fix during the post-placement implementation flow and could be the result of non-optimal XDC constraints or non-optimal design architecture
Related violations: <none>

TIMING-16#125 Warning
Large setup violation  
There is a large setup violation of -60.720 ns between ReRamSpm_i/reram_axilite_wrapper_0/inst/u_core/word_arrays[10].word_array_inst/cell_instances[0].cell_inst/write_counter_reg[5]/C (clocked by clk_fpga_0) and ReRamSpm_i/reram_axilite_wrapper_0/inst/axi_rdata_reg_reg[18]/D (clocked by clk_fpga_0). Large setup violations at the end of those stages might be difficult to fix during the post-placement implementation flow and could be the result of non-optimal XDC constraints or non-optimal design architecture
Related violations: <none>

TIMING-16#126 Warning
Large setup violation  
There is a large setup violation of -60.727 ns between ReRamSpm_i/reram_axilite_wrapper_0/inst/u_core/word_arrays[10].word_array_inst/cell_instances[0].cell_inst/write_counter_reg[5]/C (clocked by clk_fpga_0) and ReRamSpm_i/reram_axilite_wrapper_0/inst/axi_rdata_reg_reg[17]/D (clocked by clk_fpga_0). Large setup violations at the end of those stages might be difficult to fix during the post-placement implementation flow and could be the result of non-optimal XDC constraints or non-optimal design architecture
Related violations: <none>

TIMING-16#127 Warning
Large setup violation  
There is a large setup violation of -60.750 ns between ReRamSpm_i/reram_axilite_wrapper_0/inst/u_core/word_arrays[1].word_array_inst/cell_instances[0].cell_inst/write_counter_reg[1]/C (clocked by clk_fpga_0) and ReRamSpm_i/reram_axilite_wrapper_0/inst/axi_rdata_reg_reg[13]/D (clocked by clk_fpga_0). Large setup violations at the end of those stages might be difficult to fix during the post-placement implementation flow and could be the result of non-optimal XDC constraints or non-optimal design architecture
Related violations: <none>

TIMING-16#128 Warning
Large setup violation  
There is a large setup violation of -60.779 ns between ReRamSpm_i/reram_axilite_wrapper_0/inst/u_core/word_arrays[1].word_array_inst/cell_instances[0].cell_inst/write_counter_reg[1]/C (clocked by clk_fpga_0) and ReRamSpm_i/reram_axilite_wrapper_0/inst/axi_rdata_reg_reg[11]/D (clocked by clk_fpga_0). Large setup violations at the end of those stages might be difficult to fix during the post-placement implementation flow and could be the result of non-optimal XDC constraints or non-optimal design architecture
Related violations: <none>

TIMING-16#129 Warning
Large setup violation  
There is a large setup violation of -60.825 ns between ReRamSpm_i/reram_axilite_wrapper_0/inst/u_core/word_arrays[10].word_array_inst/cell_instances[0].cell_inst/write_counter_reg[5]/C (clocked by clk_fpga_0) and ReRamSpm_i/reram_axilite_wrapper_0/inst/axi_rdata_reg_reg[22]/D (clocked by clk_fpga_0). Large setup violations at the end of those stages might be difficult to fix during the post-placement implementation flow and could be the result of non-optimal XDC constraints or non-optimal design architecture
Related violations: <none>

TIMING-16#130 Warning
Large setup violation  
There is a large setup violation of -60.875 ns between ReRamSpm_i/reram_axilite_wrapper_0/inst/u_core/word_arrays[10].word_array_inst/cell_instances[0].cell_inst/write_counter_reg[5]/C (clocked by clk_fpga_0) and ReRamSpm_i/reram_axilite_wrapper_0/inst/axi_rdata_reg_reg[20]/D (clocked by clk_fpga_0). Large setup violations at the end of those stages might be difficult to fix during the post-placement implementation flow and could be the result of non-optimal XDC constraints or non-optimal design architecture
Related violations: <none>

TIMING-16#131 Warning
Large setup violation  
There is a large setup violation of -60.891 ns between ReRamSpm_i/reram_axilite_wrapper_0/inst/u_core/word_arrays[1].word_array_inst/cell_instances[0].cell_inst/write_counter_reg[1]/C (clocked by clk_fpga_0) and ReRamSpm_i/reram_axilite_wrapper_0/inst/axi_rdata_reg_reg[12]/D (clocked by clk_fpga_0). Large setup violations at the end of those stages might be difficult to fix during the post-placement implementation flow and could be the result of non-optimal XDC constraints or non-optimal design architecture
Related violations: <none>

TIMING-16#132 Warning
Large setup violation  
There is a large setup violation of -60.900 ns between ReRamSpm_i/reram_axilite_wrapper_0/inst/u_core/word_arrays[10].word_array_inst/cell_instances[0].cell_inst/write_counter_reg[5]/C (clocked by clk_fpga_0) and ReRamSpm_i/reram_axilite_wrapper_0/inst/axi_rdata_reg_reg[19]/D (clocked by clk_fpga_0). Large setup violations at the end of those stages might be difficult to fix during the post-placement implementation flow and could be the result of non-optimal XDC constraints or non-optimal design architecture
Related violations: <none>

TIMING-16#133 Warning
Large setup violation  
There is a large setup violation of -60.940 ns between ReRamSpm_i/reram_axilite_wrapper_0/inst/u_core/word_arrays[10].word_array_inst/cell_instances[0].cell_inst/write_counter_reg[5]/C (clocked by clk_fpga_0) and ReRamSpm_i/reram_axilite_wrapper_0/inst/axi_rdata_reg_reg[16]/D (clocked by clk_fpga_0). Large setup violations at the end of those stages might be difficult to fix during the post-placement implementation flow and could be the result of non-optimal XDC constraints or non-optimal design architecture
Related violations: <none>

TIMING-16#134 Warning
Large setup violation  
There is a large setup violation of -61.052 ns between ReRamSpm_i/reram_axilite_wrapper_0/inst/u_core/word_arrays[10].word_array_inst/cell_instances[0].cell_inst/write_counter_reg[5]/C (clocked by clk_fpga_0) and ReRamSpm_i/reram_axilite_wrapper_0/inst/axi_rdata_reg_reg[23]/D (clocked by clk_fpga_0). Large setup violations at the end of those stages might be difficult to fix during the post-placement implementation flow and could be the result of non-optimal XDC constraints or non-optimal design architecture
Related violations: <none>

TIMING-16#135 Warning
Large setup violation  
There is a large setup violation of -61.118 ns between ReRamSpm_i/reram_axilite_wrapper_0/inst/u_core/word_arrays[1].word_array_inst/cell_instances[0].cell_inst/write_counter_reg[1]/C (clocked by clk_fpga_0) and ReRamSpm_i/reram_axilite_wrapper_0/inst/axi_rdata_reg_reg[15]/D (clocked by clk_fpga_0). Large setup violations at the end of those stages might be difficult to fix during the post-placement implementation flow and could be the result of non-optimal XDC constraints or non-optimal design architecture
Related violations: <none>

TIMING-16#136 Warning
Large setup violation  
There is a large setup violation of -61.130 ns between ReRamSpm_i/reram_axilite_wrapper_0/inst/u_core/word_arrays[10].word_array_inst/cell_instances[0].cell_inst/write_counter_reg[5]/C (clocked by clk_fpga_0) and ReRamSpm_i/reram_axilite_wrapper_0/inst/axi_rdata_reg_reg[21]/D (clocked by clk_fpga_0). Large setup violations at the end of those stages might be difficult to fix during the post-placement implementation flow and could be the result of non-optimal XDC constraints or non-optimal design architecture
Related violations: <none>

TIMING-16#137 Warning
Large setup violation  
There is a large setup violation of -61.160 ns between ReRamSpm_i/reram_axilite_wrapper_0/inst/u_core/word_arrays[1].word_array_inst/cell_instances[0].cell_inst/write_counter_reg[1]/C (clocked by clk_fpga_0) and ReRamSpm_i/reram_axilite_wrapper_0/inst/axi_rdata_reg_reg[14]/D (clocked by clk_fpga_0). Large setup violations at the end of those stages might be difficult to fix during the post-placement implementation flow and could be the result of non-optimal XDC constraints or non-optimal design architecture
Related violations: <none>


