
*** Running vivado
    with args -log DesignForPStoReg_simple_reg_0_0.vds -m64 -product Vivado -mode batch -messageDb vivado.pb -notrace -source DesignForPStoReg_simple_reg_0_0.tcl


****** Vivado v2018.1 (64-bit)
  **** SW Build 2188600 on Wed Apr  4 18:40:38 MDT 2018
  **** IP Build 2185939 on Wed Apr  4 20:55:05 MDT 2018
    ** Copyright 1986-2018 Xilinx, Inc. All Rights Reserved.

source DesignForPStoReg_simple_reg_0_0.tcl -notrace
Command: synth_design -top DesignForPStoReg_simple_reg_0_0 -part xc7z020clg400-1 -mode out_of_context
Starting synth_design
Attempting to get a license for feature 'Synthesis' and/or device 'xc7z020'
INFO: [Common 17-349] Got license for feature 'Synthesis' and/or device 'xc7z020'
INFO: Launching helper process for spawning children vivado processes
INFO: Helper process launched with PID 16956 
---------------------------------------------------------------------------------
Starting RTL Elaboration : Time (s): cpu = 00:00:04 ; elapsed = 00:00:04 . Memory (MB): peak = 394.020 ; gain = 99.527
---------------------------------------------------------------------------------
INFO: [Synth 8-6157] synthesizing module 'DesignForPStoReg_simple_reg_0_0' [c:/Users/hrish/Downloads/ReRAM_Thesis/Project Folder/EightBitRegisterMemory/EightBitRegisterMemory.srcs/sources_1/bd/DesignForPStoReg/ip/DesignForPStoReg_simple_reg_0_0/synth/DesignForPStoReg_simple_reg_0_0.v:57]
INFO: [Synth 8-6157] synthesizing module 'simple_reg_v1_0' [c:/Users/hrish/Downloads/ReRAM_Thesis/Project Folder/EightBitRegisterMemory/EightBitRegisterMemory.srcs/sources_1/bd/DesignForPStoReg/ipshared/b0dc/hdl/simple_reg_v1_0.v:4]
	Parameter C_S00_AXI_DATA_WIDTH bound to: 32 - type: integer 
	Parameter C_S00_AXI_ADDR_WIDTH bound to: 4 - type: integer 
INFO: [Synth 8-6157] synthesizing module 'simple_reg_v1_0_S00_AXI' [c:/Users/hrish/Downloads/ReRAM_Thesis/Project Folder/EightBitRegisterMemory/EightBitRegisterMemory.srcs/sources_1/bd/DesignForPStoReg/ipshared/b0dc/hdl/simple_reg_v1_0_S00_AXI.v:8]
	Parameter C_S_AXI_DATA_WIDTH bound to: 32 - type: integer 
	Parameter C_S_AXI_ADDR_WIDTH bound to: 4 - type: integer 
	Parameter ADDR_LSB bound to: 2 - type: integer 
	Parameter OPT_MEM_ADDR_BITS bound to: 0 - type: integer 
WARNING: [Synth 8-6014] Unused sequential element axi_awaddr_reg was removed.  [c:/Users/hrish/Downloads/ReRAM_Thesis/Project Folder/EightBitRegisterMemory/EightBitRegisterMemory.srcs/sources_1/bd/DesignForPStoReg/ipshared/b0dc/hdl/simple_reg_v1_0_S00_AXI.v:93]
WARNING: [Synth 8-6014] Unused sequential element axi_araddr_reg was removed.  [c:/Users/hrish/Downloads/ReRAM_Thesis/Project Folder/EightBitRegisterMemory/EightBitRegisterMemory.srcs/sources_1/bd/DesignForPStoReg/ipshared/b0dc/hdl/simple_reg_v1_0_S00_AXI.v:136]
INFO: [Synth 8-6155] done synthesizing module 'simple_reg_v1_0_S00_AXI' (1#1) [c:/Users/hrish/Downloads/ReRAM_Thesis/Project Folder/EightBitRegisterMemory/EightBitRegisterMemory.srcs/sources_1/bd/DesignForPStoReg/ipshared/b0dc/hdl/simple_reg_v1_0_S00_AXI.v:8]
INFO: [Synth 8-6155] done synthesizing module 'simple_reg_v1_0' (2#1) [c:/Users/hrish/Downloads/ReRAM_Thesis/Project Folder/EightBitRegisterMemory/EightBitRegisterMemory.srcs/sources_1/bd/DesignForPStoReg/ipshared/b0dc/hdl/simple_reg_v1_0.v:4]
INFO: [Synth 8-6155] done synthesizing module 'DesignForPStoReg_simple_reg_0_0' (3#1) [c:/Users/hrish/Downloads/ReRAM_Thesis/Project Folder/EightBitRegisterMemory/EightBitRegisterMemory.srcs/sources_1/bd/DesignForPStoReg/ip/DesignForPStoReg_simple_reg_0_0/synth/DesignForPStoReg_simple_reg_0_0.v:57]
WARNING: [Synth 8-3331] design simple_reg_v1_0_S00_AXI has unconnected port S_AXI_AWADDR[3]
WARNING: [Synth 8-3331] design simple_reg_v1_0_S00_AXI has unconnected port S_AXI_AWADDR[2]
WARNING: [Synth 8-3331] design simple_reg_v1_0_S00_AXI has unconnected port S_AXI_AWADDR[1]
WARNING: [Synth 8-3331] design simple_reg_v1_0_S00_AXI has unconnected port S_AXI_AWADDR[0]
WARNING: [Synth 8-3331] design simple_reg_v1_0_S00_AXI has unconnected port S_AXI_AWPROT[2]
WARNING: [Synth 8-3331] design simple_reg_v1_0_S00_AXI has unconnected port S_AXI_AWPROT[1]
WARNING: [Synth 8-3331] design simple_reg_v1_0_S00_AXI has unconnected port S_AXI_AWPROT[0]
WARNING: [Synth 8-3331] design simple_reg_v1_0_S00_AXI has unconnected port S_AXI_WDATA[31]
WARNING: [Synth 8-3331] design simple_reg_v1_0_S00_AXI has unconnected port S_AXI_WDATA[30]
WARNING: [Synth 8-3331] design simple_reg_v1_0_S00_AXI has unconnected port S_AXI_WDATA[29]
WARNING: [Synth 8-3331] design simple_reg_v1_0_S00_AXI has unconnected port S_AXI_WDATA[28]
WARNING: [Synth 8-3331] design simple_reg_v1_0_S00_AXI has unconnected port S_AXI_WDATA[27]
WARNING: [Synth 8-3331] design simple_reg_v1_0_S00_AXI has unconnected port S_AXI_WDATA[26]
WARNING: [Synth 8-3331] design simple_reg_v1_0_S00_AXI has unconnected port S_AXI_WDATA[25]
WARNING: [Synth 8-3331] design simple_reg_v1_0_S00_AXI has unconnected port S_AXI_WDATA[24]
WARNING: [Synth 8-3331] design simple_reg_v1_0_S00_AXI has unconnected port S_AXI_WDATA[23]
WARNING: [Synth 8-3331] design simple_reg_v1_0_S00_AXI has unconnected port S_AXI_WDATA[22]
WARNING: [Synth 8-3331] design simple_reg_v1_0_S00_AXI has unconnected port S_AXI_WDATA[21]
WARNING: [Synth 8-3331] design simple_reg_v1_0_S00_AXI has unconnected port S_AXI_WDATA[20]
WARNING: [Synth 8-3331] design simple_reg_v1_0_S00_AXI has unconnected port S_AXI_WDATA[19]
WARNING: [Synth 8-3331] design simple_reg_v1_0_S00_AXI has unconnected port S_AXI_WDATA[18]
WARNING: [Synth 8-3331] design simple_reg_v1_0_S00_AXI has unconnected port S_AXI_WDATA[17]
WARNING: [Synth 8-3331] design simple_reg_v1_0_S00_AXI has unconnected port S_AXI_WDATA[16]
WARNING: [Synth 8-3331] design simple_reg_v1_0_S00_AXI has unconnected port S_AXI_WDATA[15]
WARNING: [Synth 8-3331] design simple_reg_v1_0_S00_AXI has unconnected port S_AXI_WDATA[14]
WARNING: [Synth 8-3331] design simple_reg_v1_0_S00_AXI has unconnected port S_AXI_WDATA[13]
WARNING: [Synth 8-3331] design simple_reg_v1_0_S00_AXI has unconnected port S_AXI_WDATA[12]
WARNING: [Synth 8-3331] design simple_reg_v1_0_S00_AXI has unconnected port S_AXI_WDATA[11]
WARNING: [Synth 8-3331] design simple_reg_v1_0_S00_AXI has unconnected port S_AXI_WDATA[10]
WARNING: [Synth 8-3331] design simple_reg_v1_0_S00_AXI has unconnected port S_AXI_WDATA[9]
WARNING: [Synth 8-3331] design simple_reg_v1_0_S00_AXI has unconnected port S_AXI_WDATA[8]
WARNING: [Synth 8-3331] design simple_reg_v1_0_S00_AXI has unconnected port S_AXI_WSTRB[3]
WARNING: [Synth 8-3331] design simple_reg_v1_0_S00_AXI has unconnected port S_AXI_WSTRB[2]
WARNING: [Synth 8-3331] design simple_reg_v1_0_S00_AXI has unconnected port S_AXI_WSTRB[1]
WARNING: [Synth 8-3331] design simple_reg_v1_0_S00_AXI has unconnected port S_AXI_WSTRB[0]
WARNING: [Synth 8-3331] design simple_reg_v1_0_S00_AXI has unconnected port S_AXI_ARADDR[3]
WARNING: [Synth 8-3331] design simple_reg_v1_0_S00_AXI has unconnected port S_AXI_ARADDR[2]
WARNING: [Synth 8-3331] design simple_reg_v1_0_S00_AXI has unconnected port S_AXI_ARADDR[1]
WARNING: [Synth 8-3331] design simple_reg_v1_0_S00_AXI has unconnected port S_AXI_ARADDR[0]
WARNING: [Synth 8-3331] design simple_reg_v1_0_S00_AXI has unconnected port S_AXI_ARPROT[2]
WARNING: [Synth 8-3331] design simple_reg_v1_0_S00_AXI has unconnected port S_AXI_ARPROT[1]
WARNING: [Synth 8-3331] design simple_reg_v1_0_S00_AXI has unconnected port S_AXI_ARPROT[0]
---------------------------------------------------------------------------------
Finished RTL Elaboration : Time (s): cpu = 00:00:04 ; elapsed = 00:00:05 . Memory (MB): peak = 448.969 ; gain = 154.477
---------------------------------------------------------------------------------

Report Check Netlist: 
+------+------------------+-------+---------+-------+------------------+
|      |Item              |Errors |Warnings |Status |Description       |
+------+------------------+-------+---------+-------+------------------+
|1     |multi_driven_nets |      0|        0|Passed |Multi driven nets |
+------+------------------+-------+---------+-------+------------------+
---------------------------------------------------------------------------------
Start Handling Custom Attributes
---------------------------------------------------------------------------------
---------------------------------------------------------------------------------
Finished Handling Custom Attributes : Time (s): cpu = 00:00:04 ; elapsed = 00:00:05 . Memory (MB): peak = 448.969 ; gain = 154.477
---------------------------------------------------------------------------------
---------------------------------------------------------------------------------
Finished RTL Optimization Phase 1 : Time (s): cpu = 00:00:04 ; elapsed = 00:00:05 . Memory (MB): peak = 448.969 ; gain = 154.477
---------------------------------------------------------------------------------
INFO: [Device 21-403] Loading part xc7z020clg400-1
INFO: [Project 1-570] Preparing netlist for logic optimization

Processing XDC Constraints
Initializing timing engine
Completed Processing XDC Constraints

INFO: [Project 1-111] Unisim Transformation Summary:
No Unisim elements were transformed.

Constraint Validation Runtime : Time (s): cpu = 00:00:00 ; elapsed = 00:00:00.017 . Memory (MB): peak = 792.059 ; gain = 0.000
---------------------------------------------------------------------------------
Finished Constraint Validation : Time (s): cpu = 00:00:15 ; elapsed = 00:00:18 . Memory (MB): peak = 792.059 ; gain = 497.566
---------------------------------------------------------------------------------
---------------------------------------------------------------------------------
Start Loading Part and Timing Information
---------------------------------------------------------------------------------
Loading part: xc7z020clg400-1
---------------------------------------------------------------------------------
Finished Loading Part and Timing Information : Time (s): cpu = 00:00:15 ; elapsed = 00:00:18 . Memory (MB): peak = 792.059 ; gain = 497.566
---------------------------------------------------------------------------------
---------------------------------------------------------------------------------
Start Applying 'set_property' XDC Constraints
---------------------------------------------------------------------------------
---------------------------------------------------------------------------------
Finished applying 'set_property' XDC Constraints : Time (s): cpu = 00:00:15 ; elapsed = 00:00:18 . Memory (MB): peak = 792.059 ; gain = 497.566
---------------------------------------------------------------------------------
---------------------------------------------------------------------------------
Finished RTL Optimization Phase 2 : Time (s): cpu = 00:00:15 ; elapsed = 00:00:18 . Memory (MB): peak = 792.059 ; gain = 497.566
---------------------------------------------------------------------------------

Report RTL Partitions: 
+-+--------------+------------+----------+
| |RTL Partition |Replication |Instances |
+-+--------------+------------+----------+
+-+--------------+------------+----------+
---------------------------------------------------------------------------------
Start RTL Component Statistics 
---------------------------------------------------------------------------------
Detailed RTL Component Info : 
+---Registers : 
	               32 Bit    Registers := 1     
	                8 Bit    Registers := 1     
	                2 Bit    Registers := 2     
	                1 Bit    Registers := 6     
+---Muxes : 
	   3 Input     32 Bit        Muxes := 1     
	   2 Input      1 Bit        Muxes := 5     
---------------------------------------------------------------------------------
Finished RTL Component Statistics 
---------------------------------------------------------------------------------
---------------------------------------------------------------------------------
Start RTL Hierarchical Component Statistics 
---------------------------------------------------------------------------------
Hierarchical RTL Component report 
Module simple_reg_v1_0_S00_AXI 
Detailed RTL Component Info : 
+---Registers : 
	               32 Bit    Registers := 1     
	                8 Bit    Registers := 1     
	                2 Bit    Registers := 2     
	                1 Bit    Registers := 6     
+---Muxes : 
	   3 Input     32 Bit        Muxes := 1     
	   2 Input      1 Bit        Muxes := 5     
---------------------------------------------------------------------------------
Finished RTL Hierarchical Component Statistics
---------------------------------------------------------------------------------
---------------------------------------------------------------------------------
Start Part Resource Summary
---------------------------------------------------------------------------------
Part Resources:
DSPs: 220 (col length:60)
BRAMs: 280 (col length: RAMB18 60 RAMB36 30)
---------------------------------------------------------------------------------
Finished Part Resource Summary
---------------------------------------------------------------------------------
---------------------------------------------------------------------------------
Start Cross Boundary and Area Optimization
---------------------------------------------------------------------------------
Warning: Parallel synthesis criteria is not met 
WARNING: [Synth 8-3331] design DesignForPStoReg_simple_reg_0_0 has unconnected port s00_axi_awaddr[3]
WARNING: [Synth 8-3331] design DesignForPStoReg_simple_reg_0_0 has unconnected port s00_axi_awaddr[2]
WARNING: [Synth 8-3331] design DesignForPStoReg_simple_reg_0_0 has unconnected port s00_axi_awaddr[1]
WARNING: [Synth 8-3331] design DesignForPStoReg_simple_reg_0_0 has unconnected port s00_axi_awaddr[0]
WARNING: [Synth 8-3331] design DesignForPStoReg_simple_reg_0_0 has unconnected port s00_axi_awprot[2]
WARNING: [Synth 8-3331] design DesignForPStoReg_simple_reg_0_0 has unconnected port s00_axi_awprot[1]
WARNING: [Synth 8-3331] design DesignForPStoReg_simple_reg_0_0 has unconnected port s00_axi_awprot[0]
WARNING: [Synth 8-3331] design DesignForPStoReg_simple_reg_0_0 has unconnected port s00_axi_wdata[31]
WARNING: [Synth 8-3331] design DesignForPStoReg_simple_reg_0_0 has unconnected port s00_axi_wdata[30]
WARNING: [Synth 8-3331] design DesignForPStoReg_simple_reg_0_0 has unconnected port s00_axi_wdata[29]
WARNING: [Synth 8-3331] design DesignForPStoReg_simple_reg_0_0 has unconnected port s00_axi_wdata[28]
WARNING: [Synth 8-3331] design DesignForPStoReg_simple_reg_0_0 has unconnected port s00_axi_wdata[27]
WARNING: [Synth 8-3331] design DesignForPStoReg_simple_reg_0_0 has unconnected port s00_axi_wdata[26]
WARNING: [Synth 8-3331] design DesignForPStoReg_simple_reg_0_0 has unconnected port s00_axi_wdata[25]
WARNING: [Synth 8-3331] design DesignForPStoReg_simple_reg_0_0 has unconnected port s00_axi_wdata[24]
WARNING: [Synth 8-3331] design DesignForPStoReg_simple_reg_0_0 has unconnected port s00_axi_wdata[23]
WARNING: [Synth 8-3331] design DesignForPStoReg_simple_reg_0_0 has unconnected port s00_axi_wdata[22]
WARNING: [Synth 8-3331] design DesignForPStoReg_simple_reg_0_0 has unconnected port s00_axi_wdata[21]
WARNING: [Synth 8-3331] design DesignForPStoReg_simple_reg_0_0 has unconnected port s00_axi_wdata[20]
WARNING: [Synth 8-3331] design DesignForPStoReg_simple_reg_0_0 has unconnected port s00_axi_wdata[19]
WARNING: [Synth 8-3331] design DesignForPStoReg_simple_reg_0_0 has unconnected port s00_axi_wdata[18]
WARNING: [Synth 8-3331] design DesignForPStoReg_simple_reg_0_0 has unconnected port s00_axi_wdata[17]
WARNING: [Synth 8-3331] design DesignForPStoReg_simple_reg_0_0 has unconnected port s00_axi_wdata[16]
WARNING: [Synth 8-3331] design DesignForPStoReg_simple_reg_0_0 has unconnected port s00_axi_wdata[15]
WARNING: [Synth 8-3331] design DesignForPStoReg_simple_reg_0_0 has unconnected port s00_axi_wdata[14]
WARNING: [Synth 8-3331] design DesignForPStoReg_simple_reg_0_0 has unconnected port s00_axi_wdata[13]
WARNING: [Synth 8-3331] design DesignForPStoReg_simple_reg_0_0 has unconnected port s00_axi_wdata[12]
WARNING: [Synth 8-3331] design DesignForPStoReg_simple_reg_0_0 has unconnected port s00_axi_wdata[11]
WARNING: [Synth 8-3331] design DesignForPStoReg_simple_reg_0_0 has unconnected port s00_axi_wdata[10]
WARNING: [Synth 8-3331] design DesignForPStoReg_simple_reg_0_0 has unconnected port s00_axi_wdata[9]
WARNING: [Synth 8-3331] design DesignForPStoReg_simple_reg_0_0 has unconnected port s00_axi_wdata[8]
WARNING: [Synth 8-3331] design DesignForPStoReg_simple_reg_0_0 has unconnected port s00_axi_wstrb[3]
WARNING: [Synth 8-3331] design DesignForPStoReg_simple_reg_0_0 has unconnected port s00_axi_wstrb[2]
WARNING: [Synth 8-3331] design DesignForPStoReg_simple_reg_0_0 has unconnected port s00_axi_wstrb[1]
WARNING: [Synth 8-3331] design DesignForPStoReg_simple_reg_0_0 has unconnected port s00_axi_wstrb[0]
WARNING: [Synth 8-3331] design DesignForPStoReg_simple_reg_0_0 has unconnected port s00_axi_araddr[3]
WARNING: [Synth 8-3331] design DesignForPStoReg_simple_reg_0_0 has unconnected port s00_axi_araddr[2]
WARNING: [Synth 8-3331] design DesignForPStoReg_simple_reg_0_0 has unconnected port s00_axi_araddr[1]
WARNING: [Synth 8-3331] design DesignForPStoReg_simple_reg_0_0 has unconnected port s00_axi_araddr[0]
WARNING: [Synth 8-3331] design DesignForPStoReg_simple_reg_0_0 has unconnected port s00_axi_arprot[2]
WARNING: [Synth 8-3331] design DesignForPStoReg_simple_reg_0_0 has unconnected port s00_axi_arprot[1]
WARNING: [Synth 8-3331] design DesignForPStoReg_simple_reg_0_0 has unconnected port s00_axi_arprot[0]
INFO: [Synth 8-3886] merging instance 'inst/simple_reg_v1_0_S00_AXI_inst/axi_rresp_reg[0]' (FDRE) to 'inst/simple_reg_v1_0_S00_AXI_inst/axi_rresp_reg[1]'
INFO: [Synth 8-3333] propagating constant 0 across sequential element (\inst/simple_reg_v1_0_S00_AXI_inst/axi_rresp_reg[1] )
INFO: [Synth 8-3886] merging instance 'inst/simple_reg_v1_0_S00_AXI_inst/axi_rdata_reg[8]' (FDRE) to 'inst/simple_reg_v1_0_S00_AXI_inst/axi_rdata_reg[9]'
INFO: [Synth 8-3886] merging instance 'inst/simple_reg_v1_0_S00_AXI_inst/axi_rdata_reg[9]' (FDRE) to 'inst/simple_reg_v1_0_S00_AXI_inst/axi_rdata_reg[10]'
INFO: [Synth 8-3886] merging instance 'inst/simple_reg_v1_0_S00_AXI_inst/axi_rdata_reg[10]' (FDRE) to 'inst/simple_reg_v1_0_S00_AXI_inst/axi_rdata_reg[11]'
INFO: [Synth 8-3886] merging instance 'inst/simple_reg_v1_0_S00_AXI_inst/axi_rdata_reg[11]' (FDRE) to 'inst/simple_reg_v1_0_S00_AXI_inst/axi_rdata_reg[12]'
INFO: [Synth 8-3886] merging instance 'inst/simple_reg_v1_0_S00_AXI_inst/axi_rdata_reg[12]' (FDRE) to 'inst/simple_reg_v1_0_S00_AXI_inst/axi_rdata_reg[13]'
INFO: [Synth 8-3886] merging instance 'inst/simple_reg_v1_0_S00_AXI_inst/axi_rdata_reg[13]' (FDRE) to 'inst/simple_reg_v1_0_S00_AXI_inst/axi_rdata_reg[14]'
INFO: [Synth 8-3886] merging instance 'inst/simple_reg_v1_0_S00_AXI_inst/axi_rdata_reg[14]' (FDRE) to 'inst/simple_reg_v1_0_S00_AXI_inst/axi_rdata_reg[15]'
INFO: [Synth 8-3886] merging instance 'inst/simple_reg_v1_0_S00_AXI_inst/axi_rdata_reg[15]' (FDRE) to 'inst/simple_reg_v1_0_S00_AXI_inst/axi_rdata_reg[16]'
INFO: [Synth 8-3886] merging instance 'inst/simple_reg_v1_0_S00_AXI_inst/axi_rdata_reg[16]' (FDRE) to 'inst/simple_reg_v1_0_S00_AXI_inst/axi_rdata_reg[17]'
INFO: [Synth 8-3886] merging instance 'inst/simple_reg_v1_0_S00_AXI_inst/axi_rdata_reg[17]' (FDRE) to 'inst/simple_reg_v1_0_S00_AXI_inst/axi_rdata_reg[18]'
INFO: [Synth 8-3886] merging instance 'inst/simple_reg_v1_0_S00_AXI_inst/axi_rdata_reg[18]' (FDRE) to 'inst/simple_reg_v1_0_S00_AXI_inst/axi_rdata_reg[19]'
INFO: [Synth 8-3886] merging instance 'inst/simple_reg_v1_0_S00_AXI_inst/axi_rdata_reg[19]' (FDRE) to 'inst/simple_reg_v1_0_S00_AXI_inst/axi_rdata_reg[20]'
INFO: [Synth 8-3886] merging instance 'inst/simple_reg_v1_0_S00_AXI_inst/axi_rdata_reg[20]' (FDRE) to 'inst/simple_reg_v1_0_S00_AXI_inst/axi_rdata_reg[21]'
INFO: [Synth 8-3886] merging instance 'inst/simple_reg_v1_0_S00_AXI_inst/axi_rdata_reg[21]' (FDRE) to 'inst/simple_reg_v1_0_S00_AXI_inst/axi_rdata_reg[22]'
INFO: [Synth 8-3886] merging instance 'inst/simple_reg_v1_0_S00_AXI_inst/axi_rdata_reg[22]' (FDRE) to 'inst/simple_reg_v1_0_S00_AXI_inst/axi_rdata_reg[23]'
INFO: [Synth 8-3886] merging instance 'inst/simple_reg_v1_0_S00_AXI_inst/axi_rdata_reg[23]' (FDRE) to 'inst/simple_reg_v1_0_S00_AXI_inst/axi_rdata_reg[24]'
INFO: [Synth 8-3886] merging instance 'inst/simple_reg_v1_0_S00_AXI_inst/axi_rdata_reg[24]' (FDRE) to 'inst/simple_reg_v1_0_S00_AXI_inst/axi_rdata_reg[25]'
INFO: [Synth 8-3886] merging instance 'inst/simple_reg_v1_0_S00_AXI_inst/axi_rdata_reg[25]' (FDRE) to 'inst/simple_reg_v1_0_S00_AXI_inst/axi_rdata_reg[26]'
INFO: [Synth 8-3886] merging instance 'inst/simple_reg_v1_0_S00_AXI_inst/axi_rdata_reg[26]' (FDRE) to 'inst/simple_reg_v1_0_S00_AXI_inst/axi_rdata_reg[27]'
INFO: [Synth 8-3886] merging instance 'inst/simple_reg_v1_0_S00_AXI_inst/axi_rdata_reg[27]' (FDRE) to 'inst/simple_reg_v1_0_S00_AXI_inst/axi_rdata_reg[28]'
INFO: [Synth 8-3886] merging instance 'inst/simple_reg_v1_0_S00_AXI_inst/axi_rdata_reg[28]' (FDRE) to 'inst/simple_reg_v1_0_S00_AXI_inst/axi_rdata_reg[29]'
INFO: [Synth 8-3886] merging instance 'inst/simple_reg_v1_0_S00_AXI_inst/axi_rdata_reg[29]' (FDRE) to 'inst/simple_reg_v1_0_S00_AXI_inst/axi_rdata_reg[30]'
INFO: [Synth 8-3886] merging instance 'inst/simple_reg_v1_0_S00_AXI_inst/axi_rdata_reg[30]' (FDRE) to 'inst/simple_reg_v1_0_S00_AXI_inst/axi_rdata_reg[31]'
INFO: [Synth 8-3333] propagating constant 0 across sequential element (\inst/simple_reg_v1_0_S00_AXI_inst/axi_rdata_reg[31] )
INFO: [Synth 8-3886] merging instance 'inst/simple_reg_v1_0_S00_AXI_inst/axi_bresp_reg[0]' (FDRE) to 'inst/simple_reg_v1_0_S00_AXI_inst/axi_bresp_reg[1]'
INFO: [Synth 8-3333] propagating constant 0 across sequential element (\inst/simple_reg_v1_0_S00_AXI_inst/axi_bresp_reg[1] )
INFO: [Synth 8-3332] Sequential element (inst/simple_reg_v1_0_S00_AXI_inst/axi_bresp_reg[1]) is unused and will be removed from module DesignForPStoReg_simple_reg_0_0.
INFO: [Synth 8-3332] Sequential element (inst/simple_reg_v1_0_S00_AXI_inst/axi_rdata_reg[31]) is unused and will be removed from module DesignForPStoReg_simple_reg_0_0.
INFO: [Synth 8-3332] Sequential element (inst/simple_reg_v1_0_S00_AXI_inst/axi_rresp_reg[1]) is unused and will be removed from module DesignForPStoReg_simple_reg_0_0.
---------------------------------------------------------------------------------
Finished Cross Boundary and Area Optimization : Time (s): cpu = 00:00:15 ; elapsed = 00:00:18 . Memory (MB): peak = 792.059 ; gain = 497.566
---------------------------------------------------------------------------------

Report RTL Partitions: 
+-+--------------+------------+----------+
| |RTL Partition |Replication |Instances |
+-+--------------+------------+----------+
+-+--------------+------------+----------+
---------------------------------------------------------------------------------
Start Applying XDC Timing Constraints
---------------------------------------------------------------------------------
---------------------------------------------------------------------------------
Finished Applying XDC Timing Constraints : Time (s): cpu = 00:00:24 ; elapsed = 00:00:29 . Memory (MB): peak = 795.004 ; gain = 500.512
---------------------------------------------------------------------------------
---------------------------------------------------------------------------------
Start Timing Optimization
---------------------------------------------------------------------------------
---------------------------------------------------------------------------------
Finished Timing Optimization : Time (s): cpu = 00:00:24 ; elapsed = 00:00:29 . Memory (MB): peak = 795.004 ; gain = 500.512
---------------------------------------------------------------------------------

Report RTL Partitions: 
+-+--------------+------------+----------+
| |RTL Partition |Replication |Instances |
+-+--------------+------------+----------+
+-+--------------+------------+----------+
---------------------------------------------------------------------------------
Start Technology Mapping
---------------------------------------------------------------------------------
---------------------------------------------------------------------------------
Finished Technology Mapping : Time (s): cpu = 00:00:24 ; elapsed = 00:00:29 . Memory (MB): peak = 804.582 ; gain = 510.090
---------------------------------------------------------------------------------

Report RTL Partitions: 
+-+--------------+------------+----------+
| |RTL Partition |Replication |Instances |
+-+--------------+------------+----------+
+-+--------------+------------+----------+
---------------------------------------------------------------------------------
Start IO Insertion
---------------------------------------------------------------------------------
---------------------------------------------------------------------------------
Start Flattening Before IO Insertion
---------------------------------------------------------------------------------
---------------------------------------------------------------------------------
Finished Flattening Before IO Insertion
---------------------------------------------------------------------------------
---------------------------------------------------------------------------------
Start Final Netlist Cleanup
---------------------------------------------------------------------------------
---------------------------------------------------------------------------------
Finished Final Netlist Cleanup
---------------------------------------------------------------------------------
---------------------------------------------------------------------------------
Finished IO Insertion : Time (s): cpu = 00:00:25 ; elapsed = 00:00:29 . Memory (MB): peak = 804.582 ; gain = 510.090
---------------------------------------------------------------------------------

Report Check Netlist: 
+------+------------------+-------+---------+-------+------------------+
|      |Item              |Errors |Warnings |Status |Description       |
+------+------------------+-------+---------+-------+------------------+
|1     |multi_driven_nets |      0|        0|Passed |Multi driven nets |
+------+------------------+-------+---------+-------+------------------+
---------------------------------------------------------------------------------
Start Renaming Generated Instances
---------------------------------------------------------------------------------
---------------------------------------------------------------------------------
Finished Renaming Generated Instances : Time (s): cpu = 00:00:25 ; elapsed = 00:00:29 . Memory (MB): peak = 804.582 ; gain = 510.090
---------------------------------------------------------------------------------

Report RTL Partitions: 
+-+--------------+------------+----------+
| |RTL Partition |Replication |Instances |
+-+--------------+------------+----------+
+-+--------------+------------+----------+
---------------------------------------------------------------------------------
Start Rebuilding User Hierarchy
---------------------------------------------------------------------------------
---------------------------------------------------------------------------------
Finished Rebuilding User Hierarchy : Time (s): cpu = 00:00:25 ; elapsed = 00:00:29 . Memory (MB): peak = 804.582 ; gain = 510.090
---------------------------------------------------------------------------------
---------------------------------------------------------------------------------
Start Renaming Generated Ports
---------------------------------------------------------------------------------
---------------------------------------------------------------------------------
Finished Renaming Generated Ports : Time (s): cpu = 00:00:25 ; elapsed = 00:00:29 . Memory (MB): peak = 804.582 ; gain = 510.090
---------------------------------------------------------------------------------
---------------------------------------------------------------------------------
Start Handling Custom Attributes
---------------------------------------------------------------------------------
---------------------------------------------------------------------------------
Finished Handling Custom Attributes : Time (s): cpu = 00:00:25 ; elapsed = 00:00:29 . Memory (MB): peak = 804.582 ; gain = 510.090
---------------------------------------------------------------------------------
---------------------------------------------------------------------------------
Start Renaming Generated Nets
---------------------------------------------------------------------------------
---------------------------------------------------------------------------------
Finished Renaming Generated Nets : Time (s): cpu = 00:00:25 ; elapsed = 00:00:29 . Memory (MB): peak = 804.582 ; gain = 510.090
---------------------------------------------------------------------------------
---------------------------------------------------------------------------------
Start Writing Synthesis Report
---------------------------------------------------------------------------------

Report BlackBoxes: 
+-+--------------+----------+
| |BlackBox name |Instances |
+-+--------------+----------+
+-+--------------+----------+

Report Cell Usage: 
+------+-----+------+
|      |Cell |Count |
+------+-----+------+
|1     |LUT1 |     1|
|2     |LUT2 |     2|
|3     |LUT4 |     4|
|4     |LUT6 |     2|
|5     |FDRE |    21|
|6     |FDSE |     1|
+------+-----+------+

Report Instance Areas: 
+------+---------------------------------+------------------------+------+
|      |Instance                         |Module                  |Cells |
+------+---------------------------------+------------------------+------+
|1     |top                              |                        |    31|
|2     |  inst                           |simple_reg_v1_0         |    31|
|3     |    simple_reg_v1_0_S00_AXI_inst |simple_reg_v1_0_S00_AXI |    31|
+------+---------------------------------+------------------------+------+
---------------------------------------------------------------------------------
Finished Writing Synthesis Report : Time (s): cpu = 00:00:25 ; elapsed = 00:00:29 . Memory (MB): peak = 804.582 ; gain = 510.090
---------------------------------------------------------------------------------
Synthesis finished with 0 errors, 0 critical warnings and 42 warnings.
Synthesis Optimization Runtime : Time (s): cpu = 00:00:15 ; elapsed = 00:00:21 . Memory (MB): peak = 804.582 ; gain = 167.000
Synthesis Optimization Complete : Time (s): cpu = 00:00:25 ; elapsed = 00:00:29 . Memory (MB): peak = 804.582 ; gain = 510.090
INFO: [Project 1-571] Translating synthesized netlist
INFO: [Project 1-570] Preparing netlist for logic optimization
INFO: [Opt 31-138] Pushed 0 inverter(s) to 0 load pin(s).
INFO: [Project 1-111] Unisim Transformation Summary:
No Unisim elements were transformed.

INFO: [Common 17-83] Releasing license: Synthesis
46 Infos, 86 Warnings, 0 Critical Warnings and 0 Errors encountered.
synth_design completed successfully
synth_design: Time (s): cpu = 00:00:26 ; elapsed = 00:00:31 . Memory (MB): peak = 817.934 ; gain = 534.973
INFO: [Common 17-1381] The checkpoint 'C:/Users/hrish/Downloads/ReRAM_Thesis/Project Folder/EightBitRegisterMemory/EightBitRegisterMemory.runs/DesignForPStoReg_simple_reg_0_0_synth_1/DesignForPStoReg_simple_reg_0_0.dcp' has been generated.
