13:17:21 INFO  : Registering command handlers for SDK TCF services
13:17:21 INFO  : Launching XSCT server: xsct.bat -interactive C:\Users\hrish\OneDrive\Desktop\ids\vitis\temp_xsdb_launch_script.tcl
13:17:23 INFO  : XSCT server has started successfully.
13:17:23 INFO  : Successfully done setting XSCT server connection channel  
13:17:24 INFO  : Successfully done setting SDK workspace  
13:17:24 INFO  : Processing command line option -hwspec C:/Users/hrish/OneDrive/Desktop/ids/system_bd_wrapper.hdf.
13:19:18 INFO  : Connected to target on host '127.0.0.1' and port '3121'.
13:19:19 INFO  : 'targets -set -filter {jtag_cable_name =~ "Digilent Zybo Z7 210351A81D96A" && level==0} -index 1' command is executed.
13:19:21 INFO  : FPGA configured successfully with bitstream "C:/Users/hrish/OneDrive/Desktop/ids/vitis/system_bd_wrapper_hw_platform_0/system_bd_wrapper.bit"
13:19:46 INFO  : 'targets -set -filter {jtag_cable_name =~ "Digilent Zybo Z7 210351A81D96A" && level==0} -index 1' command is executed.
13:19:46 INFO  : 'fpga -state' command is executed.
13:19:46 INFO  : Connected to target on host '127.0.0.1' and port '3121'.
13:19:47 INFO  : Jtag cable 'Digilent Zybo Z7 210351A81D96A' is selected.
13:19:47 INFO  : 'jtag frequency' command is executed.
13:19:47 INFO  : Sourcing of 'C:/Users/hrish/OneDrive/Desktop/ids/vitis/system_bd_wrapper_hw_platform_0/ps7_init.tcl' is done.
13:19:47 INFO  : Context for 'APU' is selected.
13:19:47 INFO  : Hardware design information is loaded from 'C:/Users/hrish/OneDrive/Desktop/ids/vitis/system_bd_wrapper_hw_platform_0/system.hdf'.
13:19:47 INFO  : 'configparams force-mem-access 1' command is executed.
13:19:47 INFO  : Context for 'APU' is selected.
13:19:47 INFO  : 'stop' command is executed.
13:19:47 INFO  : 'ps7_init' command is executed.
13:19:47 INFO  : 'ps7_post_config' command is executed.
13:19:47 INFO  : Context for processor 'ps7_cortexa9_0' is selected.
13:19:47 INFO  : Processor reset is completed for 'ps7_cortexa9_0'.
13:19:47 INFO  : Context for processor 'ps7_cortexa9_0' is selected.
13:19:47 INFO  : The application 'C:/Users/hrish/OneDrive/Desktop/ids/vitis/My_Projact/Debug/My_Projact.elf' is downloaded to processor 'ps7_cortexa9_0'.
13:19:47 INFO  : 'configparams force-mem-access 0' command is executed.
13:19:47 INFO  : ----------------XSDB Script----------------
connect -url tcp:127.0.0.1:3121
source C:/Users/hrish/OneDrive/Desktop/ids/vitis/system_bd_wrapper_hw_platform_0/ps7_init.tcl
targets -set -nocase -filter {name =~"APU*" && jtag_cable_name =~ "Digilent Zybo Z7 210351A81D96A"} -index 0
loadhw -hw C:/Users/hrish/OneDrive/Desktop/ids/vitis/system_bd_wrapper_hw_platform_0/system.hdf -mem-ranges [list {0x40000000 0xbfffffff}]
configparams force-mem-access 1
targets -set -nocase -filter {name =~"APU*" && jtag_cable_name =~ "Digilent Zybo Z7 210351A81D96A"} -index 0
stop
ps7_init
ps7_post_config
targets -set -nocase -filter {name =~ "ARM*#0" && jtag_cable_name =~ "Digilent Zybo Z7 210351A81D96A"} -index 0
rst -processor
targets -set -nocase -filter {name =~ "ARM*#0" && jtag_cable_name =~ "Digilent Zybo Z7 210351A81D96A"} -index 0
dow C:/Users/hrish/OneDrive/Desktop/ids/vitis/My_Projact/Debug/My_Projact.elf
configparams force-mem-access 0
----------------End of Script----------------

13:19:48 INFO  : Memory regions updated for context APU
13:19:48 INFO  : Context for processor 'ps7_cortexa9_0' is selected.
13:19:48 INFO  : 'con' command is executed.
13:19:48 INFO  : ----------------XSDB Script (After Launch)----------------
targets -set -nocase -filter {name =~ "ARM*#0" && jtag_cable_name =~ "Digilent Zybo Z7 210351A81D96A"} -index 0
con
----------------End of Script----------------

13:19:48 INFO  : Launch script is exported to file 'C:\Users\hrish\OneDrive\Desktop\ids\vitis\.sdk\launch_scripts\xilinx_c-c++_application_(system_debugger)\system_debugger_using_debug_my_projact.elf_on_local.tcl'
13:20:34 INFO  : Disconnected from the channel tcfchan#1.
13:20:35 INFO  : 'targets -set -filter {jtag_cable_name =~ "Digilent Zybo Z7 210351A81D96A" && level==0} -index 1' command is executed.
13:20:35 INFO  : 'fpga -state' command is executed.
13:20:35 INFO  : Connected to target on host '127.0.0.1' and port '3121'.
13:20:35 INFO  : Jtag cable 'Digilent Zybo Z7 210351A81D96A' is selected.
13:20:35 INFO  : 'jtag frequency' command is executed.
13:20:35 INFO  : Sourcing of 'C:/Users/hrish/OneDrive/Desktop/ids/vitis/system_bd_wrapper_hw_platform_0/ps7_init.tcl' is done.
13:20:35 INFO  : Context for 'APU' is selected.
13:20:37 INFO  : Hardware design information is loaded from 'C:/Users/hrish/OneDrive/Desktop/ids/vitis/system_bd_wrapper_hw_platform_0/system.hdf'.
13:20:37 INFO  : 'configparams force-mem-access 1' command is executed.
13:20:37 INFO  : Context for 'APU' is selected.
13:20:37 INFO  : 'stop' command is executed.
13:20:38 INFO  : 'ps7_init' command is executed.
13:20:38 INFO  : 'ps7_post_config' command is executed.
13:20:38 INFO  : Context for processor 'ps7_cortexa9_0' is selected.
13:20:38 INFO  : Processor reset is completed for 'ps7_cortexa9_0'.
13:20:38 INFO  : Context for processor 'ps7_cortexa9_0' is selected.
13:20:38 INFO  : The application 'C:/Users/hrish/OneDrive/Desktop/ids/vitis/My_Projact/Debug/My_Projact.elf' is downloaded to processor 'ps7_cortexa9_0'.
13:20:38 INFO  : 'configparams force-mem-access 0' command is executed.
13:20:38 INFO  : ----------------XSDB Script----------------
connect -url tcp:127.0.0.1:3121
source C:/Users/hrish/OneDrive/Desktop/ids/vitis/system_bd_wrapper_hw_platform_0/ps7_init.tcl
targets -set -nocase -filter {name =~"APU*" && jtag_cable_name =~ "Digilent Zybo Z7 210351A81D96A"} -index 0
loadhw -hw C:/Users/hrish/OneDrive/Desktop/ids/vitis/system_bd_wrapper_hw_platform_0/system.hdf -mem-ranges [list {0x40000000 0xbfffffff}]
configparams force-mem-access 1
targets -set -nocase -filter {name =~"APU*" && jtag_cable_name =~ "Digilent Zybo Z7 210351A81D96A"} -index 0
stop
ps7_init
ps7_post_config
targets -set -nocase -filter {name =~ "ARM*#0" && jtag_cable_name =~ "Digilent Zybo Z7 210351A81D96A"} -index 0
rst -processor
targets -set -nocase -filter {name =~ "ARM*#0" && jtag_cable_name =~ "Digilent Zybo Z7 210351A81D96A"} -index 0
dow C:/Users/hrish/OneDrive/Desktop/ids/vitis/My_Projact/Debug/My_Projact.elf
configparams force-mem-access 0
----------------End of Script----------------

13:20:38 INFO  : Memory regions updated for context APU
13:20:38 INFO  : Context for processor 'ps7_cortexa9_0' is selected.
13:20:38 INFO  : 'con' command is executed.
13:20:38 INFO  : ----------------XSDB Script (After Launch)----------------
targets -set -nocase -filter {name =~ "ARM*#0" && jtag_cable_name =~ "Digilent Zybo Z7 210351A81D96A"} -index 0
con
----------------End of Script----------------

13:20:38 INFO  : Launch script is exported to file 'C:\Users\hrish\OneDrive\Desktop\ids\vitis\.sdk\launch_scripts\xilinx_c-c++_application_(system_debugger)\system_debugger_using_debug_my_projact.elf_on_local.tcl'
13:21:02 INFO  : Disconnected from the channel tcfchan#2.
13:21:03 INFO  : 'targets -set -filter {jtag_cable_name =~ "Digilent Zybo Z7 210351A81D96A" && level==0} -index 1' command is executed.
13:21:03 INFO  : 'fpga -state' command is executed.
13:21:03 INFO  : Connected to target on host '127.0.0.1' and port '3121'.
13:21:03 INFO  : Jtag cable 'Digilent Zybo Z7 210351A81D96A' is selected.
13:21:03 INFO  : 'jtag frequency' command is executed.
13:21:03 INFO  : Sourcing of 'C:/Users/hrish/OneDrive/Desktop/ids/vitis/system_bd_wrapper_hw_platform_0/ps7_init.tcl' is done.
13:21:03 INFO  : Context for 'APU' is selected.
13:21:05 INFO  : Hardware design information is loaded from 'C:/Users/hrish/OneDrive/Desktop/ids/vitis/system_bd_wrapper_hw_platform_0/system.hdf'.
13:21:05 INFO  : 'configparams force-mem-access 1' command is executed.
13:21:05 INFO  : Context for 'APU' is selected.
13:21:05 INFO  : 'stop' command is executed.
13:21:05 INFO  : 'ps7_init' command is executed.
13:21:05 INFO  : 'ps7_post_config' command is executed.
13:21:05 INFO  : Context for processor 'ps7_cortexa9_0' is selected.
13:21:05 INFO  : Processor reset is completed for 'ps7_cortexa9_0'.
13:21:05 INFO  : Context for processor 'ps7_cortexa9_0' is selected.
13:21:06 INFO  : The application 'C:/Users/hrish/OneDrive/Desktop/ids/vitis/My_Projact/Debug/My_Projact.elf' is downloaded to processor 'ps7_cortexa9_0'.
13:21:06 INFO  : 'configparams force-mem-access 0' command is executed.
13:21:06 INFO  : ----------------XSDB Script----------------
connect -url tcp:127.0.0.1:3121
source C:/Users/hrish/OneDrive/Desktop/ids/vitis/system_bd_wrapper_hw_platform_0/ps7_init.tcl
targets -set -nocase -filter {name =~"APU*" && jtag_cable_name =~ "Digilent Zybo Z7 210351A81D96A"} -index 0
loadhw -hw C:/Users/hrish/OneDrive/Desktop/ids/vitis/system_bd_wrapper_hw_platform_0/system.hdf -mem-ranges [list {0x40000000 0xbfffffff}]
configparams force-mem-access 1
targets -set -nocase -filter {name =~"APU*" && jtag_cable_name =~ "Digilent Zybo Z7 210351A81D96A"} -index 0
stop
ps7_init
ps7_post_config
targets -set -nocase -filter {name =~ "ARM*#0" && jtag_cable_name =~ "Digilent Zybo Z7 210351A81D96A"} -index 0
rst -processor
targets -set -nocase -filter {name =~ "ARM*#0" && jtag_cable_name =~ "Digilent Zybo Z7 210351A81D96A"} -index 0
dow C:/Users/hrish/OneDrive/Desktop/ids/vitis/My_Projact/Debug/My_Projact.elf
configparams force-mem-access 0
----------------End of Script----------------

13:21:06 INFO  : Memory regions updated for context APU
13:21:06 INFO  : Context for processor 'ps7_cortexa9_0' is selected.
13:21:06 INFO  : 'con' command is executed.
13:21:06 INFO  : ----------------XSDB Script (After Launch)----------------
targets -set -nocase -filter {name =~ "ARM*#0" && jtag_cable_name =~ "Digilent Zybo Z7 210351A81D96A"} -index 0
con
----------------End of Script----------------

13:21:06 INFO  : Launch script is exported to file 'C:\Users\hrish\OneDrive\Desktop\ids\vitis\.sdk\launch_scripts\xilinx_c-c++_application_(system_debugger)\system_debugger_using_debug_my_projact.elf_on_local.tcl'
13:22:03 INFO  : Disconnected from the channel tcfchan#3.
13:22:04 INFO  : 'targets -set -filter {jtag_cable_name =~ "Digilent Zybo Z7 210351A81D96A" && level==0} -index 1' command is executed.
13:22:04 INFO  : 'fpga -state' command is executed.
13:22:04 INFO  : Connected to target on host '127.0.0.1' and port '3121'.
13:22:04 INFO  : Jtag cable 'Digilent Zybo Z7 210351A81D96A' is selected.
13:22:04 INFO  : 'jtag frequency' command is executed.
13:22:04 INFO  : Sourcing of 'C:/Users/hrish/OneDrive/Desktop/ids/vitis/system_bd_wrapper_hw_platform_0/ps7_init.tcl' is done.
13:22:04 INFO  : Context for 'APU' is selected.
13:22:06 INFO  : Hardware design information is loaded from 'C:/Users/hrish/OneDrive/Desktop/ids/vitis/system_bd_wrapper_hw_platform_0/system.hdf'.
13:22:06 INFO  : 'configparams force-mem-access 1' command is executed.
13:22:06 INFO  : Context for 'APU' is selected.
13:22:06 INFO  : 'stop' command is executed.
13:22:06 INFO  : 'ps7_init' command is executed.
13:22:06 INFO  : 'ps7_post_config' command is executed.
13:22:06 INFO  : Context for processor 'ps7_cortexa9_0' is selected.
13:22:06 INFO  : Processor reset is completed for 'ps7_cortexa9_0'.
13:22:06 INFO  : Context for processor 'ps7_cortexa9_0' is selected.
13:22:07 INFO  : The application 'C:/Users/hrish/OneDrive/Desktop/ids/vitis/My_Projact/Debug/My_Projact.elf' is downloaded to processor 'ps7_cortexa9_0'.
13:22:07 INFO  : 'configparams force-mem-access 0' command is executed.
13:22:07 INFO  : ----------------XSDB Script----------------
connect -url tcp:127.0.0.1:3121
source C:/Users/hrish/OneDrive/Desktop/ids/vitis/system_bd_wrapper_hw_platform_0/ps7_init.tcl
targets -set -nocase -filter {name =~"APU*" && jtag_cable_name =~ "Digilent Zybo Z7 210351A81D96A"} -index 0
loadhw -hw C:/Users/hrish/OneDrive/Desktop/ids/vitis/system_bd_wrapper_hw_platform_0/system.hdf -mem-ranges [list {0x40000000 0xbfffffff}]
configparams force-mem-access 1
targets -set -nocase -filter {name =~"APU*" && jtag_cable_name =~ "Digilent Zybo Z7 210351A81D96A"} -index 0
stop
ps7_init
ps7_post_config
targets -set -nocase -filter {name =~ "ARM*#0" && jtag_cable_name =~ "Digilent Zybo Z7 210351A81D96A"} -index 0
rst -processor
targets -set -nocase -filter {name =~ "ARM*#0" && jtag_cable_name =~ "Digilent Zybo Z7 210351A81D96A"} -index 0
dow C:/Users/hrish/OneDrive/Desktop/ids/vitis/My_Projact/Debug/My_Projact.elf
configparams force-mem-access 0
----------------End of Script----------------

13:22:07 INFO  : Memory regions updated for context APU
13:22:07 INFO  : Context for processor 'ps7_cortexa9_0' is selected.
13:22:07 INFO  : 'con' command is executed.
13:22:07 INFO  : ----------------XSDB Script (After Launch)----------------
targets -set -nocase -filter {name =~ "ARM*#0" && jtag_cable_name =~ "Digilent Zybo Z7 210351A81D96A"} -index 0
con
----------------End of Script----------------

13:22:07 INFO  : Launch script is exported to file 'C:\Users\hrish\OneDrive\Desktop\ids\vitis\.sdk\launch_scripts\xilinx_c-c++_application_(system_debugger)\system_debugger_using_debug_my_projact.elf_on_local.tcl'
13:27:33 INFO  : Disconnected from the channel tcfchan#4.
13:27:34 INFO  : 'targets -set -filter {jtag_cable_name =~ "Digilent Zybo Z7 210351A81D96A" && level==0} -index 1' command is executed.
13:27:34 INFO  : 'fpga -state' command is executed.
13:27:34 INFO  : Connected to target on host '127.0.0.1' and port '3121'.
13:27:34 INFO  : Jtag cable 'Digilent Zybo Z7 210351A81D96A' is selected.
13:27:34 INFO  : 'jtag frequency' command is executed.
13:27:34 INFO  : Sourcing of 'C:/Users/hrish/OneDrive/Desktop/ids/vitis/system_bd_wrapper_hw_platform_0/ps7_init.tcl' is done.
13:27:34 INFO  : Context for 'APU' is selected.
13:27:36 INFO  : Hardware design information is loaded from 'C:/Users/hrish/OneDrive/Desktop/ids/vitis/system_bd_wrapper_hw_platform_0/system.hdf'.
13:27:36 INFO  : 'configparams force-mem-access 1' command is executed.
13:27:36 INFO  : Context for 'APU' is selected.
13:27:36 INFO  : 'stop' command is executed.
13:27:37 INFO  : 'ps7_init' command is executed.
13:27:38 INFO  : 'ps7_post_config' command is executed.
13:27:38 INFO  : Context for processor 'ps7_cortexa9_0' is selected.
13:27:38 INFO  : Processor reset is completed for 'ps7_cortexa9_0'.
13:27:38 INFO  : Context for processor 'ps7_cortexa9_0' is selected.
13:27:40 ERROR : Memory write error at 0x100000. APB AP transaction error, DAP status f0000021
13:27:40 INFO  : ----------------XSDB Script----------------
connect -url tcp:127.0.0.1:3121
source C:/Users/hrish/OneDrive/Desktop/ids/vitis/system_bd_wrapper_hw_platform_0/ps7_init.tcl
targets -set -nocase -filter {name =~"APU*" && jtag_cable_name =~ "Digilent Zybo Z7 210351A81D96A"} -index 0
loadhw -hw C:/Users/hrish/OneDrive/Desktop/ids/vitis/system_bd_wrapper_hw_platform_0/system.hdf -mem-ranges [list {0x40000000 0xbfffffff}]
configparams force-mem-access 1
targets -set -nocase -filter {name =~"APU*" && jtag_cable_name =~ "Digilent Zybo Z7 210351A81D96A"} -index 0
stop
ps7_init
ps7_post_config
targets -set -nocase -filter {name =~ "ARM*#0" && jtag_cable_name =~ "Digilent Zybo Z7 210351A81D96A"} -index 0
rst -processor
targets -set -nocase -filter {name =~ "ARM*#0" && jtag_cable_name =~ "Digilent Zybo Z7 210351A81D96A"} -index 0
dow C:/Users/hrish/OneDrive/Desktop/ids/vitis/My_Projact/Debug/My_Projact.elf
----------------End of Script----------------

13:27:54 INFO  : 'targets -set -filter {jtag_cable_name =~ "Digilent Zybo Z7 210351A81D96A" && level==0} -index 1' command is executed.
13:27:54 INFO  : 'fpga -state' command is executed.
13:27:57 INFO  : Connected to target on host '127.0.0.1' and port '3121'.
13:27:57 INFO  : Jtag cable 'Digilent Zybo Z7 210351A81D96A' is selected.
13:27:57 INFO  : 'jtag frequency' command is executed.
13:27:57 INFO  : Sourcing of 'C:/Users/hrish/OneDrive/Desktop/ids/vitis/system_bd_wrapper_hw_platform_0/ps7_init.tcl' is done.
13:27:58 INFO  : Context for 'APU' is selected.
13:27:58 INFO  : Hardware design information is loaded from 'C:/Users/hrish/OneDrive/Desktop/ids/vitis/system_bd_wrapper_hw_platform_0/system.hdf'.
13:27:58 INFO  : 'configparams force-mem-access 1' command is executed.
13:27:58 INFO  : Context for 'APU' is selected.
13:27:58 INFO  : 'stop' command is executed.
13:27:58 INFO  : 'ps7_init' command is executed.
13:27:58 INFO  : 'ps7_post_config' command is executed.
13:27:58 INFO  : Context for processor 'ps7_cortexa9_0' is selected.
13:27:58 INFO  : Processor reset is completed for 'ps7_cortexa9_0'.
13:27:58 INFO  : Context for processor 'ps7_cortexa9_0' is selected.
13:27:59 INFO  : The application 'C:/Users/hrish/OneDrive/Desktop/ids/vitis/My_Projact/Debug/My_Projact.elf' is downloaded to processor 'ps7_cortexa9_0'.
13:27:59 INFO  : 'configparams force-mem-access 0' command is executed.
13:27:59 INFO  : ----------------XSDB Script----------------
connect -url tcp:127.0.0.1:3121
source C:/Users/hrish/OneDrive/Desktop/ids/vitis/system_bd_wrapper_hw_platform_0/ps7_init.tcl
targets -set -nocase -filter {name =~"APU*" && jtag_cable_name =~ "Digilent Zybo Z7 210351A81D96A"} -index 0
loadhw -hw C:/Users/hrish/OneDrive/Desktop/ids/vitis/system_bd_wrapper_hw_platform_0/system.hdf -mem-ranges [list {0x40000000 0xbfffffff}]
configparams force-mem-access 1
targets -set -nocase -filter {name =~"APU*" && jtag_cable_name =~ "Digilent Zybo Z7 210351A81D96A"} -index 0
stop
ps7_init
ps7_post_config
targets -set -nocase -filter {name =~ "ARM*#0" && jtag_cable_name =~ "Digilent Zybo Z7 210351A81D96A"} -index 0
rst -processor
targets -set -nocase -filter {name =~ "ARM*#0" && jtag_cable_name =~ "Digilent Zybo Z7 210351A81D96A"} -index 0
dow C:/Users/hrish/OneDrive/Desktop/ids/vitis/My_Projact/Debug/My_Projact.elf
configparams force-mem-access 0
----------------End of Script----------------

13:27:59 INFO  : Memory regions updated for context APU
13:27:59 INFO  : Context for processor 'ps7_cortexa9_0' is selected.
13:27:59 INFO  : 'con' command is executed.
13:27:59 INFO  : ----------------XSDB Script (After Launch)----------------
targets -set -nocase -filter {name =~ "ARM*#0" && jtag_cable_name =~ "Digilent Zybo Z7 210351A81D96A"} -index 0
con
----------------End of Script----------------

13:27:59 INFO  : Launch script is exported to file 'C:\Users\hrish\OneDrive\Desktop\ids\vitis\.sdk\launch_scripts\xilinx_c-c++_application_(system_debugger)\system_debugger_using_debug_my_projact.elf_on_local.tcl'
13:28:32 INFO  : Disconnected from the channel tcfchan#5.
13:28:33 INFO  : 'targets -set -filter {jtag_cable_name =~ "Digilent Zybo Z7 210351A81D96A" && level==0} -index 1' command is executed.
13:28:33 INFO  : 'fpga -state' command is executed.
13:28:35 INFO  : Connected to target on host '127.0.0.1' and port '3121'.
13:28:35 INFO  : Jtag cable 'Digilent Zybo Z7 210351A81D96A' is selected.
13:28:35 INFO  : 'jtag frequency' command is executed.
13:28:35 INFO  : Sourcing of 'C:/Users/hrish/OneDrive/Desktop/ids/vitis/system_bd_wrapper_hw_platform_0/ps7_init.tcl' is done.
13:28:35 INFO  : Context for 'APU' is selected.
13:28:37 INFO  : Hardware design information is loaded from 'C:/Users/hrish/OneDrive/Desktop/ids/vitis/system_bd_wrapper_hw_platform_0/system.hdf'.
13:28:37 INFO  : 'configparams force-mem-access 1' command is executed.
13:28:37 INFO  : Context for 'APU' is selected.
13:28:37 INFO  : 'stop' command is executed.
13:28:39 INFO  : 'ps7_init' command is executed.
13:28:39 INFO  : 'ps7_post_config' command is executed.
13:28:39 INFO  : Context for processor 'ps7_cortexa9_0' is selected.
13:28:40 INFO  : Processor reset is completed for 'ps7_cortexa9_0'.
13:28:40 INFO  : Context for processor 'ps7_cortexa9_0' is selected.
13:28:42 ERROR : Memory write error at 0x100000. APB AP transaction error, DAP status f0000021
13:28:42 INFO  : ----------------XSDB Script----------------
connect -url tcp:127.0.0.1:3121
source C:/Users/hrish/OneDrive/Desktop/ids/vitis/system_bd_wrapper_hw_platform_0/ps7_init.tcl
targets -set -nocase -filter {name =~"APU*" && jtag_cable_name =~ "Digilent Zybo Z7 210351A81D96A"} -index 0
loadhw -hw C:/Users/hrish/OneDrive/Desktop/ids/vitis/system_bd_wrapper_hw_platform_0/system.hdf -mem-ranges [list {0x40000000 0xbfffffff}]
configparams force-mem-access 1
targets -set -nocase -filter {name =~"APU*" && jtag_cable_name =~ "Digilent Zybo Z7 210351A81D96A"} -index 0
stop
ps7_init
ps7_post_config
targets -set -nocase -filter {name =~ "ARM*#0" && jtag_cable_name =~ "Digilent Zybo Z7 210351A81D96A"} -index 0
rst -processor
targets -set -nocase -filter {name =~ "ARM*#0" && jtag_cable_name =~ "Digilent Zybo Z7 210351A81D96A"} -index 0
dow C:/Users/hrish/OneDrive/Desktop/ids/vitis/My_Projact/Debug/My_Projact.elf
----------------End of Script----------------

13:28:49 INFO  : 'targets -set -filter {jtag_cable_name =~ "Digilent Zybo Z7 210351A81D96A" && level==0} -index 1' command is executed.
13:28:49 INFO  : 'fpga -state' command is executed.
13:28:50 INFO  : Connected to target on host '127.0.0.1' and port '3121'.
13:28:50 INFO  : Jtag cable 'Digilent Zybo Z7 210351A81D96A' is selected.
13:28:50 INFO  : 'jtag frequency' command is executed.
13:28:50 INFO  : Sourcing of 'C:/Users/hrish/OneDrive/Desktop/ids/vitis/system_bd_wrapper_hw_platform_0/ps7_init.tcl' is done.
13:28:50 INFO  : Context for 'APU' is selected.
13:28:50 INFO  : Hardware design information is loaded from 'C:/Users/hrish/OneDrive/Desktop/ids/vitis/system_bd_wrapper_hw_platform_0/system.hdf'.
13:28:50 INFO  : 'configparams force-mem-access 1' command is executed.
13:28:50 INFO  : Context for 'APU' is selected.
13:28:51 INFO  : 'stop' command is executed.
13:28:51 ERROR : AP transaction error, DAP status f0000021
13:28:51 INFO  : ----------------XSDB Script----------------
connect -url tcp:127.0.0.1:3121
source C:/Users/hrish/OneDrive/Desktop/ids/vitis/system_bd_wrapper_hw_platform_0/ps7_init.tcl
targets -set -nocase -filter {name =~"APU*" && jtag_cable_name =~ "Digilent Zybo Z7 210351A81D96A"} -index 0
loadhw -hw C:/Users/hrish/OneDrive/Desktop/ids/vitis/system_bd_wrapper_hw_platform_0/system.hdf -mem-ranges [list {0x40000000 0xbfffffff}]
configparams force-mem-access 1
targets -set -nocase -filter {name =~"APU*" && jtag_cable_name =~ "Digilent Zybo Z7 210351A81D96A"} -index 0
stop
ps7_init
----------------End of Script----------------

13:29:15 INFO  : 'targets -set -filter {jtag_cable_name =~ "Digilent Zybo Z7 210351A81D96A" && level==0} -index 1' command is executed.
13:29:15 INFO  : 'fpga -state' command is executed.
13:29:17 INFO  : Connected to target on host '127.0.0.1' and port '3121'.
13:29:17 INFO  : Jtag cable 'Digilent Zybo Z7 210351A81D96A' is selected.
13:29:17 INFO  : 'jtag frequency' command is executed.
13:29:17 INFO  : Sourcing of 'C:/Users/hrish/OneDrive/Desktop/ids/vitis/system_bd_wrapper_hw_platform_0/ps7_init.tcl' is done.
13:29:17 INFO  : Context for 'APU' is selected.
13:29:17 INFO  : Hardware design information is loaded from 'C:/Users/hrish/OneDrive/Desktop/ids/vitis/system_bd_wrapper_hw_platform_0/system.hdf'.
13:29:17 INFO  : 'configparams force-mem-access 1' command is executed.
13:29:17 INFO  : Context for 'APU' is selected.
13:29:17 INFO  : 'stop' command is executed.
13:29:18 INFO  : 'ps7_init' command is executed.
13:29:18 INFO  : 'ps7_post_config' command is executed.
13:29:18 INFO  : Context for processor 'ps7_cortexa9_0' is selected.
13:29:18 INFO  : Processor reset is completed for 'ps7_cortexa9_0'.
13:29:18 INFO  : Context for processor 'ps7_cortexa9_0' is selected.
13:29:18 INFO  : The application 'C:/Users/hrish/OneDrive/Desktop/ids/vitis/My_Projact/Debug/My_Projact.elf' is downloaded to processor 'ps7_cortexa9_0'.
13:29:18 INFO  : 'configparams force-mem-access 0' command is executed.
13:29:18 INFO  : ----------------XSDB Script----------------
connect -url tcp:127.0.0.1:3121
source C:/Users/hrish/OneDrive/Desktop/ids/vitis/system_bd_wrapper_hw_platform_0/ps7_init.tcl
targets -set -nocase -filter {name =~"APU*" && jtag_cable_name =~ "Digilent Zybo Z7 210351A81D96A"} -index 0
loadhw -hw C:/Users/hrish/OneDrive/Desktop/ids/vitis/system_bd_wrapper_hw_platform_0/system.hdf -mem-ranges [list {0x40000000 0xbfffffff}]
configparams force-mem-access 1
targets -set -nocase -filter {name =~"APU*" && jtag_cable_name =~ "Digilent Zybo Z7 210351A81D96A"} -index 0
stop
ps7_init
ps7_post_config
targets -set -nocase -filter {name =~ "ARM*#0" && jtag_cable_name =~ "Digilent Zybo Z7 210351A81D96A"} -index 0
rst -processor
targets -set -nocase -filter {name =~ "ARM*#0" && jtag_cable_name =~ "Digilent Zybo Z7 210351A81D96A"} -index 0
dow C:/Users/hrish/OneDrive/Desktop/ids/vitis/My_Projact/Debug/My_Projact.elf
configparams force-mem-access 0
----------------End of Script----------------

13:29:18 INFO  : Memory regions updated for context APU
13:29:18 INFO  : Context for processor 'ps7_cortexa9_0' is selected.
13:29:18 INFO  : 'con' command is executed.
13:29:18 INFO  : ----------------XSDB Script (After Launch)----------------
targets -set -nocase -filter {name =~ "ARM*#0" && jtag_cable_name =~ "Digilent Zybo Z7 210351A81D96A"} -index 0
con
----------------End of Script----------------

13:29:18 INFO  : Launch script is exported to file 'C:\Users\hrish\OneDrive\Desktop\ids\vitis\.sdk\launch_scripts\xilinx_c-c++_application_(system_debugger)\system_debugger_using_debug_my_projact.elf_on_local.tcl'
13:29:51 INFO  : Disconnected from the channel tcfchan#6.
13:29:52 INFO  : 'targets -set -filter {jtag_cable_name =~ "Digilent Zybo Z7 210351A81D96A" && level==0} -index 1' command is executed.
13:29:52 INFO  : 'fpga -state' command is executed.
13:29:54 INFO  : Connected to target on host '127.0.0.1' and port '3121'.
13:29:55 INFO  : Jtag cable 'Digilent Zybo Z7 210351A81D96A' is selected.
13:29:55 INFO  : 'jtag frequency' command is executed.
13:29:55 INFO  : Sourcing of 'C:/Users/hrish/OneDrive/Desktop/ids/vitis/system_bd_wrapper_hw_platform_0/ps7_init.tcl' is done.
13:29:55 INFO  : Context for 'APU' is selected.
13:29:57 INFO  : Hardware design information is loaded from 'C:/Users/hrish/OneDrive/Desktop/ids/vitis/system_bd_wrapper_hw_platform_0/system.hdf'.
13:29:57 INFO  : 'configparams force-mem-access 1' command is executed.
13:29:57 INFO  : Context for 'APU' is selected.
13:29:57 INFO  : 'stop' command is executed.
13:29:59 INFO  : 'ps7_init' command is executed.
13:29:59 INFO  : 'ps7_post_config' command is executed.
13:29:59 INFO  : Context for processor 'ps7_cortexa9_0' is selected.
13:29:59 INFO  : Processor reset is completed for 'ps7_cortexa9_0'.
13:29:59 INFO  : Context for processor 'ps7_cortexa9_0' is selected.
13:30:01 ERROR : Memory write error at 0x100000. APB AP transaction error, DAP status f0000021
13:30:01 INFO  : ----------------XSDB Script----------------
connect -url tcp:127.0.0.1:3121
source C:/Users/hrish/OneDrive/Desktop/ids/vitis/system_bd_wrapper_hw_platform_0/ps7_init.tcl
targets -set -nocase -filter {name =~"APU*" && jtag_cable_name =~ "Digilent Zybo Z7 210351A81D96A"} -index 0
loadhw -hw C:/Users/hrish/OneDrive/Desktop/ids/vitis/system_bd_wrapper_hw_platform_0/system.hdf -mem-ranges [list {0x40000000 0xbfffffff}]
configparams force-mem-access 1
targets -set -nocase -filter {name =~"APU*" && jtag_cable_name =~ "Digilent Zybo Z7 210351A81D96A"} -index 0
stop
ps7_init
ps7_post_config
targets -set -nocase -filter {name =~ "ARM*#0" && jtag_cable_name =~ "Digilent Zybo Z7 210351A81D96A"} -index 0
rst -processor
targets -set -nocase -filter {name =~ "ARM*#0" && jtag_cable_name =~ "Digilent Zybo Z7 210351A81D96A"} -index 0
dow C:/Users/hrish/OneDrive/Desktop/ids/vitis/My_Projact/Debug/My_Projact.elf
----------------End of Script----------------

13:31:09 INFO  : 'targets -set -filter {jtag_cable_name =~ "Digilent Zybo Z7 210351A81D96A" && level==0} -index 1' command is executed.
13:31:09 INFO  : 'fpga -state' command is executed.
13:31:13 INFO  : Connected to target on host '127.0.0.1' and port '3121'.
13:31:14 INFO  : Jtag cable 'Digilent Zybo Z7 210351A81D96A' is selected.
13:31:14 INFO  : 'jtag frequency' command is executed.
13:31:14 INFO  : Sourcing of 'C:/Users/hrish/OneDrive/Desktop/ids/vitis/system_bd_wrapper_hw_platform_0/ps7_init.tcl' is done.
13:31:14 INFO  : Context for 'APU' is selected.
13:31:14 INFO  : Hardware design information is loaded from 'C:/Users/hrish/OneDrive/Desktop/ids/vitis/system_bd_wrapper_hw_platform_0/system.hdf'.
13:31:14 INFO  : 'configparams force-mem-access 1' command is executed.
13:31:14 INFO  : Context for 'APU' is selected.
13:31:14 INFO  : 'stop' command is executed.
13:31:14 ERROR : AP transaction error, DAP status f0000021
13:31:14 INFO  : ----------------XSDB Script----------------
connect -url tcp:127.0.0.1:3121
source C:/Users/hrish/OneDrive/Desktop/ids/vitis/system_bd_wrapper_hw_platform_0/ps7_init.tcl
targets -set -nocase -filter {name =~"APU*" && jtag_cable_name =~ "Digilent Zybo Z7 210351A81D96A"} -index 0
loadhw -hw C:/Users/hrish/OneDrive/Desktop/ids/vitis/system_bd_wrapper_hw_platform_0/system.hdf -mem-ranges [list {0x40000000 0xbfffffff}]
configparams force-mem-access 1
targets -set -nocase -filter {name =~"APU*" && jtag_cable_name =~ "Digilent Zybo Z7 210351A81D96A"} -index 0
stop
ps7_init
----------------End of Script----------------

13:31:41 INFO  : Connected to target on host '127.0.0.1' and port '3121'.
13:31:41 INFO  : 'targets -set -filter {jtag_cable_name =~ "Digilent Zybo Z7 210351A81D96A" && level==0} -index 1' command is executed.
13:31:45 ERROR : fpga configuration failed. DONE PIN is not HIGH
13:31:58 INFO  : Connected to target on host '127.0.0.1' and port '3121'.
13:31:59 INFO  : 'targets -set -filter {jtag_cable_name =~ "Digilent Zybo Z7 210351A81D96A" && level==0} -index 1' command is executed.
13:32:01 INFO  : FPGA configured successfully with bitstream "C:/Users/hrish/OneDrive/Desktop/ids/vitis/system_bd_wrapper_hw_platform_0/system_bd_wrapper.bit"
13:32:06 INFO  : 'targets -set -filter {jtag_cable_name =~ "Digilent Zybo Z7 210351A81D96A" && level==0} -index 1' command is executed.
13:32:06 INFO  : 'fpga -state' command is executed.
13:32:06 INFO  : Connected to target on host '127.0.0.1' and port '3121'.
13:32:06 INFO  : Jtag cable 'Digilent Zybo Z7 210351A81D96A' is selected.
13:32:06 INFO  : 'jtag frequency' command is executed.
13:32:06 INFO  : Sourcing of 'C:/Users/hrish/OneDrive/Desktop/ids/vitis/system_bd_wrapper_hw_platform_0/ps7_init.tcl' is done.
13:32:06 INFO  : Context for 'APU' is selected.
13:32:06 INFO  : Hardware design information is loaded from 'C:/Users/hrish/OneDrive/Desktop/ids/vitis/system_bd_wrapper_hw_platform_0/system.hdf'.
13:32:06 INFO  : 'configparams force-mem-access 1' command is executed.
13:32:06 INFO  : Context for 'APU' is selected.
13:32:06 INFO  : 'stop' command is executed.
13:32:07 INFO  : 'ps7_init' command is executed.
13:32:07 INFO  : 'ps7_post_config' command is executed.
13:32:07 INFO  : Context for processor 'ps7_cortexa9_0' is selected.
13:32:07 INFO  : Processor reset is completed for 'ps7_cortexa9_0'.
13:32:07 INFO  : Context for processor 'ps7_cortexa9_0' is selected.
13:32:07 INFO  : The application 'C:/Users/hrish/OneDrive/Desktop/ids/vitis/My_Projact/Debug/My_Projact.elf' is downloaded to processor 'ps7_cortexa9_0'.
13:32:07 INFO  : 'configparams force-mem-access 0' command is executed.
13:32:07 INFO  : ----------------XSDB Script----------------
connect -url tcp:127.0.0.1:3121
source C:/Users/hrish/OneDrive/Desktop/ids/vitis/system_bd_wrapper_hw_platform_0/ps7_init.tcl
targets -set -nocase -filter {name =~"APU*" && jtag_cable_name =~ "Digilent Zybo Z7 210351A81D96A"} -index 0
loadhw -hw C:/Users/hrish/OneDrive/Desktop/ids/vitis/system_bd_wrapper_hw_platform_0/system.hdf -mem-ranges [list {0x40000000 0xbfffffff}]
configparams force-mem-access 1
targets -set -nocase -filter {name =~"APU*" && jtag_cable_name =~ "Digilent Zybo Z7 210351A81D96A"} -index 0
stop
ps7_init
ps7_post_config
targets -set -nocase -filter {name =~ "ARM*#0" && jtag_cable_name =~ "Digilent Zybo Z7 210351A81D96A"} -index 0
rst -processor
targets -set -nocase -filter {name =~ "ARM*#0" && jtag_cable_name =~ "Digilent Zybo Z7 210351A81D96A"} -index 0
dow C:/Users/hrish/OneDrive/Desktop/ids/vitis/My_Projact/Debug/My_Projact.elf
configparams force-mem-access 0
----------------End of Script----------------

13:32:07 INFO  : Memory regions updated for context APU
13:32:07 INFO  : Context for processor 'ps7_cortexa9_0' is selected.
13:32:08 INFO  : 'con' command is executed.
13:32:08 INFO  : ----------------XSDB Script (After Launch)----------------
targets -set -nocase -filter {name =~ "ARM*#0" && jtag_cable_name =~ "Digilent Zybo Z7 210351A81D96A"} -index 0
con
----------------End of Script----------------

13:32:08 INFO  : Launch script is exported to file 'C:\Users\hrish\OneDrive\Desktop\ids\vitis\.sdk\launch_scripts\xilinx_c-c++_application_(system_debugger)\system_debugger_using_debug_my_projact.elf_on_local.tcl'
13:32:28 INFO  : Disconnected from the channel tcfchan#7.
13:32:29 INFO  : 'targets -set -filter {jtag_cable_name =~ "Digilent Zybo Z7 210351A81D96A" && level==0} -index 1' command is executed.
13:32:29 INFO  : 'fpga -state' command is executed.
13:32:29 INFO  : Connected to target on host '127.0.0.1' and port '3121'.
13:32:29 INFO  : Jtag cable 'Digilent Zybo Z7 210351A81D96A' is selected.
13:32:29 INFO  : 'jtag frequency' command is executed.
13:32:29 INFO  : Sourcing of 'C:/Users/hrish/OneDrive/Desktop/ids/vitis/system_bd_wrapper_hw_platform_0/ps7_init.tcl' is done.
13:32:29 INFO  : Context for 'APU' is selected.
13:32:33 INFO  : Hardware design information is loaded from 'C:/Users/hrish/OneDrive/Desktop/ids/vitis/system_bd_wrapper_hw_platform_0/system.hdf'.
13:32:33 INFO  : 'configparams force-mem-access 1' command is executed.
13:32:33 INFO  : Context for 'APU' is selected.
13:32:33 INFO  : 'stop' command is executed.
13:32:35 INFO  : 'ps7_init' command is executed.
13:32:35 INFO  : 'ps7_post_config' command is executed.
13:32:36 INFO  : Context for processor 'ps7_cortexa9_0' is selected.
13:32:36 INFO  : Processor reset is completed for 'ps7_cortexa9_0'.
13:32:36 INFO  : Context for processor 'ps7_cortexa9_0' is selected.
13:32:38 ERROR : Memory write error at 0x100000. APB AP transaction error, DAP status f0000021
13:32:38 INFO  : ----------------XSDB Script----------------
connect -url tcp:127.0.0.1:3121
source C:/Users/hrish/OneDrive/Desktop/ids/vitis/system_bd_wrapper_hw_platform_0/ps7_init.tcl
targets -set -nocase -filter {name =~"APU*" && jtag_cable_name =~ "Digilent Zybo Z7 210351A81D96A"} -index 0
loadhw -hw C:/Users/hrish/OneDrive/Desktop/ids/vitis/system_bd_wrapper_hw_platform_0/system.hdf -mem-ranges [list {0x40000000 0xbfffffff}]
configparams force-mem-access 1
targets -set -nocase -filter {name =~"APU*" && jtag_cable_name =~ "Digilent Zybo Z7 210351A81D96A"} -index 0
stop
ps7_init
ps7_post_config
targets -set -nocase -filter {name =~ "ARM*#0" && jtag_cable_name =~ "Digilent Zybo Z7 210351A81D96A"} -index 0
rst -processor
targets -set -nocase -filter {name =~ "ARM*#0" && jtag_cable_name =~ "Digilent Zybo Z7 210351A81D96A"} -index 0
dow C:/Users/hrish/OneDrive/Desktop/ids/vitis/My_Projact/Debug/My_Projact.elf
----------------End of Script----------------

13:33:52 INFO  : 'targets -set -filter {jtag_cable_name =~ "Digilent Zybo Z7 210351A81D96A" && level==0} -index 1' command is executed.
13:33:52 INFO  : 'fpga -state' command is executed.
13:33:52 INFO  : Connected to target on host '127.0.0.1' and port '3121'.
13:33:52 INFO  : Jtag cable 'Digilent Zybo Z7 210351A81D96A' is selected.
13:33:52 INFO  : 'jtag frequency' command is executed.
13:33:52 INFO  : Sourcing of 'C:/Users/hrish/OneDrive/Desktop/ids/vitis/system_bd_wrapper_hw_platform_0/ps7_init.tcl' is done.
13:33:52 INFO  : Context for 'APU' is selected.
13:33:52 INFO  : Hardware design information is loaded from 'C:/Users/hrish/OneDrive/Desktop/ids/vitis/system_bd_wrapper_hw_platform_0/system.hdf'.
13:33:52 INFO  : 'configparams force-mem-access 1' command is executed.
13:33:52 INFO  : Context for 'APU' is selected.
13:33:52 INFO  : 'stop' command is executed.
13:33:52 ERROR : AP transaction error, DAP status f0000021
13:33:52 INFO  : ----------------XSDB Script----------------
connect -url tcp:127.0.0.1:3121
source C:/Users/hrish/OneDrive/Desktop/ids/vitis/system_bd_wrapper_hw_platform_0/ps7_init.tcl
targets -set -nocase -filter {name =~"APU*" && jtag_cable_name =~ "Digilent Zybo Z7 210351A81D96A"} -index 0
loadhw -hw C:/Users/hrish/OneDrive/Desktop/ids/vitis/system_bd_wrapper_hw_platform_0/system.hdf -mem-ranges [list {0x40000000 0xbfffffff}]
configparams force-mem-access 1
targets -set -nocase -filter {name =~"APU*" && jtag_cable_name =~ "Digilent Zybo Z7 210351A81D96A"} -index 0
stop
ps7_init
----------------End of Script----------------

13:34:38 INFO  : 'targets -set -filter {jtag_cable_name =~ "Digilent Zybo Z7 210351A81D96A" && level==0} -index 1' command is executed.
13:34:38 INFO  : 'fpga -state' command is executed.
13:34:38 INFO  : Connected to target on host '127.0.0.1' and port '3121'.
13:34:39 INFO  : Jtag cable 'Digilent Zybo Z7 210351A81D96A' is selected.
13:34:39 INFO  : 'jtag frequency' command is executed.
13:34:39 INFO  : Sourcing of 'C:/Users/hrish/OneDrive/Desktop/ids/vitis/system_bd_wrapper_hw_platform_0/ps7_init.tcl' is done.
13:34:39 INFO  : Context for 'APU' is selected.
13:34:39 INFO  : Hardware design information is loaded from 'C:/Users/hrish/OneDrive/Desktop/ids/vitis/system_bd_wrapper_hw_platform_0/system.hdf'.
13:34:39 INFO  : 'configparams force-mem-access 1' command is executed.
13:34:39 INFO  : Context for 'APU' is selected.
13:34:39 INFO  : 'stop' command is executed.
13:34:39 ERROR : AP transaction error, DAP status f0000021
13:34:39 INFO  : ----------------XSDB Script----------------
connect -url tcp:127.0.0.1:3121
source C:/Users/hrish/OneDrive/Desktop/ids/vitis/system_bd_wrapper_hw_platform_0/ps7_init.tcl
targets -set -nocase -filter {name =~"APU*" && jtag_cable_name =~ "Digilent Zybo Z7 210351A81D96A"} -index 0
loadhw -hw C:/Users/hrish/OneDrive/Desktop/ids/vitis/system_bd_wrapper_hw_platform_0/system.hdf -mem-ranges [list {0x40000000 0xbfffffff}]
configparams force-mem-access 1
targets -set -nocase -filter {name =~"APU*" && jtag_cable_name =~ "Digilent Zybo Z7 210351A81D96A"} -index 0
stop
ps7_init
----------------End of Script----------------

13:35:26 INFO  : 'targets -set -filter {jtag_cable_name =~ "Digilent Zybo Z7 210351A81D96A" && level==0} -index 1' command is executed.
13:35:26 INFO  : 'fpga -state' command is executed.
13:35:32 INFO  : Connected to target on host '127.0.0.1' and port '3121'.
13:35:32 INFO  : Jtag cable 'Digilent Zybo Z7 210351A81D96A' is selected.
13:35:32 INFO  : 'jtag frequency' command is executed.
13:35:32 INFO  : Sourcing of 'C:/Users/hrish/OneDrive/Desktop/ids/vitis/system_bd_wrapper_hw_platform_0/ps7_init.tcl' is done.
13:35:32 INFO  : Context for 'APU' is selected.
13:35:32 INFO  : Hardware design information is loaded from 'C:/Users/hrish/OneDrive/Desktop/ids/vitis/system_bd_wrapper_hw_platform_0/system.hdf'.
13:35:32 INFO  : 'configparams force-mem-access 1' command is executed.
13:35:32 INFO  : Context for 'APU' is selected.
13:35:32 INFO  : 'stop' command is executed.
13:35:33 INFO  : 'ps7_init' command is executed.
13:35:33 INFO  : 'ps7_post_config' command is executed.
13:35:33 INFO  : Context for processor 'ps7_cortexa9_0' is selected.
13:35:33 INFO  : Processor reset is completed for 'ps7_cortexa9_0'.
13:35:33 INFO  : Context for processor 'ps7_cortexa9_0' is selected.
13:35:33 INFO  : The application 'C:/Users/hrish/OneDrive/Desktop/ids/vitis/My_Projact/Debug/My_Projact.elf' is downloaded to processor 'ps7_cortexa9_0'.
13:35:33 INFO  : 'configparams force-mem-access 0' command is executed.
13:35:33 INFO  : ----------------XSDB Script----------------
connect -url tcp:127.0.0.1:3121
source C:/Users/hrish/OneDrive/Desktop/ids/vitis/system_bd_wrapper_hw_platform_0/ps7_init.tcl
targets -set -nocase -filter {name =~"APU*" && jtag_cable_name =~ "Digilent Zybo Z7 210351A81D96A"} -index 0
loadhw -hw C:/Users/hrish/OneDrive/Desktop/ids/vitis/system_bd_wrapper_hw_platform_0/system.hdf -mem-ranges [list {0x40000000 0xbfffffff}]
configparams force-mem-access 1
targets -set -nocase -filter {name =~"APU*" && jtag_cable_name =~ "Digilent Zybo Z7 210351A81D96A"} -index 0
stop
ps7_init
ps7_post_config
targets -set -nocase -filter {name =~ "ARM*#0" && jtag_cable_name =~ "Digilent Zybo Z7 210351A81D96A"} -index 0
rst -processor
targets -set -nocase -filter {name =~ "ARM*#0" && jtag_cable_name =~ "Digilent Zybo Z7 210351A81D96A"} -index 0
dow C:/Users/hrish/OneDrive/Desktop/ids/vitis/My_Projact/Debug/My_Projact.elf
configparams force-mem-access 0
----------------End of Script----------------

13:35:33 INFO  : Memory regions updated for context APU
13:35:33 INFO  : Context for processor 'ps7_cortexa9_0' is selected.
13:35:33 INFO  : 'con' command is executed.
13:35:33 INFO  : ----------------XSDB Script (After Launch)----------------
targets -set -nocase -filter {name =~ "ARM*#0" && jtag_cable_name =~ "Digilent Zybo Z7 210351A81D96A"} -index 0
con
----------------End of Script----------------

13:35:33 INFO  : Launch script is exported to file 'C:\Users\hrish\OneDrive\Desktop\ids\vitis\.sdk\launch_scripts\xilinx_c-c++_application_(system_debugger)\system_debugger_using_debug_my_projact.elf_on_local.tcl'
13:36:09 INFO  : Disconnected from the channel tcfchan#8.
13:36:10 INFO  : 'targets -set -filter {jtag_cable_name =~ "Digilent Zybo Z7 210351A81D96A" && level==0} -index 1' command is executed.
13:36:10 INFO  : 'fpga -state' command is executed.
13:36:12 INFO  : Connected to target on host '127.0.0.1' and port '3121'.
13:36:13 INFO  : Jtag cable 'Digilent Zybo Z7 210351A81D96A' is selected.
13:36:13 INFO  : 'jtag frequency' command is executed.
13:36:13 INFO  : Sourcing of 'C:/Users/hrish/OneDrive/Desktop/ids/vitis/system_bd_wrapper_hw_platform_0/ps7_init.tcl' is done.
13:36:13 INFO  : Context for 'APU' is selected.
13:36:16 INFO  : Hardware design information is loaded from 'C:/Users/hrish/OneDrive/Desktop/ids/vitis/system_bd_wrapper_hw_platform_0/system.hdf'.
13:36:16 INFO  : 'configparams force-mem-access 1' command is executed.
13:36:16 INFO  : Context for 'APU' is selected.
13:36:17 INFO  : 'stop' command is executed.
13:36:19 INFO  : 'ps7_init' command is executed.
13:36:19 INFO  : 'ps7_post_config' command is executed.
13:36:19 INFO  : Context for processor 'ps7_cortexa9_0' is selected.
13:36:19 INFO  : Processor reset is completed for 'ps7_cortexa9_0'.
13:36:19 INFO  : Context for processor 'ps7_cortexa9_0' is selected.
13:36:22 ERROR : Memory write error at 0x100000. APB AP transaction error, DAP status f0000021
13:36:22 INFO  : ----------------XSDB Script----------------
connect -url tcp:127.0.0.1:3121
source C:/Users/hrish/OneDrive/Desktop/ids/vitis/system_bd_wrapper_hw_platform_0/ps7_init.tcl
targets -set -nocase -filter {name =~"APU*" && jtag_cable_name =~ "Digilent Zybo Z7 210351A81D96A"} -index 0
loadhw -hw C:/Users/hrish/OneDrive/Desktop/ids/vitis/system_bd_wrapper_hw_platform_0/system.hdf -mem-ranges [list {0x40000000 0xbfffffff}]
configparams force-mem-access 1
targets -set -nocase -filter {name =~"APU*" && jtag_cable_name =~ "Digilent Zybo Z7 210351A81D96A"} -index 0
stop
ps7_init
ps7_post_config
targets -set -nocase -filter {name =~ "ARM*#0" && jtag_cable_name =~ "Digilent Zybo Z7 210351A81D96A"} -index 0
rst -processor
targets -set -nocase -filter {name =~ "ARM*#0" && jtag_cable_name =~ "Digilent Zybo Z7 210351A81D96A"} -index 0
dow C:/Users/hrish/OneDrive/Desktop/ids/vitis/My_Projact/Debug/My_Projact.elf
----------------End of Script----------------

13:36:53 INFO  : 'targets -set -filter {jtag_cable_name =~ "Digilent Zybo Z7 210351A81D96A" && level==0} -index 1' command is executed.
13:36:53 INFO  : 'fpga -state' command is executed.
13:36:56 INFO  : Connected to target on host '127.0.0.1' and port '3121'.
13:36:56 INFO  : Jtag cable 'Digilent Zybo Z7 210351A81D96A' is selected.
13:36:56 INFO  : 'jtag frequency' command is executed.
13:36:56 INFO  : Sourcing of 'C:/Users/hrish/OneDrive/Desktop/ids/vitis/system_bd_wrapper_hw_platform_0/ps7_init.tcl' is done.
13:36:56 INFO  : Context for 'APU' is selected.
13:36:56 INFO  : Hardware design information is loaded from 'C:/Users/hrish/OneDrive/Desktop/ids/vitis/system_bd_wrapper_hw_platform_0/system.hdf'.
13:36:56 INFO  : 'configparams force-mem-access 1' command is executed.
13:36:56 INFO  : Context for 'APU' is selected.
13:36:56 INFO  : 'stop' command is executed.
13:36:56 INFO  : 'ps7_init' command is executed.
13:36:56 INFO  : 'ps7_post_config' command is executed.
13:36:56 INFO  : Context for processor 'ps7_cortexa9_0' is selected.
13:36:57 INFO  : Processor reset is completed for 'ps7_cortexa9_0'.
13:36:57 INFO  : Context for processor 'ps7_cortexa9_0' is selected.
13:36:57 INFO  : The application 'C:/Users/hrish/OneDrive/Desktop/ids/vitis/My_Projact/Debug/My_Projact.elf' is downloaded to processor 'ps7_cortexa9_0'.
13:36:57 INFO  : 'configparams force-mem-access 0' command is executed.
13:36:57 INFO  : ----------------XSDB Script----------------
connect -url tcp:127.0.0.1:3121
source C:/Users/hrish/OneDrive/Desktop/ids/vitis/system_bd_wrapper_hw_platform_0/ps7_init.tcl
targets -set -nocase -filter {name =~"APU*" && jtag_cable_name =~ "Digilent Zybo Z7 210351A81D96A"} -index 0
loadhw -hw C:/Users/hrish/OneDrive/Desktop/ids/vitis/system_bd_wrapper_hw_platform_0/system.hdf -mem-ranges [list {0x40000000 0xbfffffff}]
configparams force-mem-access 1
targets -set -nocase -filter {name =~"APU*" && jtag_cable_name =~ "Digilent Zybo Z7 210351A81D96A"} -index 0
stop
ps7_init
ps7_post_config
targets -set -nocase -filter {name =~ "ARM*#0" && jtag_cable_name =~ "Digilent Zybo Z7 210351A81D96A"} -index 0
rst -processor
targets -set -nocase -filter {name =~ "ARM*#0" && jtag_cable_name =~ "Digilent Zybo Z7 210351A81D96A"} -index 0
dow C:/Users/hrish/OneDrive/Desktop/ids/vitis/My_Projact/Debug/My_Projact.elf
configparams force-mem-access 0
----------------End of Script----------------

13:36:57 INFO  : Memory regions updated for context APU
13:36:57 INFO  : Context for processor 'ps7_cortexa9_0' is selected.
13:36:57 INFO  : 'con' command is executed.
13:36:57 INFO  : ----------------XSDB Script (After Launch)----------------
targets -set -nocase -filter {name =~ "ARM*#0" && jtag_cable_name =~ "Digilent Zybo Z7 210351A81D96A"} -index 0
con
----------------End of Script----------------

13:36:57 INFO  : Launch script is exported to file 'C:\Users\hrish\OneDrive\Desktop\ids\vitis\.sdk\launch_scripts\xilinx_c-c++_application_(system_debugger)\system_debugger_using_debug_my_projact.elf_on_local.tcl'
14:04:30 INFO  : Disconnected from the channel tcfchan#9.
