13:59:46 INFO  : Registering command handlers for SDK TCF services
13:59:47 INFO  : Launching XSCT server: xsct.bat -interactive C:\Users\hrish\OneDrive\Desktop\ids2\vitis\temp_xsdb_launch_script.tcl
13:59:49 INFO  : XSCT server has started successfully.
13:59:49 INFO  : Successfully done setting XSCT server connection channel  
13:59:49 INFO  : Successfully done setting SDK workspace  
13:59:49 INFO  : Processing command line option -hwspec C:/Users/hrish/OneDrive/Desktop/ids2/system_bd_wrapper.hdf.
14:02:15 INFO  : 'targets -set -filter {jtag_cable_name =~ "Digilent Zybo Z7 210351A81D96A" && level==0} -index 1' command is executed.
14:02:15 INFO  : 'fpga -state' command is executed.
14:02:17 INFO  : Connected to target on host '127.0.0.1' and port '3121'.
14:02:17 INFO  : Jtag cable 'Digilent Zybo Z7 210351A81D96A' is selected.
14:02:17 INFO  : 'jtag frequency' command is executed.
14:02:17 INFO  : Sourcing of 'C:/Users/hrish/OneDrive/Desktop/ids2/vitis/system_bd_wrapper_hw_platform_0/ps7_init.tcl' is done.
14:02:17 INFO  : Context for 'APU' is selected.
14:02:17 INFO  : Hardware design information is loaded from 'C:/Users/hrish/OneDrive/Desktop/ids2/vitis/system_bd_wrapper_hw_platform_0/system.hdf'.
14:02:17 INFO  : 'configparams force-mem-access 1' command is executed.
14:02:17 INFO  : Context for 'APU' is selected.
14:02:17 INFO  : 'stop' command is executed.
14:02:18 INFO  : 'ps7_init' command is executed.
14:02:18 INFO  : 'ps7_post_config' command is executed.
14:02:18 INFO  : Context for processor 'ps7_cortexa9_0' is selected.
14:02:18 INFO  : Processor reset is completed for 'ps7_cortexa9_0'.
14:02:18 INFO  : Context for processor 'ps7_cortexa9_0' is selected.
14:02:18 INFO  : The application 'C:/Users/hrish/OneDrive/Desktop/ids2/vitis/My_Praaject/Debug/My_Praaject.elf' is downloaded to processor 'ps7_cortexa9_0'.
14:02:18 INFO  : 'configparams force-mem-access 0' command is executed.
14:02:18 INFO  : ----------------XSDB Script----------------
connect -url tcp:127.0.0.1:3121
source C:/Users/hrish/OneDrive/Desktop/ids2/vitis/system_bd_wrapper_hw_platform_0/ps7_init.tcl
targets -set -nocase -filter {name =~"APU*" && jtag_cable_name =~ "Digilent Zybo Z7 210351A81D96A"} -index 0
loadhw -hw C:/Users/hrish/OneDrive/Desktop/ids2/vitis/system_bd_wrapper_hw_platform_0/system.hdf -mem-ranges [list {0x40000000 0xbfffffff}]
configparams force-mem-access 1
targets -set -nocase -filter {name =~"APU*" && jtag_cable_name =~ "Digilent Zybo Z7 210351A81D96A"} -index 0
stop
ps7_init
ps7_post_config
targets -set -nocase -filter {name =~ "ARM*#0" && jtag_cable_name =~ "Digilent Zybo Z7 210351A81D96A"} -index 0
rst -processor
targets -set -nocase -filter {name =~ "ARM*#0" && jtag_cable_name =~ "Digilent Zybo Z7 210351A81D96A"} -index 0
dow C:/Users/hrish/OneDrive/Desktop/ids2/vitis/My_Praaject/Debug/My_Praaject.elf
configparams force-mem-access 0
----------------End of Script----------------

14:02:18 INFO  : Context for processor 'ps7_cortexa9_0' is selected.
14:02:18 INFO  : 'con' command is executed.
14:02:18 INFO  : ----------------XSDB Script (After Launch)----------------
targets -set -nocase -filter {name =~ "ARM*#0" && jtag_cable_name =~ "Digilent Zybo Z7 210351A81D96A"} -index 0
con
----------------End of Script----------------

14:02:18 INFO  : Disconnected from the channel tcfchan#1.
14:08:59 INFO  : 'targets -set -filter {jtag_cable_name =~ "Digilent Zybo Z7 210351A81D96A" && level==0} -index 1' command is executed.
14:08:59 INFO  : 'fpga -state' command is executed.
14:09:01 INFO  : Connected to target on host '127.0.0.1' and port '3121'.
14:09:02 INFO  : Jtag cable 'Digilent Zybo Z7 210351A81D96A' is selected.
14:09:02 INFO  : 'jtag frequency' command is executed.
14:09:02 INFO  : Sourcing of 'C:/Users/hrish/OneDrive/Desktop/ids2/vitis/system_bd_wrapper_hw_platform_0/ps7_init.tcl' is done.
14:09:02 INFO  : Context for 'APU' is selected.
14:09:02 INFO  : Hardware design information is loaded from 'C:/Users/hrish/OneDrive/Desktop/ids2/vitis/system_bd_wrapper_hw_platform_0/system.hdf'.
14:09:02 INFO  : 'configparams force-mem-access 1' command is executed.
14:09:02 INFO  : Context for 'APU' is selected.
14:09:02 INFO  : 'stop' command is executed.
14:09:02 INFO  : 'ps7_init' command is executed.
14:09:02 INFO  : 'ps7_post_config' command is executed.
14:09:02 INFO  : Context for processor 'ps7_cortexa9_0' is selected.
14:09:02 INFO  : Processor reset is completed for 'ps7_cortexa9_0'.
14:09:02 INFO  : Context for processor 'ps7_cortexa9_0' is selected.
14:09:03 INFO  : The application 'C:/Users/hrish/OneDrive/Desktop/ids2/vitis/My_Praaject/Debug/My_Praaject.elf' is downloaded to processor 'ps7_cortexa9_0'.
14:09:03 INFO  : 'configparams force-mem-access 0' command is executed.
14:09:03 INFO  : ----------------XSDB Script----------------
connect -url tcp:127.0.0.1:3121
source C:/Users/hrish/OneDrive/Desktop/ids2/vitis/system_bd_wrapper_hw_platform_0/ps7_init.tcl
targets -set -nocase -filter {name =~"APU*" && jtag_cable_name =~ "Digilent Zybo Z7 210351A81D96A"} -index 0
loadhw -hw C:/Users/hrish/OneDrive/Desktop/ids2/vitis/system_bd_wrapper_hw_platform_0/system.hdf -mem-ranges [list {0x40000000 0xbfffffff}]
configparams force-mem-access 1
targets -set -nocase -filter {name =~"APU*" && jtag_cable_name =~ "Digilent Zybo Z7 210351A81D96A"} -index 0
stop
ps7_init
ps7_post_config
targets -set -nocase -filter {name =~ "ARM*#0" && jtag_cable_name =~ "Digilent Zybo Z7 210351A81D96A"} -index 0
rst -processor
targets -set -nocase -filter {name =~ "ARM*#0" && jtag_cable_name =~ "Digilent Zybo Z7 210351A81D96A"} -index 0
dow C:/Users/hrish/OneDrive/Desktop/ids2/vitis/My_Praaject/Debug/My_Praaject.elf
configparams force-mem-access 0
----------------End of Script----------------

14:09:03 INFO  : Context for processor 'ps7_cortexa9_0' is selected.
14:09:03 INFO  : 'con' command is executed.
14:09:03 INFO  : ----------------XSDB Script (After Launch)----------------
targets -set -nocase -filter {name =~ "ARM*#0" && jtag_cable_name =~ "Digilent Zybo Z7 210351A81D96A"} -index 0
con
----------------End of Script----------------

14:09:03 INFO  : Disconnected from the channel tcfchan#2.
14:10:29 INFO  : Connected to target on host '127.0.0.1' and port '3121'.
14:10:29 INFO  : 'targets -set -filter {jtag_cable_name =~ "Digilent Zybo Z7 210351A81D96A" && level==0} -index 1' command is executed.
14:10:32 INFO  : FPGA configured successfully with bitstream "C:/Users/hrish/OneDrive/Desktop/ids2/vitis/system_bd_wrapper_hw_platform_0/system_bd_wrapper.bit"
14:10:41 INFO  : 'targets -set -filter {jtag_cable_name =~ "Digilent Zybo Z7 210351A81D96A" && level==0} -index 1' command is executed.
14:10:41 INFO  : 'fpga -state' command is executed.
14:10:41 INFO  : Connected to target on host '127.0.0.1' and port '3121'.
14:10:41 INFO  : Jtag cable 'Digilent Zybo Z7 210351A81D96A' is selected.
14:10:41 INFO  : 'jtag frequency' command is executed.
14:10:41 INFO  : Sourcing of 'C:/Users/hrish/OneDrive/Desktop/ids2/vitis/system_bd_wrapper_hw_platform_0/ps7_init.tcl' is done.
14:10:41 INFO  : Context for 'APU' is selected.
14:10:41 INFO  : Hardware design information is loaded from 'C:/Users/hrish/OneDrive/Desktop/ids2/vitis/system_bd_wrapper_hw_platform_0/system.hdf'.
14:10:41 INFO  : 'configparams force-mem-access 1' command is executed.
14:10:41 INFO  : Context for 'APU' is selected.
14:10:42 INFO  : 'stop' command is executed.
14:10:42 INFO  : 'ps7_init' command is executed.
14:10:42 INFO  : 'ps7_post_config' command is executed.
14:10:42 INFO  : Context for processor 'ps7_cortexa9_0' is selected.
14:10:42 INFO  : Processor reset is completed for 'ps7_cortexa9_0'.
14:10:42 INFO  : Context for processor 'ps7_cortexa9_0' is selected.
14:10:42 INFO  : The application 'C:/Users/hrish/OneDrive/Desktop/ids2/vitis/My_Praaject/Debug/My_Praaject.elf' is downloaded to processor 'ps7_cortexa9_0'.
14:10:42 INFO  : 'configparams force-mem-access 0' command is executed.
14:10:42 INFO  : ----------------XSDB Script----------------
connect -url tcp:127.0.0.1:3121
source C:/Users/hrish/OneDrive/Desktop/ids2/vitis/system_bd_wrapper_hw_platform_0/ps7_init.tcl
targets -set -nocase -filter {name =~"APU*" && jtag_cable_name =~ "Digilent Zybo Z7 210351A81D96A"} -index 0
loadhw -hw C:/Users/hrish/OneDrive/Desktop/ids2/vitis/system_bd_wrapper_hw_platform_0/system.hdf -mem-ranges [list {0x40000000 0xbfffffff}]
configparams force-mem-access 1
targets -set -nocase -filter {name =~"APU*" && jtag_cable_name =~ "Digilent Zybo Z7 210351A81D96A"} -index 0
stop
ps7_init
ps7_post_config
targets -set -nocase -filter {name =~ "ARM*#0" && jtag_cable_name =~ "Digilent Zybo Z7 210351A81D96A"} -index 0
rst -processor
targets -set -nocase -filter {name =~ "ARM*#0" && jtag_cable_name =~ "Digilent Zybo Z7 210351A81D96A"} -index 0
dow C:/Users/hrish/OneDrive/Desktop/ids2/vitis/My_Praaject/Debug/My_Praaject.elf
configparams force-mem-access 0
----------------End of Script----------------

14:10:42 INFO  : Memory regions updated for context APU
14:10:42 INFO  : Context for processor 'ps7_cortexa9_0' is selected.
14:10:42 INFO  : 'con' command is executed.
14:10:42 INFO  : ----------------XSDB Script (After Launch)----------------
targets -set -nocase -filter {name =~ "ARM*#0" && jtag_cable_name =~ "Digilent Zybo Z7 210351A81D96A"} -index 0
con
----------------End of Script----------------

14:10:42 INFO  : Launch script is exported to file 'C:\Users\hrish\OneDrive\Desktop\ids2\vitis\.sdk\launch_scripts\xilinx_c-c++_application_(system_debugger)\system_debugger_using_debug_my_praaject.elf_on_local.tcl'
14:12:33 INFO  : Disconnected from the channel tcfchan#3.
14:12:35 INFO  : 'targets -set -filter {jtag_cable_name =~ "Digilent Zybo Z7 210351A81D96A" && level==0} -index 1' command is executed.
14:12:35 INFO  : 'fpga -state' command is executed.
14:12:37 INFO  : Connected to target on host '127.0.0.1' and port '3121'.
14:12:38 INFO  : Jtag cable 'Digilent Zybo Z7 210351A81D96A' is selected.
14:12:38 INFO  : 'jtag frequency' command is executed.
14:12:38 INFO  : Sourcing of 'C:/Users/hrish/OneDrive/Desktop/ids2/vitis/system_bd_wrapper_hw_platform_0/ps7_init.tcl' is done.
14:12:38 INFO  : Context for 'APU' is selected.
14:12:40 INFO  : Hardware design information is loaded from 'C:/Users/hrish/OneDrive/Desktop/ids2/vitis/system_bd_wrapper_hw_platform_0/system.hdf'.
14:12:40 INFO  : 'configparams force-mem-access 1' command is executed.
14:12:40 INFO  : Context for 'APU' is selected.
14:12:40 INFO  : 'stop' command is executed.
14:12:40 INFO  : 'ps7_init' command is executed.
14:12:40 INFO  : 'ps7_post_config' command is executed.
14:12:40 INFO  : Context for processor 'ps7_cortexa9_0' is selected.
14:12:40 INFO  : Processor reset is completed for 'ps7_cortexa9_0'.
14:12:40 INFO  : Context for processor 'ps7_cortexa9_0' is selected.
14:12:41 INFO  : The application 'C:/Users/hrish/OneDrive/Desktop/ids2/vitis/My_Praaject/Debug/My_Praaject.elf' is downloaded to processor 'ps7_cortexa9_0'.
14:12:41 INFO  : 'configparams force-mem-access 0' command is executed.
14:12:41 INFO  : ----------------XSDB Script----------------
connect -url tcp:127.0.0.1:3121
source C:/Users/hrish/OneDrive/Desktop/ids2/vitis/system_bd_wrapper_hw_platform_0/ps7_init.tcl
targets -set -nocase -filter {name =~"APU*" && jtag_cable_name =~ "Digilent Zybo Z7 210351A81D96A"} -index 0
loadhw -hw C:/Users/hrish/OneDrive/Desktop/ids2/vitis/system_bd_wrapper_hw_platform_0/system.hdf -mem-ranges [list {0x40000000 0xbfffffff}]
configparams force-mem-access 1
targets -set -nocase -filter {name =~"APU*" && jtag_cable_name =~ "Digilent Zybo Z7 210351A81D96A"} -index 0
stop
ps7_init
ps7_post_config
targets -set -nocase -filter {name =~ "ARM*#0" && jtag_cable_name =~ "Digilent Zybo Z7 210351A81D96A"} -index 0
rst -processor
targets -set -nocase -filter {name =~ "ARM*#0" && jtag_cable_name =~ "Digilent Zybo Z7 210351A81D96A"} -index 0
dow C:/Users/hrish/OneDrive/Desktop/ids2/vitis/My_Praaject/Debug/My_Praaject.elf
configparams force-mem-access 0
----------------End of Script----------------

14:12:41 INFO  : Memory regions updated for context APU
14:12:41 INFO  : Context for processor 'ps7_cortexa9_0' is selected.
14:12:41 INFO  : 'con' command is executed.
14:12:41 INFO  : ----------------XSDB Script (After Launch)----------------
targets -set -nocase -filter {name =~ "ARM*#0" && jtag_cable_name =~ "Digilent Zybo Z7 210351A81D96A"} -index 0
con
----------------End of Script----------------

14:12:41 INFO  : Launch script is exported to file 'C:\Users\hrish\OneDrive\Desktop\ids2\vitis\.sdk\launch_scripts\xilinx_c-c++_application_(system_debugger)\system_debugger_using_debug_my_praaject.elf_on_local.tcl'
14:13:02 INFO  : Disconnected from the channel tcfchan#4.
14:13:03 INFO  : 'targets -set -filter {jtag_cable_name =~ "Digilent Zybo Z7 210351A81D96A" && level==0} -index 1' command is executed.
14:13:03 INFO  : 'fpga -state' command is executed.
14:13:05 INFO  : Connected to target on host '127.0.0.1' and port '3121'.
14:13:05 INFO  : Jtag cable 'Digilent Zybo Z7 210351A81D96A' is selected.
14:13:05 INFO  : 'jtag frequency' command is executed.
14:13:05 INFO  : Sourcing of 'C:/Users/hrish/OneDrive/Desktop/ids2/vitis/system_bd_wrapper_hw_platform_0/ps7_init.tcl' is done.
14:13:05 INFO  : Context for 'APU' is selected.
14:13:07 INFO  : Hardware design information is loaded from 'C:/Users/hrish/OneDrive/Desktop/ids2/vitis/system_bd_wrapper_hw_platform_0/system.hdf'.
14:13:07 INFO  : 'configparams force-mem-access 1' command is executed.
14:13:07 INFO  : Context for 'APU' is selected.
14:13:07 INFO  : 'stop' command is executed.
14:13:09 INFO  : 'ps7_init' command is executed.
14:13:09 INFO  : 'ps7_post_config' command is executed.
14:13:09 INFO  : Context for processor 'ps7_cortexa9_0' is selected.
14:13:09 INFO  : Processor reset is completed for 'ps7_cortexa9_0'.
14:13:09 INFO  : Context for processor 'ps7_cortexa9_0' is selected.
14:13:11 ERROR : Memory write error at 0x100000. APB AP transaction error, DAP status f0000021
14:13:11 INFO  : ----------------XSDB Script----------------
connect -url tcp:127.0.0.1:3121
source C:/Users/hrish/OneDrive/Desktop/ids2/vitis/system_bd_wrapper_hw_platform_0/ps7_init.tcl
targets -set -nocase -filter {name =~"APU*" && jtag_cable_name =~ "Digilent Zybo Z7 210351A81D96A"} -index 0
loadhw -hw C:/Users/hrish/OneDrive/Desktop/ids2/vitis/system_bd_wrapper_hw_platform_0/system.hdf -mem-ranges [list {0x40000000 0xbfffffff}]
configparams force-mem-access 1
targets -set -nocase -filter {name =~"APU*" && jtag_cable_name =~ "Digilent Zybo Z7 210351A81D96A"} -index 0
stop
ps7_init
ps7_post_config
targets -set -nocase -filter {name =~ "ARM*#0" && jtag_cable_name =~ "Digilent Zybo Z7 210351A81D96A"} -index 0
rst -processor
targets -set -nocase -filter {name =~ "ARM*#0" && jtag_cable_name =~ "Digilent Zybo Z7 210351A81D96A"} -index 0
dow C:/Users/hrish/OneDrive/Desktop/ids2/vitis/My_Praaject/Debug/My_Praaject.elf
----------------End of Script----------------

14:13:31 INFO  : Connected to target on host '127.0.0.1' and port '3121'.
14:13:32 INFO  : 'targets -set -filter {jtag_cable_name =~ "Digilent Zybo Z7 210351A81D96A" && level==0} -index 1' command is executed.
14:13:34 INFO  : FPGA configured successfully with bitstream "C:/Users/hrish/OneDrive/Desktop/ids2/vitis/system_bd_wrapper_hw_platform_0/system_bd_wrapper.bit"
14:13:43 INFO  : 'targets -set -filter {jtag_cable_name =~ "Digilent Zybo Z7 210351A81D96A" && level==0} -index 1' command is executed.
14:13:43 INFO  : 'fpga -state' command is executed.
14:13:43 INFO  : Connected to target on host '127.0.0.1' and port '3121'.
14:13:43 INFO  : Jtag cable 'Digilent Zybo Z7 210351A81D96A' is selected.
14:13:43 INFO  : 'jtag frequency' command is executed.
14:13:43 INFO  : Sourcing of 'C:/Users/hrish/OneDrive/Desktop/ids2/vitis/system_bd_wrapper_hw_platform_0/ps7_init.tcl' is done.
14:13:43 INFO  : Context for 'APU' is selected.
14:13:43 INFO  : Hardware design information is loaded from 'C:/Users/hrish/OneDrive/Desktop/ids2/vitis/system_bd_wrapper_hw_platform_0/system.hdf'.
14:13:43 INFO  : 'configparams force-mem-access 1' command is executed.
14:13:43 INFO  : Context for 'APU' is selected.
14:13:43 INFO  : 'stop' command is executed.
14:13:44 INFO  : 'ps7_init' command is executed.
14:13:44 INFO  : 'ps7_post_config' command is executed.
14:13:44 INFO  : Context for processor 'ps7_cortexa9_0' is selected.
14:13:44 INFO  : Processor reset is completed for 'ps7_cortexa9_0'.
14:13:44 INFO  : Context for processor 'ps7_cortexa9_0' is selected.
14:13:44 INFO  : The application 'C:/Users/hrish/OneDrive/Desktop/ids2/vitis/My_Praaject/Debug/My_Praaject.elf' is downloaded to processor 'ps7_cortexa9_0'.
14:13:44 INFO  : 'configparams force-mem-access 0' command is executed.
14:13:44 INFO  : ----------------XSDB Script----------------
connect -url tcp:127.0.0.1:3121
source C:/Users/hrish/OneDrive/Desktop/ids2/vitis/system_bd_wrapper_hw_platform_0/ps7_init.tcl
targets -set -nocase -filter {name =~"APU*" && jtag_cable_name =~ "Digilent Zybo Z7 210351A81D96A"} -index 0
loadhw -hw C:/Users/hrish/OneDrive/Desktop/ids2/vitis/system_bd_wrapper_hw_platform_0/system.hdf -mem-ranges [list {0x40000000 0xbfffffff}]
configparams force-mem-access 1
targets -set -nocase -filter {name =~"APU*" && jtag_cable_name =~ "Digilent Zybo Z7 210351A81D96A"} -index 0
stop
ps7_init
ps7_post_config
targets -set -nocase -filter {name =~ "ARM*#0" && jtag_cable_name =~ "Digilent Zybo Z7 210351A81D96A"} -index 0
rst -processor
targets -set -nocase -filter {name =~ "ARM*#0" && jtag_cable_name =~ "Digilent Zybo Z7 210351A81D96A"} -index 0
dow C:/Users/hrish/OneDrive/Desktop/ids2/vitis/My_Praaject/Debug/My_Praaject.elf
configparams force-mem-access 0
----------------End of Script----------------

14:13:44 INFO  : Memory regions updated for context APU
14:13:44 INFO  : Context for processor 'ps7_cortexa9_0' is selected.
14:13:44 INFO  : 'con' command is executed.
14:13:44 INFO  : ----------------XSDB Script (After Launch)----------------
targets -set -nocase -filter {name =~ "ARM*#0" && jtag_cable_name =~ "Digilent Zybo Z7 210351A81D96A"} -index 0
con
----------------End of Script----------------

14:13:44 INFO  : Launch script is exported to file 'C:\Users\hrish\OneDrive\Desktop\ids2\vitis\.sdk\launch_scripts\xilinx_c-c++_application_(system_debugger)\system_debugger_using_debug_my_praaject.elf_on_local.tcl'
14:48:30 INFO  : Disconnected from the channel tcfchan#5.
14:09:19 INFO  : Registering command handlers for SDK TCF services
14:09:19 INFO  : Launching XSCT server: xsct.bat -interactive C:\Users\hrish\OneDrive\Desktop\ids2\vitis\temp_xsdb_launch_script.tcl
14:09:24 INFO  : XSCT server has started successfully.
14:09:24 INFO  : Successfully done setting XSCT server connection channel  
14:09:31 INFO  : Successfully done setting SDK workspace  
14:09:31 INFO  : Processing command line option -hwspec C:/Users/hrish/OneDrive/Desktop/ids2/system_bd_wrapper.hdf.
14:09:31 INFO  : Checking for hwspec changes in the project system_bd_wrapper_hw_platform_0.
14:10:04 INFO  : Connected to target on host '127.0.0.1' and port '3121'.
14:10:05 INFO  : 'targets -set -filter {jtag_cable_name =~ "Digilent Zybo Z7 210351A81D96A" && level==0} -index 1' command is executed.
14:10:08 INFO  : FPGA configured successfully with bitstream "C:/Users/hrish/OneDrive/Desktop/ids2/vitis/system_bd_wrapper_hw_platform_0/system_bd_wrapper.bit"
14:10:31 INFO  : 'targets -set -filter {jtag_cable_name =~ "Digilent Zybo Z7 210351A81D96A" && level==0} -index 1' command is executed.
14:10:31 INFO  : 'fpga -state' command is executed.
14:10:31 INFO  : Connected to target on host '127.0.0.1' and port '3121'.
14:10:31 INFO  : Jtag cable 'Digilent Zybo Z7 210351A81D96A' is selected.
14:10:31 INFO  : 'jtag frequency' command is executed.
14:10:31 INFO  : Sourcing of 'C:/Users/hrish/OneDrive/Desktop/ids2/vitis/system_bd_wrapper_hw_platform_0/ps7_init.tcl' is done.
14:10:31 INFO  : Context for 'APU' is selected.
14:10:31 INFO  : Hardware design information is loaded from 'C:/Users/hrish/OneDrive/Desktop/ids2/vitis/system_bd_wrapper_hw_platform_0/system.hdf'.
14:10:31 INFO  : 'configparams force-mem-access 1' command is executed.
14:10:31 INFO  : Context for 'APU' is selected.
14:10:31 INFO  : 'stop' command is executed.
14:10:32 INFO  : 'ps7_init' command is executed.
14:10:32 INFO  : 'ps7_post_config' command is executed.
14:10:32 INFO  : Context for processor 'ps7_cortexa9_0' is selected.
14:10:32 INFO  : Processor reset is completed for 'ps7_cortexa9_0'.
14:10:32 INFO  : Context for processor 'ps7_cortexa9_0' is selected.
14:10:32 INFO  : The application 'C:/Users/hrish/OneDrive/Desktop/ids2/vitis/My_Praaject/Debug/My_Praaject.elf' is downloaded to processor 'ps7_cortexa9_0'.
14:10:32 INFO  : 'configparams force-mem-access 0' command is executed.
14:10:32 INFO  : ----------------XSDB Script----------------
connect -url tcp:127.0.0.1:3121
source C:/Users/hrish/OneDrive/Desktop/ids2/vitis/system_bd_wrapper_hw_platform_0/ps7_init.tcl
targets -set -nocase -filter {name =~"APU*" && jtag_cable_name =~ "Digilent Zybo Z7 210351A81D96A"} -index 0
loadhw -hw C:/Users/hrish/OneDrive/Desktop/ids2/vitis/system_bd_wrapper_hw_platform_0/system.hdf -mem-ranges [list {0x40000000 0xbfffffff}]
configparams force-mem-access 1
targets -set -nocase -filter {name =~"APU*" && jtag_cable_name =~ "Digilent Zybo Z7 210351A81D96A"} -index 0
stop
ps7_init
ps7_post_config
targets -set -nocase -filter {name =~ "ARM*#0" && jtag_cable_name =~ "Digilent Zybo Z7 210351A81D96A"} -index 0
rst -processor
targets -set -nocase -filter {name =~ "ARM*#0" && jtag_cable_name =~ "Digilent Zybo Z7 210351A81D96A"} -index 0
dow C:/Users/hrish/OneDrive/Desktop/ids2/vitis/My_Praaject/Debug/My_Praaject.elf
configparams force-mem-access 0
----------------End of Script----------------

14:10:32 INFO  : Memory regions updated for context APU
14:10:32 INFO  : Context for processor 'ps7_cortexa9_0' is selected.
14:10:32 INFO  : 'con' command is executed.
14:10:32 INFO  : ----------------XSDB Script (After Launch)----------------
targets -set -nocase -filter {name =~ "ARM*#0" && jtag_cable_name =~ "Digilent Zybo Z7 210351A81D96A"} -index 0
con
----------------End of Script----------------

14:10:32 INFO  : Launch script is exported to file 'C:\Users\hrish\OneDrive\Desktop\ids2\vitis\.sdk\launch_scripts\xilinx_c-c++_application_(system_debugger)\system_debugger_using_debug_my_praaject.elf_on_local.tcl'
17:54:26 INFO  : Disconnected from the channel tcfchan#1.
14:23:29 INFO  : Registering command handlers for SDK TCF services
14:23:29 INFO  : Launching XSCT server: xsct.bat -interactive C:\Users\hrish\OneDrive\Desktop\ids2\vitis\temp_xsdb_launch_script.tcl
14:23:31 INFO  : XSCT server has started successfully.
14:23:32 INFO  : Successfully done setting XSCT server connection channel  
14:23:32 INFO  : Successfully done setting SDK workspace  
14:23:32 INFO  : Processing command line option -hwspec C:/Users/hrish/OneDrive/Desktop/ids2/system_bd_wrapper.hdf.
14:23:32 INFO  : Checking for hwspec changes in the project system_bd_wrapper_hw_platform_0.
14:24:43 INFO  : Connected to target on host '127.0.0.1' and port '3121'.
14:24:44 INFO  : 'targets -set -filter {jtag_cable_name =~ "Digilent Zybo Z7 210351A81D96A" && level==0} -index 1' command is executed.
14:24:46 INFO  : FPGA configured successfully with bitstream "C:/Users/hrish/OneDrive/Desktop/ids2/vitis/system_bd_wrapper_hw_platform_0/system_bd_wrapper.bit"
14:25:07 INFO  : 'targets -set -filter {jtag_cable_name =~ "Digilent Zybo Z7 210351A81D96A" && level==0} -index 1' command is executed.
14:25:07 INFO  : 'fpga -state' command is executed.
14:25:07 INFO  : Connected to target on host '127.0.0.1' and port '3121'.
14:25:08 INFO  : Jtag cable 'Digilent Zybo Z7 210351A81D96A' is selected.
14:25:08 INFO  : 'jtag frequency' command is executed.
14:25:08 INFO  : Sourcing of 'C:/Users/hrish/OneDrive/Desktop/ids2/vitis/system_bd_wrapper_hw_platform_0/ps7_init.tcl' is done.
14:25:08 INFO  : Context for 'APU' is selected.
14:25:08 INFO  : Hardware design information is loaded from 'C:/Users/hrish/OneDrive/Desktop/ids2/vitis/system_bd_wrapper_hw_platform_0/system.hdf'.
14:25:08 INFO  : 'configparams force-mem-access 1' command is executed.
14:25:08 INFO  : Context for 'APU' is selected.
14:25:08 INFO  : 'stop' command is executed.
14:25:09 INFO  : 'ps7_init' command is executed.
14:25:09 INFO  : 'ps7_post_config' command is executed.
14:25:09 INFO  : Context for processor 'ps7_cortexa9_0' is selected.
14:25:09 INFO  : Processor reset is completed for 'ps7_cortexa9_0'.
14:25:09 INFO  : Context for processor 'ps7_cortexa9_0' is selected.
14:25:09 INFO  : The application 'C:/Users/hrish/OneDrive/Desktop/ids2/vitis/My_Praaject/Debug/My_Praaject.elf' is downloaded to processor 'ps7_cortexa9_0'.
14:25:09 INFO  : 'configparams force-mem-access 0' command is executed.
14:25:09 INFO  : ----------------XSDB Script----------------
connect -url tcp:127.0.0.1:3121
source C:/Users/hrish/OneDrive/Desktop/ids2/vitis/system_bd_wrapper_hw_platform_0/ps7_init.tcl
targets -set -nocase -filter {name =~"APU*" && jtag_cable_name =~ "Digilent Zybo Z7 210351A81D96A"} -index 0
loadhw -hw C:/Users/hrish/OneDrive/Desktop/ids2/vitis/system_bd_wrapper_hw_platform_0/system.hdf -mem-ranges [list {0x40000000 0xbfffffff}]
configparams force-mem-access 1
targets -set -nocase -filter {name =~"APU*" && jtag_cable_name =~ "Digilent Zybo Z7 210351A81D96A"} -index 0
stop
ps7_init
ps7_post_config
targets -set -nocase -filter {name =~ "ARM*#0" && jtag_cable_name =~ "Digilent Zybo Z7 210351A81D96A"} -index 0
rst -processor
targets -set -nocase -filter {name =~ "ARM*#0" && jtag_cable_name =~ "Digilent Zybo Z7 210351A81D96A"} -index 0
dow C:/Users/hrish/OneDrive/Desktop/ids2/vitis/My_Praaject/Debug/My_Praaject.elf
configparams force-mem-access 0
----------------End of Script----------------

14:25:09 INFO  : Memory regions updated for context APU
14:25:10 INFO  : Context for processor 'ps7_cortexa9_0' is selected.
14:25:10 INFO  : 'con' command is executed.
14:25:10 INFO  : ----------------XSDB Script (After Launch)----------------
targets -set -nocase -filter {name =~ "ARM*#0" && jtag_cable_name =~ "Digilent Zybo Z7 210351A81D96A"} -index 0
con
----------------End of Script----------------

14:25:10 INFO  : Launch script is exported to file 'C:\Users\hrish\OneDrive\Desktop\ids2\vitis\.sdk\launch_scripts\xilinx_c-c++_application_(system_debugger)\system_debugger_using_debug_my_praaject.elf_on_local.tcl'
14:32:52 INFO  : Disconnected from the channel tcfchan#1.
14:53:19 INFO  : Connected to target on host '127.0.0.1' and port '3121'.
14:53:20 INFO  : 'targets -set -filter {jtag_cable_name =~ "Digilent Zybo Z7 210351A81D96A" && level==0} -index 1' command is executed.
14:53:22 INFO  : FPGA configured successfully with bitstream "C:/Users/hrish/OneDrive/Desktop/ids2/vitis/system_bd_wrapper_hw_platform_0/system_bd_wrapper.bit"
14:53:32 INFO  : 'targets -set -filter {jtag_cable_name =~ "Digilent Zybo Z7 210351A81D96A" && level==0} -index 1' command is executed.
14:53:32 INFO  : 'fpga -state' command is executed.
14:53:32 INFO  : Connected to target on host '127.0.0.1' and port '3121'.
14:53:32 INFO  : Jtag cable 'Digilent Zybo Z7 210351A81D96A' is selected.
14:53:32 INFO  : 'jtag frequency' command is executed.
14:53:32 INFO  : Sourcing of 'C:/Users/hrish/OneDrive/Desktop/ids2/vitis/system_bd_wrapper_hw_platform_0/ps7_init.tcl' is done.
14:53:32 INFO  : Context for 'APU' is selected.
14:53:32 INFO  : Hardware design information is loaded from 'C:/Users/hrish/OneDrive/Desktop/ids2/vitis/system_bd_wrapper_hw_platform_0/system.hdf'.
14:53:32 INFO  : 'configparams force-mem-access 1' command is executed.
14:53:32 INFO  : Context for 'APU' is selected.
14:53:33 INFO  : 'stop' command is executed.
14:53:33 INFO  : 'ps7_init' command is executed.
14:53:33 INFO  : 'ps7_post_config' command is executed.
14:53:33 INFO  : Context for processor 'ps7_cortexa9_0' is selected.
14:53:33 INFO  : Processor reset is completed for 'ps7_cortexa9_0'.
14:53:33 INFO  : Context for processor 'ps7_cortexa9_0' is selected.
14:53:33 INFO  : The application 'C:/Users/hrish/OneDrive/Desktop/ids2/vitis/My_Praaject/Debug/My_Praaject.elf' is downloaded to processor 'ps7_cortexa9_0'.
14:53:33 INFO  : 'configparams force-mem-access 0' command is executed.
14:53:33 INFO  : ----------------XSDB Script----------------
connect -url tcp:127.0.0.1:3121
source C:/Users/hrish/OneDrive/Desktop/ids2/vitis/system_bd_wrapper_hw_platform_0/ps7_init.tcl
targets -set -nocase -filter {name =~"APU*" && jtag_cable_name =~ "Digilent Zybo Z7 210351A81D96A"} -index 0
loadhw -hw C:/Users/hrish/OneDrive/Desktop/ids2/vitis/system_bd_wrapper_hw_platform_0/system.hdf -mem-ranges [list {0x40000000 0xbfffffff}]
configparams force-mem-access 1
targets -set -nocase -filter {name =~"APU*" && jtag_cable_name =~ "Digilent Zybo Z7 210351A81D96A"} -index 0
stop
ps7_init
ps7_post_config
targets -set -nocase -filter {name =~ "ARM*#0" && jtag_cable_name =~ "Digilent Zybo Z7 210351A81D96A"} -index 0
rst -processor
targets -set -nocase -filter {name =~ "ARM*#0" && jtag_cable_name =~ "Digilent Zybo Z7 210351A81D96A"} -index 0
dow C:/Users/hrish/OneDrive/Desktop/ids2/vitis/My_Praaject/Debug/My_Praaject.elf
configparams force-mem-access 0
----------------End of Script----------------

14:53:33 INFO  : Memory regions updated for context APU
14:53:33 INFO  : Context for processor 'ps7_cortexa9_0' is selected.
14:53:33 INFO  : 'con' command is executed.
14:53:33 INFO  : ----------------XSDB Script (After Launch)----------------
targets -set -nocase -filter {name =~ "ARM*#0" && jtag_cable_name =~ "Digilent Zybo Z7 210351A81D96A"} -index 0
con
----------------End of Script----------------

14:53:33 INFO  : Launch script is exported to file 'C:\Users\hrish\OneDrive\Desktop\ids2\vitis\.sdk\launch_scripts\xilinx_c-c++_application_(system_debugger)\system_debugger_using_debug_my_praaject.elf_on_local.tcl'
14:54:56 INFO  : Disconnected from the channel tcfchan#2.
