Copyright 1986-2018 Xilinx, Inc. All Rights Reserved.
------------------------------------------------------------------------------------
| Tool Version : Vivado v.2018.1 (win64) Build 2188600 Wed Apr  4 18:40:38 MDT 2018
| Date         : Sat Oct 25 01:22:34 2025
| Host         : LOREFARM running 64-bit major release  (build 9200)
| Command      : upgrade_ip
| Device       : xc7z020clg400-1
------------------------------------------------------------------------------------

Upgrade Log for IP 'ReRamSpm_reram_axilite_wrapper_0_0'

1. Summary
----------

SUCCESS in the upgrade of ReRamSpm_reram_axilite_wrapper_0_0 (xilinx.com:user:reram_axilite_wrapper:1.0) from (Rev. 4) to (Rev. 5)






Copyright 1986-2018 Xilinx, Inc. All Rights Reserved.
------------------------------------------------------------------------------------
| Tool Version : Vivado v.2018.1 (win64) Build 2188600 Wed Apr  4 18:40:38 MDT 2018
| Date         : Sat Oct 25 00:47:17 2025
| Host         : LOREFARM running 64-bit major release  (build 9200)
| Command      : upgrade_ip
| Device       : xc7z020clg400-1
------------------------------------------------------------------------------------

Upgrade Log for IP 'ReRamSpm_reram_axilite_wrapper_0_0'

1. Summary
----------

SUCCESS in the upgrade of ReRamSpm_reram_axilite_wrapper_0_0 (xilinx.com:user:reram_axilite_wrapper:1.0) from (Rev. 3) to (Rev. 4)






Copyright 1986-2018 Xilinx, Inc. All Rights Reserved.
------------------------------------------------------------------------------------
| Tool Version : Vivado v.2018.1 (win64) Build 2188600 Wed Apr  4 18:40:38 MDT 2018
| Date         : Fri Oct 24 21:30:46 2025
| Host         : LOREFARM running 64-bit major release  (build 9200)
| Command      : upgrade_ip
| Device       : xc7z020clg400-1
------------------------------------------------------------------------------------

Upgrade Log for IP 'ReRamSpm_reram_axilite_wrapper_0_0'

1. Summary
----------

SUCCESS in the upgrade of ReRamSpm_reram_axilite_wrapper_0_0 (xilinx.com:user:reram_axilite_wrapper:1.0) from (Rev. 2) to (Rev. 3)

