Copyright 1986-2018 Xilinx, Inc. All Rights Reserved.
---------------------------------------------------------------------------------------------
| Tool Version : Vivado v.2018.1 (win64) Build 2188600 Wed Apr  4 18:40:38 MDT 2018
| Date         : Fri Oct 31 03:29:50 2025
| Host         : LOREFARM running 64-bit major release  (build 9200)
| Command      : report_control_sets -verbose -file ReRamSpm_wrapper_control_sets_placed.rpt
| Design       : ReRamSpm_wrapper
| Device       : xc7z020
---------------------------------------------------------------------------------------------

Control Set Information

Table of Contents
-----------------
1. Summary
2. Histogram
3. Flip-Flop Distribution
4. Detailed Control Set Information

1. Summary
----------

+----------------------------------------------------------+-------+
|                          Status                          | Count |
+----------------------------------------------------------+-------+
| Number of unique control sets                            |   164 |
| Unused register locations in slices containing registers |    81 |
+----------------------------------------------------------+-------+


2. Histogram
------------

+--------+--------------+
| Fanout | Control Sets |
+--------+--------------+
|      2 |            1 |
|      4 |            6 |
|      5 |            1 |
|      6 |            1 |
|      8 |          129 |
|     10 |            1 |
|     12 |            4 |
|     13 |            1 |
|     14 |            2 |
|    16+ |           18 |
+--------+--------------+


3. Flip-Flop Distribution
-------------------------

+--------------+-----------------------+------------------------+-----------------+--------------+
| Clock Enable | Synchronous Set/Reset | Asynchronous Set/Reset | Total Registers | Total Slices |
+--------------+-----------------------+------------------------+-----------------+--------------+
| No           | No                    | No                     |             109 |           34 |
| No           | No                    | Yes                    |            5301 |         1145 |
| No           | Yes                   | No                     |              84 |           30 |
| Yes          | No                    | No                     |             351 |          101 |
| Yes          | No                    | Yes                    |            1108 |          389 |
| Yes          | Yes                   | No                     |              78 |           44 |
+--------------+-----------------------+------------------------+-----------------+--------------+


4. Detailed Control Set Information
-----------------------------------

+-------------------------------------------------+----------------------------------------------------------------------------------------------------------------------------------------------------------------+------------------------------------------------------------------------------------------------------------------------------------------+------------------+----------------+
|                   Clock Signal                  |                                                                          Enable Signal                                                                         |                                                             Set/Reset Signal                                                             | Slice Load Count | Bel Load Count |
+-------------------------------------------------+----------------------------------------------------------------------------------------------------------------------------------------------------------------+------------------------------------------------------------------------------------------------------------------------------------------+------------------+----------------+
|  ReRamSpm_i/processing_system7_0/inst/FCLK_CLK0 | ReRamSpm_i/ps7_0_axi_periph/s00_couplers/auto_pc/inst/gen_axilite.gen_b2s_conv.axilite_b2s/WR.b_channel_0/bid_fifo_0/bresp_push                                |                                                                                                                                          |                1 |              2 |
|  ReRamSpm_i/processing_system7_0/inst/FCLK_CLK0 | ReRamSpm_i/ps7_0_axi_periph/s00_couplers/auto_pc/inst/gen_axilite.gen_b2s_conv.axilite_b2s/RD.ar_channel_0/ar_cmd_fsm_0/axlen_cnt_reg[4][0]                    | ReRamSpm_i/ps7_0_axi_periph/s00_couplers/auto_pc/inst/gen_axilite.gen_b2s_conv.axilite_b2s/RD.ar_channel_0/ar_cmd_fsm_0/axlen_cnt_reg[7] |                1 |              4 |
|  ReRamSpm_i/processing_system7_0/inst/FCLK_CLK0 |                                                                                                                                                                | ReRamSpm_i/ps7_0_axi_periph/s00_couplers/auto_pc/inst/gen_axilite.gen_b2s_conv.axilite_b2s/SI_REG/ar.ar_pipe/m_valid_i_reg_0             |                2 |              4 |
|  ReRamSpm_i/processing_system7_0/inst/FCLK_CLK0 |                                                                                                                                                                | ReRamSpm_i/ps7_0_axi_periph/s00_couplers/auto_pc/inst/gen_axilite.gen_b2s_conv.axilite_b2s/SI_REG/aw.aw_pipe/s_ready_i_reg_0             |                2 |              4 |
|  ReRamSpm_i/processing_system7_0/inst/FCLK_CLK0 | ReRamSpm_i/reram_axilite_wrapper_0/inst/read_addr_reg                                                                                                          | ReRamSpm_i/reram_axilite_wrapper_0/inst/u_core/word_arrays[7].word_array_inst/cell_instances[0].cell_inst/write_counter_reg[0]_0         |                1 |              4 |
|  ReRamSpm_i/processing_system7_0/inst/FCLK_CLK0 |                                                                                                                                                                | ReRamSpm_i/rst_ps7_0_50M/U0/EXT_LPF/lpf_int                                                                                              |                3 |              4 |
|  ReRamSpm_i/processing_system7_0/inst/FCLK_CLK0 | ReRamSpm_i/ps7_0_axi_periph/s00_couplers/auto_pc/inst/gen_axilite.gen_b2s_conv.axilite_b2s/WR.aw_channel_0/aw_cmd_fsm_0/axaddr_wrap_reg[0]                     | ReRamSpm_i/ps7_0_axi_periph/s00_couplers/auto_pc/inst/gen_axilite.gen_b2s_conv.axilite_b2s/WR.aw_channel_0/aw_cmd_fsm_0/axlen_cnt_reg[7] |                1 |              4 |
|  ReRamSpm_i/processing_system7_0/inst/FCLK_CLK0 | ReRamSpm_i/reram_axilite_wrapper_0/inst/axi_awaddr                                                                                                             |                                                                                                                                          |                1 |              5 |
|  ReRamSpm_i/processing_system7_0/inst/FCLK_CLK0 | ReRamSpm_i/rst_ps7_0_50M/U0/SEQ/seq_cnt_en                                                                                                                     | ReRamSpm_i/rst_ps7_0_50M/U0/SEQ/SEQ_COUNTER/clear                                                                                        |                1 |              6 |
|  ReRamSpm_i/processing_system7_0/inst/FCLK_CLK0 | ReRamSpm_i/reram_axilite_wrapper_0/inst/u_core/word_arrays[6].word_array_inst/cell_instances[4].cell_inst/write_counter                                        | ReRamSpm_i/reram_axilite_wrapper_0/inst/u_core/word_arrays[7].word_array_inst/cell_instances[0].cell_inst/write_counter_reg[0]_0         |                3 |              8 |
|  ReRamSpm_i/processing_system7_0/inst/FCLK_CLK0 | ReRamSpm_i/reram_axilite_wrapper_0/inst/u_core/word_arrays[5].word_array_inst/cell_instances[0].cell_inst/write_counter                                        | ReRamSpm_i/reram_axilite_wrapper_0/inst/u_core/word_arrays[7].word_array_inst/cell_instances[0].cell_inst/write_counter_reg[0]_0         |                4 |              8 |
|  ReRamSpm_i/processing_system7_0/inst/FCLK_CLK0 | ReRamSpm_i/reram_axilite_wrapper_0/inst/u_core/word_arrays[4].word_array_inst/cell_instances[1].cell_inst/write_counter                                        | ReRamSpm_i/reram_axilite_wrapper_0/inst/u_core/word_arrays[7].word_array_inst/cell_instances[0].cell_inst/write_counter_reg[0]_0         |                3 |              8 |
|  ReRamSpm_i/processing_system7_0/inst/FCLK_CLK0 | ReRamSpm_i/reram_axilite_wrapper_0/inst/u_core/word_arrays[4].word_array_inst/cell_instances[11].cell_inst/write_counter                                       | ReRamSpm_i/reram_axilite_wrapper_0/inst/u_core/word_arrays[7].word_array_inst/cell_instances[0].cell_inst/write_counter_reg[0]_0         |                3 |              8 |
|  ReRamSpm_i/processing_system7_0/inst/FCLK_CLK0 | ReRamSpm_i/reram_axilite_wrapper_0/inst/u_core/word_arrays[4].word_array_inst/cell_instances[12].cell_inst/write_counter                                       | ReRamSpm_i/reram_axilite_wrapper_0/inst/u_core/word_arrays[7].word_array_inst/cell_instances[0].cell_inst/write_counter_reg[0]_0         |                3 |              8 |
|  ReRamSpm_i/processing_system7_0/inst/FCLK_CLK0 | ReRamSpm_i/reram_axilite_wrapper_0/inst/u_core/word_arrays[4].word_array_inst/cell_instances[13].cell_inst/write_counter                                       | ReRamSpm_i/reram_axilite_wrapper_0/inst/u_core/word_arrays[7].word_array_inst/cell_instances[0].cell_inst/write_counter_reg[0]_0         |                2 |              8 |
|  ReRamSpm_i/processing_system7_0/inst/FCLK_CLK0 | ReRamSpm_i/reram_axilite_wrapper_0/inst/u_core/word_arrays[4].word_array_inst/cell_instances[14].cell_inst/write_counter                                       | ReRamSpm_i/reram_axilite_wrapper_0/inst/u_core/word_arrays[7].word_array_inst/cell_instances[0].cell_inst/write_counter_reg[0]_0         |                5 |              8 |
|  ReRamSpm_i/processing_system7_0/inst/FCLK_CLK0 | ReRamSpm_i/reram_axilite_wrapper_0/inst/u_core/word_arrays[4].word_array_inst/cell_instances[7].cell_inst/write_counter                                        | ReRamSpm_i/reram_axilite_wrapper_0/inst/u_core/word_arrays[7].word_array_inst/cell_instances[0].cell_inst/write_counter_reg[0]_0         |                3 |              8 |
|  ReRamSpm_i/processing_system7_0/inst/FCLK_CLK0 | ReRamSpm_i/reram_axilite_wrapper_0/inst/u_core/word_arrays[6].word_array_inst/cell_instances[13].cell_inst/write_counter                                       | ReRamSpm_i/reram_axilite_wrapper_0/inst/u_core/word_arrays[7].word_array_inst/cell_instances[0].cell_inst/write_counter_reg[0]_0         |                2 |              8 |
|  ReRamSpm_i/processing_system7_0/inst/FCLK_CLK0 | ReRamSpm_i/reram_axilite_wrapper_0/inst/u_core/word_arrays[6].word_array_inst/cell_instances[11].cell_inst/write_counter                                       | ReRamSpm_i/reram_axilite_wrapper_0/inst/u_core/word_arrays[7].word_array_inst/cell_instances[0].cell_inst/write_counter_reg[0]_0         |                3 |              8 |
|  ReRamSpm_i/processing_system7_0/inst/FCLK_CLK0 | ReRamSpm_i/reram_axilite_wrapper_0/inst/u_core/word_arrays[6].word_array_inst/cell_instances[12].cell_inst/write_counter                                       | ReRamSpm_i/reram_axilite_wrapper_0/inst/u_core/word_arrays[7].word_array_inst/cell_instances[0].cell_inst/write_counter_reg[0]_0         |                2 |              8 |
|  ReRamSpm_i/processing_system7_0/inst/FCLK_CLK0 | ReRamSpm_i/reram_axilite_wrapper_0/inst/u_core/word_arrays[6].word_array_inst/cell_instances[0].cell_inst/write_counter                                        | ReRamSpm_i/reram_axilite_wrapper_0/inst/u_core/word_arrays[7].word_array_inst/cell_instances[0].cell_inst/write_counter_reg[0]_0         |                2 |              8 |
|  ReRamSpm_i/processing_system7_0/inst/FCLK_CLK0 | ReRamSpm_i/reram_axilite_wrapper_0/inst/u_core/word_arrays[6].word_array_inst/cell_instances[10].cell_inst/write_counter                                       | ReRamSpm_i/reram_axilite_wrapper_0/inst/u_core/word_arrays[7].word_array_inst/cell_instances[0].cell_inst/write_counter_reg[0]_0         |                2 |              8 |
|  ReRamSpm_i/processing_system7_0/inst/FCLK_CLK0 | ReRamSpm_i/reram_axilite_wrapper_0/inst/u_core/word_arrays[4].word_array_inst/cell_instances[15].cell_inst/write_counter                                       | ReRamSpm_i/reram_axilite_wrapper_0/inst/u_core/word_arrays[7].word_array_inst/cell_instances[0].cell_inst/write_counter_reg[0]_0         |                2 |              8 |
|  ReRamSpm_i/processing_system7_0/inst/FCLK_CLK0 | ReRamSpm_i/reram_axilite_wrapper_0/inst/u_core/word_arrays[4].word_array_inst/cell_instances[2].cell_inst/write_counter                                        | ReRamSpm_i/reram_axilite_wrapper_0/inst/u_core/word_arrays[7].word_array_inst/cell_instances[0].cell_inst/write_counter_reg[0]_0         |                4 |              8 |
|  ReRamSpm_i/processing_system7_0/inst/FCLK_CLK0 | ReRamSpm_i/reram_axilite_wrapper_0/inst/u_core/word_arrays[1].word_array_inst/cell_instances[13].cell_inst/write_counter                                       | ReRamSpm_i/reram_axilite_wrapper_0/inst/u_core/word_arrays[7].word_array_inst/cell_instances[0].cell_inst/write_counter_reg[0]_0         |                3 |              8 |
|  ReRamSpm_i/processing_system7_0/inst/FCLK_CLK0 | ReRamSpm_i/reram_axilite_wrapper_0/inst/u_core/word_arrays[4].word_array_inst/cell_instances[3].cell_inst/write_counter                                        | ReRamSpm_i/reram_axilite_wrapper_0/inst/u_core/word_arrays[7].word_array_inst/cell_instances[0].cell_inst/write_counter_reg[0]_0         |                3 |              8 |
|  ReRamSpm_i/processing_system7_0/inst/FCLK_CLK0 | ReRamSpm_i/ps7_0_axi_periph/s00_couplers/auto_pc/inst/gen_axilite.gen_b2s_conv.axilite_b2s/WR.b_channel_0/mhandshake_r                                         | ReRamSpm_i/ps7_0_axi_periph/s00_couplers/auto_pc/inst/gen_axilite.gen_b2s_conv.axilite_b2s/WR.b_channel_0/bid_fifo_0/SR[0]               |                2 |              8 |
|  ReRamSpm_i/processing_system7_0/inst/FCLK_CLK0 | ReRamSpm_i/reram_axilite_wrapper_0/inst/u_core/word_arrays[4].word_array_inst/cell_instances[4].cell_inst/write_counter                                        | ReRamSpm_i/reram_axilite_wrapper_0/inst/u_core/word_arrays[7].word_array_inst/cell_instances[0].cell_inst/write_counter_reg[0]_0         |                2 |              8 |
|  ReRamSpm_i/processing_system7_0/inst/FCLK_CLK0 | ReRamSpm_i/reram_axilite_wrapper_0/inst/u_core/word_arrays[4].word_array_inst/cell_instances[5].cell_inst/write_counter                                        | ReRamSpm_i/reram_axilite_wrapper_0/inst/u_core/word_arrays[7].word_array_inst/cell_instances[0].cell_inst/write_counter_reg[0]_0         |                3 |              8 |
|  ReRamSpm_i/processing_system7_0/inst/FCLK_CLK0 | ReRamSpm_i/reram_axilite_wrapper_0/inst/u_core/word_arrays[4].word_array_inst/cell_instances[6].cell_inst/write_counter                                        | ReRamSpm_i/reram_axilite_wrapper_0/inst/u_core/word_arrays[7].word_array_inst/cell_instances[0].cell_inst/write_counter_reg[0]_0         |                3 |              8 |
|  ReRamSpm_i/processing_system7_0/inst/FCLK_CLK0 | ReRamSpm_i/reram_axilite_wrapper_0/inst/u_core/word_arrays[4].word_array_inst/cell_instances[8].cell_inst/write_counter                                        | ReRamSpm_i/reram_axilite_wrapper_0/inst/u_core/word_arrays[7].word_array_inst/cell_instances[0].cell_inst/write_counter_reg[0]_0         |                3 |              8 |
|  ReRamSpm_i/processing_system7_0/inst/FCLK_CLK0 | ReRamSpm_i/reram_axilite_wrapper_0/inst/u_core/word_arrays[4].word_array_inst/cell_instances[9].cell_inst/write_counter                                        | ReRamSpm_i/reram_axilite_wrapper_0/inst/u_core/word_arrays[7].word_array_inst/cell_instances[0].cell_inst/write_counter_reg[0]_0         |                4 |              8 |
|  ReRamSpm_i/processing_system7_0/inst/FCLK_CLK0 | ReRamSpm_i/reram_axilite_wrapper_0/inst/u_core/word_arrays[5].word_array_inst/cell_instances[10].cell_inst/write_counter                                       | ReRamSpm_i/reram_axilite_wrapper_0/inst/u_core/word_arrays[7].word_array_inst/cell_instances[0].cell_inst/write_counter_reg[0]_0         |                3 |              8 |
|  ReRamSpm_i/processing_system7_0/inst/FCLK_CLK0 | ReRamSpm_i/reram_axilite_wrapper_0/inst/u_core/word_arrays[0].word_array_inst/cell_instances[10].cell_inst/write_counter                                       | ReRamSpm_i/reram_axilite_wrapper_0/inst/u_core/word_arrays[7].word_array_inst/cell_instances[0].cell_inst/write_counter_reg[0]_0         |                4 |              8 |
|  ReRamSpm_i/processing_system7_0/inst/FCLK_CLK0 | ReRamSpm_i/reram_axilite_wrapper_0/inst/u_core/word_arrays[0].word_array_inst/cell_instances[0].cell_inst/write_counter                                        | ReRamSpm_i/reram_axilite_wrapper_0/inst/u_core/word_arrays[7].word_array_inst/cell_instances[0].cell_inst/write_counter_reg[0]_0         |                3 |              8 |
|  ReRamSpm_i/processing_system7_0/inst/FCLK_CLK0 | ReRamSpm_i/reram_axilite_wrapper_0/inst/u_core/word_arrays[0].word_array_inst/cell_instances[11].cell_inst/write_counter                                       | ReRamSpm_i/reram_axilite_wrapper_0/inst/u_core/word_arrays[7].word_array_inst/cell_instances[0].cell_inst/write_counter_reg[0]_0         |                3 |              8 |
|  ReRamSpm_i/processing_system7_0/inst/FCLK_CLK0 | ReRamSpm_i/reram_axilite_wrapper_0/inst/u_core/word_arrays[0].word_array_inst/cell_instances[1].cell_inst/write_counter                                        | ReRamSpm_i/reram_axilite_wrapper_0/inst/u_core/word_arrays[7].word_array_inst/cell_instances[0].cell_inst/write_counter_reg[0]_0         |                4 |              8 |
|  ReRamSpm_i/processing_system7_0/inst/FCLK_CLK0 | ReRamSpm_i/reram_axilite_wrapper_0/inst/u_core/word_arrays[0].word_array_inst/cell_instances[12].cell_inst/write_counter                                       | ReRamSpm_i/reram_axilite_wrapper_0/inst/u_core/word_arrays[7].word_array_inst/cell_instances[0].cell_inst/write_counter_reg[0]_0         |                2 |              8 |
|  ReRamSpm_i/processing_system7_0/inst/FCLK_CLK0 | ReRamSpm_i/reram_axilite_wrapper_0/inst/u_core/word_arrays[0].word_array_inst/cell_instances[13].cell_inst/write_counter                                       | ReRamSpm_i/reram_axilite_wrapper_0/inst/u_core/word_arrays[7].word_array_inst/cell_instances[0].cell_inst/write_counter_reg[0]_0         |                2 |              8 |
|  ReRamSpm_i/processing_system7_0/inst/FCLK_CLK0 | ReRamSpm_i/reram_axilite_wrapper_0/inst/u_core/word_arrays[0].word_array_inst/cell_instances[14].cell_inst/write_counter                                       | ReRamSpm_i/reram_axilite_wrapper_0/inst/u_core/word_arrays[7].word_array_inst/cell_instances[0].cell_inst/write_counter_reg[0]_0         |                2 |              8 |
|  ReRamSpm_i/processing_system7_0/inst/FCLK_CLK0 | ReRamSpm_i/reram_axilite_wrapper_0/inst/u_core/word_arrays[0].word_array_inst/cell_instances[15].cell_inst/write_counter                                       | ReRamSpm_i/reram_axilite_wrapper_0/inst/u_core/word_arrays[7].word_array_inst/cell_instances[0].cell_inst/write_counter_reg[0]_0         |                3 |              8 |
|  ReRamSpm_i/processing_system7_0/inst/FCLK_CLK0 | ReRamSpm_i/reram_axilite_wrapper_0/inst/u_core/word_arrays[6].word_array_inst/cell_instances[5].cell_inst/write_counter                                        | ReRamSpm_i/reram_axilite_wrapper_0/inst/u_core/word_arrays[7].word_array_inst/cell_instances[0].cell_inst/write_counter_reg[0]_0         |                2 |              8 |
|  ReRamSpm_i/processing_system7_0/inst/FCLK_CLK0 | ReRamSpm_i/reram_axilite_wrapper_0/inst/u_core/word_arrays[6].word_array_inst/cell_instances[6].cell_inst/write_counter                                        | ReRamSpm_i/reram_axilite_wrapper_0/inst/u_core/word_arrays[7].word_array_inst/cell_instances[0].cell_inst/write_counter_reg[0]_0         |                2 |              8 |
|  ReRamSpm_i/processing_system7_0/inst/FCLK_CLK0 | ReRamSpm_i/reram_axilite_wrapper_0/inst/u_core/word_arrays[6].word_array_inst/cell_instances[7].cell_inst/write_counter                                        | ReRamSpm_i/reram_axilite_wrapper_0/inst/u_core/word_arrays[7].word_array_inst/cell_instances[0].cell_inst/write_counter_reg[0]_0         |                2 |              8 |
|  ReRamSpm_i/processing_system7_0/inst/FCLK_CLK0 | ReRamSpm_i/reram_axilite_wrapper_0/inst/u_core/word_arrays[6].word_array_inst/cell_instances[8].cell_inst/write_counter                                        | ReRamSpm_i/reram_axilite_wrapper_0/inst/u_core/word_arrays[7].word_array_inst/cell_instances[0].cell_inst/write_counter_reg[0]_0         |                2 |              8 |
|  ReRamSpm_i/processing_system7_0/inst/FCLK_CLK0 | ReRamSpm_i/reram_axilite_wrapper_0/inst/u_core/word_arrays[6].word_array_inst/cell_instances[9].cell_inst/write_counter                                        | ReRamSpm_i/reram_axilite_wrapper_0/inst/u_core/word_arrays[7].word_array_inst/cell_instances[0].cell_inst/write_counter_reg[0]_0         |                2 |              8 |
|  ReRamSpm_i/processing_system7_0/inst/FCLK_CLK0 | ReRamSpm_i/reram_axilite_wrapper_0/inst/u_core/word_arrays[0].word_array_inst/cell_instances[2].cell_inst/write_counter                                        | ReRamSpm_i/reram_axilite_wrapper_0/inst/u_core/word_arrays[7].word_array_inst/cell_instances[0].cell_inst/write_counter_reg[0]_0         |                4 |              8 |
|  ReRamSpm_i/processing_system7_0/inst/FCLK_CLK0 | ReRamSpm_i/reram_axilite_wrapper_0/inst/u_core/word_arrays[0].word_array_inst/cell_instances[3].cell_inst/write_counter                                        | ReRamSpm_i/reram_axilite_wrapper_0/inst/u_core/word_arrays[7].word_array_inst/cell_instances[0].cell_inst/write_counter_reg[0]_0         |                3 |              8 |
|  ReRamSpm_i/processing_system7_0/inst/FCLK_CLK0 | ReRamSpm_i/reram_axilite_wrapper_0/inst/u_core/word_arrays[0].word_array_inst/cell_instances[4].cell_inst/write_counter                                        | ReRamSpm_i/reram_axilite_wrapper_0/inst/u_core/word_arrays[7].word_array_inst/cell_instances[0].cell_inst/write_counter_reg[0]_0         |                3 |              8 |
|  ReRamSpm_i/processing_system7_0/inst/FCLK_CLK0 | ReRamSpm_i/reram_axilite_wrapper_0/inst/u_core/word_arrays[0].word_array_inst/cell_instances[5].cell_inst/write_counter                                        | ReRamSpm_i/reram_axilite_wrapper_0/inst/u_core/word_arrays[7].word_array_inst/cell_instances[0].cell_inst/write_counter_reg[0]_0         |                3 |              8 |
|  ReRamSpm_i/processing_system7_0/inst/FCLK_CLK0 | ReRamSpm_i/reram_axilite_wrapper_0/inst/u_core/word_arrays[0].word_array_inst/cell_instances[6].cell_inst/write_counter                                        | ReRamSpm_i/reram_axilite_wrapper_0/inst/u_core/word_arrays[7].word_array_inst/cell_instances[0].cell_inst/write_counter_reg[0]_0         |                3 |              8 |
|  ReRamSpm_i/processing_system7_0/inst/FCLK_CLK0 | ReRamSpm_i/reram_axilite_wrapper_0/inst/u_core/word_arrays[0].word_array_inst/cell_instances[7].cell_inst/write_counter                                        | ReRamSpm_i/reram_axilite_wrapper_0/inst/u_core/word_arrays[7].word_array_inst/cell_instances[0].cell_inst/write_counter_reg[0]_0         |                2 |              8 |
|  ReRamSpm_i/processing_system7_0/inst/FCLK_CLK0 | ReRamSpm_i/reram_axilite_wrapper_0/inst/u_core/word_arrays[0].word_array_inst/cell_instances[8].cell_inst/write_counter                                        | ReRamSpm_i/reram_axilite_wrapper_0/inst/u_core/word_arrays[7].word_array_inst/cell_instances[0].cell_inst/write_counter_reg[0]_0         |                2 |              8 |
|  ReRamSpm_i/processing_system7_0/inst/FCLK_CLK0 | ReRamSpm_i/reram_axilite_wrapper_0/inst/u_core/word_arrays[0].word_array_inst/cell_instances[9].cell_inst/write_counter                                        | ReRamSpm_i/reram_axilite_wrapper_0/inst/u_core/word_arrays[7].word_array_inst/cell_instances[0].cell_inst/write_counter_reg[0]_0         |                2 |              8 |
|  ReRamSpm_i/processing_system7_0/inst/FCLK_CLK0 | ReRamSpm_i/reram_axilite_wrapper_0/inst/u_core/word_arrays[6].word_array_inst/cell_instances[14].cell_inst/write_counter                                       | ReRamSpm_i/reram_axilite_wrapper_0/inst/u_core/word_arrays[7].word_array_inst/cell_instances[0].cell_inst/write_counter_reg[0]_0         |                2 |              8 |
|  ReRamSpm_i/processing_system7_0/inst/FCLK_CLK0 | ReRamSpm_i/reram_axilite_wrapper_0/inst/u_core/word_arrays[6].word_array_inst/cell_instances[15].cell_inst/write_counter                                       | ReRamSpm_i/reram_axilite_wrapper_0/inst/u_core/word_arrays[7].word_array_inst/cell_instances[0].cell_inst/write_counter_reg[0]_0         |                3 |              8 |
|  ReRamSpm_i/processing_system7_0/inst/FCLK_CLK0 | ReRamSpm_i/reram_axilite_wrapper_0/inst/u_core/word_arrays[6].word_array_inst/cell_instances[1].cell_inst/write_counter                                        | ReRamSpm_i/reram_axilite_wrapper_0/inst/u_core/word_arrays[7].word_array_inst/cell_instances[0].cell_inst/write_counter_reg[0]_0         |                4 |              8 |
|  ReRamSpm_i/processing_system7_0/inst/FCLK_CLK0 | ReRamSpm_i/reram_axilite_wrapper_0/inst/u_core/word_arrays[6].word_array_inst/cell_instances[2].cell_inst/write_counter                                        | ReRamSpm_i/reram_axilite_wrapper_0/inst/u_core/word_arrays[7].word_array_inst/cell_instances[0].cell_inst/write_counter_reg[0]_0         |                3 |              8 |
|  ReRamSpm_i/processing_system7_0/inst/FCLK_CLK0 | ReRamSpm_i/reram_axilite_wrapper_0/inst/u_core/word_arrays[6].word_array_inst/cell_instances[3].cell_inst/write_counter                                        | ReRamSpm_i/reram_axilite_wrapper_0/inst/u_core/word_arrays[7].word_array_inst/cell_instances[0].cell_inst/write_counter_reg[0]_0         |                3 |              8 |
|  ReRamSpm_i/processing_system7_0/inst/FCLK_CLK0 | ReRamSpm_i/reram_axilite_wrapper_0/inst/u_core/word_arrays[7].word_array_inst/cell_instances[10].cell_inst/write_counter                                       | ReRamSpm_i/reram_axilite_wrapper_0/inst/u_core/word_arrays[7].word_array_inst/cell_instances[0].cell_inst/write_counter_reg[0]_0         |                3 |              8 |
|  ReRamSpm_i/processing_system7_0/inst/FCLK_CLK0 | ReRamSpm_i/reram_axilite_wrapper_0/inst/u_core/word_arrays[7].word_array_inst/cell_instances[0].cell_inst/write_counter                                        | ReRamSpm_i/reram_axilite_wrapper_0/inst/u_core/word_arrays[7].word_array_inst/cell_instances[0].cell_inst/write_counter_reg[0]_0         |                3 |              8 |
|  ReRamSpm_i/processing_system7_0/inst/FCLK_CLK0 | ReRamSpm_i/reram_axilite_wrapper_0/inst/u_core/word_arrays[7].word_array_inst/cell_instances[11].cell_inst/write_counter                                       | ReRamSpm_i/reram_axilite_wrapper_0/inst/u_core/word_arrays[7].word_array_inst/cell_instances[0].cell_inst/write_counter_reg[0]_0         |                2 |              8 |
|  ReRamSpm_i/processing_system7_0/inst/FCLK_CLK0 | ReRamSpm_i/reram_axilite_wrapper_0/inst/u_core/word_arrays[7].word_array_inst/cell_instances[12].cell_inst/write_counter                                       | ReRamSpm_i/reram_axilite_wrapper_0/inst/u_core/word_arrays[7].word_array_inst/cell_instances[0].cell_inst/write_counter_reg[0]_0         |                2 |              8 |
|  ReRamSpm_i/processing_system7_0/inst/FCLK_CLK0 | ReRamSpm_i/reram_axilite_wrapper_0/inst/u_core/word_arrays[7].word_array_inst/cell_instances[13].cell_inst/write_counter                                       | ReRamSpm_i/reram_axilite_wrapper_0/inst/u_core/word_arrays[7].word_array_inst/cell_instances[0].cell_inst/write_counter_reg[0]_0         |                2 |              8 |
|  ReRamSpm_i/processing_system7_0/inst/FCLK_CLK0 | ReRamSpm_i/reram_axilite_wrapper_0/inst/u_core/word_arrays[7].word_array_inst/cell_instances[14].cell_inst/write_counter                                       | ReRamSpm_i/reram_axilite_wrapper_0/inst/u_core/word_arrays[7].word_array_inst/cell_instances[0].cell_inst/write_counter_reg[0]_0         |                3 |              8 |
|  ReRamSpm_i/processing_system7_0/inst/FCLK_CLK0 | ReRamSpm_i/reram_axilite_wrapper_0/inst/u_core/word_arrays[7].word_array_inst/cell_instances[15].cell_inst/write_counter                                       | ReRamSpm_i/reram_axilite_wrapper_0/inst/u_core/word_arrays[7].word_array_inst/cell_instances[0].cell_inst/write_counter_reg[0]_0         |                3 |              8 |
|  ReRamSpm_i/processing_system7_0/inst/FCLK_CLK0 | ReRamSpm_i/reram_axilite_wrapper_0/inst/u_core/word_arrays[7].word_array_inst/cell_instances[1].cell_inst/write_counter                                        | ReRamSpm_i/reram_axilite_wrapper_0/inst/u_core/word_arrays[7].word_array_inst/cell_instances[0].cell_inst/write_counter_reg[0]_0         |                4 |              8 |
|  ReRamSpm_i/processing_system7_0/inst/FCLK_CLK0 | ReRamSpm_i/reram_axilite_wrapper_0/inst/u_core/word_arrays[7].word_array_inst/cell_instances[6].cell_inst/write_counter                                        | ReRamSpm_i/reram_axilite_wrapper_0/inst/u_core/word_arrays[7].word_array_inst/cell_instances[0].cell_inst/write_counter_reg[0]_0         |                3 |              8 |
|  ReRamSpm_i/processing_system7_0/inst/FCLK_CLK0 | ReRamSpm_i/reram_axilite_wrapper_0/inst/u_core/word_arrays[7].word_array_inst/cell_instances[2].cell_inst/write_counter                                        | ReRamSpm_i/reram_axilite_wrapper_0/inst/u_core/word_arrays[7].word_array_inst/cell_instances[0].cell_inst/write_counter_reg[0]_0         |                4 |              8 |
|  ReRamSpm_i/processing_system7_0/inst/FCLK_CLK0 | ReRamSpm_i/reram_axilite_wrapper_0/inst/u_core/word_arrays[7].word_array_inst/cell_instances[3].cell_inst/write_counter                                        | ReRamSpm_i/reram_axilite_wrapper_0/inst/u_core/word_arrays[7].word_array_inst/cell_instances[0].cell_inst/write_counter_reg[0]_0         |                2 |              8 |
|  ReRamSpm_i/processing_system7_0/inst/FCLK_CLK0 | ReRamSpm_i/reram_axilite_wrapper_0/inst/u_core/word_arrays[7].word_array_inst/cell_instances[4].cell_inst/write_counter                                        | ReRamSpm_i/reram_axilite_wrapper_0/inst/u_core/word_arrays[7].word_array_inst/cell_instances[0].cell_inst/write_counter_reg[0]_0         |                2 |              8 |
|  ReRamSpm_i/processing_system7_0/inst/FCLK_CLK0 | ReRamSpm_i/reram_axilite_wrapper_0/inst/u_core/word_arrays[7].word_array_inst/cell_instances[5].cell_inst/write_counter                                        | ReRamSpm_i/reram_axilite_wrapper_0/inst/u_core/word_arrays[7].word_array_inst/cell_instances[0].cell_inst/write_counter_reg[0]_0         |                2 |              8 |
|  ReRamSpm_i/processing_system7_0/inst/FCLK_CLK0 | ReRamSpm_i/reram_axilite_wrapper_0/inst/u_core/word_arrays[3].word_array_inst/cell_instances[14].cell_inst/write_counter                                       | ReRamSpm_i/reram_axilite_wrapper_0/inst/u_core/word_arrays[7].word_array_inst/cell_instances[0].cell_inst/write_counter_reg[0]_0         |                2 |              8 |
|  ReRamSpm_i/processing_system7_0/inst/FCLK_CLK0 | ReRamSpm_i/reram_axilite_wrapper_0/inst/u_core/word_arrays[3].word_array_inst/cell_instances[12].cell_inst/write_counter                                       | ReRamSpm_i/reram_axilite_wrapper_0/inst/u_core/word_arrays[7].word_array_inst/cell_instances[0].cell_inst/write_counter_reg[0]_0         |                2 |              8 |
|  ReRamSpm_i/processing_system7_0/inst/FCLK_CLK0 | ReRamSpm_i/reram_axilite_wrapper_0/inst/u_core/word_arrays[3].word_array_inst/cell_instances[13].cell_inst/write_counter                                       | ReRamSpm_i/reram_axilite_wrapper_0/inst/u_core/word_arrays[7].word_array_inst/cell_instances[0].cell_inst/write_counter_reg[0]_0         |                3 |              8 |
|  ReRamSpm_i/processing_system7_0/inst/FCLK_CLK0 | ReRamSpm_i/reram_axilite_wrapper_0/inst/u_core/word_arrays[7].word_array_inst/cell_instances[7].cell_inst/write_counter                                        | ReRamSpm_i/reram_axilite_wrapper_0/inst/u_core/word_arrays[7].word_array_inst/cell_instances[0].cell_inst/write_counter_reg[0]_0         |                3 |              8 |
|  ReRamSpm_i/processing_system7_0/inst/FCLK_CLK0 | ReRamSpm_i/reram_axilite_wrapper_0/inst/u_core/word_arrays[7].word_array_inst/cell_instances[8].cell_inst/write_counter                                        | ReRamSpm_i/reram_axilite_wrapper_0/inst/u_core/word_arrays[7].word_array_inst/cell_instances[0].cell_inst/write_counter_reg[0]_0         |                2 |              8 |
|  ReRamSpm_i/processing_system7_0/inst/FCLK_CLK0 | ReRamSpm_i/reram_axilite_wrapper_0/inst/u_core/word_arrays[7].word_array_inst/cell_instances[9].cell_inst/write_counter                                        | ReRamSpm_i/reram_axilite_wrapper_0/inst/u_core/word_arrays[7].word_array_inst/cell_instances[0].cell_inst/write_counter_reg[0]_0         |                3 |              8 |
|  ReRamSpm_i/processing_system7_0/inst/FCLK_CLK0 | ReRamSpm_i/reram_axilite_wrapper_0/inst/u_core/word_arrays[1].word_array_inst/cell_instances[0].cell_inst/write_counter                                        | ReRamSpm_i/reram_axilite_wrapper_0/inst/u_core/word_arrays[7].word_array_inst/cell_instances[0].cell_inst/write_counter_reg[0]_0         |                4 |              8 |
|  ReRamSpm_i/processing_system7_0/inst/FCLK_CLK0 | ReRamSpm_i/reram_axilite_wrapper_0/inst/u_core/word_arrays[1].word_array_inst/cell_instances[10].cell_inst/write_counter                                       | ReRamSpm_i/reram_axilite_wrapper_0/inst/u_core/word_arrays[7].word_array_inst/cell_instances[0].cell_inst/write_counter_reg[0]_0         |                3 |              8 |
|  ReRamSpm_i/processing_system7_0/inst/FCLK_CLK0 | ReRamSpm_i/reram_axilite_wrapper_0/inst/u_core/word_arrays[1].word_array_inst/cell_instances[11].cell_inst/write_counter                                       | ReRamSpm_i/reram_axilite_wrapper_0/inst/u_core/word_arrays[7].word_array_inst/cell_instances[0].cell_inst/write_counter_reg[0]_0         |                4 |              8 |
|  ReRamSpm_i/processing_system7_0/inst/FCLK_CLK0 | ReRamSpm_i/reram_axilite_wrapper_0/inst/u_core/word_arrays[1].word_array_inst/cell_instances[12].cell_inst/write_counter                                       | ReRamSpm_i/reram_axilite_wrapper_0/inst/u_core/word_arrays[7].word_array_inst/cell_instances[0].cell_inst/write_counter_reg[0]_0         |                2 |              8 |
|  ReRamSpm_i/processing_system7_0/inst/FCLK_CLK0 | ReRamSpm_i/reram_axilite_wrapper_0/inst/u_core/word_arrays[3].word_array_inst/cell_instances[11].cell_inst/write_counter                                       | ReRamSpm_i/reram_axilite_wrapper_0/inst/u_core/word_arrays[7].word_array_inst/cell_instances[0].cell_inst/write_counter_reg[0]_0         |                3 |              8 |
|  ReRamSpm_i/processing_system7_0/inst/FCLK_CLK0 | ReRamSpm_i/reram_axilite_wrapper_0/inst/u_core/word_arrays[1].word_array_inst/cell_instances[14].cell_inst/write_counter                                       | ReRamSpm_i/reram_axilite_wrapper_0/inst/u_core/word_arrays[7].word_array_inst/cell_instances[0].cell_inst/write_counter_reg[0]_0         |                4 |              8 |
|  ReRamSpm_i/processing_system7_0/inst/FCLK_CLK0 | ReRamSpm_i/reram_axilite_wrapper_0/inst/u_core/word_arrays[1].word_array_inst/cell_instances[15].cell_inst/write_counter                                       | ReRamSpm_i/reram_axilite_wrapper_0/inst/u_core/word_arrays[7].word_array_inst/cell_instances[0].cell_inst/write_counter_reg[0]_0         |                2 |              8 |
|  ReRamSpm_i/processing_system7_0/inst/FCLK_CLK0 | ReRamSpm_i/reram_axilite_wrapper_0/inst/u_core/word_arrays[1].word_array_inst/cell_instances[1].cell_inst/write_counter                                        | ReRamSpm_i/reram_axilite_wrapper_0/inst/u_core/word_arrays[7].word_array_inst/cell_instances[0].cell_inst/write_counter_reg[0]_0         |                4 |              8 |
|  ReRamSpm_i/processing_system7_0/inst/FCLK_CLK0 | ReRamSpm_i/reram_axilite_wrapper_0/inst/u_core/word_arrays[1].word_array_inst/cell_instances[2].cell_inst/write_counter                                        | ReRamSpm_i/reram_axilite_wrapper_0/inst/u_core/word_arrays[7].word_array_inst/cell_instances[0].cell_inst/write_counter_reg[0]_0         |                4 |              8 |
|  ReRamSpm_i/processing_system7_0/inst/FCLK_CLK0 | ReRamSpm_i/reram_axilite_wrapper_0/inst/u_core/word_arrays[1].word_array_inst/cell_instances[3].cell_inst/write_counter                                        | ReRamSpm_i/reram_axilite_wrapper_0/inst/u_core/word_arrays[7].word_array_inst/cell_instances[0].cell_inst/write_counter_reg[0]_0         |                4 |              8 |
|  ReRamSpm_i/processing_system7_0/inst/FCLK_CLK0 | ReRamSpm_i/reram_axilite_wrapper_0/inst/u_core/word_arrays[1].word_array_inst/cell_instances[4].cell_inst/write_counter                                        | ReRamSpm_i/reram_axilite_wrapper_0/inst/u_core/word_arrays[7].word_array_inst/cell_instances[0].cell_inst/write_counter_reg[0]_0         |                4 |              8 |
|  ReRamSpm_i/processing_system7_0/inst/FCLK_CLK0 | ReRamSpm_i/reram_axilite_wrapper_0/inst/u_core/word_arrays[1].word_array_inst/cell_instances[5].cell_inst/write_counter                                        | ReRamSpm_i/reram_axilite_wrapper_0/inst/u_core/word_arrays[7].word_array_inst/cell_instances[0].cell_inst/write_counter_reg[0]_0         |                2 |              8 |
|  ReRamSpm_i/processing_system7_0/inst/FCLK_CLK0 | ReRamSpm_i/reram_axilite_wrapper_0/inst/u_core/word_arrays[1].word_array_inst/cell_instances[6].cell_inst/write_counter                                        | ReRamSpm_i/reram_axilite_wrapper_0/inst/u_core/word_arrays[7].word_array_inst/cell_instances[0].cell_inst/write_counter_reg[0]_0         |                2 |              8 |
|  ReRamSpm_i/processing_system7_0/inst/FCLK_CLK0 | ReRamSpm_i/reram_axilite_wrapper_0/inst/u_core/word_arrays[1].word_array_inst/cell_instances[7].cell_inst/write_counter                                        | ReRamSpm_i/reram_axilite_wrapper_0/inst/u_core/word_arrays[7].word_array_inst/cell_instances[0].cell_inst/write_counter_reg[0]_0         |                3 |              8 |
|  ReRamSpm_i/processing_system7_0/inst/FCLK_CLK0 | ReRamSpm_i/reram_axilite_wrapper_0/inst/u_core/word_arrays[1].word_array_inst/cell_instances[8].cell_inst/write_counter                                        | ReRamSpm_i/reram_axilite_wrapper_0/inst/u_core/word_arrays[7].word_array_inst/cell_instances[0].cell_inst/write_counter_reg[0]_0         |                4 |              8 |
|  ReRamSpm_i/processing_system7_0/inst/FCLK_CLK0 | ReRamSpm_i/reram_axilite_wrapper_0/inst/u_core/word_arrays[1].word_array_inst/cell_instances[9].cell_inst/write_counter                                        | ReRamSpm_i/reram_axilite_wrapper_0/inst/u_core/word_arrays[7].word_array_inst/cell_instances[0].cell_inst/write_counter_reg[0]_0         |                2 |              8 |
|  ReRamSpm_i/processing_system7_0/inst/FCLK_CLK0 | ReRamSpm_i/reram_axilite_wrapper_0/inst/u_core/word_arrays[5].word_array_inst/cell_instances[5].cell_inst/write_counter                                        | ReRamSpm_i/reram_axilite_wrapper_0/inst/u_core/word_arrays[7].word_array_inst/cell_instances[0].cell_inst/write_counter_reg[0]_0         |                3 |              8 |
|  ReRamSpm_i/processing_system7_0/inst/FCLK_CLK0 | ReRamSpm_i/reram_axilite_wrapper_0/inst/u_core/word_arrays[5].word_array_inst/cell_instances[6].cell_inst/write_counter                                        | ReRamSpm_i/reram_axilite_wrapper_0/inst/u_core/word_arrays[7].word_array_inst/cell_instances[0].cell_inst/write_counter_reg[0]_0         |                2 |              8 |
|  ReRamSpm_i/processing_system7_0/inst/FCLK_CLK0 | ReRamSpm_i/reram_axilite_wrapper_0/inst/u_core/word_arrays[5].word_array_inst/cell_instances[7].cell_inst/write_counter                                        | ReRamSpm_i/reram_axilite_wrapper_0/inst/u_core/word_arrays[7].word_array_inst/cell_instances[0].cell_inst/write_counter_reg[0]_0         |                2 |              8 |
|  ReRamSpm_i/processing_system7_0/inst/FCLK_CLK0 | ReRamSpm_i/reram_axilite_wrapper_0/inst/u_core/word_arrays[5].word_array_inst/cell_instances[8].cell_inst/write_counter                                        | ReRamSpm_i/reram_axilite_wrapper_0/inst/u_core/word_arrays[7].word_array_inst/cell_instances[0].cell_inst/write_counter_reg[0]_0         |                3 |              8 |
|  ReRamSpm_i/processing_system7_0/inst/FCLK_CLK0 | ReRamSpm_i/reram_axilite_wrapper_0/inst/u_core/word_arrays[5].word_array_inst/cell_instances[9].cell_inst/write_counter                                        | ReRamSpm_i/reram_axilite_wrapper_0/inst/u_core/word_arrays[7].word_array_inst/cell_instances[0].cell_inst/write_counter_reg[0]_0         |                2 |              8 |
|  ReRamSpm_i/processing_system7_0/inst/FCLK_CLK0 | ReRamSpm_i/reram_axilite_wrapper_0/inst/u_core/word_arrays[5].word_array_inst/cell_instances[2].cell_inst/write_counter                                        | ReRamSpm_i/reram_axilite_wrapper_0/inst/u_core/word_arrays[7].word_array_inst/cell_instances[0].cell_inst/write_counter_reg[0]_0         |                4 |              8 |
|  ReRamSpm_i/processing_system7_0/inst/FCLK_CLK0 | ReRamSpm_i/reram_axilite_wrapper_0/inst/u_core/word_arrays[5].word_array_inst/cell_instances[3].cell_inst/write_counter                                        | ReRamSpm_i/reram_axilite_wrapper_0/inst/u_core/word_arrays[7].word_array_inst/cell_instances[0].cell_inst/write_counter_reg[0]_0         |                3 |              8 |
|  ReRamSpm_i/processing_system7_0/inst/FCLK_CLK0 | ReRamSpm_i/reram_axilite_wrapper_0/inst/u_core/word_arrays[5].word_array_inst/cell_instances[14].cell_inst/write_counter                                       | ReRamSpm_i/reram_axilite_wrapper_0/inst/u_core/word_arrays[7].word_array_inst/cell_instances[0].cell_inst/write_counter_reg[0]_0         |                3 |              8 |
|  ReRamSpm_i/processing_system7_0/inst/FCLK_CLK0 | ReRamSpm_i/reram_axilite_wrapper_0/inst/u_core/word_arrays[5].word_array_inst/cell_instances[4].cell_inst/write_counter                                        | ReRamSpm_i/reram_axilite_wrapper_0/inst/u_core/word_arrays[7].word_array_inst/cell_instances[0].cell_inst/write_counter_reg[0]_0         |                3 |              8 |
|  ReRamSpm_i/processing_system7_0/inst/FCLK_CLK0 | ReRamSpm_i/reram_axilite_wrapper_0/inst/u_core/word_arrays[5].word_array_inst/cell_instances[15].cell_inst/write_counter                                       | ReRamSpm_i/reram_axilite_wrapper_0/inst/u_core/word_arrays[7].word_array_inst/cell_instances[0].cell_inst/write_counter_reg[0]_0         |                3 |              8 |
|  ReRamSpm_i/processing_system7_0/inst/FCLK_CLK0 | ReRamSpm_i/reram_axilite_wrapper_0/inst/u_core/word_arrays[2].word_array_inst/cell_instances[8].cell_inst/write_counter                                        | ReRamSpm_i/reram_axilite_wrapper_0/inst/u_core/word_arrays[7].word_array_inst/cell_instances[0].cell_inst/write_counter_reg[0]_0         |                3 |              8 |
|  ReRamSpm_i/processing_system7_0/inst/FCLK_CLK0 | ReRamSpm_i/reram_axilite_wrapper_0/inst/u_core/word_arrays[2].word_array_inst/cell_instances[3].cell_inst/write_counter                                        | ReRamSpm_i/reram_axilite_wrapper_0/inst/u_core/word_arrays[7].word_array_inst/cell_instances[0].cell_inst/write_counter_reg[0]_0         |                3 |              8 |
|  ReRamSpm_i/processing_system7_0/inst/FCLK_CLK0 | ReRamSpm_i/reram_axilite_wrapper_0/inst/u_core/word_arrays[2].word_array_inst/cell_instances[4].cell_inst/write_counter                                        | ReRamSpm_i/reram_axilite_wrapper_0/inst/u_core/word_arrays[7].word_array_inst/cell_instances[0].cell_inst/write_counter_reg[0]_0         |                3 |              8 |
|  ReRamSpm_i/processing_system7_0/inst/FCLK_CLK0 | ReRamSpm_i/reram_axilite_wrapper_0/inst/u_core/word_arrays[2].word_array_inst/cell_instances[5].cell_inst/write_counter                                        | ReRamSpm_i/reram_axilite_wrapper_0/inst/u_core/word_arrays[7].word_array_inst/cell_instances[0].cell_inst/write_counter_reg[0]_0         |                2 |              8 |
|  ReRamSpm_i/processing_system7_0/inst/FCLK_CLK0 | ReRamSpm_i/reram_axilite_wrapper_0/inst/u_core/word_arrays[2].word_array_inst/cell_instances[6].cell_inst/write_counter                                        | ReRamSpm_i/reram_axilite_wrapper_0/inst/u_core/word_arrays[7].word_array_inst/cell_instances[0].cell_inst/write_counter_reg[0]_0         |                3 |              8 |
|  ReRamSpm_i/processing_system7_0/inst/FCLK_CLK0 | ReRamSpm_i/reram_axilite_wrapper_0/inst/u_core/word_arrays[2].word_array_inst/cell_instances[7].cell_inst/write_counter                                        | ReRamSpm_i/reram_axilite_wrapper_0/inst/u_core/word_arrays[7].word_array_inst/cell_instances[0].cell_inst/write_counter_reg[0]_0         |                2 |              8 |
|  ReRamSpm_i/processing_system7_0/inst/FCLK_CLK0 | ReRamSpm_i/reram_axilite_wrapper_0/inst/u_core/word_arrays[2].word_array_inst/cell_instances[9].cell_inst/write_counter                                        | ReRamSpm_i/reram_axilite_wrapper_0/inst/u_core/word_arrays[7].word_array_inst/cell_instances[0].cell_inst/write_counter_reg[0]_0         |                3 |              8 |
|  ReRamSpm_i/processing_system7_0/inst/FCLK_CLK0 | ReRamSpm_i/reram_axilite_wrapper_0/inst/u_core/word_arrays[2].word_array_inst/cell_instances[0].cell_inst/write_counter                                        | ReRamSpm_i/reram_axilite_wrapper_0/inst/u_core/word_arrays[7].word_array_inst/cell_instances[0].cell_inst/write_counter_reg[0]_0         |                4 |              8 |
|  ReRamSpm_i/processing_system7_0/inst/FCLK_CLK0 | ReRamSpm_i/reram_axilite_wrapper_0/inst/u_core/word_arrays[2].word_array_inst/cell_instances[10].cell_inst/write_counter                                       | ReRamSpm_i/reram_axilite_wrapper_0/inst/u_core/word_arrays[7].word_array_inst/cell_instances[0].cell_inst/write_counter_reg[0]_0         |                4 |              8 |
|  ReRamSpm_i/processing_system7_0/inst/FCLK_CLK0 | ReRamSpm_i/reram_axilite_wrapper_0/inst/u_core/word_arrays[2].word_array_inst/cell_instances[11].cell_inst/write_counter                                       | ReRamSpm_i/reram_axilite_wrapper_0/inst/u_core/word_arrays[7].word_array_inst/cell_instances[0].cell_inst/write_counter_reg[0]_0         |                2 |              8 |
|  ReRamSpm_i/processing_system7_0/inst/FCLK_CLK0 | ReRamSpm_i/reram_axilite_wrapper_0/inst/u_core/word_arrays[2].word_array_inst/cell_instances[12].cell_inst/write_counter                                       | ReRamSpm_i/reram_axilite_wrapper_0/inst/u_core/word_arrays[7].word_array_inst/cell_instances[0].cell_inst/write_counter_reg[0]_0         |                4 |              8 |
|  ReRamSpm_i/processing_system7_0/inst/FCLK_CLK0 | ReRamSpm_i/reram_axilite_wrapper_0/inst/u_core/word_arrays[2].word_array_inst/cell_instances[13].cell_inst/write_counter                                       | ReRamSpm_i/reram_axilite_wrapper_0/inst/u_core/word_arrays[7].word_array_inst/cell_instances[0].cell_inst/write_counter_reg[0]_0         |                4 |              8 |
|  ReRamSpm_i/processing_system7_0/inst/FCLK_CLK0 | ReRamSpm_i/reram_axilite_wrapper_0/inst/u_core/word_arrays[2].word_array_inst/cell_instances[14].cell_inst/write_counter                                       | ReRamSpm_i/reram_axilite_wrapper_0/inst/u_core/word_arrays[7].word_array_inst/cell_instances[0].cell_inst/write_counter_reg[0]_0         |                4 |              8 |
|  ReRamSpm_i/processing_system7_0/inst/FCLK_CLK0 | ReRamSpm_i/reram_axilite_wrapper_0/inst/u_core/word_arrays[2].word_array_inst/cell_instances[15].cell_inst/write_counter                                       | ReRamSpm_i/reram_axilite_wrapper_0/inst/u_core/word_arrays[7].word_array_inst/cell_instances[0].cell_inst/write_counter_reg[0]_0         |                2 |              8 |
|  ReRamSpm_i/processing_system7_0/inst/FCLK_CLK0 | ReRamSpm_i/reram_axilite_wrapper_0/inst/u_core/word_arrays[2].word_array_inst/cell_instances[1].cell_inst/write_counter                                        | ReRamSpm_i/reram_axilite_wrapper_0/inst/u_core/word_arrays[7].word_array_inst/cell_instances[0].cell_inst/write_counter_reg[0]_0         |                4 |              8 |
|  ReRamSpm_i/processing_system7_0/inst/FCLK_CLK0 | ReRamSpm_i/reram_axilite_wrapper_0/inst/u_core/word_arrays[2].word_array_inst/cell_instances[2].cell_inst/write_counter                                        | ReRamSpm_i/reram_axilite_wrapper_0/inst/u_core/word_arrays[7].word_array_inst/cell_instances[0].cell_inst/write_counter_reg[0]_0         |                3 |              8 |
|  ReRamSpm_i/processing_system7_0/inst/FCLK_CLK0 | ReRamSpm_i/reram_axilite_wrapper_0/inst/u_core/word_arrays[3].word_array_inst/cell_instances[0].cell_inst/write_counter                                        | ReRamSpm_i/reram_axilite_wrapper_0/inst/u_core/word_arrays[7].word_array_inst/cell_instances[0].cell_inst/write_counter_reg[0]_0         |                2 |              8 |
|  ReRamSpm_i/processing_system7_0/inst/FCLK_CLK0 | ReRamSpm_i/reram_axilite_wrapper_0/inst/u_core/word_arrays[3].word_array_inst/cell_instances[10].cell_inst/write_counter                                       | ReRamSpm_i/reram_axilite_wrapper_0/inst/u_core/word_arrays[7].word_array_inst/cell_instances[0].cell_inst/write_counter_reg[0]_0         |                2 |              8 |
|  ReRamSpm_i/processing_system7_0/inst/FCLK_CLK0 | ReRamSpm_i/reram_axilite_wrapper_0/inst/u_core/word_arrays[3].word_array_inst/cell_instances[15].cell_inst/write_counter                                       | ReRamSpm_i/reram_axilite_wrapper_0/inst/u_core/word_arrays[7].word_array_inst/cell_instances[0].cell_inst/write_counter_reg[0]_0         |                2 |              8 |
|  ReRamSpm_i/processing_system7_0/inst/FCLK_CLK0 | ReRamSpm_i/reram_axilite_wrapper_0/inst/u_core/word_arrays[3].word_array_inst/cell_instances[1].cell_inst/write_counter                                        | ReRamSpm_i/reram_axilite_wrapper_0/inst/u_core/word_arrays[7].word_array_inst/cell_instances[0].cell_inst/write_counter_reg[0]_0         |                3 |              8 |
|  ReRamSpm_i/processing_system7_0/inst/FCLK_CLK0 | ReRamSpm_i/reram_axilite_wrapper_0/inst/u_core/word_arrays[3].word_array_inst/cell_instances[2].cell_inst/write_counter                                        | ReRamSpm_i/reram_axilite_wrapper_0/inst/u_core/word_arrays[7].word_array_inst/cell_instances[0].cell_inst/write_counter_reg[0]_0         |                4 |              8 |
|  ReRamSpm_i/processing_system7_0/inst/FCLK_CLK0 | ReRamSpm_i/reram_axilite_wrapper_0/inst/u_core/word_arrays[3].word_array_inst/cell_instances[3].cell_inst/write_counter_0                                      | ReRamSpm_i/reram_axilite_wrapper_0/inst/u_core/word_arrays[7].word_array_inst/cell_instances[0].cell_inst/write_counter_reg[0]_0         |                2 |              8 |
|  ReRamSpm_i/processing_system7_0/inst/FCLK_CLK0 | ReRamSpm_i/reram_axilite_wrapper_0/inst/u_core/word_arrays[3].word_array_inst/cell_instances[4].cell_inst/write_counter                                        | ReRamSpm_i/reram_axilite_wrapper_0/inst/u_core/word_arrays[7].word_array_inst/cell_instances[0].cell_inst/write_counter_reg[0]_0         |                3 |              8 |
|  ReRamSpm_i/processing_system7_0/inst/FCLK_CLK0 | ReRamSpm_i/reram_axilite_wrapper_0/inst/u_core/word_arrays[3].word_array_inst/cell_instances[5].cell_inst/write_counter                                        | ReRamSpm_i/reram_axilite_wrapper_0/inst/u_core/word_arrays[7].word_array_inst/cell_instances[0].cell_inst/write_counter_reg[0]_0         |                2 |              8 |
|  ReRamSpm_i/processing_system7_0/inst/FCLK_CLK0 | ReRamSpm_i/reram_axilite_wrapper_0/inst/u_core/word_arrays[3].word_array_inst/cell_instances[6].cell_inst/write_counter                                        | ReRamSpm_i/reram_axilite_wrapper_0/inst/u_core/word_arrays[7].word_array_inst/cell_instances[0].cell_inst/write_counter_reg[0]_0         |                3 |              8 |
|  ReRamSpm_i/processing_system7_0/inst/FCLK_CLK0 | ReRamSpm_i/reram_axilite_wrapper_0/inst/u_core/word_arrays[3].word_array_inst/cell_instances[7].cell_inst/write_counter                                        | ReRamSpm_i/reram_axilite_wrapper_0/inst/u_core/word_arrays[7].word_array_inst/cell_instances[0].cell_inst/write_counter_reg[0]_0         |                4 |              8 |
|  ReRamSpm_i/processing_system7_0/inst/FCLK_CLK0 | ReRamSpm_i/reram_axilite_wrapper_0/inst/u_core/word_arrays[3].word_array_inst/cell_instances[8].cell_inst/write_counter                                        | ReRamSpm_i/reram_axilite_wrapper_0/inst/u_core/word_arrays[7].word_array_inst/cell_instances[0].cell_inst/write_counter_reg[0]_0         |                4 |              8 |
|  ReRamSpm_i/processing_system7_0/inst/FCLK_CLK0 | ReRamSpm_i/reram_axilite_wrapper_0/inst/u_core/word_arrays[3].word_array_inst/cell_instances[9].cell_inst/write_counter                                        | ReRamSpm_i/reram_axilite_wrapper_0/inst/u_core/word_arrays[7].word_array_inst/cell_instances[0].cell_inst/write_counter_reg[0]_0         |                2 |              8 |
|  ReRamSpm_i/processing_system7_0/inst/FCLK_CLK0 | ReRamSpm_i/reram_axilite_wrapper_0/inst/u_core/word_arrays[4].word_array_inst/cell_instances[0].cell_inst/write_counter                                        | ReRamSpm_i/reram_axilite_wrapper_0/inst/u_core/word_arrays[7].word_array_inst/cell_instances[0].cell_inst/write_counter_reg[0]_0         |                3 |              8 |
|  ReRamSpm_i/processing_system7_0/inst/FCLK_CLK0 | ReRamSpm_i/reram_axilite_wrapper_0/inst/u_core/word_arrays[4].word_array_inst/cell_instances[10].cell_inst/write_counter                                       | ReRamSpm_i/reram_axilite_wrapper_0/inst/u_core/word_arrays[7].word_array_inst/cell_instances[0].cell_inst/write_counter_reg[0]_0         |                2 |              8 |
|  ReRamSpm_i/processing_system7_0/inst/FCLK_CLK0 | ReRamSpm_i/reram_axilite_wrapper_0/inst/u_core/word_arrays[5].word_array_inst/cell_instances[13].cell_inst/write_counter                                       | ReRamSpm_i/reram_axilite_wrapper_0/inst/u_core/word_arrays[7].word_array_inst/cell_instances[0].cell_inst/write_counter_reg[0]_0         |                2 |              8 |
|  ReRamSpm_i/processing_system7_0/inst/FCLK_CLK0 | ReRamSpm_i/reram_axilite_wrapper_0/inst/u_core/word_arrays[5].word_array_inst/cell_instances[11].cell_inst/write_counter                                       | ReRamSpm_i/reram_axilite_wrapper_0/inst/u_core/word_arrays[7].word_array_inst/cell_instances[0].cell_inst/write_counter_reg[0]_0         |                4 |              8 |
|  ReRamSpm_i/processing_system7_0/inst/FCLK_CLK0 | ReRamSpm_i/reram_axilite_wrapper_0/inst/u_core/word_arrays[5].word_array_inst/cell_instances[12].cell_inst/write_counter                                       | ReRamSpm_i/reram_axilite_wrapper_0/inst/u_core/word_arrays[7].word_array_inst/cell_instances[0].cell_inst/write_counter_reg[0]_0         |                2 |              8 |
|  ReRamSpm_i/processing_system7_0/inst/FCLK_CLK0 | ReRamSpm_i/reram_axilite_wrapper_0/inst/u_core/word_arrays[5].word_array_inst/cell_instances[1].cell_inst/write_counter                                        | ReRamSpm_i/reram_axilite_wrapper_0/inst/u_core/word_arrays[7].word_array_inst/cell_instances[0].cell_inst/write_counter_reg[0]_0         |                2 |              8 |
|  ReRamSpm_i/processing_system7_0/inst/FCLK_CLK0 | ReRamSpm_i/reram_axilite_wrapper_0/inst/axi_araddr[9]_i_1_n_0                                                                                                  |                                                                                                                                          |                4 |             10 |
|  ReRamSpm_i/processing_system7_0/inst/FCLK_CLK0 | ReRamSpm_i/ps7_0_axi_periph/s00_couplers/auto_pc/inst/gen_axilite.gen_b2s_conv.axilite_b2s/RD.ar_channel_0/ar_cmd_fsm_0/axaddr_incr_reg[0][0]                  |                                                                                                                                          |                3 |             12 |
|  ReRamSpm_i/processing_system7_0/inst/FCLK_CLK0 | ReRamSpm_i/ps7_0_axi_periph/s00_couplers/auto_pc/inst/gen_axilite.gen_b2s_conv.axilite_b2s/RD.ar_channel_0/ar_cmd_fsm_0/E[0]                                   |                                                                                                                                          |                7 |             12 |
|  ReRamSpm_i/processing_system7_0/inst/FCLK_CLK0 | ReRamSpm_i/ps7_0_axi_periph/s00_couplers/auto_pc/inst/gen_axilite.gen_b2s_conv.axilite_b2s/WR.aw_channel_0/cmd_translator_0/incr_cmd_0/axaddr_incr[11]_i_1_n_0 |                                                                                                                                          |                2 |             12 |
|  ReRamSpm_i/processing_system7_0/inst/FCLK_CLK0 | ReRamSpm_i/ps7_0_axi_periph/s00_couplers/auto_pc/inst/gen_axilite.gen_b2s_conv.axilite_b2s/WR.aw_channel_0/aw_cmd_fsm_0/wrap_boundary_axaddr_r_reg[11]         |                                                                                                                                          |                3 |             12 |
|  ReRamSpm_i/processing_system7_0/inst/FCLK_CLK0 | ReRamSpm_i/ps7_0_axi_periph/s00_couplers/auto_pc/inst/gen_axilite.gen_b2s_conv.axilite_b2s/RD.r_channel_0/r_push_r                                             |                                                                                                                                          |                4 |             13 |
|  ReRamSpm_i/processing_system7_0/inst/FCLK_CLK0 | ReRamSpm_i/ps7_0_axi_periph/s00_couplers/auto_pc/inst/gen_axilite.gen_b2s_conv.axilite_b2s/SI_REG/b.b_pipe/p_1_in                                              |                                                                                                                                          |                2 |             14 |
|  ReRamSpm_i/processing_system7_0/inst/FCLK_CLK0 | ReRamSpm_i/ps7_0_axi_periph/s00_couplers/auto_pc/inst/gen_axilite.gen_b2s_conv.axilite_b2s/SI_REG/b.b_pipe/skid_buffer_reg[0]_0                                |                                                                                                                                          |                4 |             14 |
|  ReRamSpm_i/processing_system7_0/inst/FCLK_CLK0 | ReRamSpm_i/ps7_0_axi_periph/s00_couplers/auto_pc/inst/gen_axilite.gen_b2s_conv.axilite_b2s/WR.aw_channel_0/aw_cmd_fsm_0/b_push                                 |                                                                                                                                          |                3 |             16 |
|  ReRamSpm_i/processing_system7_0/inst/FCLK_CLK0 | ReRamSpm_i/reram_axilite_wrapper_0/inst/u_core/current_addr[3]_i_1_n_0                                                                                         | ReRamSpm_i/reram_axilite_wrapper_0/inst/u_core/word_arrays[7].word_array_inst/cell_instances[0].cell_inst/write_counter_reg[0]_0         |                9 |             20 |
|  ReRamSpm_i/processing_system7_0/inst/FCLK_CLK0 | ReRamSpm_i/reram_axilite_wrapper_0/inst/axi_awready                                                                                                            | ReRamSpm_i/reram_axilite_wrapper_0/inst/u_core/word_arrays[7].word_array_inst/cell_instances[0].cell_inst/write_counter_reg[0]_0         |               10 |             20 |
|  ReRamSpm_i/processing_system7_0/inst/FCLK_CLK0 | ReRamSpm_i/ps7_0_axi_periph/s00_couplers/auto_pc/inst/gen_axilite.gen_b2s_conv.axilite_b2s/RD.ar_channel_0/ar_cmd_fsm_0/axlen_cnt_reg[4][0]                    |                                                                                                                                          |                8 |             21 |
|  ReRamSpm_i/processing_system7_0/inst/FCLK_CLK0 | ReRamSpm_i/ps7_0_axi_periph/s00_couplers/auto_pc/inst/gen_axilite.gen_b2s_conv.axilite_b2s/WR.aw_channel_0/aw_cmd_fsm_0/axaddr_wrap_reg[0]                     |                                                                                                                                          |                9 |             21 |
|  ReRamSpm_i/processing_system7_0/inst/FCLK_CLK0 | ReRamSpm_i/ps7_0_axi_periph/s00_couplers/auto_pc/inst/gen_axilite.gen_b2s_conv.axilite_b2s/RD.ar_channel_0/ar_cmd_fsm_0/m_payload_i_reg[0]_1[0]                |                                                                                                                                          |                8 |             32 |
|  ReRamSpm_i/processing_system7_0/inst/FCLK_CLK0 | ReRamSpm_i/ps7_0_axi_periph/s00_couplers/auto_pc/inst/gen_axilite.gen_b2s_conv.axilite_b2s/RD.r_channel_0/rd_data_fifo_0/wr_en0                                |                                                                                                                                          |                9 |             32 |
|  ReRamSpm_i/processing_system7_0/inst/FCLK_CLK0 | ReRamSpm_i/ps7_0_axi_periph/s00_couplers/auto_pc/inst/gen_axilite.gen_b2s_conv.axilite_b2s/SI_REG/ar.ar_pipe/skid_buffer_reg[0]_0                              |                                                                                                                                          |                9 |             32 |
|  ReRamSpm_i/processing_system7_0/inst/FCLK_CLK0 | ReRamSpm_i/ps7_0_axi_periph/s00_couplers/auto_pc/inst/gen_axilite.gen_b2s_conv.axilite_b2s/SI_REG/aw.aw_pipe/skid_buffer_reg[0]_0                              |                                                                                                                                          |               11 |             32 |
|  ReRamSpm_i/processing_system7_0/inst/FCLK_CLK0 | ReRamSpm_i/reram_axilite_wrapper_0/inst/u_core/word_arrays[3].word_array_inst/cell_instances[3].cell_inst/write_counter                                        | ReRamSpm_i/reram_axilite_wrapper_0/inst/u_core/word_arrays[7].word_array_inst/cell_instances[0].cell_inst/write_counter_reg[0]_0         |                8 |             32 |
|  ReRamSpm_i/processing_system7_0/inst/FCLK_CLK0 | ReRamSpm_i/reram_axilite_wrapper_0/inst/u_core/word_arrays[3].word_array_inst/cell_instances[3].cell_inst/read_counter                                         | ReRamSpm_i/reram_axilite_wrapper_0/inst/u_core/word_arrays[7].word_array_inst/cell_instances[0].cell_inst/write_counter_reg[0]_0         |                8 |             32 |
|  ReRamSpm_i/processing_system7_0/inst/FCLK_CLK0 | ReRamSpm_i/reram_axilite_wrapper_0/inst/u_core/word_arrays[3].word_array_inst/cell_instances[0].cell_inst/E[0]                                                 | ReRamSpm_i/reram_axilite_wrapper_0/inst/u_core/word_arrays[7].word_array_inst/cell_instances[0].cell_inst/write_counter_reg[0]_0         |               28 |             32 |
|  ReRamSpm_i/processing_system7_0/inst/FCLK_CLK0 | ReRamSpm_i/ps7_0_axi_periph/s00_couplers/auto_pc/inst/gen_axilite.gen_b2s_conv.axilite_b2s/WR.aw_channel_0/aw_cmd_fsm_0/E[0]                                   |                                                                                                                                          |                8 |             32 |
|  ReRamSpm_i/processing_system7_0/inst/FCLK_CLK0 | ReRamSpm_i/ps7_0_axi_periph/s00_couplers/auto_pc/inst/gen_axilite.gen_b2s_conv.axilite_b2s/SI_REG/r.r_pipe/p_1_in                                              |                                                                                                                                          |                7 |             45 |
|  ReRamSpm_i/processing_system7_0/inst/FCLK_CLK0 | ReRamSpm_i/ps7_0_axi_periph/s00_couplers/auto_pc/inst/gen_axilite.gen_b2s_conv.axilite_b2s/SI_REG/r.r_pipe/skid_buffer_reg[0]_0                                |                                                                                                                                          |               15 |             45 |
|  ReRamSpm_i/processing_system7_0/inst/FCLK_CLK0 |                                                                                                                                                                | ReRamSpm_i/ps7_0_axi_periph/s00_couplers/auto_pc/inst/gen_axilite.gen_b2s_conv.axilite_b2s/areset_d1                                     |               17 |             61 |
|  ReRamSpm_i/processing_system7_0/inst/FCLK_CLK0 |                                                                                                                                                                |                                                                                                                                          |               35 |            110 |
|  ReRamSpm_i/processing_system7_0/inst/FCLK_CLK0 |                                                                                                                                                                | ReRamSpm_i/reram_axilite_wrapper_0/inst/u_core/word_arrays[7].word_array_inst/cell_instances[0].cell_inst/write_counter_reg[0]_0         |             1151 |           5312 |
+-------------------------------------------------+----------------------------------------------------------------------------------------------------------------------------------------------------------------+------------------------------------------------------------------------------------------------------------------------------------------+------------------+----------------+


