
*** Running vivado
    with args -log ReRamSpm_wrapper.vdi -applog -m64 -product Vivado -messageDb vivado.pb -mode batch -source ReRamSpm_wrapper.tcl -notrace


****** Vivado v2018.1 (64-bit)
  **** SW Build 2188600 on Wed Apr  4 18:40:38 MDT 2018
  **** IP Build 2185939 on Wed Apr  4 20:55:05 MDT 2018
    ** Copyright 1986-2018 Xilinx, Inc. All Rights Reserved.

source ReRamSpm_wrapper.tcl -notrace
INFO: [IP_Flow 19-234] Refreshing IP repositories
INFO: [IP_Flow 19-1700] Loaded user IP repository 'c:/Users/hrish/Downloads/ReRAM_Thesis/Project Folder/ip_repo/ReRAM_SPM_1.0'.
INFO: [IP_Flow 19-1700] Loaded user IP repository 'c:/Users/hrish/Downloads/ReRAM_Working'.
INFO: [IP_Flow 19-2313] Loaded Vivado IP repository 'C:/Xilinx/Vivado/2018.1/data/ip'.
CRITICAL WARNING: [IP_Flow 19-1663] Duplicate IP found for 'xilinx.com:user:reram_axilite_wrapper:1.0'. The one found in IP location 'c:/Users/hrish/Downloads/ReRAM_Thesis/Project Folder/ip_repo/ReRAM_SPM_1.0' will take precedence over the same IP in location c:/Users/hrish/Downloads/ReRAM_Working/ip repo
Command: link_design -top ReRamSpm_wrapper -part xc7z020clg400-1
Design is defaulting to srcset: sources_1
Design is defaulting to constrset: constrs_1
INFO: [Netlist 29-17] Analyzing 1692 Unisim elements for replacement
INFO: [Netlist 29-28] Unisim Transformation completed in 0 CPU seconds
INFO: [Project 1-479] Netlist was created with Vivado 2018.1
INFO: [Device 21-403] Loading part xc7z020clg400-1
INFO: [Project 1-570] Preparing netlist for logic optimization
Parsing XDC File [c:/Users/hrish/Downloads/ReRAM_Thesis/Project Folder/Configuration1/Configuration1.srcs/sources_1/bd/ReRamSpm/ip/ReRamSpm_processing_system7_0_0/ReRamSpm_processing_system7_0_0.xdc] for cell 'ReRamSpm_i/processing_system7_0/inst'
Finished Parsing XDC File [c:/Users/hrish/Downloads/ReRAM_Thesis/Project Folder/Configuration1/Configuration1.srcs/sources_1/bd/ReRamSpm/ip/ReRamSpm_processing_system7_0_0/ReRamSpm_processing_system7_0_0.xdc] for cell 'ReRamSpm_i/processing_system7_0/inst'
Parsing XDC File [c:/Users/hrish/Downloads/ReRAM_Thesis/Project Folder/Configuration1/Configuration1.srcs/sources_1/bd/ReRamSpm/ip/ReRamSpm_rst_ps7_0_50M_0/ReRamSpm_rst_ps7_0_50M_0_board.xdc] for cell 'ReRamSpm_i/rst_ps7_0_50M/U0'
Finished Parsing XDC File [c:/Users/hrish/Downloads/ReRAM_Thesis/Project Folder/Configuration1/Configuration1.srcs/sources_1/bd/ReRamSpm/ip/ReRamSpm_rst_ps7_0_50M_0/ReRamSpm_rst_ps7_0_50M_0_board.xdc] for cell 'ReRamSpm_i/rst_ps7_0_50M/U0'
Parsing XDC File [c:/Users/hrish/Downloads/ReRAM_Thesis/Project Folder/Configuration1/Configuration1.srcs/sources_1/bd/ReRamSpm/ip/ReRamSpm_rst_ps7_0_50M_0/ReRamSpm_rst_ps7_0_50M_0.xdc] for cell 'ReRamSpm_i/rst_ps7_0_50M/U0'
Finished Parsing XDC File [c:/Users/hrish/Downloads/ReRAM_Thesis/Project Folder/Configuration1/Configuration1.srcs/sources_1/bd/ReRamSpm/ip/ReRamSpm_rst_ps7_0_50M_0/ReRamSpm_rst_ps7_0_50M_0.xdc] for cell 'ReRamSpm_i/rst_ps7_0_50M/U0'
INFO: [Opt 31-138] Pushed 0 inverter(s) to 0 load pin(s).
INFO: [Project 1-111] Unisim Transformation Summary:
No Unisim elements were transformed.

11 Infos, 0 Warnings, 1 Critical Warnings and 0 Errors encountered.
link_design completed successfully
link_design: Time (s): cpu = 00:00:11 ; elapsed = 00:00:15 . Memory (MB): peak = 698.672 ; gain = 403.602
Command: opt_design
Attempting to get a license for feature 'Implementation' and/or device 'xc7z020'
INFO: [Common 17-349] Got license for feature 'Implementation' and/or device 'xc7z020'
Running DRC as a precondition to command opt_design

Starting DRC Task
INFO: [DRC 23-27] Running DRC with 2 threads
INFO: [Project 1-461] DRC finished with 0 Errors
INFO: [Project 1-462] Please refer to the DRC report (report_drc) for more information.

Time (s): cpu = 00:00:01 ; elapsed = 00:00:00.509 . Memory (MB): peak = 700.496 ; gain = 1.824
INFO: [Timing 38-35] Done setting XDC timing constraints.

Starting Logic Optimization Task

Phase 1 Retarget
INFO: [Opt 31-138] Pushed 0 inverter(s) to 0 load pin(s).
INFO: [Opt 31-49] Retargeted 0 cell(s).
Phase 1 Retarget | Checksum: 1bbb0b796

Time (s): cpu = 00:00:02 ; elapsed = 00:00:01 . Memory (MB): peak = 1259.277 ; gain = 0.000
INFO: [Opt 31-389] Phase Retarget created 0 cells and removed 0 cells

Phase 2 Constant propagation
INFO: [Opt 31-138] Pushed 0 inverter(s) to 0 load pin(s).
Phase 2 Constant propagation | Checksum: 19e226d89

Time (s): cpu = 00:00:02 ; elapsed = 00:00:01 . Memory (MB): peak = 1259.277 ; gain = 0.000
INFO: [Opt 31-389] Phase Constant propagation created 0 cells and removed 8 cells

Phase 3 Sweep
Phase 3 Sweep | Checksum: 16c9a6920

Time (s): cpu = 00:00:03 ; elapsed = 00:00:02 . Memory (MB): peak = 1259.277 ; gain = 0.000
INFO: [Opt 31-389] Phase Sweep created 0 cells and removed 249 cells

Phase 4 BUFG optimization
Phase 4 BUFG optimization | Checksum: 16c9a6920

Time (s): cpu = 00:00:03 ; elapsed = 00:00:02 . Memory (MB): peak = 1259.277 ; gain = 0.000
INFO: [Opt 31-389] Phase BUFG optimization created 0 cells and removed 0 cells

Phase 5 Shift Register Optimization
Phase 5 Shift Register Optimization | Checksum: 16c9a6920

Time (s): cpu = 00:00:03 ; elapsed = 00:00:03 . Memory (MB): peak = 1259.277 ; gain = 0.000
INFO: [Opt 31-389] Phase Shift Register Optimization created 0 cells and removed 0 cells

Phase 6 Post Processing Netlist
Phase 6 Post Processing Netlist | Checksum: 16c9a6920

Time (s): cpu = 00:00:03 ; elapsed = 00:00:03 . Memory (MB): peak = 1259.277 ; gain = 0.000
INFO: [Opt 31-389] Phase Post Processing Netlist created 0 cells and removed 0 cells

Starting Connectivity Check Task

Time (s): cpu = 00:00:00 ; elapsed = 00:00:00.069 . Memory (MB): peak = 1259.277 ; gain = 0.000
Ending Logic Optimization Task | Checksum: 16c9a6920

Time (s): cpu = 00:00:03 ; elapsed = 00:00:03 . Memory (MB): peak = 1259.277 ; gain = 0.000

Starting Power Optimization Task
INFO: [Pwropt 34-132] Skipping clock gating for clocks with a period < 2.00 ns.
Ending Power Optimization Task | Checksum: 20e7dfcc5

Time (s): cpu = 00:00:00 ; elapsed = 00:00:00.028 . Memory (MB): peak = 1259.277 ; gain = 0.000
INFO: [Common 17-83] Releasing license: Implementation
27 Infos, 0 Warnings, 1 Critical Warnings and 0 Errors encountered.
opt_design completed successfully
opt_design: Time (s): cpu = 00:00:15 ; elapsed = 00:00:17 . Memory (MB): peak = 1259.277 ; gain = 560.605
INFO: [Timing 38-480] Writing timing data to binary archive.
Writing placer database...
Writing XDEF routing.
Writing XDEF routing logical nets.
Writing XDEF routing special nets.
Write XDEF Complete: Time (s): cpu = 00:00:00 ; elapsed = 00:00:00.092 . Memory (MB): peak = 1259.277 ; gain = 0.000
INFO: [Common 17-1381] The checkpoint 'C:/Users/hrish/Downloads/ReRAM_Thesis/Project Folder/Configuration1/Configuration1.runs/impl_1/ReRamSpm_wrapper_opt.dcp' has been generated.
INFO: [runtcl-4] Executing : report_drc -file ReRamSpm_wrapper_drc_opted.rpt -pb ReRamSpm_wrapper_drc_opted.pb -rpx ReRamSpm_wrapper_drc_opted.rpx
Command: report_drc -file ReRamSpm_wrapper_drc_opted.rpt -pb ReRamSpm_wrapper_drc_opted.pb -rpx ReRamSpm_wrapper_drc_opted.rpx
INFO: [DRC 23-27] Running DRC with 2 threads
INFO: [Coretcl 2-168] The results of DRC are in file C:/Users/hrish/Downloads/ReRAM_Thesis/Project Folder/Configuration1/Configuration1.runs/impl_1/ReRamSpm_wrapper_drc_opted.rpt.
report_drc completed successfully
Command: place_design
Attempting to get a license for feature 'Implementation' and/or device 'xc7z020'
INFO: [Common 17-349] Got license for feature 'Implementation' and/or device 'xc7z020'
INFO: [DRC 23-27] Running DRC with 2 threads
INFO: [Vivado_Tcl 4-198] DRC finished with 0 Errors
INFO: [Vivado_Tcl 4-199] Please refer to the DRC report (report_drc) for more information.
Running DRC as a precondition to command place_design
INFO: [DRC 23-27] Running DRC with 2 threads
INFO: [Vivado_Tcl 4-198] DRC finished with 0 Errors
INFO: [Vivado_Tcl 4-199] Please refer to the DRC report (report_drc) for more information.

Starting Placer Task
INFO: [Place 30-611] Multithreading enabled for place_design using a maximum of 2 CPUs

Phase 1 Placer Initialization

Phase 1.1 Placer Initialization Netlist Sorting
Netlist sorting complete. Time (s): cpu = 00:00:00 ; elapsed = 00:00:00.015 . Memory (MB): peak = 1259.277 ; gain = 0.000
Phase 1.1 Placer Initialization Netlist Sorting | Checksum: 18db42121

Time (s): cpu = 00:00:00 ; elapsed = 00:00:00.024 . Memory (MB): peak = 1259.277 ; gain = 0.000
INFO: [Timing 38-35] Done setting XDC timing constraints.
INFO: [Opt 31-138] Pushed 0 inverter(s) to 0 load pin(s).
Netlist sorting complete. Time (s): cpu = 00:00:00 ; elapsed = 00:00:00.022 . Memory (MB): peak = 1259.277 ; gain = 0.000

Phase 1.2 IO Placement/ Clock Placement/ Build Placer Device
INFO: [Timing 38-35] Done setting XDC timing constraints.
Phase 1.2 IO Placement/ Clock Placement/ Build Placer Device | Checksum: e862a08a

Time (s): cpu = 00:00:05 ; elapsed = 00:00:04 . Memory (MB): peak = 1259.277 ; gain = 0.000

Phase 1.3 Build Placer Netlist Model
Phase 1.3 Build Placer Netlist Model | Checksum: ba590fab

Time (s): cpu = 00:00:08 ; elapsed = 00:00:07 . Memory (MB): peak = 1323.898 ; gain = 64.621

Phase 1.4 Constrain Clocks/Macros
Phase 1.4 Constrain Clocks/Macros | Checksum: ba590fab

Time (s): cpu = 00:00:08 ; elapsed = 00:00:07 . Memory (MB): peak = 1323.898 ; gain = 64.621
Phase 1 Placer Initialization | Checksum: ba590fab

Time (s): cpu = 00:00:08 ; elapsed = 00:00:07 . Memory (MB): peak = 1323.898 ; gain = 64.621

Phase 2 Global Placement
Phase 2 Global Placement | Checksum: fe743509

Time (s): cpu = 00:00:20 ; elapsed = 00:00:14 . Memory (MB): peak = 1323.898 ; gain = 64.621

Phase 3 Detail Placement

Phase 3.1 Commit Multi Column Macros
Phase 3.1 Commit Multi Column Macros | Checksum: fe743509

Time (s): cpu = 00:00:20 ; elapsed = 00:00:14 . Memory (MB): peak = 1323.898 ; gain = 64.621

Phase 3.2 Commit Most Macros & LUTRAMs
Phase 3.2 Commit Most Macros & LUTRAMs | Checksum: c71b5f75

Time (s): cpu = 00:00:24 ; elapsed = 00:00:17 . Memory (MB): peak = 1323.898 ; gain = 64.621

Phase 3.3 Area Swap Optimization
Phase 3.3 Area Swap Optimization | Checksum: 109c4a0a5

Time (s): cpu = 00:00:24 ; elapsed = 00:00:17 . Memory (MB): peak = 1323.898 ; gain = 64.621

Phase 3.4 Pipeline Register Optimization
Phase 3.4 Pipeline Register Optimization | Checksum: 109c4a0a5

Time (s): cpu = 00:00:24 ; elapsed = 00:00:17 . Memory (MB): peak = 1323.898 ; gain = 64.621

Phase 3.5 Timing Path Optimizer
Phase 3.5 Timing Path Optimizer | Checksum: 109c4a0a5

Time (s): cpu = 00:00:24 ; elapsed = 00:00:17 . Memory (MB): peak = 1323.898 ; gain = 64.621

Phase 3.6 Fast Optimization
Phase 3.6 Fast Optimization | Checksum: 128b4ba6c

Time (s): cpu = 00:00:25 ; elapsed = 00:00:19 . Memory (MB): peak = 1323.898 ; gain = 64.621

Phase 3.7 Small Shape Detail Placement
Phase 3.7 Small Shape Detail Placement | Checksum: 18e2e2769

Time (s): cpu = 00:00:29 ; elapsed = 00:00:23 . Memory (MB): peak = 1323.898 ; gain = 64.621

Phase 3.8 Re-assign LUT pins
Phase 3.8 Re-assign LUT pins | Checksum: 101ae66f9

Time (s): cpu = 00:00:30 ; elapsed = 00:00:24 . Memory (MB): peak = 1323.898 ; gain = 64.621

Phase 3.9 Pipeline Register Optimization
Phase 3.9 Pipeline Register Optimization | Checksum: 101ae66f9

Time (s): cpu = 00:00:30 ; elapsed = 00:00:24 . Memory (MB): peak = 1323.898 ; gain = 64.621

Phase 3.10 Fast Optimization
Phase 3.10 Fast Optimization | Checksum: 18affca1e

Time (s): cpu = 00:00:33 ; elapsed = 00:00:27 . Memory (MB): peak = 1323.898 ; gain = 64.621
Phase 3 Detail Placement | Checksum: 18affca1e

Time (s): cpu = 00:00:33 ; elapsed = 00:00:28 . Memory (MB): peak = 1323.898 ; gain = 64.621

Phase 4 Post Placement Optimization and Clean-Up

Phase 4.1 Post Commit Optimization
INFO: [Timing 38-35] Done setting XDC timing constraints.

Phase 4.1.1 Post Placement Optimization
Post Placement Optimization Initialization | Checksum: 17ebe7d71

Phase 4.1.1.1 BUFG Insertion
INFO: [Physopt 32-721] Multithreading enabled for phys_opt_design using a maximum of 2 CPUs
INFO: [Place 46-33] Processed net ReRamSpm_i/reram_axilite_wrapper_0/inst/u_core/word_arrays[7].word_array_inst/cell_instances[0].cell_inst/write_counter_reg[0]_0, BUFG insertion was skipped due to placement/routing conflicts.
INFO: [Place 46-31] BUFG insertion identified 1 candidate nets, 0 success, 1 skipped for placement/routing, 0 skipped for timing, 0 skipped for netlist change reason.
Phase 4.1.1.1 BUFG Insertion | Checksum: 17ebe7d71

Time (s): cpu = 00:00:36 ; elapsed = 00:00:31 . Memory (MB): peak = 1362.441 ; gain = 103.164
INFO: [Place 30-746] Post Placement Timing Summary WNS=-12.373. For the most accurate timing information please run report_timing.
Phase 4.1.1 Post Placement Optimization | Checksum: 1e0ca3d0d

Time (s): cpu = 00:00:44 ; elapsed = 00:00:40 . Memory (MB): peak = 1362.441 ; gain = 103.164
Phase 4.1 Post Commit Optimization | Checksum: 1e0ca3d0d

Time (s): cpu = 00:00:44 ; elapsed = 00:00:40 . Memory (MB): peak = 1362.441 ; gain = 103.164

Phase 4.2 Post Placement Cleanup
Phase 4.2 Post Placement Cleanup | Checksum: 1e0ca3d0d

Time (s): cpu = 00:00:44 ; elapsed = 00:00:40 . Memory (MB): peak = 1362.441 ; gain = 103.164

Phase 4.3 Placer Reporting
Phase 4.3 Placer Reporting | Checksum: 1e0ca3d0d

Time (s): cpu = 00:00:44 ; elapsed = 00:00:40 . Memory (MB): peak = 1362.441 ; gain = 103.164

Phase 4.4 Final Placement Cleanup
Phase 4.4 Final Placement Cleanup | Checksum: 1f03fab70

Time (s): cpu = 00:00:45 ; elapsed = 00:00:40 . Memory (MB): peak = 1362.441 ; gain = 103.164
Phase 4 Post Placement Optimization and Clean-Up | Checksum: 1f03fab70

Time (s): cpu = 00:00:45 ; elapsed = 00:00:40 . Memory (MB): peak = 1362.441 ; gain = 103.164
Ending Placer Task | Checksum: 11e25acbb

Time (s): cpu = 00:00:45 ; elapsed = 00:00:40 . Memory (MB): peak = 1362.441 ; gain = 103.164
INFO: [Common 17-83] Releasing license: Implementation
49 Infos, 0 Warnings, 1 Critical Warnings and 0 Errors encountered.
place_design completed successfully
place_design: Time (s): cpu = 00:00:47 ; elapsed = 00:00:42 . Memory (MB): peak = 1362.441 ; gain = 103.164
INFO: [Timing 38-480] Writing timing data to binary archive.
Writing placer database...
Writing XDEF routing.
Writing XDEF routing logical nets.
Writing XDEF routing special nets.
Write XDEF Complete: Time (s): cpu = 00:00:03 ; elapsed = 00:00:01 . Memory (MB): peak = 1368.027 ; gain = 5.586
INFO: [Common 17-1381] The checkpoint 'C:/Users/hrish/Downloads/ReRAM_Thesis/Project Folder/Configuration1/Configuration1.runs/impl_1/ReRamSpm_wrapper_placed.dcp' has been generated.
INFO: [runtcl-4] Executing : report_io -file ReRamSpm_wrapper_io_placed.rpt
report_io: Time (s): cpu = 00:00:00 ; elapsed = 00:00:00.042 . Memory (MB): peak = 1368.027 ; gain = 0.000
INFO: [runtcl-4] Executing : report_utilization -file ReRamSpm_wrapper_utilization_placed.rpt -pb ReRamSpm_wrapper_utilization_placed.pb
report_utilization: Time (s): cpu = 00:00:00 ; elapsed = 00:00:00.171 . Memory (MB): peak = 1368.027 ; gain = 0.000
INFO: [runtcl-4] Executing : report_control_sets -verbose -file ReRamSpm_wrapper_control_sets_placed.rpt
report_control_sets: Time (s): cpu = 00:00:00 ; elapsed = 00:00:00.035 . Memory (MB): peak = 1368.027 ; gain = 0.000
Command: route_design
Attempting to get a license for feature 'Implementation' and/or device 'xc7z020'
INFO: [Common 17-349] Got license for feature 'Implementation' and/or device 'xc7z020'
Running DRC as a precondition to command route_design
INFO: [DRC 23-27] Running DRC with 2 threads
INFO: [Vivado_Tcl 4-198] DRC finished with 0 Errors
INFO: [Vivado_Tcl 4-199] Please refer to the DRC report (report_drc) for more information.


Starting Routing Task
INFO: [Route 35-254] Multithreading enabled for route_design using a maximum of 2 CPUs
Checksum: PlaceDB: 36489528 ConstDB: 0 ShapeSum: e7dd1793 RouteDB: 0

Phase 1 Build RT Design
Phase 1 Build RT Design | Checksum: e9f3d4af

Time (s): cpu = 00:00:24 ; elapsed = 00:00:20 . Memory (MB): peak = 1451.449 ; gain = 83.422
Post Restoration Checksum: NetGraph: 186d6c3c NumContArr: d1866873 Constraints: 0 Timing: 0

Phase 2 Router Initialization

Phase 2.1 Create Timer
Phase 2.1 Create Timer | Checksum: e9f3d4af

Time (s): cpu = 00:00:24 ; elapsed = 00:00:21 . Memory (MB): peak = 1451.449 ; gain = 83.422

Phase 2.2 Fix Topology Constraints
Phase 2.2 Fix Topology Constraints | Checksum: e9f3d4af

Time (s): cpu = 00:00:24 ; elapsed = 00:00:21 . Memory (MB): peak = 1455.527 ; gain = 87.500

Phase 2.3 Pre Route Cleanup
Phase 2.3 Pre Route Cleanup | Checksum: e9f3d4af

Time (s): cpu = 00:00:24 ; elapsed = 00:00:21 . Memory (MB): peak = 1455.527 ; gain = 87.500
 Number of Nodes with overlaps = 0

Phase 2.4 Update Timing
Phase 2.4 Update Timing | Checksum: bf9f15fd

Time (s): cpu = 00:00:36 ; elapsed = 00:00:29 . Memory (MB): peak = 1487.551 ; gain = 119.523
INFO: [Route 35-416] Intermediate Timing Summary | WNS=-11.501| TNS=-360.118| WHS=-0.173 | THS=-99.038|

Phase 2 Router Initialization | Checksum: 13a3bc511

Time (s): cpu = 00:00:41 ; elapsed = 00:00:32 . Memory (MB): peak = 1497.352 ; gain = 129.324

Phase 3 Initial Routing
Phase 3 Initial Routing | Checksum: 14f5c210a

Time (s): cpu = 00:00:45 ; elapsed = 00:00:35 . Memory (MB): peak = 1514.957 ; gain = 146.930

Phase 4 Rip-up And Reroute

Phase 4.1 Global Iteration 0
 Number of Nodes with overlaps = 2981
 Number of Nodes with overlaps = 1080
 Number of Nodes with overlaps = 324
 Number of Nodes with overlaps = 84
 Number of Nodes with overlaps = 35
 Number of Nodes with overlaps = 7
 Number of Nodes with overlaps = 3
 Number of Nodes with overlaps = 0
INFO: [Route 35-416] Intermediate Timing Summary | WNS=-19.205| TNS=-3288.179| WHS=N/A    | THS=N/A    |

Phase 4.1 Global Iteration 0 | Checksum: f4e61414

Time (s): cpu = 00:01:03 ; elapsed = 00:00:45 . Memory (MB): peak = 1514.957 ; gain = 146.930

Phase 4.2 Global Iteration 1
 Number of Nodes with overlaps = 1366
 Number of Nodes with overlaps = 251
 Number of Nodes with overlaps = 71
 Number of Nodes with overlaps = 40
 Number of Nodes with overlaps = 16
 Number of Nodes with overlaps = 0
INFO: [Route 35-416] Intermediate Timing Summary | WNS=-19.741| TNS=-3268.158| WHS=N/A    | THS=N/A    |

Phase 4.2 Global Iteration 1 | Checksum: d0351322

Time (s): cpu = 00:01:11 ; elapsed = 00:00:50 . Memory (MB): peak = 1514.957 ; gain = 146.930
Phase 4 Rip-up And Reroute | Checksum: d0351322

Time (s): cpu = 00:01:11 ; elapsed = 00:00:50 . Memory (MB): peak = 1514.957 ; gain = 146.930

Phase 5 Delay and Skew Optimization

Phase 5.1 Delay CleanUp

Phase 5.1.1 Update Timing
Phase 5.1.1 Update Timing | Checksum: e9abcebf

Time (s): cpu = 00:01:12 ; elapsed = 00:00:51 . Memory (MB): peak = 1514.957 ; gain = 146.930
INFO: [Route 35-416] Intermediate Timing Summary | WNS=-19.090| TNS=-3283.590| WHS=N/A    | THS=N/A    |

 Number of Nodes with overlaps = 0
Phase 5.1 Delay CleanUp | Checksum: 1729b267d

Time (s): cpu = 00:01:13 ; elapsed = 00:00:51 . Memory (MB): peak = 1514.957 ; gain = 146.930

Phase 5.2 Clock Skew Optimization
Phase 5.2 Clock Skew Optimization | Checksum: 1729b267d

Time (s): cpu = 00:01:13 ; elapsed = 00:00:51 . Memory (MB): peak = 1514.957 ; gain = 146.930
Phase 5 Delay and Skew Optimization | Checksum: 1729b267d

Time (s): cpu = 00:01:13 ; elapsed = 00:00:51 . Memory (MB): peak = 1514.957 ; gain = 146.930

Phase 6 Post Hold Fix

Phase 6.1 Hold Fix Iter

Phase 6.1.1 Update Timing
Phase 6.1.1 Update Timing | Checksum: 1808454f9

Time (s): cpu = 00:01:13 ; elapsed = 00:00:51 . Memory (MB): peak = 1514.957 ; gain = 146.930
INFO: [Route 35-416] Intermediate Timing Summary | WNS=-19.090| TNS=-3282.550| WHS=0.063  | THS=0.000  |

Phase 6.1 Hold Fix Iter | Checksum: 1808454f9

Time (s): cpu = 00:01:14 ; elapsed = 00:00:51 . Memory (MB): peak = 1514.957 ; gain = 146.930
Phase 6 Post Hold Fix | Checksum: 1808454f9

Time (s): cpu = 00:01:14 ; elapsed = 00:00:51 . Memory (MB): peak = 1514.957 ; gain = 146.930

Phase 7 Route finalize

Router Utilization Summary
  Global Vertical Routing Utilization    = 2.37341 %
  Global Horizontal Routing Utilization  = 2.73335 %
  Routable Net Status*
  *Does not include unroutable nets such as driverless and loadless.
  Run report_route_status for detailed report.
  Number of Failed Nets               = 0
  Number of Unrouted Nets             = 0
  Number of Partially Routed Nets     = 0
  Number of Node Overlaps             = 0

Congestion Report
North Dir 1x1 Area, Max Cong = 43.2432%, No Congested Regions.
South Dir 1x1 Area, Max Cong = 45.045%, No Congested Regions.
East Dir 1x1 Area, Max Cong = 47.0588%, No Congested Regions.
West Dir 1x1 Area, Max Cong = 50%, No Congested Regions.

------------------------------
Reporting congestion hotspots
------------------------------
Direction: North
----------------
Congested clusters found at Level 0
Effective congestion level: 0 Aspect Ratio: 1 Sparse Ratio: 0
Direction: South
----------------
Congested clusters found at Level 0
Effective congestion level: 0 Aspect Ratio: 1 Sparse Ratio: 0
Direction: East
----------------
Congested clusters found at Level 0
Effective congestion level: 0 Aspect Ratio: 1 Sparse Ratio: 0
Direction: West
----------------
Congested clusters found at Level 0
Effective congestion level: 0 Aspect Ratio: 1 Sparse Ratio: 0

Phase 7 Route finalize | Checksum: 1f95a8ab0

Time (s): cpu = 00:01:14 ; elapsed = 00:00:51 . Memory (MB): peak = 1514.957 ; gain = 146.930

Phase 8 Verifying routed nets

 Verification completed successfully
Phase 8 Verifying routed nets | Checksum: 1f95a8ab0

Time (s): cpu = 00:01:14 ; elapsed = 00:00:52 . Memory (MB): peak = 1514.957 ; gain = 146.930

Phase 9 Depositing Routes
Phase 9 Depositing Routes | Checksum: 26044c79f

Time (s): cpu = 00:01:15 ; elapsed = 00:00:53 . Memory (MB): peak = 1514.957 ; gain = 146.930

Phase 10 Post Router Timing
INFO: [Route 35-57] Estimated Timing Summary | WNS=-19.090| TNS=-3282.550| WHS=0.063  | THS=0.000  |

WARNING: [Route 35-328] Router estimated timing not met.
Resolution: For a complete and accurate timing signoff, report_timing_summary must be run after route_design. Alternatively, route_design can be run with the -timing_summary option to enable a complete timing signoff at the end of route_design.
Phase 10 Post Router Timing | Checksum: 26044c79f

Time (s): cpu = 00:01:15 ; elapsed = 00:00:53 . Memory (MB): peak = 1514.957 ; gain = 146.930
INFO: [Route 35-16] Router Completed Successfully

Time (s): cpu = 00:01:15 ; elapsed = 00:00:53 . Memory (MB): peak = 1514.957 ; gain = 146.930

Routing Is Done.
INFO: [Common 17-83] Releasing license: Implementation
67 Infos, 1 Warnings, 1 Critical Warnings and 0 Errors encountered.
route_design completed successfully
route_design: Time (s): cpu = 00:01:17 ; elapsed = 00:00:55 . Memory (MB): peak = 1514.957 ; gain = 146.930
INFO: [Timing 38-480] Writing timing data to binary archive.
Writing placer database...
Writing XDEF routing.
Writing XDEF routing logical nets.
Writing XDEF routing special nets.
Write XDEF Complete: Time (s): cpu = 00:00:04 ; elapsed = 00:00:02 . Memory (MB): peak = 1514.957 ; gain = 0.000
INFO: [Common 17-1381] The checkpoint 'C:/Users/hrish/Downloads/ReRAM_Thesis/Project Folder/Configuration1/Configuration1.runs/impl_1/ReRamSpm_wrapper_routed.dcp' has been generated.
INFO: [runtcl-4] Executing : report_drc -file ReRamSpm_wrapper_drc_routed.rpt -pb ReRamSpm_wrapper_drc_routed.pb -rpx ReRamSpm_wrapper_drc_routed.rpx
Command: report_drc -file ReRamSpm_wrapper_drc_routed.rpt -pb ReRamSpm_wrapper_drc_routed.pb -rpx ReRamSpm_wrapper_drc_routed.rpx
INFO: [DRC 23-27] Running DRC with 2 threads
INFO: [Coretcl 2-168] The results of DRC are in file C:/Users/hrish/Downloads/ReRAM_Thesis/Project Folder/Configuration1/Configuration1.runs/impl_1/ReRamSpm_wrapper_drc_routed.rpt.
report_drc completed successfully
INFO: [runtcl-4] Executing : report_methodology -file ReRamSpm_wrapper_methodology_drc_routed.rpt -pb ReRamSpm_wrapper_methodology_drc_routed.pb -rpx ReRamSpm_wrapper_methodology_drc_routed.rpx
Command: report_methodology -file ReRamSpm_wrapper_methodology_drc_routed.rpt -pb ReRamSpm_wrapper_methodology_drc_routed.pb -rpx ReRamSpm_wrapper_methodology_drc_routed.rpx
INFO: [Timing 38-35] Done setting XDC timing constraints.
INFO: [Timing 38-35] Done setting XDC timing constraints.
INFO: [DRC 23-133] Running Methodology with 2 threads
INFO: [Coretcl 2-1520] The results of Report Methodology are in file C:/Users/hrish/Downloads/ReRAM_Thesis/Project Folder/Configuration1/Configuration1.runs/impl_1/ReRamSpm_wrapper_methodology_drc_routed.rpt.
report_methodology completed successfully
INFO: [runtcl-4] Executing : report_power -file ReRamSpm_wrapper_power_routed.rpt -pb ReRamSpm_wrapper_power_summary_routed.pb -rpx ReRamSpm_wrapper_power_routed.rpx
Command: report_power -file ReRamSpm_wrapper_power_routed.rpt -pb ReRamSpm_wrapper_power_summary_routed.pb -rpx ReRamSpm_wrapper_power_routed.rpx
INFO: [Timing 38-35] Done setting XDC timing constraints.
Running Vector-less Activity Propagation...

Finished Running Vector-less Activity Propagation
79 Infos, 1 Warnings, 1 Critical Warnings and 0 Errors encountered.
report_power completed successfully
INFO: [runtcl-4] Executing : report_route_status -file ReRamSpm_wrapper_route_status.rpt -pb ReRamSpm_wrapper_route_status.pb
INFO: [runtcl-4] Executing : report_timing_summary -max_paths 10 -file ReRamSpm_wrapper_timing_summary_routed.rpt -pb ReRamSpm_wrapper_timing_summary_routed.pb -rpx ReRamSpm_wrapper_timing_summary_routed.rpx -warn_on_violation 
INFO: [Timing 38-91] UpdateTimingParams: Speed grade: -1, Delay Type: min_max, Timing Stage: Requireds.
INFO: [Timing 38-191] Multithreading enabled for timing update using a maximum of 2 CPUs
CRITICAL WARNING: [Timing 38-282] The design failed to meet the timing requirements. Please see the timing summary report for details on the timing violations.
INFO: [runtcl-4] Executing : report_incremental_reuse -file ReRamSpm_wrapper_incremental_reuse_routed.rpt
INFO: [Vivado_Tcl 4-545] No incremental reuse to report, no incremental placement and routing data was found.
INFO: [runtcl-4] Executing : report_clock_utilization -file ReRamSpm_wrapper_clock_utilization_routed.rpt
INFO: [runtcl-4] Executing : report_bus_skew -warn_on_violation -file route_report_bus_skew_0.rpt -rpx route_report_bus_skew_0.rpx
INFO: [Timing 38-91] UpdateTimingParams: Speed grade: -1, Delay Type: min_max, Timing Stage: Requireds.
INFO: [Timing 38-191] Multithreading enabled for timing update using a maximum of 2 CPUs
INFO: [Common 17-206] Exiting Vivado at Fri Oct 31 03:31:00 2025...
