13:43:52 INFO  : Registering command handlers for SDK TCF services
13:43:52 INFO  : Launching XSCT server: xsct.bat -interactive C:\Users\hrish\OneDrive\Desktop\id3\SDK\temp_xsdb_launch_script.tcl
13:43:55 INFO  : XSCT server has started successfully.
13:43:55 INFO  : Successfully done setting XSCT server connection channel  
13:43:55 INFO  : Successfully done setting SDK workspace  
13:43:55 INFO  : Processing command line option -hwspec C:/Users/hrish/OneDrive/Desktop/id3/HW/DesignForPStoReg_wrapper.hdf.
14:09:17 INFO  : 'targets -set -filter {jtag_cable_name =~ "Digilent Zybo Z7 210351A81D96A" && level==0} -index 1' command is executed.
14:09:17 INFO  : 'fpga -state' command is executed.
14:10:34 INFO  : Memory regions updated for context APU
14:10:57 INFO  : Connected to target on host '127.0.0.1' and port '3121'.
14:10:57 INFO  : 'targets -set -filter {jtag_cable_name =~ "Digilent Zybo Z7 210351A81D96A" && level==0} -index 1' command is executed.
14:10:59 INFO  : FPGA configured successfully with bitstream "C:/Users/hrish/OneDrive/Desktop/id3/SDK/DesignForPStoReg_wrapper_hw_platform_0/DesignForPStoReg_wrapper.bit"
14:11:31 INFO  : 'targets -set -filter {jtag_cable_name =~ "Digilent Zybo Z7 210351A81D96A" && level==0} -index 1' command is executed.
14:11:31 INFO  : 'fpga -state' command is executed.
14:11:31 INFO  : Connected to target on host '127.0.0.1' and port '3121'.
14:11:31 INFO  : Jtag cable 'Digilent Zybo Z7 210351A81D96A' is selected.
14:11:31 INFO  : 'jtag frequency' command is executed.
14:11:31 INFO  : Sourcing of 'C:/Users/hrish/OneDrive/Desktop/id3/SDK/DesignForPStoReg_wrapper_hw_platform_0/ps7_init.tcl' is done.
14:11:31 INFO  : Context for 'APU' is selected.
14:11:31 INFO  : Hardware design information is loaded from 'C:/Users/hrish/OneDrive/Desktop/id3/SDK/DesignForPStoReg_wrapper_hw_platform_0/system.hdf'.
14:11:31 INFO  : 'configparams force-mem-access 1' command is executed.
14:11:31 INFO  : Context for 'APU' is selected.
14:11:31 INFO  : 'stop' command is executed.
14:11:32 INFO  : 'ps7_init' command is executed.
14:11:32 INFO  : 'ps7_post_config' command is executed.
14:11:32 INFO  : Context for processor 'ps7_cortexa9_0' is selected.
14:11:32 INFO  : Processor reset is completed for 'ps7_cortexa9_0'.
14:11:32 INFO  : Context for processor 'ps7_cortexa9_0' is selected.
14:11:32 INFO  : The application 'C:/Users/hrish/OneDrive/Desktop/id3/SDK/reg_test_app/Debug/reg_test_app.elf' is downloaded to processor 'ps7_cortexa9_0'.
14:11:32 INFO  : 'configparams force-mem-access 0' command is executed.
14:11:32 INFO  : ----------------XSDB Script----------------
connect -url tcp:127.0.0.1:3121
source C:/Users/hrish/OneDrive/Desktop/id3/SDK/DesignForPStoReg_wrapper_hw_platform_0/ps7_init.tcl
targets -set -nocase -filter {name =~"APU*" && jtag_cable_name =~ "Digilent Zybo Z7 210351A81D96A"} -index 0
loadhw -hw C:/Users/hrish/OneDrive/Desktop/id3/SDK/DesignForPStoReg_wrapper_hw_platform_0/system.hdf -mem-ranges [list {0x40000000 0xbfffffff}]
configparams force-mem-access 1
targets -set -nocase -filter {name =~"APU*" && jtag_cable_name =~ "Digilent Zybo Z7 210351A81D96A"} -index 0
stop
ps7_init
ps7_post_config
targets -set -nocase -filter {name =~ "ARM*#0" && jtag_cable_name =~ "Digilent Zybo Z7 210351A81D96A"} -index 0
rst -processor
targets -set -nocase -filter {name =~ "ARM*#0" && jtag_cable_name =~ "Digilent Zybo Z7 210351A81D96A"} -index 0
dow C:/Users/hrish/OneDrive/Desktop/id3/SDK/reg_test_app/Debug/reg_test_app.elf
configparams force-mem-access 0
----------------End of Script----------------

14:11:32 INFO  : Memory regions updated for context APU
14:11:32 INFO  : Context for processor 'ps7_cortexa9_0' is selected.
14:11:32 INFO  : 'con' command is executed.
14:11:32 INFO  : ----------------XSDB Script (After Launch)----------------
targets -set -nocase -filter {name =~ "ARM*#0" && jtag_cable_name =~ "Digilent Zybo Z7 210351A81D96A"} -index 0
con
----------------End of Script----------------

14:11:32 INFO  : Launch script is exported to file 'C:\Users\hrish\OneDrive\Desktop\id3\SDK\.sdk\launch_scripts\xilinx_c-c++_application_(system_debugger)\system_debugger_using_debug_reg_test_app.elf_on_local.tcl'
14:16:07 INFO  : Connected to target on host '127.0.0.1' and port '3121'.
14:16:07 INFO  : 'targets -set -filter {jtag_cable_name =~ "Digilent Zybo Z7 210351A81D96A" && level==0} -index 1' command is executed.
14:16:09 INFO  : FPGA configured successfully with bitstream "C:/Users/hrish/OneDrive/Desktop/id3/SDK/DesignForPStoReg_wrapper_hw_platform_0/DesignForPStoReg_wrapper.bit"
14:16:26 INFO  : Disconnected from the channel tcfchan#1.
14:16:28 INFO  : 'targets -set -filter {jtag_cable_name =~ "Digilent Zybo Z7 210351A81D96A" && level==0} -index 1' command is executed.
14:16:28 INFO  : 'fpga -state' command is executed.
14:16:28 INFO  : Connected to target on host '127.0.0.1' and port '3121'.
14:16:28 INFO  : Jtag cable 'Digilent Zybo Z7 210351A81D96A' is selected.
14:16:28 INFO  : 'jtag frequency' command is executed.
14:16:28 INFO  : Sourcing of 'C:/Users/hrish/OneDrive/Desktop/id3/SDK/DesignForPStoReg_wrapper_hw_platform_0/ps7_init.tcl' is done.
14:16:28 INFO  : Context for 'APU' is selected.
14:16:29 INFO  : Hardware design information is loaded from 'C:/Users/hrish/OneDrive/Desktop/id3/SDK/DesignForPStoReg_wrapper_hw_platform_0/system.hdf'.
14:16:29 INFO  : 'configparams force-mem-access 1' command is executed.
14:16:29 INFO  : Context for 'APU' is selected.
14:16:30 INFO  : 'stop' command is executed.
14:16:30 INFO  : 'ps7_init' command is executed.
14:16:30 INFO  : 'ps7_post_config' command is executed.
14:16:30 INFO  : Context for processor 'ps7_cortexa9_0' is selected.
14:16:30 INFO  : Processor reset is completed for 'ps7_cortexa9_0'.
14:16:30 INFO  : Context for processor 'ps7_cortexa9_0' is selected.
14:16:30 INFO  : The application 'C:/Users/hrish/OneDrive/Desktop/id3/SDK/reg_test_app/Debug/reg_test_app.elf' is downloaded to processor 'ps7_cortexa9_0'.
14:16:30 INFO  : 'configparams force-mem-access 0' command is executed.
14:16:30 INFO  : ----------------XSDB Script----------------
connect -url tcp:127.0.0.1:3121
source C:/Users/hrish/OneDrive/Desktop/id3/SDK/DesignForPStoReg_wrapper_hw_platform_0/ps7_init.tcl
targets -set -nocase -filter {name =~"APU*" && jtag_cable_name =~ "Digilent Zybo Z7 210351A81D96A"} -index 0
loadhw -hw C:/Users/hrish/OneDrive/Desktop/id3/SDK/DesignForPStoReg_wrapper_hw_platform_0/system.hdf -mem-ranges [list {0x40000000 0xbfffffff}]
configparams force-mem-access 1
targets -set -nocase -filter {name =~"APU*" && jtag_cable_name =~ "Digilent Zybo Z7 210351A81D96A"} -index 0
stop
ps7_init
ps7_post_config
targets -set -nocase -filter {name =~ "ARM*#0" && jtag_cable_name =~ "Digilent Zybo Z7 210351A81D96A"} -index 0
rst -processor
targets -set -nocase -filter {name =~ "ARM*#0" && jtag_cable_name =~ "Digilent Zybo Z7 210351A81D96A"} -index 0
dow C:/Users/hrish/OneDrive/Desktop/id3/SDK/reg_test_app/Debug/reg_test_app.elf
configparams force-mem-access 0
----------------End of Script----------------

14:16:30 INFO  : Memory regions updated for context APU
14:16:30 INFO  : Context for processor 'ps7_cortexa9_0' is selected.
14:16:30 INFO  : 'con' command is executed.
14:16:30 INFO  : ----------------XSDB Script (After Launch)----------------
targets -set -nocase -filter {name =~ "ARM*#0" && jtag_cable_name =~ "Digilent Zybo Z7 210351A81D96A"} -index 0
con
----------------End of Script----------------

14:16:30 INFO  : Launch script is exported to file 'C:\Users\hrish\OneDrive\Desktop\id3\SDK\.sdk\launch_scripts\xilinx_c-c++_application_(system_debugger)\system_debugger_using_debug_reg_test_app.elf_on_local.tcl'
14:23:29 INFO  : Connected to target on host '127.0.0.1' and port '3121'.
14:23:29 INFO  : 'targets -set -filter {jtag_cable_name =~ "Digilent Zybo Z7 210351A81D96A" && level==0} -index 1' command is executed.
14:23:31 INFO  : FPGA configured successfully with bitstream "C:/Users/hrish/OneDrive/Desktop/id3/SDK/DesignForPStoReg_wrapper_hw_platform_0/DesignForPStoReg_wrapper.bit"
14:23:47 INFO  : Disconnected from the channel tcfchan#2.
14:23:48 INFO  : 'targets -set -filter {jtag_cable_name =~ "Digilent Zybo Z7 210351A81D96A" && level==0} -index 1' command is executed.
14:23:48 INFO  : 'fpga -state' command is executed.
14:23:48 INFO  : Connected to target on host '127.0.0.1' and port '3121'.
14:23:49 INFO  : Jtag cable 'Digilent Zybo Z7 210351A81D96A' is selected.
14:23:49 INFO  : 'jtag frequency' command is executed.
14:23:49 INFO  : Sourcing of 'C:/Users/hrish/OneDrive/Desktop/id3/SDK/DesignForPStoReg_wrapper_hw_platform_0/ps7_init.tcl' is done.
14:23:49 INFO  : Context for 'APU' is selected.
14:23:50 INFO  : Hardware design information is loaded from 'C:/Users/hrish/OneDrive/Desktop/id3/SDK/DesignForPStoReg_wrapper_hw_platform_0/system.hdf'.
14:23:50 INFO  : 'configparams force-mem-access 1' command is executed.
14:23:50 INFO  : Context for 'APU' is selected.
14:23:50 INFO  : 'stop' command is executed.
14:23:51 INFO  : 'ps7_init' command is executed.
14:23:51 INFO  : 'ps7_post_config' command is executed.
14:23:51 INFO  : Context for processor 'ps7_cortexa9_0' is selected.
14:23:51 INFO  : Processor reset is completed for 'ps7_cortexa9_0'.
14:23:51 INFO  : Context for processor 'ps7_cortexa9_0' is selected.
14:23:51 INFO  : The application 'C:/Users/hrish/OneDrive/Desktop/id3/SDK/reg_test_app/Debug/reg_test_app.elf' is downloaded to processor 'ps7_cortexa9_0'.
14:23:51 INFO  : 'configparams force-mem-access 0' command is executed.
14:23:51 INFO  : ----------------XSDB Script----------------
connect -url tcp:127.0.0.1:3121
source C:/Users/hrish/OneDrive/Desktop/id3/SDK/DesignForPStoReg_wrapper_hw_platform_0/ps7_init.tcl
targets -set -nocase -filter {name =~"APU*" && jtag_cable_name =~ "Digilent Zybo Z7 210351A81D96A"} -index 0
loadhw -hw C:/Users/hrish/OneDrive/Desktop/id3/SDK/DesignForPStoReg_wrapper_hw_platform_0/system.hdf -mem-ranges [list {0x40000000 0xbfffffff}]
configparams force-mem-access 1
targets -set -nocase -filter {name =~"APU*" && jtag_cable_name =~ "Digilent Zybo Z7 210351A81D96A"} -index 0
stop
ps7_init
ps7_post_config
targets -set -nocase -filter {name =~ "ARM*#0" && jtag_cable_name =~ "Digilent Zybo Z7 210351A81D96A"} -index 0
rst -processor
targets -set -nocase -filter {name =~ "ARM*#0" && jtag_cable_name =~ "Digilent Zybo Z7 210351A81D96A"} -index 0
dow C:/Users/hrish/OneDrive/Desktop/id3/SDK/reg_test_app/Debug/reg_test_app.elf
configparams force-mem-access 0
----------------End of Script----------------

14:23:51 INFO  : Memory regions updated for context APU
14:23:51 INFO  : Context for processor 'ps7_cortexa9_0' is selected.
14:23:51 INFO  : 'con' command is executed.
14:23:51 INFO  : ----------------XSDB Script (After Launch)----------------
targets -set -nocase -filter {name =~ "ARM*#0" && jtag_cable_name =~ "Digilent Zybo Z7 210351A81D96A"} -index 0
con
----------------End of Script----------------

14:23:51 INFO  : Launch script is exported to file 'C:\Users\hrish\OneDrive\Desktop\id3\SDK\.sdk\launch_scripts\xilinx_c-c++_application_(system_debugger)\system_debugger_using_debug_reg_test_app.elf_on_local.tcl'
14:27:28 INFO  : Disconnected from the channel tcfchan#3.
14:27:58 INFO  : 'targets -set -filter {jtag_cable_name =~ "Digilent Zybo Z7 210351A81D96A" && level==0} -index 1' command is executed.
14:27:58 INFO  : 'fpga -state' command is executed.
14:27:58 INFO  : Connected to target on host '127.0.0.1' and port '3121'.
14:27:59 INFO  : Jtag cable 'Digilent Zybo Z7 210351A81D96A' is selected.
14:27:59 INFO  : 'jtag frequency' command is executed.
14:27:59 INFO  : Sourcing of 'C:/Users/hrish/OneDrive/Desktop/id3/SDK/DesignForPStoReg_wrapper_hw_platform_0/ps7_init.tcl' is done.
14:27:59 INFO  : Context for 'APU' is selected.
14:27:59 INFO  : Hardware design information is loaded from 'C:/Users/hrish/OneDrive/Desktop/id3/SDK/DesignForPStoReg_wrapper_hw_platform_0/system.hdf'.
14:27:59 INFO  : 'configparams force-mem-access 1' command is executed.
14:27:59 INFO  : Context for 'APU' is selected.
14:27:59 INFO  : 'stop' command is executed.
14:27:59 INFO  : 'ps7_init' command is executed.
14:27:59 INFO  : 'ps7_post_config' command is executed.
14:27:59 INFO  : Context for processor 'ps7_cortexa9_0' is selected.
14:27:59 INFO  : Processor reset is completed for 'ps7_cortexa9_0'.
14:27:59 INFO  : Context for processor 'ps7_cortexa9_0' is selected.
14:27:59 INFO  : The application 'C:/Users/hrish/OneDrive/Desktop/id3/SDK/reg_test_app/Debug/reg_test_app.elf' is downloaded to processor 'ps7_cortexa9_0'.
14:27:59 INFO  : 'configparams force-mem-access 0' command is executed.
14:27:59 INFO  : ----------------XSDB Script----------------
connect -url tcp:127.0.0.1:3121
source C:/Users/hrish/OneDrive/Desktop/id3/SDK/DesignForPStoReg_wrapper_hw_platform_0/ps7_init.tcl
targets -set -nocase -filter {name =~"APU*" && jtag_cable_name =~ "Digilent Zybo Z7 210351A81D96A"} -index 0
loadhw -hw C:/Users/hrish/OneDrive/Desktop/id3/SDK/DesignForPStoReg_wrapper_hw_platform_0/system.hdf -mem-ranges [list {0x40000000 0xbfffffff}]
configparams force-mem-access 1
targets -set -nocase -filter {name =~"APU*" && jtag_cable_name =~ "Digilent Zybo Z7 210351A81D96A"} -index 0
stop
ps7_init
ps7_post_config
targets -set -nocase -filter {name =~ "ARM*#0" && jtag_cable_name =~ "Digilent Zybo Z7 210351A81D96A"} -index 0
rst -processor
targets -set -nocase -filter {name =~ "ARM*#0" && jtag_cable_name =~ "Digilent Zybo Z7 210351A81D96A"} -index 0
dow C:/Users/hrish/OneDrive/Desktop/id3/SDK/reg_test_app/Debug/reg_test_app.elf
configparams force-mem-access 0
----------------End of Script----------------

14:27:59 INFO  : Memory regions updated for context APU
14:27:59 INFO  : Context for processor 'ps7_cortexa9_0' is selected.
14:28:00 INFO  : 'con' command is executed.
14:28:00 INFO  : ----------------XSDB Script (After Launch)----------------
targets -set -nocase -filter {name =~ "ARM*#0" && jtag_cable_name =~ "Digilent Zybo Z7 210351A81D96A"} -index 0
con
----------------End of Script----------------

14:28:00 INFO  : Launch script is exported to file 'C:\Users\hrish\OneDrive\Desktop\id3\SDK\.sdk\launch_scripts\xilinx_c-c++_application_(system_debugger)\system_debugger_using_debug_reg_test_app.elf_on_local.tcl'
14:29:47 INFO  : Disconnected from the channel tcfchan#4.
14:39:18 INFO  : 'targets -set -filter {jtag_cable_name =~ "Digilent Zybo Z7 210351A81D96A" && level==0} -index 1' command is executed.
14:39:18 INFO  : 'fpga -state' command is executed.
14:39:18 INFO  : Connected to target on host '127.0.0.1' and port '3121'.
14:39:18 INFO  : Jtag cable 'Digilent Zybo Z7 210351A81D96A' is selected.
14:39:18 INFO  : 'jtag frequency' command is executed.
14:39:18 INFO  : Sourcing of 'C:/Users/hrish/OneDrive/Desktop/id3/SDK/DesignForPStoReg_wrapper_hw_platform_0/ps7_init.tcl' is done.
14:39:18 INFO  : Context for 'APU' is selected.
14:39:18 INFO  : Hardware design information is loaded from 'C:/Users/hrish/OneDrive/Desktop/id3/SDK/DesignForPStoReg_wrapper_hw_platform_0/system.hdf'.
14:39:18 INFO  : 'configparams force-mem-access 1' command is executed.
14:39:18 INFO  : Context for 'APU' is selected.
14:39:18 INFO  : 'stop' command is executed.
14:39:19 INFO  : 'ps7_init' command is executed.
14:39:19 INFO  : 'ps7_post_config' command is executed.
14:39:19 INFO  : Context for processor 'ps7_cortexa9_0' is selected.
14:39:19 INFO  : Processor reset is completed for 'ps7_cortexa9_0'.
14:39:19 INFO  : Context for processor 'ps7_cortexa9_0' is selected.
14:39:19 INFO  : The application 'C:/Users/hrish/OneDrive/Desktop/id3/SDK/reg_test_app/Debug/reg_test_app.elf' is downloaded to processor 'ps7_cortexa9_0'.
14:39:19 INFO  : 'configparams force-mem-access 0' command is executed.
14:39:19 INFO  : ----------------XSDB Script----------------
connect -url tcp:127.0.0.1:3121
source C:/Users/hrish/OneDrive/Desktop/id3/SDK/DesignForPStoReg_wrapper_hw_platform_0/ps7_init.tcl
targets -set -nocase -filter {name =~"APU*" && jtag_cable_name =~ "Digilent Zybo Z7 210351A81D96A"} -index 0
loadhw -hw C:/Users/hrish/OneDrive/Desktop/id3/SDK/DesignForPStoReg_wrapper_hw_platform_0/system.hdf -mem-ranges [list {0x40000000 0xbfffffff}]
configparams force-mem-access 1
targets -set -nocase -filter {name =~"APU*" && jtag_cable_name =~ "Digilent Zybo Z7 210351A81D96A"} -index 0
stop
ps7_init
ps7_post_config
targets -set -nocase -filter {name =~ "ARM*#0" && jtag_cable_name =~ "Digilent Zybo Z7 210351A81D96A"} -index 0
rst -processor
targets -set -nocase -filter {name =~ "ARM*#0" && jtag_cable_name =~ "Digilent Zybo Z7 210351A81D96A"} -index 0
dow C:/Users/hrish/OneDrive/Desktop/id3/SDK/reg_test_app/Debug/reg_test_app.elf
configparams force-mem-access 0
----------------End of Script----------------

14:39:19 INFO  : Memory regions updated for context APU
14:39:19 INFO  : Context for processor 'ps7_cortexa9_0' is selected.
14:39:19 INFO  : 'con' command is executed.
14:39:19 INFO  : ----------------XSDB Script (After Launch)----------------
targets -set -nocase -filter {name =~ "ARM*#0" && jtag_cable_name =~ "Digilent Zybo Z7 210351A81D96A"} -index 0
con
----------------End of Script----------------

14:39:19 INFO  : Launch script is exported to file 'C:\Users\hrish\OneDrive\Desktop\id3\SDK\.sdk\launch_scripts\xilinx_c-c++_application_(system_debugger)\system_debugger_using_debug_reg_test_app.elf_on_local.tcl'
14:39:47 INFO  : Disconnected from the channel tcfchan#5.
14:40:48 INFO  : Connected to target on host '127.0.0.1' and port '3121'.
14:40:48 INFO  : 'targets -set -filter {jtag_cable_name =~ "Digilent Zybo Z7 210351A81D96A" && level==0} -index 1' command is executed.
14:40:51 INFO  : FPGA configured successfully with bitstream "C:/Users/hrish/OneDrive/Desktop/id3/SDK/DesignForPStoReg_wrapper_hw_platform_0/DesignForPStoReg_wrapper.bit"
14:41:00 INFO  : 'targets -set -filter {jtag_cable_name =~ "Digilent Zybo Z7 210351A81D96A" && level==0} -index 1' command is executed.
14:41:00 INFO  : 'fpga -state' command is executed.
14:41:00 INFO  : Connected to target on host '127.0.0.1' and port '3121'.
14:41:01 INFO  : Jtag cable 'Digilent Zybo Z7 210351A81D96A' is selected.
14:41:01 INFO  : 'jtag frequency' command is executed.
14:41:01 INFO  : Sourcing of 'C:/Users/hrish/OneDrive/Desktop/id3/SDK/DesignForPStoReg_wrapper_hw_platform_0/ps7_init.tcl' is done.
14:41:01 INFO  : Context for 'APU' is selected.
14:41:01 INFO  : Hardware design information is loaded from 'C:/Users/hrish/OneDrive/Desktop/id3/SDK/DesignForPStoReg_wrapper_hw_platform_0/system.hdf'.
14:41:01 INFO  : 'configparams force-mem-access 1' command is executed.
14:41:01 INFO  : Context for 'APU' is selected.
14:41:01 INFO  : 'stop' command is executed.
14:41:02 INFO  : 'ps7_init' command is executed.
14:41:02 INFO  : 'ps7_post_config' command is executed.
14:41:02 INFO  : Context for processor 'ps7_cortexa9_0' is selected.
14:41:02 INFO  : Processor reset is completed for 'ps7_cortexa9_0'.
14:41:02 INFO  : Context for processor 'ps7_cortexa9_0' is selected.
14:41:02 INFO  : The application 'C:/Users/hrish/OneDrive/Desktop/id3/SDK/reg_test_app/Debug/reg_test_app.elf' is downloaded to processor 'ps7_cortexa9_0'.
14:41:02 INFO  : 'configparams force-mem-access 0' command is executed.
14:41:02 INFO  : ----------------XSDB Script----------------
connect -url tcp:127.0.0.1:3121
source C:/Users/hrish/OneDrive/Desktop/id3/SDK/DesignForPStoReg_wrapper_hw_platform_0/ps7_init.tcl
targets -set -nocase -filter {name =~"APU*" && jtag_cable_name =~ "Digilent Zybo Z7 210351A81D96A"} -index 0
loadhw -hw C:/Users/hrish/OneDrive/Desktop/id3/SDK/DesignForPStoReg_wrapper_hw_platform_0/system.hdf -mem-ranges [list {0x40000000 0xbfffffff}]
configparams force-mem-access 1
targets -set -nocase -filter {name =~"APU*" && jtag_cable_name =~ "Digilent Zybo Z7 210351A81D96A"} -index 0
stop
ps7_init
ps7_post_config
targets -set -nocase -filter {name =~ "ARM*#0" && jtag_cable_name =~ "Digilent Zybo Z7 210351A81D96A"} -index 0
rst -processor
targets -set -nocase -filter {name =~ "ARM*#0" && jtag_cable_name =~ "Digilent Zybo Z7 210351A81D96A"} -index 0
dow C:/Users/hrish/OneDrive/Desktop/id3/SDK/reg_test_app/Debug/reg_test_app.elf
configparams force-mem-access 0
----------------End of Script----------------

14:41:02 INFO  : Memory regions updated for context APU
14:41:02 INFO  : Context for processor 'ps7_cortexa9_0' is selected.
14:41:02 INFO  : 'con' command is executed.
14:41:02 INFO  : ----------------XSDB Script (After Launch)----------------
targets -set -nocase -filter {name =~ "ARM*#0" && jtag_cable_name =~ "Digilent Zybo Z7 210351A81D96A"} -index 0
con
----------------End of Script----------------

14:41:02 INFO  : Launch script is exported to file 'C:\Users\hrish\OneDrive\Desktop\id3\SDK\.sdk\launch_scripts\xilinx_c-c++_application_(system_debugger)\system_debugger_using_debug_reg_test_app.elf_on_local.tcl'
14:41:52 INFO  : Disconnected from the channel tcfchan#6.
14:44:02 INFO  : 'targets -set -filter {jtag_cable_name =~ "Digilent Zybo Z7 210351A81D96A" && level==0} -index 1' command is executed.
14:44:02 INFO  : 'fpga -state' command is executed.
14:44:02 INFO  : Connected to target on host '127.0.0.1' and port '3121'.
14:44:02 INFO  : Jtag cable 'Digilent Zybo Z7 210351A81D96A' is selected.
14:44:02 INFO  : 'jtag frequency' command is executed.
14:44:02 INFO  : Sourcing of 'C:/Users/hrish/OneDrive/Desktop/id3/SDK/DesignForPStoReg_wrapper_hw_platform_0/ps7_init.tcl' is done.
14:44:02 INFO  : Context for 'APU' is selected.
14:44:02 INFO  : Hardware design information is loaded from 'C:/Users/hrish/OneDrive/Desktop/id3/SDK/DesignForPStoReg_wrapper_hw_platform_0/system.hdf'.
14:44:02 INFO  : 'configparams force-mem-access 1' command is executed.
14:44:02 INFO  : Context for 'APU' is selected.
14:44:02 INFO  : 'stop' command is executed.
14:44:03 INFO  : 'ps7_init' command is executed.
14:44:03 INFO  : 'ps7_post_config' command is executed.
14:44:03 INFO  : Context for processor 'ps7_cortexa9_0' is selected.
14:44:03 INFO  : Processor reset is completed for 'ps7_cortexa9_0'.
14:44:03 INFO  : Context for processor 'ps7_cortexa9_0' is selected.
14:44:03 INFO  : The application 'C:/Users/hrish/OneDrive/Desktop/id3/SDK/reg_test_app/Debug/reg_test_app.elf' is downloaded to processor 'ps7_cortexa9_0'.
14:44:03 INFO  : 'configparams force-mem-access 0' command is executed.
14:44:03 INFO  : ----------------XSDB Script----------------
connect -url tcp:127.0.0.1:3121
source C:/Users/hrish/OneDrive/Desktop/id3/SDK/DesignForPStoReg_wrapper_hw_platform_0/ps7_init.tcl
targets -set -nocase -filter {name =~"APU*" && jtag_cable_name =~ "Digilent Zybo Z7 210351A81D96A"} -index 0
loadhw -hw C:/Users/hrish/OneDrive/Desktop/id3/SDK/DesignForPStoReg_wrapper_hw_platform_0/system.hdf -mem-ranges [list {0x40000000 0xbfffffff}]
configparams force-mem-access 1
targets -set -nocase -filter {name =~"APU*" && jtag_cable_name =~ "Digilent Zybo Z7 210351A81D96A"} -index 0
stop
ps7_init
ps7_post_config
targets -set -nocase -filter {name =~ "ARM*#0" && jtag_cable_name =~ "Digilent Zybo Z7 210351A81D96A"} -index 0
rst -processor
targets -set -nocase -filter {name =~ "ARM*#0" && jtag_cable_name =~ "Digilent Zybo Z7 210351A81D96A"} -index 0
dow C:/Users/hrish/OneDrive/Desktop/id3/SDK/reg_test_app/Debug/reg_test_app.elf
configparams force-mem-access 0
----------------End of Script----------------

14:44:03 INFO  : Memory regions updated for context APU
14:44:03 INFO  : Context for processor 'ps7_cortexa9_0' is selected.
14:44:03 INFO  : 'con' command is executed.
14:44:03 INFO  : ----------------XSDB Script (After Launch)----------------
targets -set -nocase -filter {name =~ "ARM*#0" && jtag_cable_name =~ "Digilent Zybo Z7 210351A81D96A"} -index 0
con
----------------End of Script----------------

14:44:03 INFO  : Launch script is exported to file 'C:\Users\hrish\OneDrive\Desktop\id3\SDK\.sdk\launch_scripts\xilinx_c-c++_application_(system_debugger)\system_debugger_using_debug_reg_test_app.elf_on_local.tcl'
14:45:26 INFO  : Disconnected from the channel tcfchan#7.
14:46:13 INFO  : Connected to target on host '127.0.0.1' and port '3121'.
14:46:13 INFO  : 'targets -set -filter {jtag_cable_name =~ "Digilent Zybo Z7 210351A81D96A" && level==0} -index 1' command is executed.
14:46:15 INFO  : FPGA configured successfully with bitstream "C:/Users/hrish/OneDrive/Desktop/id3/SDK/DesignForPStoReg_wrapper_hw_platform_0/DesignForPStoReg_wrapper.bit"
14:46:37 INFO  : 'targets -set -filter {jtag_cable_name =~ "Digilent Zybo Z7 210351A81D96A" && level==0} -index 1' command is executed.
14:46:37 INFO  : 'fpga -state' command is executed.
14:46:37 INFO  : Connected to target on host '127.0.0.1' and port '3121'.
14:46:37 INFO  : Jtag cable 'Digilent Zybo Z7 210351A81D96A' is selected.
14:46:37 INFO  : 'jtag frequency' command is executed.
14:46:37 INFO  : Sourcing of 'C:/Users/hrish/OneDrive/Desktop/id3/SDK/DesignForPStoReg_wrapper_hw_platform_0/ps7_init.tcl' is done.
14:46:37 INFO  : Context for 'APU' is selected.
14:46:37 INFO  : Hardware design information is loaded from 'C:/Users/hrish/OneDrive/Desktop/id3/SDK/DesignForPStoReg_wrapper_hw_platform_0/system.hdf'.
14:46:37 INFO  : 'configparams force-mem-access 1' command is executed.
14:46:37 INFO  : Context for 'APU' is selected.
14:46:37 INFO  : 'stop' command is executed.
14:46:38 INFO  : 'ps7_init' command is executed.
14:46:38 INFO  : 'ps7_post_config' command is executed.
14:46:38 INFO  : Context for processor 'ps7_cortexa9_0' is selected.
14:46:38 INFO  : Processor reset is completed for 'ps7_cortexa9_0'.
14:46:38 INFO  : Context for processor 'ps7_cortexa9_0' is selected.
14:46:38 INFO  : The application 'C:/Users/hrish/OneDrive/Desktop/id3/SDK/reg_test_app/Debug/reg_test_app.elf' is downloaded to processor 'ps7_cortexa9_0'.
14:46:38 INFO  : 'configparams force-mem-access 0' command is executed.
14:46:38 INFO  : ----------------XSDB Script----------------
connect -url tcp:127.0.0.1:3121
source C:/Users/hrish/OneDrive/Desktop/id3/SDK/DesignForPStoReg_wrapper_hw_platform_0/ps7_init.tcl
targets -set -nocase -filter {name =~"APU*" && jtag_cable_name =~ "Digilent Zybo Z7 210351A81D96A"} -index 0
loadhw -hw C:/Users/hrish/OneDrive/Desktop/id3/SDK/DesignForPStoReg_wrapper_hw_platform_0/system.hdf -mem-ranges [list {0x40000000 0xbfffffff}]
configparams force-mem-access 1
targets -set -nocase -filter {name =~"APU*" && jtag_cable_name =~ "Digilent Zybo Z7 210351A81D96A"} -index 0
stop
ps7_init
ps7_post_config
targets -set -nocase -filter {name =~ "ARM*#0" && jtag_cable_name =~ "Digilent Zybo Z7 210351A81D96A"} -index 0
rst -processor
targets -set -nocase -filter {name =~ "ARM*#0" && jtag_cable_name =~ "Digilent Zybo Z7 210351A81D96A"} -index 0
dow C:/Users/hrish/OneDrive/Desktop/id3/SDK/reg_test_app/Debug/reg_test_app.elf
configparams force-mem-access 0
----------------End of Script----------------

14:46:38 INFO  : Memory regions updated for context APU
14:46:38 INFO  : Context for processor 'ps7_cortexa9_0' is selected.
14:46:38 INFO  : 'con' command is executed.
14:46:38 INFO  : ----------------XSDB Script (After Launch)----------------
targets -set -nocase -filter {name =~ "ARM*#0" && jtag_cable_name =~ "Digilent Zybo Z7 210351A81D96A"} -index 0
con
----------------End of Script----------------

14:46:38 INFO  : Launch script is exported to file 'C:\Users\hrish\OneDrive\Desktop\id3\SDK\.sdk\launch_scripts\xilinx_c-c++_application_(system_debugger)\system_debugger_using_debug_reg_test_app.elf_on_local.tcl'
14:48:02 INFO  : Disconnected from the channel tcfchan#8.
14:48:22 INFO  : 'targets -set -filter {jtag_cable_name =~ "Digilent Zybo Z7 210351A81D96A" && level==0} -index 1' command is executed.
14:48:22 INFO  : 'fpga -state' command is executed.
14:48:22 INFO  : Connected to target on host '127.0.0.1' and port '3121'.
14:48:22 INFO  : Jtag cable 'Digilent Zybo Z7 210351A81D96A' is selected.
14:48:22 INFO  : 'jtag frequency' command is executed.
14:48:22 INFO  : Sourcing of 'C:/Users/hrish/OneDrive/Desktop/id3/SDK/DesignForPStoReg_wrapper_hw_platform_0/ps7_init.tcl' is done.
14:48:22 INFO  : Context for 'APU' is selected.
14:48:22 INFO  : Hardware design information is loaded from 'C:/Users/hrish/OneDrive/Desktop/id3/SDK/DesignForPStoReg_wrapper_hw_platform_0/system.hdf'.
14:48:22 INFO  : 'configparams force-mem-access 1' command is executed.
14:48:22 INFO  : Context for 'APU' is selected.
14:48:22 INFO  : 'stop' command is executed.
14:48:22 INFO  : 'ps7_init' command is executed.
14:48:22 INFO  : 'ps7_post_config' command is executed.
14:48:22 INFO  : Context for processor 'ps7_cortexa9_0' is selected.
14:48:23 INFO  : Processor reset is completed for 'ps7_cortexa9_0'.
14:48:23 INFO  : Context for processor 'ps7_cortexa9_0' is selected.
14:48:23 INFO  : The application 'C:/Users/hrish/OneDrive/Desktop/id3/SDK/reg_test_app/Debug/reg_test_app.elf' is downloaded to processor 'ps7_cortexa9_0'.
14:48:23 INFO  : 'configparams force-mem-access 0' command is executed.
14:48:23 INFO  : ----------------XSDB Script----------------
connect -url tcp:127.0.0.1:3121
source C:/Users/hrish/OneDrive/Desktop/id3/SDK/DesignForPStoReg_wrapper_hw_platform_0/ps7_init.tcl
targets -set -nocase -filter {name =~"APU*" && jtag_cable_name =~ "Digilent Zybo Z7 210351A81D96A"} -index 0
loadhw -hw C:/Users/hrish/OneDrive/Desktop/id3/SDK/DesignForPStoReg_wrapper_hw_platform_0/system.hdf -mem-ranges [list {0x40000000 0xbfffffff}]
configparams force-mem-access 1
targets -set -nocase -filter {name =~"APU*" && jtag_cable_name =~ "Digilent Zybo Z7 210351A81D96A"} -index 0
stop
ps7_init
ps7_post_config
targets -set -nocase -filter {name =~ "ARM*#0" && jtag_cable_name =~ "Digilent Zybo Z7 210351A81D96A"} -index 0
rst -processor
targets -set -nocase -filter {name =~ "ARM*#0" && jtag_cable_name =~ "Digilent Zybo Z7 210351A81D96A"} -index 0
dow C:/Users/hrish/OneDrive/Desktop/id3/SDK/reg_test_app/Debug/reg_test_app.elf
configparams force-mem-access 0
----------------End of Script----------------

14:48:23 INFO  : Memory regions updated for context APU
14:48:23 INFO  : Context for processor 'ps7_cortexa9_0' is selected.
14:48:23 INFO  : 'con' command is executed.
14:48:23 INFO  : ----------------XSDB Script (After Launch)----------------
targets -set -nocase -filter {name =~ "ARM*#0" && jtag_cable_name =~ "Digilent Zybo Z7 210351A81D96A"} -index 0
con
----------------End of Script----------------

14:48:23 INFO  : Launch script is exported to file 'C:\Users\hrish\OneDrive\Desktop\id3\SDK\.sdk\launch_scripts\xilinx_c-c++_application_(system_debugger)\system_debugger_using_debug_reg_test_app.elf_on_local.tcl'
14:49:32 INFO  : Disconnected from the channel tcfchan#9.
17:01:54 INFO  : Connected to target on host '127.0.0.1' and port '3121'.
17:01:54 INFO  : 'targets -set -filter {jtag_cable_name =~ "Digilent Zybo Z7 210351A81D96A" && level==0} -index 1' command is executed.
17:01:57 INFO  : FPGA configured successfully with bitstream "C:/Users/hrish/OneDrive/Desktop/id3/SDK/DesignForPStoReg_wrapper_hw_platform_0/DesignForPStoReg_wrapper.bit"
17:02:26 INFO  : 'targets -set -filter {jtag_cable_name =~ "Digilent Zybo Z7 210351A81D96A" && level==0} -index 1' command is executed.
17:02:26 INFO  : 'fpga -state' command is executed.
17:02:26 INFO  : Connected to target on host '127.0.0.1' and port '3121'.
17:02:27 INFO  : Jtag cable 'Digilent Zybo Z7 210351A81D96A' is selected.
17:02:27 INFO  : 'jtag frequency' command is executed.
17:02:27 INFO  : Sourcing of 'C:/Users/hrish/OneDrive/Desktop/id3/SDK/DesignForPStoReg_wrapper_hw_platform_0/ps7_init.tcl' is done.
17:02:27 INFO  : Context for 'APU' is selected.
17:02:27 INFO  : Hardware design information is loaded from 'C:/Users/hrish/OneDrive/Desktop/id3/SDK/DesignForPStoReg_wrapper_hw_platform_0/system.hdf'.
17:02:27 INFO  : 'configparams force-mem-access 1' command is executed.
17:02:27 INFO  : Context for 'APU' is selected.
17:02:27 INFO  : 'stop' command is executed.
17:02:28 INFO  : 'ps7_init' command is executed.
17:02:28 INFO  : 'ps7_post_config' command is executed.
17:02:28 INFO  : Context for processor 'ps7_cortexa9_0' is selected.
17:02:28 INFO  : Processor reset is completed for 'ps7_cortexa9_0'.
17:02:28 INFO  : Context for processor 'ps7_cortexa9_0' is selected.
17:02:28 INFO  : The application 'C:/Users/hrish/OneDrive/Desktop/id3/SDK/reg_test_app/Debug/reg_test_app.elf' is downloaded to processor 'ps7_cortexa9_0'.
17:02:28 INFO  : 'configparams force-mem-access 0' command is executed.
17:02:28 INFO  : ----------------XSDB Script----------------
connect -url tcp:127.0.0.1:3121
source C:/Users/hrish/OneDrive/Desktop/id3/SDK/DesignForPStoReg_wrapper_hw_platform_0/ps7_init.tcl
targets -set -nocase -filter {name =~"APU*" && jtag_cable_name =~ "Digilent Zybo Z7 210351A81D96A"} -index 0
loadhw -hw C:/Users/hrish/OneDrive/Desktop/id3/SDK/DesignForPStoReg_wrapper_hw_platform_0/system.hdf -mem-ranges [list {0x40000000 0xbfffffff}]
configparams force-mem-access 1
targets -set -nocase -filter {name =~"APU*" && jtag_cable_name =~ "Digilent Zybo Z7 210351A81D96A"} -index 0
stop
ps7_init
ps7_post_config
targets -set -nocase -filter {name =~ "ARM*#0" && jtag_cable_name =~ "Digilent Zybo Z7 210351A81D96A"} -index 0
rst -processor
targets -set -nocase -filter {name =~ "ARM*#0" && jtag_cable_name =~ "Digilent Zybo Z7 210351A81D96A"} -index 0
dow C:/Users/hrish/OneDrive/Desktop/id3/SDK/reg_test_app/Debug/reg_test_app.elf
configparams force-mem-access 0
----------------End of Script----------------

17:02:28 INFO  : Memory regions updated for context APU
17:02:28 INFO  : Context for processor 'ps7_cortexa9_0' is selected.
17:02:28 INFO  : 'con' command is executed.
17:02:28 INFO  : ----------------XSDB Script (After Launch)----------------
targets -set -nocase -filter {name =~ "ARM*#0" && jtag_cable_name =~ "Digilent Zybo Z7 210351A81D96A"} -index 0
con
----------------End of Script----------------

17:02:28 INFO  : Launch script is exported to file 'C:\Users\hrish\OneDrive\Desktop\id3\SDK\.sdk\launch_scripts\xilinx_c-c++_application_(system_debugger)\system_debugger_using_debug_reg_test_app.elf_on_local.tcl'
17:10:57 INFO  : Disconnected from the channel tcfchan#10.
17:11:12 INFO  : 'targets -set -filter {jtag_cable_name =~ "Digilent Zybo Z7 210351A81D96A" && level==0} -index 1' command is executed.
17:11:12 INFO  : 'fpga -state' command is executed.
17:11:12 INFO  : Connected to target on host '127.0.0.1' and port '3121'.
17:11:12 INFO  : Jtag cable 'Digilent Zybo Z7 210351A81D96A' is selected.
17:11:12 INFO  : 'jtag frequency' command is executed.
17:11:12 INFO  : Sourcing of 'C:/Users/hrish/OneDrive/Desktop/id3/SDK/DesignForPStoReg_wrapper_hw_platform_0/ps7_init.tcl' is done.
17:11:12 INFO  : Context for 'APU' is selected.
17:11:12 INFO  : Hardware design information is loaded from 'C:/Users/hrish/OneDrive/Desktop/id3/SDK/DesignForPStoReg_wrapper_hw_platform_0/system.hdf'.
17:11:12 INFO  : 'configparams force-mem-access 1' command is executed.
17:11:13 INFO  : Context for 'APU' is selected.
17:11:13 INFO  : 'stop' command is executed.
17:11:13 INFO  : 'ps7_init' command is executed.
17:11:13 INFO  : 'ps7_post_config' command is executed.
17:11:13 INFO  : Context for processor 'ps7_cortexa9_0' is selected.
17:11:13 INFO  : Processor reset is completed for 'ps7_cortexa9_0'.
17:11:13 INFO  : Context for processor 'ps7_cortexa9_0' is selected.
17:11:13 INFO  : The application 'C:/Users/hrish/OneDrive/Desktop/id3/SDK/reg_test_app/Debug/reg_test_app.elf' is downloaded to processor 'ps7_cortexa9_0'.
17:11:13 INFO  : 'configparams force-mem-access 0' command is executed.
17:11:13 INFO  : ----------------XSDB Script----------------
connect -url tcp:127.0.0.1:3121
source C:/Users/hrish/OneDrive/Desktop/id3/SDK/DesignForPStoReg_wrapper_hw_platform_0/ps7_init.tcl
targets -set -nocase -filter {name =~"APU*" && jtag_cable_name =~ "Digilent Zybo Z7 210351A81D96A"} -index 0
loadhw -hw C:/Users/hrish/OneDrive/Desktop/id3/SDK/DesignForPStoReg_wrapper_hw_platform_0/system.hdf -mem-ranges [list {0x40000000 0xbfffffff}]
configparams force-mem-access 1
targets -set -nocase -filter {name =~"APU*" && jtag_cable_name =~ "Digilent Zybo Z7 210351A81D96A"} -index 0
stop
ps7_init
ps7_post_config
targets -set -nocase -filter {name =~ "ARM*#0" && jtag_cable_name =~ "Digilent Zybo Z7 210351A81D96A"} -index 0
rst -processor
targets -set -nocase -filter {name =~ "ARM*#0" && jtag_cable_name =~ "Digilent Zybo Z7 210351A81D96A"} -index 0
dow C:/Users/hrish/OneDrive/Desktop/id3/SDK/reg_test_app/Debug/reg_test_app.elf
configparams force-mem-access 0
----------------End of Script----------------

17:11:14 INFO  : Memory regions updated for context APU
17:11:14 INFO  : Context for processor 'ps7_cortexa9_0' is selected.
17:11:14 INFO  : 'con' command is executed.
17:11:14 INFO  : ----------------XSDB Script (After Launch)----------------
targets -set -nocase -filter {name =~ "ARM*#0" && jtag_cable_name =~ "Digilent Zybo Z7 210351A81D96A"} -index 0
con
----------------End of Script----------------

17:11:14 INFO  : Launch script is exported to file 'C:\Users\hrish\OneDrive\Desktop\id3\SDK\.sdk\launch_scripts\xilinx_c-c++_application_(system_debugger)\system_debugger_using_debug_reg_test_app.elf_on_local.tcl'
17:11:35 INFO  : Disconnected from the channel tcfchan#11.
17:11:48 INFO  : Connected to target on host '127.0.0.1' and port '3121'.
17:11:48 INFO  : 'targets -set -filter {jtag_cable_name =~ "Digilent Zybo Z7 210351A81D96A" && level==0} -index 1' command is executed.
17:11:51 INFO  : FPGA configured successfully with bitstream "C:/Users/hrish/OneDrive/Desktop/id3/SDK/DesignForPStoReg_wrapper_hw_platform_0/DesignForPStoReg_wrapper.bit"
17:12:01 INFO  : 'targets -set -filter {jtag_cable_name =~ "Digilent Zybo Z7 210351A81D96A" && level==0} -index 1' command is executed.
17:12:01 INFO  : 'fpga -state' command is executed.
17:12:01 INFO  : Connected to target on host '127.0.0.1' and port '3121'.
17:12:02 INFO  : Jtag cable 'Digilent Zybo Z7 210351A81D96A' is selected.
17:12:02 INFO  : 'jtag frequency' command is executed.
17:12:02 INFO  : Sourcing of 'C:/Users/hrish/OneDrive/Desktop/id3/SDK/DesignForPStoReg_wrapper_hw_platform_0/ps7_init.tcl' is done.
17:12:02 INFO  : Context for 'APU' is selected.
17:12:02 INFO  : Hardware design information is loaded from 'C:/Users/hrish/OneDrive/Desktop/id3/SDK/DesignForPStoReg_wrapper_hw_platform_0/system.hdf'.
17:12:02 INFO  : 'configparams force-mem-access 1' command is executed.
17:12:02 INFO  : Context for 'APU' is selected.
17:12:02 INFO  : 'stop' command is executed.
17:12:02 INFO  : 'ps7_init' command is executed.
17:12:02 INFO  : 'ps7_post_config' command is executed.
17:12:03 INFO  : Context for processor 'ps7_cortexa9_0' is selected.
17:12:03 INFO  : Processor reset is completed for 'ps7_cortexa9_0'.
17:12:03 INFO  : Context for processor 'ps7_cortexa9_0' is selected.
17:12:03 INFO  : The application 'C:/Users/hrish/OneDrive/Desktop/id3/SDK/reg_test_app/Debug/reg_test_app.elf' is downloaded to processor 'ps7_cortexa9_0'.
17:12:03 INFO  : 'configparams force-mem-access 0' command is executed.
17:12:03 INFO  : ----------------XSDB Script----------------
connect -url tcp:127.0.0.1:3121
source C:/Users/hrish/OneDrive/Desktop/id3/SDK/DesignForPStoReg_wrapper_hw_platform_0/ps7_init.tcl
targets -set -nocase -filter {name =~"APU*" && jtag_cable_name =~ "Digilent Zybo Z7 210351A81D96A"} -index 0
loadhw -hw C:/Users/hrish/OneDrive/Desktop/id3/SDK/DesignForPStoReg_wrapper_hw_platform_0/system.hdf -mem-ranges [list {0x40000000 0xbfffffff}]
configparams force-mem-access 1
targets -set -nocase -filter {name =~"APU*" && jtag_cable_name =~ "Digilent Zybo Z7 210351A81D96A"} -index 0
stop
ps7_init
ps7_post_config
targets -set -nocase -filter {name =~ "ARM*#0" && jtag_cable_name =~ "Digilent Zybo Z7 210351A81D96A"} -index 0
rst -processor
targets -set -nocase -filter {name =~ "ARM*#0" && jtag_cable_name =~ "Digilent Zybo Z7 210351A81D96A"} -index 0
dow C:/Users/hrish/OneDrive/Desktop/id3/SDK/reg_test_app/Debug/reg_test_app.elf
configparams force-mem-access 0
----------------End of Script----------------

17:12:03 INFO  : Memory regions updated for context APU
17:12:03 INFO  : Context for processor 'ps7_cortexa9_0' is selected.
17:12:03 INFO  : 'con' command is executed.
17:12:03 INFO  : ----------------XSDB Script (After Launch)----------------
targets -set -nocase -filter {name =~ "ARM*#0" && jtag_cable_name =~ "Digilent Zybo Z7 210351A81D96A"} -index 0
con
----------------End of Script----------------

17:12:03 INFO  : Launch script is exported to file 'C:\Users\hrish\OneDrive\Desktop\id3\SDK\.sdk\launch_scripts\xilinx_c-c++_application_(system_debugger)\system_debugger_using_debug_reg_test_app.elf_on_local.tcl'
17:12:59 INFO  : Disconnected from the channel tcfchan#12.
17:13:19 INFO  : Connected to target on host '127.0.0.1' and port '3121'.
17:13:19 INFO  : 'targets -set -filter {jtag_cable_name =~ "Digilent Zybo Z7 210351A81D96A" && level==0} -index 1' command is executed.
17:13:21 INFO  : FPGA configured successfully with bitstream "C:/Users/hrish/OneDrive/Desktop/id3/SDK/DesignForPStoReg_wrapper_hw_platform_0/DesignForPStoReg_wrapper.bit"
17:13:32 INFO  : 'targets -set -filter {jtag_cable_name =~ "Digilent Zybo Z7 210351A81D96A" && level==0} -index 1' command is executed.
17:13:32 INFO  : 'fpga -state' command is executed.
17:13:32 INFO  : Connected to target on host '127.0.0.1' and port '3121'.
17:13:32 INFO  : Jtag cable 'Digilent Zybo Z7 210351A81D96A' is selected.
17:13:32 INFO  : 'jtag frequency' command is executed.
17:13:32 INFO  : Sourcing of 'C:/Users/hrish/OneDrive/Desktop/id3/SDK/DesignForPStoReg_wrapper_hw_platform_0/ps7_init.tcl' is done.
17:13:32 INFO  : Context for 'APU' is selected.
17:13:32 INFO  : Hardware design information is loaded from 'C:/Users/hrish/OneDrive/Desktop/id3/SDK/DesignForPStoReg_wrapper_hw_platform_0/system.hdf'.
17:13:32 INFO  : 'configparams force-mem-access 1' command is executed.
17:13:32 INFO  : Context for 'APU' is selected.
17:13:32 INFO  : 'stop' command is executed.
17:13:33 INFO  : 'ps7_init' command is executed.
17:13:33 INFO  : 'ps7_post_config' command is executed.
17:13:33 INFO  : Context for processor 'ps7_cortexa9_0' is selected.
17:13:33 INFO  : Processor reset is completed for 'ps7_cortexa9_0'.
17:13:33 INFO  : Context for processor 'ps7_cortexa9_0' is selected.
17:13:33 INFO  : The application 'C:/Users/hrish/OneDrive/Desktop/id3/SDK/reg_test_app/Debug/reg_test_app.elf' is downloaded to processor 'ps7_cortexa9_0'.
17:13:33 INFO  : 'configparams force-mem-access 0' command is executed.
17:13:33 INFO  : ----------------XSDB Script----------------
connect -url tcp:127.0.0.1:3121
source C:/Users/hrish/OneDrive/Desktop/id3/SDK/DesignForPStoReg_wrapper_hw_platform_0/ps7_init.tcl
targets -set -nocase -filter {name =~"APU*" && jtag_cable_name =~ "Digilent Zybo Z7 210351A81D96A"} -index 0
loadhw -hw C:/Users/hrish/OneDrive/Desktop/id3/SDK/DesignForPStoReg_wrapper_hw_platform_0/system.hdf -mem-ranges [list {0x40000000 0xbfffffff}]
configparams force-mem-access 1
targets -set -nocase -filter {name =~"APU*" && jtag_cable_name =~ "Digilent Zybo Z7 210351A81D96A"} -index 0
stop
ps7_init
ps7_post_config
targets -set -nocase -filter {name =~ "ARM*#0" && jtag_cable_name =~ "Digilent Zybo Z7 210351A81D96A"} -index 0
rst -processor
targets -set -nocase -filter {name =~ "ARM*#0" && jtag_cable_name =~ "Digilent Zybo Z7 210351A81D96A"} -index 0
dow C:/Users/hrish/OneDrive/Desktop/id3/SDK/reg_test_app/Debug/reg_test_app.elf
configparams force-mem-access 0
----------------End of Script----------------

17:13:33 INFO  : Memory regions updated for context APU
17:13:34 INFO  : Context for processor 'ps7_cortexa9_0' is selected.
17:13:34 INFO  : 'con' command is executed.
17:13:34 INFO  : ----------------XSDB Script (After Launch)----------------
targets -set -nocase -filter {name =~ "ARM*#0" && jtag_cable_name =~ "Digilent Zybo Z7 210351A81D96A"} -index 0
con
----------------End of Script----------------

17:13:34 INFO  : Launch script is exported to file 'C:\Users\hrish\OneDrive\Desktop\id3\SDK\.sdk\launch_scripts\xilinx_c-c++_application_(system_debugger)\system_debugger_using_debug_reg_test_app.elf_on_local.tcl'
17:27:36 INFO  : Disconnected from the channel tcfchan#13.
17:28:08 INFO  : Connected to target on host '127.0.0.1' and port '3121'.
17:28:08 INFO  : 'targets -set -filter {jtag_cable_name =~ "Digilent Zybo Z7 210351A81D96A" && level==0} -index 1' command is executed.
17:28:11 INFO  : FPGA configured successfully with bitstream "C:/Users/hrish/OneDrive/Desktop/id3/SDK/DesignForPStoReg_wrapper_hw_platform_0/DesignForPStoReg_wrapper.bit"
17:28:24 INFO  : 'targets -set -filter {jtag_cable_name =~ "Digilent Zybo Z7 210351A81D96A" && level==0} -index 1' command is executed.
17:28:24 INFO  : 'fpga -state' command is executed.
17:28:24 INFO  : Connected to target on host '127.0.0.1' and port '3121'.
17:28:24 INFO  : Jtag cable 'Digilent Zybo Z7 210351A81D96A' is selected.
17:28:24 INFO  : 'jtag frequency' command is executed.
17:28:24 INFO  : Sourcing of 'C:/Users/hrish/OneDrive/Desktop/id3/SDK/DesignForPStoReg_wrapper_hw_platform_0/ps7_init.tcl' is done.
17:28:24 INFO  : Context for 'APU' is selected.
17:28:25 INFO  : Hardware design information is loaded from 'C:/Users/hrish/OneDrive/Desktop/id3/SDK/DesignForPStoReg_wrapper_hw_platform_0/system.hdf'.
17:28:25 INFO  : 'configparams force-mem-access 1' command is executed.
17:28:25 INFO  : Context for 'APU' is selected.
17:28:25 INFO  : 'stop' command is executed.
17:28:25 INFO  : 'ps7_init' command is executed.
17:28:25 INFO  : 'ps7_post_config' command is executed.
17:28:25 INFO  : Context for processor 'ps7_cortexa9_0' is selected.
17:28:25 INFO  : Processor reset is completed for 'ps7_cortexa9_0'.
17:28:25 INFO  : Context for processor 'ps7_cortexa9_0' is selected.
17:28:26 INFO  : The application 'C:/Users/hrish/OneDrive/Desktop/id3/SDK/reg_test_app/Debug/reg_test_app.elf' is downloaded to processor 'ps7_cortexa9_0'.
17:28:26 INFO  : 'configparams force-mem-access 0' command is executed.
17:28:26 INFO  : ----------------XSDB Script----------------
connect -url tcp:127.0.0.1:3121
source C:/Users/hrish/OneDrive/Desktop/id3/SDK/DesignForPStoReg_wrapper_hw_platform_0/ps7_init.tcl
targets -set -nocase -filter {name =~"APU*" && jtag_cable_name =~ "Digilent Zybo Z7 210351A81D96A"} -index 0
loadhw -hw C:/Users/hrish/OneDrive/Desktop/id3/SDK/DesignForPStoReg_wrapper_hw_platform_0/system.hdf -mem-ranges [list {0x40000000 0xbfffffff}]
configparams force-mem-access 1
targets -set -nocase -filter {name =~"APU*" && jtag_cable_name =~ "Digilent Zybo Z7 210351A81D96A"} -index 0
stop
ps7_init
ps7_post_config
targets -set -nocase -filter {name =~ "ARM*#0" && jtag_cable_name =~ "Digilent Zybo Z7 210351A81D96A"} -index 0
rst -processor
targets -set -nocase -filter {name =~ "ARM*#0" && jtag_cable_name =~ "Digilent Zybo Z7 210351A81D96A"} -index 0
dow C:/Users/hrish/OneDrive/Desktop/id3/SDK/reg_test_app/Debug/reg_test_app.elf
configparams force-mem-access 0
----------------End of Script----------------

17:28:26 INFO  : Memory regions updated for context APU
17:28:26 INFO  : Context for processor 'ps7_cortexa9_0' is selected.
17:28:26 INFO  : 'con' command is executed.
17:28:26 INFO  : ----------------XSDB Script (After Launch)----------------
targets -set -nocase -filter {name =~ "ARM*#0" && jtag_cable_name =~ "Digilent Zybo Z7 210351A81D96A"} -index 0
con
----------------End of Script----------------

17:28:26 INFO  : Launch script is exported to file 'C:\Users\hrish\OneDrive\Desktop\id3\SDK\.sdk\launch_scripts\xilinx_c-c++_application_(system_debugger)\system_debugger_using_debug_reg_test_app.elf_on_local.tcl'
17:29:14 INFO  : Disconnected from the channel tcfchan#14.
