14:24:00 **** Incremental Build of configuration Debug for project My_Praaject ****
make pre-build main-build 
a9-linaro-pre-build-step
 
make: Nothing to be done for `main-build'.
14:24:16 **** Auto Build of configuration Debug for project My_Praaject ****
make pre-build main-build 
a9-linaro-pre-build-step
 
Building file: ../src/helloworld.c
Invoking: ARM v7 gcc compiler
arm-none-eabi-gcc -Wall -O0 -g3 -c -fmessage-length=0 -MT"src/helloworld.o" -mcpu=cortex-a9 -mfpu=vfpv3 -mfloat-abi=hard -I../../My_Praaject_bsp/ps7_cortexa9_0/include -MMD -MP -MF"src/helloworld.d" -MT"src/helloworld.o" -o "src/helloworld.o" "../src/helloworld.c"
In file included from ../src/helloworld.c:4:0:
../../My_Praaject_bsp/ps7_cortexa9_0/include/xtime_l.h:89:9: note: #pragma message: For the sleep routines, Global timer is being used
 #pragma message ("For the sleep routines, Global timer is being used")
         ^~~~~~~
Finished building: ../src/helloworld.c
 
Building target: My_Praaject.elf
Invoking: ARM v7 gcc linker
arm-none-eabi-gcc -mcpu=cortex-a9 -mfpu=vfpv3 -mfloat-abi=hard -Wl,-build-id=none -specs=Xilinx.spec -Wl,-T -Wl,../src/lscript.ld -L../../My_Praaject_bsp/ps7_cortexa9_0/lib -o "My_Praaject.elf"  ./src/helloworld.o ./src/platform.o   -Wl,--start-group,-lxil,-lgcc,-lc,--end-group
Finished building target: My_Praaject.elf
 
Invoking: ARM v7 Print Size
arm-none-eabi-size My_Praaject.elf  |tee "My_Praaject.elf.size"
   text	   data	    bss	    dec	    hex	filename
  22908	   1144	  22576	  46628	   b624	My_Praaject.elf
Finished building: My_Praaject.elf.size
 
14:25:07 **** Incremental Build of configuration Debug for project My_Praaject ****
make pre-build main-build 
a9-linaro-pre-build-step
 
make: Nothing to be done for `main-build'.
14:53:31 **** Incremental Build of configuration Debug for project My_Praaject ****
make pre-build main-build 
a9-linaro-pre-build-step
 
make: Nothing to be done for `main-build'.
