Copyright 1986-2018 Xilinx, Inc. All Rights Reserved.
------------------------------------------------------------------------------------
| Tool Version : Vivado v.2018.1 (win64) Build 2188600 Wed Apr  4 18:40:38 MDT 2018
| Date         : Sun Oct  5 18:09:33 2025
| Host         : LOREFARM running 64-bit major release  (build 9200)
| Command      : upgrade_ip
| Device       : xc7z020clg400-1
------------------------------------------------------------------------------------

Upgrade Log for IP 'DesignForPStoReg_simple_reg_0_0'

1. Summary
----------

SUCCESS in the upgrade of DesignForPStoReg_simple_reg_0_0 (xilinx.com:user:simple_reg:1.0) from (Rev. 5) to (Rev. 6)






Copyright 1986-2018 Xilinx, Inc. All Rights Reserved.
------------------------------------------------------------------------------------
| Tool Version : Vivado v.2018.1 (win64) Build 2188600 Wed Apr  4 18:40:38 MDT 2018
| Date         : Sun Oct  5 17:41:22 2025
| Host         : LOREFARM running 64-bit major release  (build 9200)
| Command      : upgrade_ip
| Device       : xc7z020clg400-1
------------------------------------------------------------------------------------

Upgrade Log for IP 'DesignForPStoReg_simple_reg_0_0'

1. Summary
----------

SUCCESS in the upgrade of DesignForPStoReg_simple_reg_0_0 (xilinx.com:user:simple_reg:1.0) from (Rev. 4) to (Rev. 5)






Copyright 1986-2018 Xilinx, Inc. All Rights Reserved.
------------------------------------------------------------------------------------
| Tool Version : Vivado v.2018.1 (win64) Build 2188600 Wed Apr  4 18:40:38 MDT 2018
| Date         : Sun Oct  5 13:23:56 2025
| Host         : LOREFARM running 64-bit major release  (build 9200)
| Command      : upgrade_ip
| Device       : xc7z020clg400-1
------------------------------------------------------------------------------------

Upgrade Log for IP 'DesignForPStoReg_simple_reg_0_0'

1. Summary
----------

SUCCESS in the upgrade of DesignForPStoReg_simple_reg_0_0 (xilinx.com:user:simple_reg:1.0) from (Rev. 3) to (Rev. 4)






Copyright 1986-2018 Xilinx, Inc. All Rights Reserved.
------------------------------------------------------------------------------------
| Tool Version : Vivado v.2018.1 (win64) Build 2188600 Wed Apr  4 18:40:38 MDT 2018
| Date         : Sun Oct  5 13:07:38 2025
| Host         : LOREFARM running 64-bit major release  (build 9200)
| Command      : upgrade_ip
| Device       : xc7z020clg400-1
------------------------------------------------------------------------------------

Upgrade Log for IP 'DesignForPStoReg_simple_reg_0_0'

1. Summary
----------

SUCCESS in the upgrade of DesignForPStoReg_simple_reg_0_0 (xilinx.com:user:simple_reg:1.0) from (Rev. 2) to (Rev. 3)

