
*** Running vivado
    with args -log EightBitMemoryBlock_wrapper.vdi -applog -m64 -product Vivado -messageDb vivado.pb -mode batch -source EightBitMemoryBlock_wrapper.tcl -notrace


****** Vivado v2018.1 (64-bit)
  **** SW Build 2188600 on Wed Apr  4 18:40:38 MDT 2018
  **** IP Build 2185939 on Wed Apr  4 20:55:05 MDT 2018
    ** Copyright 1986-2018 Xilinx, Inc. All Rights Reserved.

source EightBitMemoryBlock_wrapper.tcl -notrace
INFO: [IP_Flow 19-234] Refreshing IP repositories
INFO: [IP_Flow 19-1700] Loaded user IP repository 'c:/Users/hrish/Downloads/ReRAM_Thesis/Project Folder/ip_repo/RegisterMemory_1.0'.
INFO: [IP_Flow 19-2313] Loaded Vivado IP repository 'C:/Xilinx/Vivado/2018.1/data/ip'.
Command: link_design -top EightBitMemoryBlock_wrapper -part xc7z020clg400-1
Design is defaulting to srcset: sources_1
Design is defaulting to constrset: constrs_1
INFO: [Project 1-454] Reading design checkpoint 'c:/Users/hrish/Downloads/ReRAM_Thesis/Project Folder/RegisterEightBitMemory/RegisterEightBitMemory.srcs/sources_1/bd/EightBitMemoryBlock/ip/EightBitMemoryBlock_RegisterMemory_0_1/EightBitMemoryBlock_RegisterMemory_0_1.dcp' for cell 'EightBitMemoryBlock_i/RegisterMemory_0'
INFO: [Project 1-454] Reading design checkpoint 'c:/Users/hrish/Downloads/ReRAM_Thesis/Project Folder/RegisterEightBitMemory/RegisterEightBitMemory.srcs/sources_1/bd/EightBitMemoryBlock/ip/EightBitMemoryBlock_processing_system7_0_0/EightBitMemoryBlock_processing_system7_0_0.dcp' for cell 'EightBitMemoryBlock_i/processing_system7_0'
INFO: [Project 1-454] Reading design checkpoint 'c:/Users/hrish/Downloads/ReRAM_Thesis/Project Folder/RegisterEightBitMemory/RegisterEightBitMemory.srcs/sources_1/bd/EightBitMemoryBlock/ip/EightBitMemoryBlock_rst_ps7_0_50M_0/EightBitMemoryBlock_rst_ps7_0_50M_0.dcp' for cell 'EightBitMemoryBlock_i/rst_ps7_0_50M'
INFO: [Project 1-454] Reading design checkpoint 'c:/Users/hrish/Downloads/ReRAM_Thesis/Project Folder/RegisterEightBitMemory/RegisterEightBitMemory.srcs/sources_1/bd/EightBitMemoryBlock/ip/EightBitMemoryBlock_auto_pc_0/EightBitMemoryBlock_auto_pc_0.dcp' for cell 'EightBitMemoryBlock_i/ps7_0_axi_periph/s00_couplers/auto_pc'
INFO: [Netlist 29-17] Analyzing 18 Unisim elements for replacement
INFO: [Netlist 29-28] Unisim Transformation completed in 0 CPU seconds
INFO: [Project 1-479] Netlist was created with Vivado 2018.1
INFO: [Device 21-403] Loading part xc7z020clg400-1
INFO: [Project 1-570] Preparing netlist for logic optimization
Parsing XDC File [c:/Users/hrish/Downloads/ReRAM_Thesis/Project Folder/RegisterEightBitMemory/RegisterEightBitMemory.srcs/sources_1/bd/EightBitMemoryBlock/ip/EightBitMemoryBlock_processing_system7_0_0/EightBitMemoryBlock_processing_system7_0_0.xdc] for cell 'EightBitMemoryBlock_i/processing_system7_0/inst'
Finished Parsing XDC File [c:/Users/hrish/Downloads/ReRAM_Thesis/Project Folder/RegisterEightBitMemory/RegisterEightBitMemory.srcs/sources_1/bd/EightBitMemoryBlock/ip/EightBitMemoryBlock_processing_system7_0_0/EightBitMemoryBlock_processing_system7_0_0.xdc] for cell 'EightBitMemoryBlock_i/processing_system7_0/inst'
Parsing XDC File [c:/Users/hrish/Downloads/ReRAM_Thesis/Project Folder/RegisterEightBitMemory/RegisterEightBitMemory.srcs/sources_1/bd/EightBitMemoryBlock/ip/EightBitMemoryBlock_rst_ps7_0_50M_0/EightBitMemoryBlock_rst_ps7_0_50M_0_board.xdc] for cell 'EightBitMemoryBlock_i/rst_ps7_0_50M/U0'
Finished Parsing XDC File [c:/Users/hrish/Downloads/ReRAM_Thesis/Project Folder/RegisterEightBitMemory/RegisterEightBitMemory.srcs/sources_1/bd/EightBitMemoryBlock/ip/EightBitMemoryBlock_rst_ps7_0_50M_0/EightBitMemoryBlock_rst_ps7_0_50M_0_board.xdc] for cell 'EightBitMemoryBlock_i/rst_ps7_0_50M/U0'
Parsing XDC File [c:/Users/hrish/Downloads/ReRAM_Thesis/Project Folder/RegisterEightBitMemory/RegisterEightBitMemory.srcs/sources_1/bd/EightBitMemoryBlock/ip/EightBitMemoryBlock_rst_ps7_0_50M_0/EightBitMemoryBlock_rst_ps7_0_50M_0.xdc] for cell 'EightBitMemoryBlock_i/rst_ps7_0_50M/U0'
Finished Parsing XDC File [c:/Users/hrish/Downloads/ReRAM_Thesis/Project Folder/RegisterEightBitMemory/RegisterEightBitMemory.srcs/sources_1/bd/EightBitMemoryBlock/ip/EightBitMemoryBlock_rst_ps7_0_50M_0/EightBitMemoryBlock_rst_ps7_0_50M_0.xdc] for cell 'EightBitMemoryBlock_i/rst_ps7_0_50M/U0'
INFO: [Opt 31-138] Pushed 0 inverter(s) to 0 load pin(s).
INFO: [Project 1-111] Unisim Transformation Summary:
No Unisim elements were transformed.

14 Infos, 0 Warnings, 0 Critical Warnings and 0 Errors encountered.
link_design completed successfully
link_design: Time (s): cpu = 00:00:09 ; elapsed = 00:00:14 . Memory (MB): peak = 667.656 ; gain = 373.492
Command: opt_design
Attempting to get a license for feature 'Implementation' and/or device 'xc7z020'
INFO: [Common 17-349] Got license for feature 'Implementation' and/or device 'xc7z020'
Running DRC as a precondition to command opt_design

Starting DRC Task
INFO: [DRC 23-27] Running DRC with 2 threads
INFO: [Project 1-461] DRC finished with 0 Errors
INFO: [Project 1-462] Please refer to the DRC report (report_drc) for more information.

Time (s): cpu = 00:00:01 ; elapsed = 00:00:00.622 . Memory (MB): peak = 677.285 ; gain = 9.629
INFO: [Timing 38-35] Done setting XDC timing constraints.

Starting Logic Optimization Task

Phase 1 Retarget
INFO: [Opt 31-138] Pushed 0 inverter(s) to 0 load pin(s).
INFO: [Opt 31-49] Retargeted 0 cell(s).
Phase 1 Retarget | Checksum: 15fdeea09

Time (s): cpu = 00:00:01 ; elapsed = 00:00:00.130 . Memory (MB): peak = 1207.766 ; gain = 0.000
INFO: [Opt 31-389] Phase Retarget created 0 cells and removed 0 cells

Phase 2 Constant propagation
INFO: [Opt 31-138] Pushed 0 inverter(s) to 0 load pin(s).
Phase 2 Constant propagation | Checksum: 185f08724

Time (s): cpu = 00:00:01 ; elapsed = 00:00:00.168 . Memory (MB): peak = 1207.766 ; gain = 0.000
INFO: [Opt 31-389] Phase Constant propagation created 0 cells and removed 52 cells

Phase 3 Sweep
Phase 3 Sweep | Checksum: 177a297d1

Time (s): cpu = 00:00:01 ; elapsed = 00:00:00.439 . Memory (MB): peak = 1207.766 ; gain = 0.000
INFO: [Opt 31-389] Phase Sweep created 0 cells and removed 392 cells

Phase 4 BUFG optimization
Phase 4 BUFG optimization | Checksum: 177a297d1

Time (s): cpu = 00:00:01 ; elapsed = 00:00:00.481 . Memory (MB): peak = 1207.766 ; gain = 0.000
INFO: [Opt 31-389] Phase BUFG optimization created 0 cells and removed 0 cells

Phase 5 Shift Register Optimization
Phase 5 Shift Register Optimization | Checksum: 177a297d1

Time (s): cpu = 00:00:01 ; elapsed = 00:00:00.574 . Memory (MB): peak = 1207.766 ; gain = 0.000
INFO: [Opt 31-389] Phase Shift Register Optimization created 0 cells and removed 0 cells

Phase 6 Post Processing Netlist
Phase 6 Post Processing Netlist | Checksum: 177a297d1

Time (s): cpu = 00:00:01 ; elapsed = 00:00:00.612 . Memory (MB): peak = 1207.766 ; gain = 0.000
INFO: [Opt 31-389] Phase Post Processing Netlist created 0 cells and removed 0 cells

Starting Connectivity Check Task

Time (s): cpu = 00:00:00 ; elapsed = 00:00:00.003 . Memory (MB): peak = 1207.766 ; gain = 0.000
Ending Logic Optimization Task | Checksum: 177a297d1

Time (s): cpu = 00:00:01 ; elapsed = 00:00:00.621 . Memory (MB): peak = 1207.766 ; gain = 0.000

Starting Power Optimization Task
INFO: [Pwropt 34-132] Skipping clock gating for clocks with a period < 2.00 ns.
Ending Power Optimization Task | Checksum: 13203634b

Time (s): cpu = 00:00:00 ; elapsed = 00:00:00.026 . Memory (MB): peak = 1207.766 ; gain = 0.000
INFO: [Common 17-83] Releasing license: Implementation
30 Infos, 0 Warnings, 0 Critical Warnings and 0 Errors encountered.
opt_design completed successfully
opt_design: Time (s): cpu = 00:00:11 ; elapsed = 00:00:14 . Memory (MB): peak = 1207.766 ; gain = 540.109
INFO: [Timing 38-480] Writing timing data to binary archive.
Writing placer database...
Writing XDEF routing.
Writing XDEF routing logical nets.
Writing XDEF routing special nets.
Write XDEF Complete: Time (s): cpu = 00:00:00 ; elapsed = 00:00:00.090 . Memory (MB): peak = 1207.766 ; gain = 0.000
INFO: [Common 17-1381] The checkpoint 'C:/Users/hrish/Downloads/ReRAM_Thesis/Project Folder/RegisterEightBitMemory/RegisterEightBitMemory.runs/impl_1/EightBitMemoryBlock_wrapper_opt.dcp' has been generated.
INFO: [runtcl-4] Executing : report_drc -file EightBitMemoryBlock_wrapper_drc_opted.rpt -pb EightBitMemoryBlock_wrapper_drc_opted.pb -rpx EightBitMemoryBlock_wrapper_drc_opted.rpx
Command: report_drc -file EightBitMemoryBlock_wrapper_drc_opted.rpt -pb EightBitMemoryBlock_wrapper_drc_opted.pb -rpx EightBitMemoryBlock_wrapper_drc_opted.rpx
INFO: [DRC 23-27] Running DRC with 2 threads
INFO: [Coretcl 2-168] The results of DRC are in file C:/Users/hrish/Downloads/ReRAM_Thesis/Project Folder/RegisterEightBitMemory/RegisterEightBitMemory.runs/impl_1/EightBitMemoryBlock_wrapper_drc_opted.rpt.
report_drc completed successfully
Command: place_design
Attempting to get a license for feature 'Implementation' and/or device 'xc7z020'
INFO: [Common 17-349] Got license for feature 'Implementation' and/or device 'xc7z020'
INFO: [DRC 23-27] Running DRC with 2 threads
INFO: [Vivado_Tcl 4-198] DRC finished with 0 Errors
INFO: [Vivado_Tcl 4-199] Please refer to the DRC report (report_drc) for more information.
Running DRC as a precondition to command place_design
INFO: [DRC 23-27] Running DRC with 2 threads
INFO: [Vivado_Tcl 4-198] DRC finished with 0 Errors
INFO: [Vivado_Tcl 4-199] Please refer to the DRC report (report_drc) for more information.

Starting Placer Task
INFO: [Place 30-611] Multithreading enabled for place_design using a maximum of 2 CPUs

Phase 1 Placer Initialization

Phase 1.1 Placer Initialization Netlist Sorting
Netlist sorting complete. Time (s): cpu = 00:00:00 ; elapsed = 00:00:00.004 . Memory (MB): peak = 1207.766 ; gain = 0.000
Phase 1.1 Placer Initialization Netlist Sorting | Checksum: ced3ee89

Time (s): cpu = 00:00:00 ; elapsed = 00:00:00.032 . Memory (MB): peak = 1207.766 ; gain = 0.000
INFO: [Timing 38-35] Done setting XDC timing constraints.
INFO: [Opt 31-138] Pushed 0 inverter(s) to 0 load pin(s).
Netlist sorting complete. Time (s): cpu = 00:00:00 ; elapsed = 00:00:00.002 . Memory (MB): peak = 1207.766 ; gain = 0.000

Phase 1.2 IO Placement/ Clock Placement/ Build Placer Device
INFO: [Timing 38-35] Done setting XDC timing constraints.
Phase 1.2 IO Placement/ Clock Placement/ Build Placer Device | Checksum: ed6e4d5e

Time (s): cpu = 00:00:01 ; elapsed = 00:00:01 . Memory (MB): peak = 1207.766 ; gain = 0.000

Phase 1.3 Build Placer Netlist Model
Phase 1.3 Build Placer Netlist Model | Checksum: 132d0b5bd

Time (s): cpu = 00:00:02 ; elapsed = 00:00:02 . Memory (MB): peak = 1207.766 ; gain = 0.000

Phase 1.4 Constrain Clocks/Macros
Phase 1.4 Constrain Clocks/Macros | Checksum: 132d0b5bd

Time (s): cpu = 00:00:02 ; elapsed = 00:00:02 . Memory (MB): peak = 1207.766 ; gain = 0.000
Phase 1 Placer Initialization | Checksum: 132d0b5bd

Time (s): cpu = 00:00:02 ; elapsed = 00:00:02 . Memory (MB): peak = 1207.766 ; gain = 0.000

Phase 2 Global Placement
Phase 2 Global Placement | Checksum: 1045b43c9

Time (s): cpu = 00:00:04 ; elapsed = 00:00:03 . Memory (MB): peak = 1207.766 ; gain = 0.000

Phase 3 Detail Placement

Phase 3.1 Commit Multi Column Macros
Phase 3.1 Commit Multi Column Macros | Checksum: 1045b43c9

Time (s): cpu = 00:00:04 ; elapsed = 00:00:03 . Memory (MB): peak = 1207.766 ; gain = 0.000

Phase 3.2 Commit Most Macros & LUTRAMs
Phase 3.2 Commit Most Macros & LUTRAMs | Checksum: e78f3a63

Time (s): cpu = 00:00:04 ; elapsed = 00:00:03 . Memory (MB): peak = 1207.766 ; gain = 0.000

Phase 3.3 Area Swap Optimization
Phase 3.3 Area Swap Optimization | Checksum: e3887d00

Time (s): cpu = 00:00:04 ; elapsed = 00:00:03 . Memory (MB): peak = 1207.766 ; gain = 0.000

Phase 3.4 Pipeline Register Optimization
Phase 3.4 Pipeline Register Optimization | Checksum: e3887d00

Time (s): cpu = 00:00:04 ; elapsed = 00:00:03 . Memory (MB): peak = 1207.766 ; gain = 0.000

Phase 3.5 Small Shape Detail Placement
Phase 3.5 Small Shape Detail Placement | Checksum: 125c9b04d

Time (s): cpu = 00:00:05 ; elapsed = 00:00:04 . Memory (MB): peak = 1207.766 ; gain = 0.000

Phase 3.6 Re-assign LUT pins
Phase 3.6 Re-assign LUT pins | Checksum: 1529e3875

Time (s): cpu = 00:00:05 ; elapsed = 00:00:04 . Memory (MB): peak = 1207.766 ; gain = 0.000

Phase 3.7 Pipeline Register Optimization
Phase 3.7 Pipeline Register Optimization | Checksum: 1529e3875

Time (s): cpu = 00:00:05 ; elapsed = 00:00:04 . Memory (MB): peak = 1207.766 ; gain = 0.000
Phase 3 Detail Placement | Checksum: 1529e3875

Time (s): cpu = 00:00:05 ; elapsed = 00:00:04 . Memory (MB): peak = 1207.766 ; gain = 0.000

Phase 4 Post Placement Optimization and Clean-Up

Phase 4.1 Post Commit Optimization
INFO: [Timing 38-35] Done setting XDC timing constraints.

Phase 4.1.1 Post Placement Optimization
Post Placement Optimization Initialization | Checksum: 28fe8c603

Phase 4.1.1.1 BUFG Insertion
INFO: [Physopt 32-721] Multithreading enabled for phys_opt_design using a maximum of 2 CPUs
INFO: [Place 46-31] BUFG insertion identified 0 candidate nets, 0 success, 0 skipped for placement/routing, 0 skipped for timing, 0 skipped for netlist change reason.
Phase 4.1.1.1 BUFG Insertion | Checksum: 28fe8c603

Time (s): cpu = 00:00:05 ; elapsed = 00:00:04 . Memory (MB): peak = 1210.551 ; gain = 2.785
INFO: [Place 30-746] Post Placement Timing Summary WNS=14.283. For the most accurate timing information please run report_timing.
Phase 4.1.1 Post Placement Optimization | Checksum: 258c1b714

Time (s): cpu = 00:00:05 ; elapsed = 00:00:04 . Memory (MB): peak = 1210.551 ; gain = 2.785
Phase 4.1 Post Commit Optimization | Checksum: 258c1b714

Time (s): cpu = 00:00:05 ; elapsed = 00:00:04 . Memory (MB): peak = 1210.551 ; gain = 2.785

Phase 4.2 Post Placement Cleanup
Phase 4.2 Post Placement Cleanup | Checksum: 258c1b714

Time (s): cpu = 00:00:05 ; elapsed = 00:00:04 . Memory (MB): peak = 1210.551 ; gain = 2.785

Phase 4.3 Placer Reporting
Phase 4.3 Placer Reporting | Checksum: 258c1b714

Time (s): cpu = 00:00:05 ; elapsed = 00:00:04 . Memory (MB): peak = 1210.551 ; gain = 2.785

Phase 4.4 Final Placement Cleanup
Phase 4.4 Final Placement Cleanup | Checksum: 1fd0c24ca

Time (s): cpu = 00:00:05 ; elapsed = 00:00:04 . Memory (MB): peak = 1210.551 ; gain = 2.785
Phase 4 Post Placement Optimization and Clean-Up | Checksum: 1fd0c24ca

Time (s): cpu = 00:00:05 ; elapsed = 00:00:04 . Memory (MB): peak = 1210.551 ; gain = 2.785
Ending Placer Task | Checksum: 14724a524

Time (s): cpu = 00:00:05 ; elapsed = 00:00:04 . Memory (MB): peak = 1210.551 ; gain = 2.785
INFO: [Common 17-83] Releasing license: Implementation
51 Infos, 0 Warnings, 0 Critical Warnings and 0 Errors encountered.
place_design completed successfully
place_design: Time (s): cpu = 00:00:06 ; elapsed = 00:00:05 . Memory (MB): peak = 1210.551 ; gain = 2.785
INFO: [Timing 38-480] Writing timing data to binary archive.
Writing placer database...
Writing XDEF routing.
Writing XDEF routing logical nets.
Writing XDEF routing special nets.
Write XDEF Complete: Time (s): cpu = 00:00:01 ; elapsed = 00:00:00.125 . Memory (MB): peak = 1218.152 ; gain = 7.602
INFO: [Common 17-1381] The checkpoint 'C:/Users/hrish/Downloads/ReRAM_Thesis/Project Folder/RegisterEightBitMemory/RegisterEightBitMemory.runs/impl_1/EightBitMemoryBlock_wrapper_placed.dcp' has been generated.
INFO: [runtcl-4] Executing : report_io -file EightBitMemoryBlock_wrapper_io_placed.rpt
report_io: Time (s): cpu = 00:00:00 ; elapsed = 00:00:00.045 . Memory (MB): peak = 1218.152 ; gain = 0.000
INFO: [runtcl-4] Executing : report_utilization -file EightBitMemoryBlock_wrapper_utilization_placed.rpt -pb EightBitMemoryBlock_wrapper_utilization_placed.pb
report_utilization: Time (s): cpu = 00:00:00 ; elapsed = 00:00:00.027 . Memory (MB): peak = 1218.152 ; gain = 0.000
INFO: [runtcl-4] Executing : report_control_sets -verbose -file EightBitMemoryBlock_wrapper_control_sets_placed.rpt
report_control_sets: Time (s): cpu = 00:00:00 ; elapsed = 00:00:00.004 . Memory (MB): peak = 1218.152 ; gain = 0.000
Command: route_design
Attempting to get a license for feature 'Implementation' and/or device 'xc7z020'
INFO: [Common 17-349] Got license for feature 'Implementation' and/or device 'xc7z020'
Running DRC as a precondition to command route_design
INFO: [DRC 23-27] Running DRC with 2 threads
INFO: [Vivado_Tcl 4-198] DRC finished with 0 Errors
INFO: [Vivado_Tcl 4-199] Please refer to the DRC report (report_drc) for more information.


Starting Routing Task
INFO: [Route 35-254] Multithreading enabled for route_design using a maximum of 2 CPUs
Checksum: PlaceDB: b560056a ConstDB: 0 ShapeSum: 91c49fba RouteDB: 0

Phase 1 Build RT Design
Phase 1 Build RT Design | Checksum: 11519ea87

Time (s): cpu = 00:00:21 ; elapsed = 00:00:19 . Memory (MB): peak = 1349.961 ; gain = 131.809
Post Restoration Checksum: NetGraph: ea26764f NumContArr: 2af37438 Constraints: 0 Timing: 0

Phase 2 Router Initialization

Phase 2.1 Create Timer
Phase 2.1 Create Timer | Checksum: 11519ea87

Time (s): cpu = 00:00:21 ; elapsed = 00:00:19 . Memory (MB): peak = 1349.961 ; gain = 131.809

Phase 2.2 Fix Topology Constraints
Phase 2.2 Fix Topology Constraints | Checksum: 11519ea87

Time (s): cpu = 00:00:21 ; elapsed = 00:00:19 . Memory (MB): peak = 1355.918 ; gain = 137.766

Phase 2.3 Pre Route Cleanup
Phase 2.3 Pre Route Cleanup | Checksum: 11519ea87

Time (s): cpu = 00:00:21 ; elapsed = 00:00:19 . Memory (MB): peak = 1355.918 ; gain = 137.766
 Number of Nodes with overlaps = 0

Phase 2.4 Update Timing
Phase 2.4 Update Timing | Checksum: a7ea4e70

Time (s): cpu = 00:00:21 ; elapsed = 00:00:19 . Memory (MB): peak = 1379.465 ; gain = 161.312
INFO: [Route 35-416] Intermediate Timing Summary | WNS=14.303 | TNS=0.000  | WHS=-0.143 | THS=-10.499|

Phase 2 Router Initialization | Checksum: f77bbad4

Time (s): cpu = 00:00:21 ; elapsed = 00:00:19 . Memory (MB): peak = 1379.465 ; gain = 161.312

Phase 3 Initial Routing
Phase 3 Initial Routing | Checksum: 1b7523a78

Time (s): cpu = 00:00:21 ; elapsed = 00:00:19 . Memory (MB): peak = 1379.465 ; gain = 161.312

Phase 4 Rip-up And Reroute

Phase 4.1 Global Iteration 0
 Number of Nodes with overlaps = 46
 Number of Nodes with overlaps = 0
INFO: [Route 35-416] Intermediate Timing Summary | WNS=13.923 | TNS=0.000  | WHS=N/A    | THS=N/A    |

Phase 4.1 Global Iteration 0 | Checksum: 6bada642

Time (s): cpu = 00:00:22 ; elapsed = 00:00:19 . Memory (MB): peak = 1379.465 ; gain = 161.312

Phase 4.2 Global Iteration 1
 Number of Nodes with overlaps = 0
INFO: [Route 35-416] Intermediate Timing Summary | WNS=13.923 | TNS=0.000  | WHS=N/A    | THS=N/A    |

Phase 4.2 Global Iteration 1 | Checksum: 2548fcc1c

Time (s): cpu = 00:00:22 ; elapsed = 00:00:19 . Memory (MB): peak = 1379.465 ; gain = 161.312
Phase 4 Rip-up And Reroute | Checksum: 2548fcc1c

Time (s): cpu = 00:00:22 ; elapsed = 00:00:19 . Memory (MB): peak = 1379.465 ; gain = 161.312

Phase 5 Delay and Skew Optimization

Phase 5.1 Delay CleanUp
Phase 5.1 Delay CleanUp | Checksum: 2548fcc1c

Time (s): cpu = 00:00:22 ; elapsed = 00:00:19 . Memory (MB): peak = 1379.465 ; gain = 161.312

Phase 5.2 Clock Skew Optimization
Phase 5.2 Clock Skew Optimization | Checksum: 2548fcc1c

Time (s): cpu = 00:00:22 ; elapsed = 00:00:19 . Memory (MB): peak = 1379.465 ; gain = 161.312
Phase 5 Delay and Skew Optimization | Checksum: 2548fcc1c

Time (s): cpu = 00:00:22 ; elapsed = 00:00:19 . Memory (MB): peak = 1379.465 ; gain = 161.312

Phase 6 Post Hold Fix

Phase 6.1 Hold Fix Iter

Phase 6.1.1 Update Timing
Phase 6.1.1 Update Timing | Checksum: 1f01dcb71

Time (s): cpu = 00:00:22 ; elapsed = 00:00:19 . Memory (MB): peak = 1379.465 ; gain = 161.312
INFO: [Route 35-416] Intermediate Timing Summary | WNS=14.038 | TNS=0.000  | WHS=0.071  | THS=0.000  |

Phase 6.1 Hold Fix Iter | Checksum: 1e5c79672

Time (s): cpu = 00:00:22 ; elapsed = 00:00:19 . Memory (MB): peak = 1379.465 ; gain = 161.312
Phase 6 Post Hold Fix | Checksum: 1e5c79672

Time (s): cpu = 00:00:22 ; elapsed = 00:00:19 . Memory (MB): peak = 1379.465 ; gain = 161.312

Phase 7 Route finalize

Router Utilization Summary
  Global Vertical Routing Utilization    = 0.14782 %
  Global Horizontal Routing Utilization  = 0.124831 %
  Routable Net Status*
  *Does not include unroutable nets such as driverless and loadless.
  Run report_route_status for detailed report.
  Number of Failed Nets               = 0
  Number of Unrouted Nets             = 0
  Number of Partially Routed Nets     = 0
  Number of Node Overlaps             = 0

Phase 7 Route finalize | Checksum: 2b4d54d40

Time (s): cpu = 00:00:22 ; elapsed = 00:00:20 . Memory (MB): peak = 1379.465 ; gain = 161.312

Phase 8 Verifying routed nets

 Verification completed successfully
Phase 8 Verifying routed nets | Checksum: 2b4d54d40

Time (s): cpu = 00:00:22 ; elapsed = 00:00:20 . Memory (MB): peak = 1379.465 ; gain = 161.312

Phase 9 Depositing Routes
Phase 9 Depositing Routes | Checksum: 24c968fed

Time (s): cpu = 00:00:22 ; elapsed = 00:00:20 . Memory (MB): peak = 1379.465 ; gain = 161.312

Phase 10 Post Router Timing
INFO: [Route 35-57] Estimated Timing Summary | WNS=14.038 | TNS=0.000  | WHS=0.071  | THS=0.000  |

INFO: [Route 35-327] The final timing numbers are based on the router estimated timing analysis. For a complete and accurate timing signoff, please run report_timing_summary.
Phase 10 Post Router Timing | Checksum: 24c968fed

Time (s): cpu = 00:00:22 ; elapsed = 00:00:20 . Memory (MB): peak = 1379.465 ; gain = 161.312
INFO: [Route 35-16] Router Completed Successfully

Time (s): cpu = 00:00:22 ; elapsed = 00:00:20 . Memory (MB): peak = 1379.465 ; gain = 161.312

Routing Is Done.
INFO: [Common 17-83] Releasing license: Implementation
69 Infos, 0 Warnings, 0 Critical Warnings and 0 Errors encountered.
route_design completed successfully
route_design: Time (s): cpu = 00:00:24 ; elapsed = 00:00:21 . Memory (MB): peak = 1379.465 ; gain = 161.312
INFO: [Timing 38-480] Writing timing data to binary archive.
Writing placer database...
Writing XDEF routing.
Writing XDEF routing logical nets.
Writing XDEF routing special nets.
Write XDEF Complete: Time (s): cpu = 00:00:01 ; elapsed = 00:00:00.179 . Memory (MB): peak = 1379.465 ; gain = 0.000
INFO: [Common 17-1381] The checkpoint 'C:/Users/hrish/Downloads/ReRAM_Thesis/Project Folder/RegisterEightBitMemory/RegisterEightBitMemory.runs/impl_1/EightBitMemoryBlock_wrapper_routed.dcp' has been generated.
INFO: [runtcl-4] Executing : report_drc -file EightBitMemoryBlock_wrapper_drc_routed.rpt -pb EightBitMemoryBlock_wrapper_drc_routed.pb -rpx EightBitMemoryBlock_wrapper_drc_routed.rpx
Command: report_drc -file EightBitMemoryBlock_wrapper_drc_routed.rpt -pb EightBitMemoryBlock_wrapper_drc_routed.pb -rpx EightBitMemoryBlock_wrapper_drc_routed.rpx
INFO: [DRC 23-27] Running DRC with 2 threads
INFO: [Coretcl 2-168] The results of DRC are in file C:/Users/hrish/Downloads/ReRAM_Thesis/Project Folder/RegisterEightBitMemory/RegisterEightBitMemory.runs/impl_1/EightBitMemoryBlock_wrapper_drc_routed.rpt.
report_drc completed successfully
INFO: [runtcl-4] Executing : report_methodology -file EightBitMemoryBlock_wrapper_methodology_drc_routed.rpt -pb EightBitMemoryBlock_wrapper_methodology_drc_routed.pb -rpx EightBitMemoryBlock_wrapper_methodology_drc_routed.rpx
Command: report_methodology -file EightBitMemoryBlock_wrapper_methodology_drc_routed.rpt -pb EightBitMemoryBlock_wrapper_methodology_drc_routed.pb -rpx EightBitMemoryBlock_wrapper_methodology_drc_routed.rpx
INFO: [Timing 38-35] Done setting XDC timing constraints.
INFO: [Timing 38-35] Done setting XDC timing constraints.
INFO: [DRC 23-133] Running Methodology with 2 threads
INFO: [Coretcl 2-1520] The results of Report Methodology are in file C:/Users/hrish/Downloads/ReRAM_Thesis/Project Folder/RegisterEightBitMemory/RegisterEightBitMemory.runs/impl_1/EightBitMemoryBlock_wrapper_methodology_drc_routed.rpt.
report_methodology completed successfully
INFO: [runtcl-4] Executing : report_power -file EightBitMemoryBlock_wrapper_power_routed.rpt -pb EightBitMemoryBlock_wrapper_power_summary_routed.pb -rpx EightBitMemoryBlock_wrapper_power_routed.rpx
Command: report_power -file EightBitMemoryBlock_wrapper_power_routed.rpt -pb EightBitMemoryBlock_wrapper_power_summary_routed.pb -rpx EightBitMemoryBlock_wrapper_power_routed.rpx
INFO: [Timing 38-35] Done setting XDC timing constraints.
Running Vector-less Activity Propagation...

Finished Running Vector-less Activity Propagation
81 Infos, 0 Warnings, 0 Critical Warnings and 0 Errors encountered.
report_power completed successfully
INFO: [runtcl-4] Executing : report_route_status -file EightBitMemoryBlock_wrapper_route_status.rpt -pb EightBitMemoryBlock_wrapper_route_status.pb
INFO: [runtcl-4] Executing : report_timing_summary -max_paths 10 -file EightBitMemoryBlock_wrapper_timing_summary_routed.rpt -pb EightBitMemoryBlock_wrapper_timing_summary_routed.pb -rpx EightBitMemoryBlock_wrapper_timing_summary_routed.rpx -warn_on_violation 
INFO: [Timing 38-91] UpdateTimingParams: Speed grade: -1, Delay Type: min_max, Timing Stage: Requireds.
INFO: [Timing 38-191] Multithreading enabled for timing update using a maximum of 2 CPUs
INFO: [runtcl-4] Executing : report_incremental_reuse -file EightBitMemoryBlock_wrapper_incremental_reuse_routed.rpt
INFO: [Vivado_Tcl 4-545] No incremental reuse to report, no incremental placement and routing data was found.
INFO: [runtcl-4] Executing : report_clock_utilization -file EightBitMemoryBlock_wrapper_clock_utilization_routed.rpt
INFO: [runtcl-4] Executing : report_bus_skew -warn_on_violation -file route_report_bus_skew_0.rpt -rpx route_report_bus_skew_0.rpx
INFO: [Timing 38-91] UpdateTimingParams: Speed grade: -1, Delay Type: min_max, Timing Stage: Requireds.
INFO: [Timing 38-191] Multithreading enabled for timing update using a maximum of 2 CPUs
Command: write_bitstream -force EightBitMemoryBlock_wrapper.bit
Attempting to get a license for feature 'Implementation' and/or device 'xc7z020'
INFO: [Common 17-349] Got license for feature 'Implementation' and/or device 'xc7z020'
Running DRC as a precondition to command write_bitstream
INFO: [DRC 23-27] Running DRC with 2 threads
INFO: [Vivado 12-3199] DRC finished with 0 Errors
INFO: [Vivado 12-3200] Please refer to the DRC report (report_drc) for more information.
INFO: [Designutils 20-2272] Running write_bitstream with 2 threads.
Loading data files...
Loading site data...
Loading route data...
Processing options...
Creating bitmap...
Creating bitstream...
Writing bitstream ./EightBitMemoryBlock_wrapper.bit...
INFO: [Vivado 12-1842] Bitgen Completed Successfully.
INFO: [Project 1-120] WebTalk data collection is mandatory when using a WebPACK part without a full Vivado license. To see the specific WebTalk data collected for your design, open the usage_statistics_webtalk.html or usage_statistics_webtalk.xml file in the implementation directory.
Access is denied.
Access is denied.
INFO: [Common 17-83] Releasing license: Implementation
99 Infos, 0 Warnings, 0 Critical Warnings and 0 Errors encountered.
write_bitstream completed successfully
write_bitstream: Time (s): cpu = 00:00:12 ; elapsed = 00:00:12 . Memory (MB): peak = 1825.500 ; gain = 431.480
INFO: [Common 17-206] Exiting Vivado at Sun Oct  5 21:40:50 2025...
