
*** Running vivado
    with args -log EightBitMemoryBlock_RegisterMemory_0_1.vds -m64 -product Vivado -mode batch -messageDb vivado.pb -notrace -source EightBitMemoryBlock_RegisterMemory_0_1.tcl


****** Vivado v2018.1 (64-bit)
  **** SW Build 2188600 on Wed Apr  4 18:40:38 MDT 2018
  **** IP Build 2185939 on Wed Apr  4 20:55:05 MDT 2018
    ** Copyright 1986-2018 Xilinx, Inc. All Rights Reserved.

source EightBitMemoryBlock_RegisterMemory_0_1.tcl -notrace
Command: synth_design -top EightBitMemoryBlock_RegisterMemory_0_1 -part xc7z020clg400-1 -mode out_of_context
Starting synth_design
Attempting to get a license for feature 'Synthesis' and/or device 'xc7z020'
INFO: [Common 17-349] Got license for feature 'Synthesis' and/or device 'xc7z020'
INFO: Launching helper process for spawning children vivado processes
INFO: Helper process launched with PID 15580 
---------------------------------------------------------------------------------
Starting RTL Elaboration : Time (s): cpu = 00:00:07 ; elapsed = 00:00:08 . Memory (MB): peak = 394.203 ; gain = 99.684
---------------------------------------------------------------------------------
INFO: [Synth 8-6157] synthesizing module 'EightBitMemoryBlock_RegisterMemory_0_1' [c:/Users/hrish/Downloads/ReRAM_Thesis/Project Folder/RegisterEightBitMemory/RegisterEightBitMemory.srcs/sources_1/bd/EightBitMemoryBlock/ip/EightBitMemoryBlock_RegisterMemory_0_1/synth/EightBitMemoryBlock_RegisterMemory_0_1.v:57]
INFO: [Synth 8-6157] synthesizing module 'RegisterMemory_v1_0' [c:/Users/hrish/Downloads/ReRAM_Thesis/Project Folder/RegisterEightBitMemory/RegisterEightBitMemory.srcs/sources_1/bd/EightBitMemoryBlock/ipshared/6103/hdl/RegisterMemory_v1_0.v:4]
	Parameter C_S00_AXI_DATA_WIDTH bound to: 32 - type: integer 
	Parameter C_S00_AXI_ADDR_WIDTH bound to: 4 - type: integer 
INFO: [Synth 8-6157] synthesizing module 'RegisterMemory_v1_0_S00_AXI' [c:/Users/hrish/Downloads/ReRAM_Thesis/Project Folder/RegisterEightBitMemory/RegisterEightBitMemory.srcs/sources_1/bd/EightBitMemoryBlock/ipshared/6103/hdl/RegisterMemory_v1_0_S00_AXI.v:8]
	Parameter C_S_AXI_DATA_WIDTH bound to: 32 - type: integer 
	Parameter C_S_AXI_ADDR_WIDTH bound to: 4 - type: integer 
	Parameter ADDR_LSB bound to: 2 - type: integer 
	Parameter OPT_MEM_ADDR_BITS bound to: 0 - type: integer 
INFO: [Synth 8-6155] done synthesizing module 'RegisterMemory_v1_0_S00_AXI' (1#1) [c:/Users/hrish/Downloads/ReRAM_Thesis/Project Folder/RegisterEightBitMemory/RegisterEightBitMemory.srcs/sources_1/bd/EightBitMemoryBlock/ipshared/6103/hdl/RegisterMemory_v1_0_S00_AXI.v:8]
INFO: [Synth 8-6155] done synthesizing module 'RegisterMemory_v1_0' (2#1) [c:/Users/hrish/Downloads/ReRAM_Thesis/Project Folder/RegisterEightBitMemory/RegisterEightBitMemory.srcs/sources_1/bd/EightBitMemoryBlock/ipshared/6103/hdl/RegisterMemory_v1_0.v:4]
INFO: [Synth 8-6155] done synthesizing module 'EightBitMemoryBlock_RegisterMemory_0_1' (3#1) [c:/Users/hrish/Downloads/ReRAM_Thesis/Project Folder/RegisterEightBitMemory/RegisterEightBitMemory.srcs/sources_1/bd/EightBitMemoryBlock/ip/EightBitMemoryBlock_RegisterMemory_0_1/synth/EightBitMemoryBlock_RegisterMemory_0_1.v:57]
WARNING: [Synth 8-3331] design RegisterMemory_v1_0_S00_AXI has unconnected port S_AXI_AWPROT[2]
WARNING: [Synth 8-3331] design RegisterMemory_v1_0_S00_AXI has unconnected port S_AXI_AWPROT[1]
WARNING: [Synth 8-3331] design RegisterMemory_v1_0_S00_AXI has unconnected port S_AXI_AWPROT[0]
WARNING: [Synth 8-3331] design RegisterMemory_v1_0_S00_AXI has unconnected port S_AXI_WDATA[31]
WARNING: [Synth 8-3331] design RegisterMemory_v1_0_S00_AXI has unconnected port S_AXI_WDATA[30]
WARNING: [Synth 8-3331] design RegisterMemory_v1_0_S00_AXI has unconnected port S_AXI_WDATA[29]
WARNING: [Synth 8-3331] design RegisterMemory_v1_0_S00_AXI has unconnected port S_AXI_WDATA[28]
WARNING: [Synth 8-3331] design RegisterMemory_v1_0_S00_AXI has unconnected port S_AXI_WDATA[27]
WARNING: [Synth 8-3331] design RegisterMemory_v1_0_S00_AXI has unconnected port S_AXI_WDATA[26]
WARNING: [Synth 8-3331] design RegisterMemory_v1_0_S00_AXI has unconnected port S_AXI_WDATA[25]
WARNING: [Synth 8-3331] design RegisterMemory_v1_0_S00_AXI has unconnected port S_AXI_WDATA[24]
WARNING: [Synth 8-3331] design RegisterMemory_v1_0_S00_AXI has unconnected port S_AXI_WDATA[23]
WARNING: [Synth 8-3331] design RegisterMemory_v1_0_S00_AXI has unconnected port S_AXI_WDATA[22]
WARNING: [Synth 8-3331] design RegisterMemory_v1_0_S00_AXI has unconnected port S_AXI_WDATA[21]
WARNING: [Synth 8-3331] design RegisterMemory_v1_0_S00_AXI has unconnected port S_AXI_WDATA[20]
WARNING: [Synth 8-3331] design RegisterMemory_v1_0_S00_AXI has unconnected port S_AXI_WDATA[19]
WARNING: [Synth 8-3331] design RegisterMemory_v1_0_S00_AXI has unconnected port S_AXI_WDATA[18]
WARNING: [Synth 8-3331] design RegisterMemory_v1_0_S00_AXI has unconnected port S_AXI_WDATA[17]
WARNING: [Synth 8-3331] design RegisterMemory_v1_0_S00_AXI has unconnected port S_AXI_WDATA[16]
WARNING: [Synth 8-3331] design RegisterMemory_v1_0_S00_AXI has unconnected port S_AXI_WDATA[15]
WARNING: [Synth 8-3331] design RegisterMemory_v1_0_S00_AXI has unconnected port S_AXI_WDATA[14]
WARNING: [Synth 8-3331] design RegisterMemory_v1_0_S00_AXI has unconnected port S_AXI_WDATA[13]
WARNING: [Synth 8-3331] design RegisterMemory_v1_0_S00_AXI has unconnected port S_AXI_WDATA[12]
WARNING: [Synth 8-3331] design RegisterMemory_v1_0_S00_AXI has unconnected port S_AXI_WDATA[11]
WARNING: [Synth 8-3331] design RegisterMemory_v1_0_S00_AXI has unconnected port S_AXI_WDATA[10]
WARNING: [Synth 8-3331] design RegisterMemory_v1_0_S00_AXI has unconnected port S_AXI_WDATA[9]
WARNING: [Synth 8-3331] design RegisterMemory_v1_0_S00_AXI has unconnected port S_AXI_WDATA[8]
WARNING: [Synth 8-3331] design RegisterMemory_v1_0_S00_AXI has unconnected port S_AXI_WSTRB[3]
WARNING: [Synth 8-3331] design RegisterMemory_v1_0_S00_AXI has unconnected port S_AXI_WSTRB[2]
WARNING: [Synth 8-3331] design RegisterMemory_v1_0_S00_AXI has unconnected port S_AXI_WSTRB[1]
WARNING: [Synth 8-3331] design RegisterMemory_v1_0_S00_AXI has unconnected port S_AXI_WSTRB[0]
WARNING: [Synth 8-3331] design RegisterMemory_v1_0_S00_AXI has unconnected port S_AXI_ARPROT[2]
WARNING: [Synth 8-3331] design RegisterMemory_v1_0_S00_AXI has unconnected port S_AXI_ARPROT[1]
WARNING: [Synth 8-3331] design RegisterMemory_v1_0_S00_AXI has unconnected port S_AXI_ARPROT[0]
---------------------------------------------------------------------------------
Finished RTL Elaboration : Time (s): cpu = 00:00:07 ; elapsed = 00:00:09 . Memory (MB): peak = 448.852 ; gain = 154.332
---------------------------------------------------------------------------------

Report Check Netlist: 
+------+------------------+-------+---------+-------+------------------+
|      |Item              |Errors |Warnings |Status |Description       |
+------+------------------+-------+---------+-------+------------------+
|1     |multi_driven_nets |      0|        0|Passed |Multi driven nets |
+------+------------------+-------+---------+-------+------------------+
---------------------------------------------------------------------------------
Start Handling Custom Attributes
---------------------------------------------------------------------------------
---------------------------------------------------------------------------------
Finished Handling Custom Attributes : Time (s): cpu = 00:00:08 ; elapsed = 00:00:09 . Memory (MB): peak = 448.852 ; gain = 154.332
---------------------------------------------------------------------------------
---------------------------------------------------------------------------------
Finished RTL Optimization Phase 1 : Time (s): cpu = 00:00:08 ; elapsed = 00:00:09 . Memory (MB): peak = 448.852 ; gain = 154.332
---------------------------------------------------------------------------------
INFO: [Device 21-403] Loading part xc7z020clg400-1
INFO: [Project 1-570] Preparing netlist for logic optimization

Processing XDC Constraints
Initializing timing engine
Completed Processing XDC Constraints

INFO: [Project 1-111] Unisim Transformation Summary:
No Unisim elements were transformed.

Constraint Validation Runtime : Time (s): cpu = 00:00:00 ; elapsed = 00:00:00.038 . Memory (MB): peak = 786.457 ; gain = 0.000
---------------------------------------------------------------------------------
Finished Constraint Validation : Time (s): cpu = 00:00:25 ; elapsed = 00:00:31 . Memory (MB): peak = 786.457 ; gain = 491.938
---------------------------------------------------------------------------------
---------------------------------------------------------------------------------
Start Loading Part and Timing Information
---------------------------------------------------------------------------------
Loading part: xc7z020clg400-1
---------------------------------------------------------------------------------
Finished Loading Part and Timing Information : Time (s): cpu = 00:00:25 ; elapsed = 00:00:32 . Memory (MB): peak = 786.457 ; gain = 491.938
---------------------------------------------------------------------------------
---------------------------------------------------------------------------------
Start Applying 'set_property' XDC Constraints
---------------------------------------------------------------------------------
---------------------------------------------------------------------------------
Finished applying 'set_property' XDC Constraints : Time (s): cpu = 00:00:25 ; elapsed = 00:00:32 . Memory (MB): peak = 786.457 ; gain = 491.938
---------------------------------------------------------------------------------
---------------------------------------------------------------------------------
Finished RTL Optimization Phase 2 : Time (s): cpu = 00:00:25 ; elapsed = 00:00:32 . Memory (MB): peak = 786.457 ; gain = 491.938
---------------------------------------------------------------------------------

Report RTL Partitions: 
+-+--------------+------------+----------+
| |RTL Partition |Replication |Instances |
+-+--------------+------------+----------+
+-+--------------+------------+----------+
---------------------------------------------------------------------------------
Start RTL Component Statistics 
---------------------------------------------------------------------------------
Detailed RTL Component Info : 
+---Registers : 
	                8 Bit    Registers := 1     
	                4 Bit    Registers := 2     
	                2 Bit    Registers := 2     
	                1 Bit    Registers := 6     
+---Muxes : 
	   2 Input     32 Bit        Muxes := 1     
	   2 Input      1 Bit        Muxes := 5     
---------------------------------------------------------------------------------
Finished RTL Component Statistics 
---------------------------------------------------------------------------------
---------------------------------------------------------------------------------
Start RTL Hierarchical Component Statistics 
---------------------------------------------------------------------------------
Hierarchical RTL Component report 
Module RegisterMemory_v1_0_S00_AXI 
Detailed RTL Component Info : 
+---Registers : 
	                8 Bit    Registers := 1     
	                4 Bit    Registers := 2     
	                2 Bit    Registers := 2     
	                1 Bit    Registers := 6     
+---Muxes : 
	   2 Input     32 Bit        Muxes := 1     
	   2 Input      1 Bit        Muxes := 5     
---------------------------------------------------------------------------------
Finished RTL Hierarchical Component Statistics
---------------------------------------------------------------------------------
---------------------------------------------------------------------------------
Start Part Resource Summary
---------------------------------------------------------------------------------
Part Resources:
DSPs: 220 (col length:60)
BRAMs: 280 (col length: RAMB18 60 RAMB36 30)
---------------------------------------------------------------------------------
Finished Part Resource Summary
---------------------------------------------------------------------------------
---------------------------------------------------------------------------------
Start Cross Boundary and Area Optimization
---------------------------------------------------------------------------------
Warning: Parallel synthesis criteria is not met 
INFO: [Synth 8-3917] design EightBitMemoryBlock_RegisterMemory_0_1 has port s00_axi_rdata[30] driven by constant 0
INFO: [Synth 8-3917] design EightBitMemoryBlock_RegisterMemory_0_1 has port s00_axi_rdata[26] driven by constant 0
INFO: [Synth 8-3917] design EightBitMemoryBlock_RegisterMemory_0_1 has port s00_axi_rdata[24] driven by constant 0
INFO: [Synth 8-3917] design EightBitMemoryBlock_RegisterMemory_0_1 has port s00_axi_rdata[21] driven by constant 0
INFO: [Synth 8-3917] design EightBitMemoryBlock_RegisterMemory_0_1 has port s00_axi_rdata[19] driven by constant 0
INFO: [Synth 8-3917] design EightBitMemoryBlock_RegisterMemory_0_1 has port s00_axi_rdata[17] driven by constant 0
INFO: [Synth 8-3917] design EightBitMemoryBlock_RegisterMemory_0_1 has port s00_axi_rdata[14] driven by constant 0
INFO: [Synth 8-3917] design EightBitMemoryBlock_RegisterMemory_0_1 has port s00_axi_rdata[12] driven by constant 0
INFO: [Synth 8-3917] design EightBitMemoryBlock_RegisterMemory_0_1 has port s00_axi_rdata[11] driven by constant 0
INFO: [Synth 8-3917] design EightBitMemoryBlock_RegisterMemory_0_1 has port s00_axi_rdata[10] driven by constant 0
INFO: [Synth 8-3917] design EightBitMemoryBlock_RegisterMemory_0_1 has port s00_axi_rdata[9] driven by constant 0
WARNING: [Synth 8-3331] design EightBitMemoryBlock_RegisterMemory_0_1 has unconnected port s00_axi_awprot[2]
WARNING: [Synth 8-3331] design EightBitMemoryBlock_RegisterMemory_0_1 has unconnected port s00_axi_awprot[1]
WARNING: [Synth 8-3331] design EightBitMemoryBlock_RegisterMemory_0_1 has unconnected port s00_axi_awprot[0]
WARNING: [Synth 8-3331] design EightBitMemoryBlock_RegisterMemory_0_1 has unconnected port s00_axi_wdata[31]
WARNING: [Synth 8-3331] design EightBitMemoryBlock_RegisterMemory_0_1 has unconnected port s00_axi_wdata[30]
WARNING: [Synth 8-3331] design EightBitMemoryBlock_RegisterMemory_0_1 has unconnected port s00_axi_wdata[29]
WARNING: [Synth 8-3331] design EightBitMemoryBlock_RegisterMemory_0_1 has unconnected port s00_axi_wdata[28]
WARNING: [Synth 8-3331] design EightBitMemoryBlock_RegisterMemory_0_1 has unconnected port s00_axi_wdata[27]
WARNING: [Synth 8-3331] design EightBitMemoryBlock_RegisterMemory_0_1 has unconnected port s00_axi_wdata[26]
WARNING: [Synth 8-3331] design EightBitMemoryBlock_RegisterMemory_0_1 has unconnected port s00_axi_wdata[25]
WARNING: [Synth 8-3331] design EightBitMemoryBlock_RegisterMemory_0_1 has unconnected port s00_axi_wdata[24]
WARNING: [Synth 8-3331] design EightBitMemoryBlock_RegisterMemory_0_1 has unconnected port s00_axi_wdata[23]
WARNING: [Synth 8-3331] design EightBitMemoryBlock_RegisterMemory_0_1 has unconnected port s00_axi_wdata[22]
WARNING: [Synth 8-3331] design EightBitMemoryBlock_RegisterMemory_0_1 has unconnected port s00_axi_wdata[21]
WARNING: [Synth 8-3331] design EightBitMemoryBlock_RegisterMemory_0_1 has unconnected port s00_axi_wdata[20]
WARNING: [Synth 8-3331] design EightBitMemoryBlock_RegisterMemory_0_1 has unconnected port s00_axi_wdata[19]
WARNING: [Synth 8-3331] design EightBitMemoryBlock_RegisterMemory_0_1 has unconnected port s00_axi_wdata[18]
WARNING: [Synth 8-3331] design EightBitMemoryBlock_RegisterMemory_0_1 has unconnected port s00_axi_wdata[17]
WARNING: [Synth 8-3331] design EightBitMemoryBlock_RegisterMemory_0_1 has unconnected port s00_axi_wdata[16]
WARNING: [Synth 8-3331] design EightBitMemoryBlock_RegisterMemory_0_1 has unconnected port s00_axi_wdata[15]
WARNING: [Synth 8-3331] design EightBitMemoryBlock_RegisterMemory_0_1 has unconnected port s00_axi_wdata[14]
WARNING: [Synth 8-3331] design EightBitMemoryBlock_RegisterMemory_0_1 has unconnected port s00_axi_wdata[13]
WARNING: [Synth 8-3331] design EightBitMemoryBlock_RegisterMemory_0_1 has unconnected port s00_axi_wdata[12]
WARNING: [Synth 8-3331] design EightBitMemoryBlock_RegisterMemory_0_1 has unconnected port s00_axi_wdata[11]
WARNING: [Synth 8-3331] design EightBitMemoryBlock_RegisterMemory_0_1 has unconnected port s00_axi_wdata[10]
WARNING: [Synth 8-3331] design EightBitMemoryBlock_RegisterMemory_0_1 has unconnected port s00_axi_wdata[9]
WARNING: [Synth 8-3331] design EightBitMemoryBlock_RegisterMemory_0_1 has unconnected port s00_axi_wdata[8]
WARNING: [Synth 8-3331] design EightBitMemoryBlock_RegisterMemory_0_1 has unconnected port s00_axi_wstrb[3]
WARNING: [Synth 8-3331] design EightBitMemoryBlock_RegisterMemory_0_1 has unconnected port s00_axi_wstrb[2]
WARNING: [Synth 8-3331] design EightBitMemoryBlock_RegisterMemory_0_1 has unconnected port s00_axi_wstrb[1]
WARNING: [Synth 8-3331] design EightBitMemoryBlock_RegisterMemory_0_1 has unconnected port s00_axi_wstrb[0]
WARNING: [Synth 8-3331] design EightBitMemoryBlock_RegisterMemory_0_1 has unconnected port s00_axi_arprot[2]
WARNING: [Synth 8-3331] design EightBitMemoryBlock_RegisterMemory_0_1 has unconnected port s00_axi_arprot[1]
WARNING: [Synth 8-3331] design EightBitMemoryBlock_RegisterMemory_0_1 has unconnected port s00_axi_arprot[0]
INFO: [Synth 8-3886] merging instance 'inst/RegisterMemory_v1_0_S00_AXI_inst/axi_rresp_reg[0]' (FDRE) to 'inst/RegisterMemory_v1_0_S00_AXI_inst/axi_rresp_reg[1]'
INFO: [Synth 8-3333] propagating constant 0 across sequential element (\inst/RegisterMemory_v1_0_S00_AXI_inst/axi_rresp_reg[1] )
INFO: [Synth 8-3886] merging instance 'inst/RegisterMemory_v1_0_S00_AXI_inst/axi_bresp_reg[0]' (FDRE) to 'inst/RegisterMemory_v1_0_S00_AXI_inst/axi_bresp_reg[1]'
INFO: [Synth 8-3333] propagating constant 0 across sequential element (\inst/RegisterMemory_v1_0_S00_AXI_inst/axi_bresp_reg[1] )
INFO: [Synth 8-3332] Sequential element (inst/RegisterMemory_v1_0_S00_AXI_inst/axi_bresp_reg[1]) is unused and will be removed from module EightBitMemoryBlock_RegisterMemory_0_1.
INFO: [Synth 8-3332] Sequential element (inst/RegisterMemory_v1_0_S00_AXI_inst/axi_awaddr_reg[3]) is unused and will be removed from module EightBitMemoryBlock_RegisterMemory_0_1.
INFO: [Synth 8-3332] Sequential element (inst/RegisterMemory_v1_0_S00_AXI_inst/axi_awaddr_reg[1]) is unused and will be removed from module EightBitMemoryBlock_RegisterMemory_0_1.
INFO: [Synth 8-3332] Sequential element (inst/RegisterMemory_v1_0_S00_AXI_inst/axi_awaddr_reg[0]) is unused and will be removed from module EightBitMemoryBlock_RegisterMemory_0_1.
INFO: [Synth 8-3332] Sequential element (inst/RegisterMemory_v1_0_S00_AXI_inst/axi_araddr_reg[3]) is unused and will be removed from module EightBitMemoryBlock_RegisterMemory_0_1.
INFO: [Synth 8-3332] Sequential element (inst/RegisterMemory_v1_0_S00_AXI_inst/axi_araddr_reg[1]) is unused and will be removed from module EightBitMemoryBlock_RegisterMemory_0_1.
INFO: [Synth 8-3332] Sequential element (inst/RegisterMemory_v1_0_S00_AXI_inst/axi_araddr_reg[0]) is unused and will be removed from module EightBitMemoryBlock_RegisterMemory_0_1.
INFO: [Synth 8-3332] Sequential element (inst/RegisterMemory_v1_0_S00_AXI_inst/axi_rresp_reg[1]) is unused and will be removed from module EightBitMemoryBlock_RegisterMemory_0_1.
---------------------------------------------------------------------------------
Finished Cross Boundary and Area Optimization : Time (s): cpu = 00:00:26 ; elapsed = 00:00:33 . Memory (MB): peak = 786.457 ; gain = 491.938
---------------------------------------------------------------------------------

Report RTL Partitions: 
+-+--------------+------------+----------+
| |RTL Partition |Replication |Instances |
+-+--------------+------------+----------+
+-+--------------+------------+----------+
---------------------------------------------------------------------------------
Start Applying XDC Timing Constraints
---------------------------------------------------------------------------------
---------------------------------------------------------------------------------
Finished Applying XDC Timing Constraints : Time (s): cpu = 00:00:40 ; elapsed = 00:00:48 . Memory (MB): peak = 800.180 ; gain = 505.660
---------------------------------------------------------------------------------
---------------------------------------------------------------------------------
Start Timing Optimization
---------------------------------------------------------------------------------
---------------------------------------------------------------------------------
Finished Timing Optimization : Time (s): cpu = 00:00:40 ; elapsed = 00:00:48 . Memory (MB): peak = 800.180 ; gain = 505.660
---------------------------------------------------------------------------------

Report RTL Partitions: 
+-+--------------+------------+----------+
| |RTL Partition |Replication |Instances |
+-+--------------+------------+----------+
+-+--------------+------------+----------+
---------------------------------------------------------------------------------
Start Technology Mapping
---------------------------------------------------------------------------------
---------------------------------------------------------------------------------
Finished Technology Mapping : Time (s): cpu = 00:00:40 ; elapsed = 00:00:48 . Memory (MB): peak = 810.238 ; gain = 515.719
---------------------------------------------------------------------------------

Report RTL Partitions: 
+-+--------------+------------+----------+
| |RTL Partition |Replication |Instances |
+-+--------------+------------+----------+
+-+--------------+------------+----------+
---------------------------------------------------------------------------------
Start IO Insertion
---------------------------------------------------------------------------------
---------------------------------------------------------------------------------
Start Flattening Before IO Insertion
---------------------------------------------------------------------------------
---------------------------------------------------------------------------------
Finished Flattening Before IO Insertion
---------------------------------------------------------------------------------
---------------------------------------------------------------------------------
Start Final Netlist Cleanup
---------------------------------------------------------------------------------
---------------------------------------------------------------------------------
Finished Final Netlist Cleanup
---------------------------------------------------------------------------------
---------------------------------------------------------------------------------
Finished IO Insertion : Time (s): cpu = 00:00:41 ; elapsed = 00:00:50 . Memory (MB): peak = 810.238 ; gain = 515.719
---------------------------------------------------------------------------------

Report Check Netlist: 
+------+------------------+-------+---------+-------+------------------+
|      |Item              |Errors |Warnings |Status |Description       |
+------+------------------+-------+---------+-------+------------------+
|1     |multi_driven_nets |      0|        0|Passed |Multi driven nets |
+------+------------------+-------+---------+-------+------------------+
---------------------------------------------------------------------------------
Start Renaming Generated Instances
---------------------------------------------------------------------------------
---------------------------------------------------------------------------------
Finished Renaming Generated Instances : Time (s): cpu = 00:00:41 ; elapsed = 00:00:50 . Memory (MB): peak = 810.238 ; gain = 515.719
---------------------------------------------------------------------------------

Report RTL Partitions: 
+-+--------------+------------+----------+
| |RTL Partition |Replication |Instances |
+-+--------------+------------+----------+
+-+--------------+------------+----------+
---------------------------------------------------------------------------------
Start Rebuilding User Hierarchy
---------------------------------------------------------------------------------
---------------------------------------------------------------------------------
Finished Rebuilding User Hierarchy : Time (s): cpu = 00:00:41 ; elapsed = 00:00:50 . Memory (MB): peak = 810.238 ; gain = 515.719
---------------------------------------------------------------------------------
---------------------------------------------------------------------------------
Start Renaming Generated Ports
---------------------------------------------------------------------------------
---------------------------------------------------------------------------------
Finished Renaming Generated Ports : Time (s): cpu = 00:00:41 ; elapsed = 00:00:50 . Memory (MB): peak = 810.238 ; gain = 515.719
---------------------------------------------------------------------------------
---------------------------------------------------------------------------------
Start Handling Custom Attributes
---------------------------------------------------------------------------------
---------------------------------------------------------------------------------
Finished Handling Custom Attributes : Time (s): cpu = 00:00:41 ; elapsed = 00:00:50 . Memory (MB): peak = 810.238 ; gain = 515.719
---------------------------------------------------------------------------------
---------------------------------------------------------------------------------
Start Renaming Generated Nets
---------------------------------------------------------------------------------
---------------------------------------------------------------------------------
Finished Renaming Generated Nets : Time (s): cpu = 00:00:41 ; elapsed = 00:00:50 . Memory (MB): peak = 810.238 ; gain = 515.719
---------------------------------------------------------------------------------
---------------------------------------------------------------------------------
Start Writing Synthesis Report
---------------------------------------------------------------------------------

Report BlackBoxes: 
+-+--------------+----------+
| |BlackBox name |Instances |
+-+--------------+----------+
+-+--------------+----------+

Report Cell Usage: 
+------+-----+------+
|      |Cell |Count |
+------+-----+------+
|1     |LUT1 |     1|
|2     |LUT2 |     9|
|3     |LUT4 |     4|
|4     |LUT5 |     1|
|5     |LUT6 |     3|
|6     |FDRE |    15|
|7     |FDSE |     1|
+------+-----+------+

Report Instance Areas: 
+------+-------------------------------------+----------------------------+------+
|      |Instance                             |Module                      |Cells |
+------+-------------------------------------+----------------------------+------+
|1     |top                                  |                            |    34|
|2     |  inst                               |RegisterMemory_v1_0         |    34|
|3     |    RegisterMemory_v1_0_S00_AXI_inst |RegisterMemory_v1_0_S00_AXI |    34|
+------+-------------------------------------+----------------------------+------+
---------------------------------------------------------------------------------
Finished Writing Synthesis Report : Time (s): cpu = 00:00:41 ; elapsed = 00:00:50 . Memory (MB): peak = 810.238 ; gain = 515.719
---------------------------------------------------------------------------------
Synthesis finished with 0 errors, 0 critical warnings and 34 warnings.
Synthesis Optimization Runtime : Time (s): cpu = 00:00:26 ; elapsed = 00:00:37 . Memory (MB): peak = 810.238 ; gain = 178.113
Synthesis Optimization Complete : Time (s): cpu = 00:00:41 ; elapsed = 00:00:50 . Memory (MB): peak = 810.238 ; gain = 515.719
INFO: [Project 1-571] Translating synthesized netlist
INFO: [Project 1-570] Preparing netlist for logic optimization
INFO: [Opt 31-138] Pushed 0 inverter(s) to 0 load pin(s).
INFO: [Project 1-111] Unisim Transformation Summary:
No Unisim elements were transformed.

INFO: [Common 17-83] Releasing license: Synthesis
38 Infos, 68 Warnings, 0 Critical Warnings and 0 Errors encountered.
synth_design completed successfully
synth_design: Time (s): cpu = 00:00:44 ; elapsed = 00:00:53 . Memory (MB): peak = 823.953 ; gain = 540.930
INFO: [Common 17-1381] The checkpoint 'C:/Users/hrish/Downloads/ReRAM_Thesis/Project Folder/RegisterEightBitMemory/RegisterEightBitMemory.runs/EightBitMemoryBlock_RegisterMemory_0_1_synth_1/EightBitMemoryBlock_RegisterMemory_0_1.dcp' has been generated.
