Copyright 1986-2018 Xilinx, Inc. All Rights Reserved.
-----------------------------------------------------------------------------------------------------
| Tool Version : Vivado v.2018.1 (win64) Build 2188600 Wed Apr  4 18:40:38 MDT 2018
| Date         : Sun Oct  5 18:12:28 2025
| Host         : LOREFARM running 64-bit major release  (build 9200)
| Command      : report_control_sets -verbose -file DesignForPStoReg_wrapper_control_sets_placed.rpt
| Design       : DesignForPStoReg_wrapper
| Device       : xc7z020
-----------------------------------------------------------------------------------------------------

Control Set Information

Table of Contents
-----------------
1. Summary
2. Histogram
3. Flip-Flop Distribution
4. Detailed Control Set Information

1. Summary
----------

+----------------------------------------------------------+-------+
|                          Status                          | Count |
+----------------------------------------------------------+-------+
| Number of unique control sets                            |    29 |
| Unused register locations in slices containing registers |    81 |
+----------------------------------------------------------+-------+


2. Histogram
------------

+--------+--------------+
| Fanout | Control Sets |
+--------+--------------+
|      2 |            1 |
|      4 |            9 |
|      6 |            1 |
|      8 |            3 |
|     12 |            2 |
|     13 |            1 |
|     14 |            2 |
|    16+ |           10 |
+--------+--------------+


3. Flip-Flop Distribution
-------------------------

+--------------+-----------------------+------------------------+-----------------+--------------+
| Clock Enable | Synchronous Set/Reset | Asynchronous Set/Reset | Total Registers | Total Slices |
+--------------+-----------------------+------------------------+-----------------+--------------+
| No           | No                    | No                     |             109 |           35 |
| No           | No                    | Yes                    |               0 |            0 |
| No           | Yes                   | No                     |              80 |           25 |
| Yes          | No                    | No                     |             252 |           55 |
| Yes          | No                    | Yes                    |               0 |            0 |
| Yes          | Yes                   | No                     |              30 |            9 |
+--------------+-----------------------+------------------------+-----------------+--------------+


4. Detailed Control Set Information
-----------------------------------

+---------------------------------------------------------+------------------------------------------------------------------------------------------------------------------------------------------------------------------------+----------------------------------------------------------------------------------------------------------------------------------------------------+------------------+----------------+
|                       Clock Signal                      |                                                                              Enable Signal                                                                             |                                                                  Set/Reset Signal                                                                  | Slice Load Count | Bel Load Count |
+---------------------------------------------------------+------------------------------------------------------------------------------------------------------------------------------------------------------------------------+----------------------------------------------------------------------------------------------------------------------------------------------------+------------------+----------------+
|  DesignForPStoReg_i/processing_system7_0/inst/FCLK_CLK0 | DesignForPStoReg_i/ps7_0_axi_periph/s00_couplers/auto_pc/inst/gen_axilite.gen_b2s_conv.axilite_b2s/WR.b_channel_0/bid_fifo_0/bresp_push                                |                                                                                                                                                    |                1 |              2 |
|  DesignForPStoReg_i/processing_system7_0/inst/FCLK_CLK0 |                                                                                                                                                                        | DesignForPStoReg_i/rst_ps7_0_50M/U0/EXT_LPF/lpf_int                                                                                                |                2 |              4 |
|  DesignForPStoReg_i/processing_system7_0/inst/FCLK_CLK0 |                                                                                                                                                                        | DesignForPStoReg_i/ps7_0_axi_periph/s00_couplers/auto_pc/inst/gen_axilite.gen_b2s_conv.axilite_b2s/SI_REG/ar.ar_pipe/m_valid_i_reg_0               |                2 |              4 |
|  DesignForPStoReg_i/processing_system7_0/inst/FCLK_CLK0 |                                                                                                                                                                        | DesignForPStoReg_i/ps7_0_axi_periph/s00_couplers/auto_pc/inst/gen_axilite.gen_b2s_conv.axilite_b2s/SI_REG/aw.aw_pipe/s_ready_i_reg_0               |                1 |              4 |
|  DesignForPStoReg_i/processing_system7_0/inst/FCLK_CLK0 | DesignForPStoReg_i/ps7_0_axi_periph/s00_couplers/auto_pc/inst/gen_axilite.gen_b2s_conv.axilite_b2s/RD.ar_channel_0/ar_cmd_fsm_0/wrap_boundary_axaddr_r_reg[11][0]      |                                                                                                                                                    |                3 |              4 |
|  DesignForPStoReg_i/processing_system7_0/inst/FCLK_CLK0 | DesignForPStoReg_i/ps7_0_axi_periph/s00_couplers/auto_pc/inst/gen_axilite.gen_b2s_conv.axilite_b2s/RD.ar_channel_0/ar_cmd_fsm_0/axaddr_incr_reg[0][0]                  |                                                                                                                                                    |                1 |              4 |
|  DesignForPStoReg_i/processing_system7_0/inst/FCLK_CLK0 | DesignForPStoReg_i/ps7_0_axi_periph/s00_couplers/auto_pc/inst/gen_axilite.gen_b2s_conv.axilite_b2s/RD.ar_channel_0/ar_cmd_fsm_0/E[0]                                   | DesignForPStoReg_i/ps7_0_axi_periph/s00_couplers/auto_pc/inst/gen_axilite.gen_b2s_conv.axilite_b2s/RD.ar_channel_0/ar_cmd_fsm_0/axlen_cnt_reg[7]   |                1 |              4 |
|  DesignForPStoReg_i/processing_system7_0/inst/FCLK_CLK0 | DesignForPStoReg_i/ps7_0_axi_periph/s00_couplers/auto_pc/inst/gen_axilite.gen_b2s_conv.axilite_b2s/WR.aw_channel_0/aw_cmd_fsm_0/E[0]                                   |                                                                                                                                                    |                2 |              4 |
|  DesignForPStoReg_i/processing_system7_0/inst/FCLK_CLK0 | DesignForPStoReg_i/ps7_0_axi_periph/s00_couplers/auto_pc/inst/gen_axilite.gen_b2s_conv.axilite_b2s/WR.aw_channel_0/aw_cmd_fsm_0/axaddr_wrap_reg[11][0]                 | DesignForPStoReg_i/ps7_0_axi_periph/s00_couplers/auto_pc/inst/gen_axilite.gen_b2s_conv.axilite_b2s/WR.aw_channel_0/aw_cmd_fsm_0/axlen_cnt_reg[7]_1 |                2 |              4 |
|  DesignForPStoReg_i/processing_system7_0/inst/FCLK_CLK0 | DesignForPStoReg_i/ps7_0_axi_periph/s00_couplers/auto_pc/inst/gen_axilite.gen_b2s_conv.axilite_b2s/WR.aw_channel_0/cmd_translator_0/incr_cmd_0/axaddr_incr[11]_i_1_n_0 |                                                                                                                                                    |                2 |              4 |
|  DesignForPStoReg_i/processing_system7_0/inst/FCLK_CLK0 | DesignForPStoReg_i/rst_ps7_0_50M/U0/SEQ/seq_cnt_en                                                                                                                     | DesignForPStoReg_i/rst_ps7_0_50M/U0/SEQ/SEQ_COUNTER/clear                                                                                          |                1 |              6 |
|  DesignForPStoReg_i/processing_system7_0/inst/FCLK_CLK0 |                                                                                                                                                                        | DesignForPStoReg_i/simple_reg_0/inst/simple_reg_v1_0_S00_AXI_inst/p_0_in                                                                           |                4 |              8 |
|  DesignForPStoReg_i/processing_system7_0/inst/FCLK_CLK0 | DesignForPStoReg_i/simple_reg_0/inst/simple_reg_v1_0_S00_AXI_inst/reg_data_out_0                                                                                       | DesignForPStoReg_i/simple_reg_0/inst/simple_reg_v1_0_S00_AXI_inst/p_0_in                                                                           |                2 |              8 |
|  DesignForPStoReg_i/processing_system7_0/inst/FCLK_CLK0 | DesignForPStoReg_i/ps7_0_axi_periph/s00_couplers/auto_pc/inst/gen_axilite.gen_b2s_conv.axilite_b2s/WR.b_channel_0/mhandshake_r                                         | DesignForPStoReg_i/ps7_0_axi_periph/s00_couplers/auto_pc/inst/gen_axilite.gen_b2s_conv.axilite_b2s/WR.b_channel_0/bid_fifo_0/SR[0]                 |                3 |              8 |
|  DesignForPStoReg_i/processing_system7_0/inst/FCLK_CLK0 | DesignForPStoReg_i/ps7_0_axi_periph/s00_couplers/auto_pc/inst/gen_axilite.gen_b2s_conv.axilite_b2s/RD.ar_channel_0/ar_cmd_fsm_0/E[0]                                   |                                                                                                                                                    |                5 |             12 |
|  DesignForPStoReg_i/processing_system7_0/inst/FCLK_CLK0 | DesignForPStoReg_i/ps7_0_axi_periph/s00_couplers/auto_pc/inst/gen_axilite.gen_b2s_conv.axilite_b2s/WR.aw_channel_0/aw_cmd_fsm_0/axaddr_wrap_reg[11][0]                 |                                                                                                                                                    |                5 |             12 |
|  DesignForPStoReg_i/processing_system7_0/inst/FCLK_CLK0 | DesignForPStoReg_i/ps7_0_axi_periph/s00_couplers/auto_pc/inst/gen_axilite.gen_b2s_conv.axilite_b2s/RD.r_channel_0/r_push_r                                             |                                                                                                                                                    |                4 |             13 |
|  DesignForPStoReg_i/processing_system7_0/inst/FCLK_CLK0 | DesignForPStoReg_i/ps7_0_axi_periph/s00_couplers/auto_pc/inst/gen_axilite.gen_b2s_conv.axilite_b2s/SI_REG/b.b_pipe/p_1_in                                              |                                                                                                                                                    |                2 |             14 |
|  DesignForPStoReg_i/processing_system7_0/inst/FCLK_CLK0 | DesignForPStoReg_i/ps7_0_axi_periph/s00_couplers/auto_pc/inst/gen_axilite.gen_b2s_conv.axilite_b2s/SI_REG/b.b_pipe/skid_buffer_reg[0]_0                                |                                                                                                                                                    |                2 |             14 |
|  DesignForPStoReg_i/processing_system7_0/inst/FCLK_CLK0 | DesignForPStoReg_i/ps7_0_axi_periph/s00_couplers/auto_pc/inst/gen_axilite.gen_b2s_conv.axilite_b2s/WR.aw_channel_0/aw_cmd_fsm_0/b_push                                 |                                                                                                                                                    |                3 |             16 |
|  DesignForPStoReg_i/processing_system7_0/inst/FCLK_CLK0 | DesignForPStoReg_i/ps7_0_axi_periph/s00_couplers/auto_pc/inst/gen_axilite.gen_b2s_conv.axilite_b2s/RD.r_channel_0/rd_data_fifo_0/wr_en0                                |                                                                                                                                                    |                7 |             25 |
|  DesignForPStoReg_i/processing_system7_0/inst/FCLK_CLK0 | DesignForPStoReg_i/ps7_0_axi_periph/s00_couplers/auto_pc/inst/gen_axilite.gen_b2s_conv.axilite_b2s/SI_REG/ar.ar_pipe/s_axi_arready                                     |                                                                                                                                                    |                5 |             27 |
|  DesignForPStoReg_i/processing_system7_0/inst/FCLK_CLK0 | DesignForPStoReg_i/ps7_0_axi_periph/s00_couplers/auto_pc/inst/gen_axilite.gen_b2s_conv.axilite_b2s/RD.ar_channel_0/ar_cmd_fsm_0/m_payload_i_reg[0]_1[0]                |                                                                                                                                                    |                7 |             27 |
|  DesignForPStoReg_i/processing_system7_0/inst/FCLK_CLK0 | DesignForPStoReg_i/ps7_0_axi_periph/s00_couplers/auto_pc/inst/gen_axilite.gen_b2s_conv.axilite_b2s/WR.aw_channel_0/aw_cmd_fsm_0/m_payload_i_reg[0][0]                  |                                                                                                                                                    |                4 |             27 |
|  DesignForPStoReg_i/processing_system7_0/inst/FCLK_CLK0 | DesignForPStoReg_i/ps7_0_axi_periph/s00_couplers/auto_pc/inst/gen_axilite.gen_b2s_conv.axilite_b2s/SI_REG/aw.aw_pipe/s_axi_awready                                     |                                                                                                                                                    |                4 |             27 |
|  DesignForPStoReg_i/processing_system7_0/inst/FCLK_CLK0 | DesignForPStoReg_i/ps7_0_axi_periph/s00_couplers/auto_pc/inst/gen_axilite.gen_b2s_conv.axilite_b2s/SI_REG/r.r_pipe/p_1_in                                              |                                                                                                                                                    |                7 |             38 |
|  DesignForPStoReg_i/processing_system7_0/inst/FCLK_CLK0 | DesignForPStoReg_i/ps7_0_axi_periph/s00_couplers/auto_pc/inst/gen_axilite.gen_b2s_conv.axilite_b2s/SI_REG/r.r_pipe/skid_buffer_reg[0]_0                                |                                                                                                                                                    |                6 |             38 |
|  DesignForPStoReg_i/processing_system7_0/inst/FCLK_CLK0 |                                                                                                                                                                        | DesignForPStoReg_i/ps7_0_axi_periph/s00_couplers/auto_pc/inst/gen_axilite.gen_b2s_conv.axilite_b2s/areset_d1                                       |               16 |             60 |
|  DesignForPStoReg_i/processing_system7_0/inst/FCLK_CLK0 |                                                                                                                                                                        |                                                                                                                                                    |               36 |            110 |
+---------------------------------------------------------+------------------------------------------------------------------------------------------------------------------------------------------------------------------------+----------------------------------------------------------------------------------------------------------------------------------------------------+------------------+----------------+


