20:48:26 INFO  : Registering command handlers for SDK TCF services
20:48:27 INFO  : Launching XSCT server: xsct.bat -interactive C:\Users\hrish\OneDrive\Desktop\ReRamRevisionWithBRAM\sdk\temp_xsdb_launch_script.tcl
20:48:31 INFO  : XSCT server has started successfully.
20:48:41 INFO  : Successfully done setting XSCT server connection channel  
20:48:41 INFO  : Successfully done setting SDK workspace  
20:48:41 INFO  : Processing command line option -hwspec C:/Users/hrish/OneDrive/Desktop/ReRamRevisionWithBRAM/hw/RevisionDesign_wrapper.hdf.
20:52:16 INFO  : Connected to target on host '127.0.0.1' and port '3121'.
20:52:16 INFO  : 'targets -set -filter {jtag_cable_name =~ "Digilent Zybo Z7 210351A81D96A" && level==0} -index 1' command is executed.
20:52:18 INFO  : FPGA configured successfully with bitstream "C:/Users/hrish/OneDrive/Desktop/ReRamRevisionWithBRAM/sdk/RevisionDesign_wrapper_hw_platform_0/RevisionDesign_wrapper.bit"
20:52:39 INFO  : 'targets -set -filter {jtag_cable_name =~ "Digilent Zybo Z7 210351A81D96A" && level==0} -index 1' command is executed.
20:52:39 INFO  : 'fpga -state' command is executed.
20:52:39 INFO  : Connected to target on host '127.0.0.1' and port '3121'.
20:52:39 INFO  : Jtag cable 'Digilent Zybo Z7 210351A81D96A' is selected.
20:52:39 INFO  : 'jtag frequency' command is executed.
20:52:39 INFO  : Sourcing of 'C:/Users/hrish/OneDrive/Desktop/ReRamRevisionWithBRAM/sdk/RevisionDesign_wrapper_hw_platform_0/ps7_init.tcl' is done.
20:52:39 INFO  : Context for 'APU' is selected.
20:52:39 INFO  : Hardware design information is loaded from 'C:/Users/hrish/OneDrive/Desktop/ReRamRevisionWithBRAM/sdk/RevisionDesign_wrapper_hw_platform_0/system.hdf'.
20:52:39 INFO  : 'configparams force-mem-access 1' command is executed.
20:52:40 INFO  : Context for 'APU' is selected.
20:52:40 INFO  : 'stop' command is executed.
20:52:40 INFO  : 'ps7_init' command is executed.
20:52:40 INFO  : 'ps7_post_config' command is executed.
20:52:40 INFO  : Context for processor 'ps7_cortexa9_0' is selected.
20:52:40 INFO  : Processor reset is completed for 'ps7_cortexa9_0'.
20:52:40 INFO  : Context for processor 'ps7_cortexa9_0' is selected.
20:52:40 INFO  : The application 'C:/Users/hrish/OneDrive/Desktop/ReRamRevisionWithBRAM/sdk/ReRamRevisionWithBram/Debug/ReRamRevisionWithBram.elf' is downloaded to processor 'ps7_cortexa9_0'.
20:52:40 INFO  : 'configparams force-mem-access 0' command is executed.
20:52:40 INFO  : ----------------XSDB Script----------------
connect -url tcp:127.0.0.1:3121
source C:/Users/hrish/OneDrive/Desktop/ReRamRevisionWithBRAM/sdk/RevisionDesign_wrapper_hw_platform_0/ps7_init.tcl
targets -set -nocase -filter {name =~"APU*" && jtag_cable_name =~ "Digilent Zybo Z7 210351A81D96A"} -index 0
loadhw -hw C:/Users/hrish/OneDrive/Desktop/ReRamRevisionWithBRAM/sdk/RevisionDesign_wrapper_hw_platform_0/system.hdf -mem-ranges [list {0x40000000 0xbfffffff}]
configparams force-mem-access 1
targets -set -nocase -filter {name =~"APU*" && jtag_cable_name =~ "Digilent Zybo Z7 210351A81D96A"} -index 0
stop
ps7_init
ps7_post_config
targets -set -nocase -filter {name =~ "ARM*#0" && jtag_cable_name =~ "Digilent Zybo Z7 210351A81D96A"} -index 0
rst -processor
targets -set -nocase -filter {name =~ "ARM*#0" && jtag_cable_name =~ "Digilent Zybo Z7 210351A81D96A"} -index 0
dow C:/Users/hrish/OneDrive/Desktop/ReRamRevisionWithBRAM/sdk/ReRamRevisionWithBram/Debug/ReRamRevisionWithBram.elf
configparams force-mem-access 0
----------------End of Script----------------

20:52:40 INFO  : Memory regions updated for context APU
20:52:41 INFO  : Context for processor 'ps7_cortexa9_0' is selected.
20:52:41 INFO  : 'con' command is executed.
20:52:41 INFO  : ----------------XSDB Script (After Launch)----------------
targets -set -nocase -filter {name =~ "ARM*#0" && jtag_cable_name =~ "Digilent Zybo Z7 210351A81D96A"} -index 0
con
----------------End of Script----------------

20:52:41 INFO  : Launch script is exported to file 'C:\Users\hrish\OneDrive\Desktop\ReRamRevisionWithBRAM\sdk\.sdk\launch_scripts\xilinx_c-c++_application_(system_debugger)\system_debugger_using_debug_reramrevisionwithbram.elf_on_local.tcl'
20:59:48 INFO  : Disconnected from the channel tcfchan#1.
21:00:18 INFO  : Connected to target on host '127.0.0.1' and port '3121'.
21:00:19 INFO  : 'targets -set -filter {jtag_cable_name =~ "Digilent Zybo Z7 210351A81D96A" && level==0} -index 1' command is executed.
21:00:21 INFO  : FPGA configured successfully with bitstream "C:/Users/hrish/OneDrive/Desktop/ReRamRevisionWithBRAM/sdk/RevisionDesign_wrapper_hw_platform_0/RevisionDesign_wrapper.bit"
21:00:35 INFO  : 'targets -set -filter {jtag_cable_name =~ "Digilent Zybo Z7 210351A81D96A" && level==0} -index 1' command is executed.
21:00:35 INFO  : 'fpga -state' command is executed.
21:00:35 INFO  : Connected to target on host '127.0.0.1' and port '3121'.
21:00:36 INFO  : Jtag cable 'Digilent Zybo Z7 210351A81D96A' is selected.
21:00:36 INFO  : 'jtag frequency' command is executed.
21:00:36 INFO  : Sourcing of 'C:/Users/hrish/OneDrive/Desktop/ReRamRevisionWithBRAM/sdk/RevisionDesign_wrapper_hw_platform_0/ps7_init.tcl' is done.
21:00:36 INFO  : Context for 'APU' is selected.
21:00:36 INFO  : Hardware design information is loaded from 'C:/Users/hrish/OneDrive/Desktop/ReRamRevisionWithBRAM/sdk/RevisionDesign_wrapper_hw_platform_0/system.hdf'.
21:00:36 INFO  : 'configparams force-mem-access 1' command is executed.
21:00:36 INFO  : Context for 'APU' is selected.
21:00:36 INFO  : 'stop' command is executed.
21:00:36 INFO  : 'ps7_init' command is executed.
21:00:36 INFO  : 'ps7_post_config' command is executed.
21:00:36 INFO  : Context for processor 'ps7_cortexa9_0' is selected.
21:00:37 INFO  : Processor reset is completed for 'ps7_cortexa9_0'.
21:00:37 INFO  : Context for processor 'ps7_cortexa9_0' is selected.
21:00:37 INFO  : The application 'C:/Users/hrish/OneDrive/Desktop/ReRamRevisionWithBRAM/sdk/ReRamRevisionWithBram/Debug/ReRamRevisionWithBram.elf' is downloaded to processor 'ps7_cortexa9_0'.
21:00:37 INFO  : 'configparams force-mem-access 0' command is executed.
21:00:37 INFO  : ----------------XSDB Script----------------
connect -url tcp:127.0.0.1:3121
source C:/Users/hrish/OneDrive/Desktop/ReRamRevisionWithBRAM/sdk/RevisionDesign_wrapper_hw_platform_0/ps7_init.tcl
targets -set -nocase -filter {name =~"APU*" && jtag_cable_name =~ "Digilent Zybo Z7 210351A81D96A"} -index 0
loadhw -hw C:/Users/hrish/OneDrive/Desktop/ReRamRevisionWithBRAM/sdk/RevisionDesign_wrapper_hw_platform_0/system.hdf -mem-ranges [list {0x40000000 0xbfffffff}]
configparams force-mem-access 1
targets -set -nocase -filter {name =~"APU*" && jtag_cable_name =~ "Digilent Zybo Z7 210351A81D96A"} -index 0
stop
ps7_init
ps7_post_config
targets -set -nocase -filter {name =~ "ARM*#0" && jtag_cable_name =~ "Digilent Zybo Z7 210351A81D96A"} -index 0
rst -processor
targets -set -nocase -filter {name =~ "ARM*#0" && jtag_cable_name =~ "Digilent Zybo Z7 210351A81D96A"} -index 0
dow C:/Users/hrish/OneDrive/Desktop/ReRamRevisionWithBRAM/sdk/ReRamRevisionWithBram/Debug/ReRamRevisionWithBram.elf
configparams force-mem-access 0
----------------End of Script----------------

21:00:37 INFO  : Memory regions updated for context APU
21:00:37 INFO  : Context for processor 'ps7_cortexa9_0' is selected.
21:00:37 INFO  : 'con' command is executed.
21:00:37 INFO  : ----------------XSDB Script (After Launch)----------------
targets -set -nocase -filter {name =~ "ARM*#0" && jtag_cable_name =~ "Digilent Zybo Z7 210351A81D96A"} -index 0
con
----------------End of Script----------------

21:00:37 INFO  : Launch script is exported to file 'C:\Users\hrish\OneDrive\Desktop\ReRamRevisionWithBRAM\sdk\.sdk\launch_scripts\xilinx_c-c++_application_(system_debugger)\system_debugger_using_debug_reramrevisionwithbram.elf_on_local.tcl'
21:06:52 INFO  : Disconnected from the channel tcfchan#2.
21:19:26 INFO  : Connected to target on host '127.0.0.1' and port '3121'.
21:19:26 INFO  : 'targets -set -filter {jtag_cable_name =~ "Digilent Zybo Z7 210351A81D96A" && level==0} -index 1' command is executed.
21:19:29 INFO  : FPGA configured successfully with bitstream "C:/Users/hrish/OneDrive/Desktop/ReRamRevisionWithBRAM/sdk/RevisionDesign_wrapper_hw_platform_0/RevisionDesign_wrapper.bit"
21:19:45 INFO  : 'targets -set -filter {jtag_cable_name =~ "Digilent Zybo Z7 210351A81D96A" && level==0} -index 1' command is executed.
21:19:45 INFO  : 'fpga -state' command is executed.
21:19:45 INFO  : Connected to target on host '127.0.0.1' and port '3121'.
21:19:45 INFO  : Jtag cable 'Digilent Zybo Z7 210351A81D96A' is selected.
21:19:45 INFO  : 'jtag frequency' command is executed.
21:19:45 INFO  : Sourcing of 'C:/Users/hrish/OneDrive/Desktop/ReRamRevisionWithBRAM/sdk/RevisionDesign_wrapper_hw_platform_0/ps7_init.tcl' is done.
21:19:45 INFO  : Context for 'APU' is selected.
21:19:45 INFO  : Hardware design information is loaded from 'C:/Users/hrish/OneDrive/Desktop/ReRamRevisionWithBRAM/sdk/RevisionDesign_wrapper_hw_platform_0/system.hdf'.
21:19:45 INFO  : 'configparams force-mem-access 1' command is executed.
21:19:45 INFO  : Context for 'APU' is selected.
21:19:45 INFO  : 'stop' command is executed.
21:19:46 INFO  : 'ps7_init' command is executed.
21:19:46 INFO  : 'ps7_post_config' command is executed.
21:19:46 INFO  : Context for processor 'ps7_cortexa9_0' is selected.
21:19:46 INFO  : Processor reset is completed for 'ps7_cortexa9_0'.
21:19:46 INFO  : Context for processor 'ps7_cortexa9_0' is selected.
21:19:46 INFO  : The application 'C:/Users/hrish/OneDrive/Desktop/ReRamRevisionWithBRAM/sdk/ReRamRevisionWithBram/Debug/ReRamRevisionWithBram.elf' is downloaded to processor 'ps7_cortexa9_0'.
21:19:46 INFO  : 'configparams force-mem-access 0' command is executed.
21:19:46 INFO  : ----------------XSDB Script----------------
connect -url tcp:127.0.0.1:3121
source C:/Users/hrish/OneDrive/Desktop/ReRamRevisionWithBRAM/sdk/RevisionDesign_wrapper_hw_platform_0/ps7_init.tcl
targets -set -nocase -filter {name =~"APU*" && jtag_cable_name =~ "Digilent Zybo Z7 210351A81D96A"} -index 0
loadhw -hw C:/Users/hrish/OneDrive/Desktop/ReRamRevisionWithBRAM/sdk/RevisionDesign_wrapper_hw_platform_0/system.hdf -mem-ranges [list {0x40000000 0xbfffffff}]
configparams force-mem-access 1
targets -set -nocase -filter {name =~"APU*" && jtag_cable_name =~ "Digilent Zybo Z7 210351A81D96A"} -index 0
stop
ps7_init
ps7_post_config
targets -set -nocase -filter {name =~ "ARM*#0" && jtag_cable_name =~ "Digilent Zybo Z7 210351A81D96A"} -index 0
rst -processor
targets -set -nocase -filter {name =~ "ARM*#0" && jtag_cable_name =~ "Digilent Zybo Z7 210351A81D96A"} -index 0
dow C:/Users/hrish/OneDrive/Desktop/ReRamRevisionWithBRAM/sdk/ReRamRevisionWithBram/Debug/ReRamRevisionWithBram.elf
configparams force-mem-access 0
----------------End of Script----------------

21:19:46 INFO  : Memory regions updated for context APU
21:19:46 INFO  : Context for processor 'ps7_cortexa9_0' is selected.
21:19:46 INFO  : 'con' command is executed.
21:19:46 INFO  : ----------------XSDB Script (After Launch)----------------
targets -set -nocase -filter {name =~ "ARM*#0" && jtag_cable_name =~ "Digilent Zybo Z7 210351A81D96A"} -index 0
con
----------------End of Script----------------

21:19:46 INFO  : Launch script is exported to file 'C:\Users\hrish\OneDrive\Desktop\ReRamRevisionWithBRAM\sdk\.sdk\launch_scripts\xilinx_c-c++_application_(system_debugger)\system_debugger_using_debug_reramrevisionwithbram.elf_on_local.tcl'
21:23:21 INFO  : Disconnected from the channel tcfchan#3.
21:28:45 INFO  : Connected to target on host '127.0.0.1' and port '3121'.
21:28:46 INFO  : 'targets -set -filter {jtag_cable_name =~ "Digilent Zybo Z7 210351A81D96A" && level==0} -index 1' command is executed.
21:28:48 INFO  : FPGA configured successfully with bitstream "C:/Users/hrish/OneDrive/Desktop/ReRamRevisionWithBRAM/sdk/RevisionDesign_wrapper_hw_platform_0/RevisionDesign_wrapper.bit"
21:28:58 INFO  : 'targets -set -filter {jtag_cable_name =~ "Digilent Zybo Z7 210351A81D96A" && level==0} -index 1' command is executed.
21:28:58 INFO  : 'fpga -state' command is executed.
21:28:58 INFO  : Connected to target on host '127.0.0.1' and port '3121'.
21:28:58 INFO  : Jtag cable 'Digilent Zybo Z7 210351A81D96A' is selected.
21:28:58 INFO  : 'jtag frequency' command is executed.
21:28:58 INFO  : Sourcing of 'C:/Users/hrish/OneDrive/Desktop/ReRamRevisionWithBRAM/sdk/RevisionDesign_wrapper_hw_platform_0/ps7_init.tcl' is done.
21:28:58 INFO  : Context for 'APU' is selected.
21:28:58 INFO  : Hardware design information is loaded from 'C:/Users/hrish/OneDrive/Desktop/ReRamRevisionWithBRAM/sdk/RevisionDesign_wrapper_hw_platform_0/system.hdf'.
21:28:59 INFO  : 'configparams force-mem-access 1' command is executed.
21:28:59 INFO  : Context for 'APU' is selected.
21:28:59 INFO  : 'stop' command is executed.
21:28:59 INFO  : 'ps7_init' command is executed.
21:28:59 INFO  : 'ps7_post_config' command is executed.
21:28:59 INFO  : Context for processor 'ps7_cortexa9_0' is selected.
21:28:59 INFO  : Processor reset is completed for 'ps7_cortexa9_0'.
21:28:59 INFO  : Context for processor 'ps7_cortexa9_0' is selected.
21:29:00 INFO  : The application 'C:/Users/hrish/OneDrive/Desktop/ReRamRevisionWithBRAM/sdk/ReRamRevisionWithBram/Debug/ReRamRevisionWithBram.elf' is downloaded to processor 'ps7_cortexa9_0'.
21:29:00 INFO  : 'configparams force-mem-access 0' command is executed.
21:29:00 INFO  : ----------------XSDB Script----------------
connect -url tcp:127.0.0.1:3121
source C:/Users/hrish/OneDrive/Desktop/ReRamRevisionWithBRAM/sdk/RevisionDesign_wrapper_hw_platform_0/ps7_init.tcl
targets -set -nocase -filter {name =~"APU*" && jtag_cable_name =~ "Digilent Zybo Z7 210351A81D96A"} -index 0
loadhw -hw C:/Users/hrish/OneDrive/Desktop/ReRamRevisionWithBRAM/sdk/RevisionDesign_wrapper_hw_platform_0/system.hdf -mem-ranges [list {0x40000000 0xbfffffff}]
configparams force-mem-access 1
targets -set -nocase -filter {name =~"APU*" && jtag_cable_name =~ "Digilent Zybo Z7 210351A81D96A"} -index 0
stop
ps7_init
ps7_post_config
targets -set -nocase -filter {name =~ "ARM*#0" && jtag_cable_name =~ "Digilent Zybo Z7 210351A81D96A"} -index 0
rst -processor
targets -set -nocase -filter {name =~ "ARM*#0" && jtag_cable_name =~ "Digilent Zybo Z7 210351A81D96A"} -index 0
dow C:/Users/hrish/OneDrive/Desktop/ReRamRevisionWithBRAM/sdk/ReRamRevisionWithBram/Debug/ReRamRevisionWithBram.elf
configparams force-mem-access 0
----------------End of Script----------------

21:29:00 INFO  : Memory regions updated for context APU
21:29:00 INFO  : Context for processor 'ps7_cortexa9_0' is selected.
21:29:00 INFO  : 'con' command is executed.
21:29:00 INFO  : ----------------XSDB Script (After Launch)----------------
targets -set -nocase -filter {name =~ "ARM*#0" && jtag_cable_name =~ "Digilent Zybo Z7 210351A81D96A"} -index 0
con
----------------End of Script----------------

21:29:00 INFO  : Launch script is exported to file 'C:\Users\hrish\OneDrive\Desktop\ReRamRevisionWithBRAM\sdk\.sdk\launch_scripts\xilinx_c-c++_application_(system_debugger)\system_debugger_using_debug_reramrevisionwithbram.elf_on_local.tcl'
21:31:35 INFO  : Disconnected from the channel tcfchan#4.
21:31:54 INFO  : Connected to target on host '127.0.0.1' and port '3121'.
21:31:54 INFO  : 'targets -set -filter {jtag_cable_name =~ "Digilent Zybo Z7 210351A81D96A" && level==0} -index 1' command is executed.
21:31:56 INFO  : FPGA configured successfully with bitstream "C:/Users/hrish/OneDrive/Desktop/ReRamRevisionWithBRAM/sdk/RevisionDesign_wrapper_hw_platform_0/RevisionDesign_wrapper.bit"
21:32:08 INFO  : 'targets -set -filter {jtag_cable_name =~ "Digilent Zybo Z7 210351A81D96A" && level==0} -index 1' command is executed.
21:32:08 INFO  : 'fpga -state' command is executed.
21:32:08 INFO  : Connected to target on host '127.0.0.1' and port '3121'.
21:32:09 INFO  : Jtag cable 'Digilent Zybo Z7 210351A81D96A' is selected.
21:32:09 INFO  : 'jtag frequency' command is executed.
21:32:09 INFO  : Sourcing of 'C:/Users/hrish/OneDrive/Desktop/ReRamRevisionWithBRAM/sdk/RevisionDesign_wrapper_hw_platform_0/ps7_init.tcl' is done.
21:32:09 INFO  : Context for 'APU' is selected.
21:32:09 INFO  : Hardware design information is loaded from 'C:/Users/hrish/OneDrive/Desktop/ReRamRevisionWithBRAM/sdk/RevisionDesign_wrapper_hw_platform_0/system.hdf'.
21:32:09 INFO  : 'configparams force-mem-access 1' command is executed.
21:32:09 INFO  : Context for 'APU' is selected.
21:32:09 INFO  : 'stop' command is executed.
21:32:10 INFO  : 'ps7_init' command is executed.
21:32:10 INFO  : 'ps7_post_config' command is executed.
21:32:10 INFO  : Context for processor 'ps7_cortexa9_0' is selected.
21:32:10 INFO  : Processor reset is completed for 'ps7_cortexa9_0'.
21:32:10 INFO  : Context for processor 'ps7_cortexa9_0' is selected.
21:32:10 INFO  : The application 'C:/Users/hrish/OneDrive/Desktop/ReRamRevisionWithBRAM/sdk/ReRamRevisionWithBram/Debug/ReRamRevisionWithBram.elf' is downloaded to processor 'ps7_cortexa9_0'.
21:32:10 INFO  : 'configparams force-mem-access 0' command is executed.
21:32:10 INFO  : ----------------XSDB Script----------------
connect -url tcp:127.0.0.1:3121
source C:/Users/hrish/OneDrive/Desktop/ReRamRevisionWithBRAM/sdk/RevisionDesign_wrapper_hw_platform_0/ps7_init.tcl
targets -set -nocase -filter {name =~"APU*" && jtag_cable_name =~ "Digilent Zybo Z7 210351A81D96A"} -index 0
loadhw -hw C:/Users/hrish/OneDrive/Desktop/ReRamRevisionWithBRAM/sdk/RevisionDesign_wrapper_hw_platform_0/system.hdf -mem-ranges [list {0x40000000 0xbfffffff}]
configparams force-mem-access 1
targets -set -nocase -filter {name =~"APU*" && jtag_cable_name =~ "Digilent Zybo Z7 210351A81D96A"} -index 0
stop
ps7_init
ps7_post_config
targets -set -nocase -filter {name =~ "ARM*#0" && jtag_cable_name =~ "Digilent Zybo Z7 210351A81D96A"} -index 0
rst -processor
targets -set -nocase -filter {name =~ "ARM*#0" && jtag_cable_name =~ "Digilent Zybo Z7 210351A81D96A"} -index 0
dow C:/Users/hrish/OneDrive/Desktop/ReRamRevisionWithBRAM/sdk/ReRamRevisionWithBram/Debug/ReRamRevisionWithBram.elf
configparams force-mem-access 0
----------------End of Script----------------

21:32:10 INFO  : Memory regions updated for context APU
21:32:10 INFO  : Context for processor 'ps7_cortexa9_0' is selected.
21:32:10 INFO  : 'con' command is executed.
21:32:10 INFO  : ----------------XSDB Script (After Launch)----------------
targets -set -nocase -filter {name =~ "ARM*#0" && jtag_cable_name =~ "Digilent Zybo Z7 210351A81D96A"} -index 0
con
----------------End of Script----------------

21:32:10 INFO  : Launch script is exported to file 'C:\Users\hrish\OneDrive\Desktop\ReRamRevisionWithBRAM\sdk\.sdk\launch_scripts\xilinx_c-c++_application_(system_debugger)\system_debugger_using_debug_reramrevisionwithbram.elf_on_local.tcl'
21:33:21 INFO  : Disconnected from the channel tcfchan#5.
21:48:16 INFO  : Connected to target on host '127.0.0.1' and port '3121'.
21:48:17 INFO  : 'targets -set -filter {jtag_cable_name =~ "Digilent Zybo Z7 210351A81D96A" && level==0} -index 1' command is executed.
21:48:19 INFO  : FPGA configured successfully with bitstream "C:/Users/hrish/OneDrive/Desktop/ReRamRevisionWithBRAM/sdk/RevisionDesign_wrapper_hw_platform_0/RevisionDesign_wrapper.bit"
21:48:31 INFO  : 'targets -set -filter {jtag_cable_name =~ "Digilent Zybo Z7 210351A81D96A" && level==0} -index 1' command is executed.
21:48:31 INFO  : 'fpga -state' command is executed.
21:48:31 INFO  : Connected to target on host '127.0.0.1' and port '3121'.
21:48:31 INFO  : Jtag cable 'Digilent Zybo Z7 210351A81D96A' is selected.
21:48:31 INFO  : 'jtag frequency' command is executed.
21:48:31 INFO  : Sourcing of 'C:/Users/hrish/OneDrive/Desktop/ReRamRevisionWithBRAM/sdk/RevisionDesign_wrapper_hw_platform_0/ps7_init.tcl' is done.
21:48:31 INFO  : Context for 'APU' is selected.
21:48:31 INFO  : Hardware design information is loaded from 'C:/Users/hrish/OneDrive/Desktop/ReRamRevisionWithBRAM/sdk/RevisionDesign_wrapper_hw_platform_0/system.hdf'.
21:48:31 INFO  : 'configparams force-mem-access 1' command is executed.
21:48:31 INFO  : Context for 'APU' is selected.
21:48:31 INFO  : 'stop' command is executed.
21:48:32 INFO  : 'ps7_init' command is executed.
21:48:32 INFO  : 'ps7_post_config' command is executed.
21:48:32 INFO  : Context for processor 'ps7_cortexa9_0' is selected.
21:48:32 INFO  : Processor reset is completed for 'ps7_cortexa9_0'.
21:48:32 INFO  : Context for processor 'ps7_cortexa9_0' is selected.
21:48:32 INFO  : The application 'C:/Users/hrish/OneDrive/Desktop/ReRamRevisionWithBRAM/sdk/ReRamRevisionWithBram/Debug/ReRamRevisionWithBram.elf' is downloaded to processor 'ps7_cortexa9_0'.
21:48:32 INFO  : 'configparams force-mem-access 0' command is executed.
21:48:32 INFO  : ----------------XSDB Script----------------
connect -url tcp:127.0.0.1:3121
source C:/Users/hrish/OneDrive/Desktop/ReRamRevisionWithBRAM/sdk/RevisionDesign_wrapper_hw_platform_0/ps7_init.tcl
targets -set -nocase -filter {name =~"APU*" && jtag_cable_name =~ "Digilent Zybo Z7 210351A81D96A"} -index 0
loadhw -hw C:/Users/hrish/OneDrive/Desktop/ReRamRevisionWithBRAM/sdk/RevisionDesign_wrapper_hw_platform_0/system.hdf -mem-ranges [list {0x40000000 0xbfffffff}]
configparams force-mem-access 1
targets -set -nocase -filter {name =~"APU*" && jtag_cable_name =~ "Digilent Zybo Z7 210351A81D96A"} -index 0
stop
ps7_init
ps7_post_config
targets -set -nocase -filter {name =~ "ARM*#0" && jtag_cable_name =~ "Digilent Zybo Z7 210351A81D96A"} -index 0
rst -processor
targets -set -nocase -filter {name =~ "ARM*#0" && jtag_cable_name =~ "Digilent Zybo Z7 210351A81D96A"} -index 0
dow C:/Users/hrish/OneDrive/Desktop/ReRamRevisionWithBRAM/sdk/ReRamRevisionWithBram/Debug/ReRamRevisionWithBram.elf
configparams force-mem-access 0
----------------End of Script----------------

21:48:32 INFO  : Memory regions updated for context APU
21:48:33 INFO  : Context for processor 'ps7_cortexa9_0' is selected.
21:48:33 INFO  : 'con' command is executed.
21:48:33 INFO  : ----------------XSDB Script (After Launch)----------------
targets -set -nocase -filter {name =~ "ARM*#0" && jtag_cable_name =~ "Digilent Zybo Z7 210351A81D96A"} -index 0
con
----------------End of Script----------------

21:48:33 INFO  : Launch script is exported to file 'C:\Users\hrish\OneDrive\Desktop\ReRamRevisionWithBRAM\sdk\.sdk\launch_scripts\xilinx_c-c++_application_(system_debugger)\system_debugger_using_debug_reramrevisionwithbram.elf_on_local.tcl'
21:49:37 INFO  : Disconnected from the channel tcfchan#6.
13:44:44 INFO  : Registering command handlers for SDK TCF services
13:44:44 INFO  : Launching XSCT server: xsct.bat -interactive C:\Users\hrish\OneDrive\Desktop\ReRamRevisionWithBRAM\sdk\temp_xsdb_launch_script.tcl
13:44:46 INFO  : XSCT server has started successfully.
13:44:47 INFO  : Successfully done setting XSCT server connection channel  
13:44:47 INFO  : Successfully done setting SDK workspace  
