
*** Running vivado
    with args -log system_bd_wrapper.vdi -applog -m64 -product Vivado -messageDb vivado.pb -mode batch -source system_bd_wrapper.tcl -notrace


****** Vivado v2018.1 (64-bit)
  **** SW Build 2188600 on Wed Apr  4 18:40:38 MDT 2018
  **** IP Build 2185939 on Wed Apr  4 20:55:05 MDT 2018
    ** Copyright 1986-2018 Xilinx, Inc. All Rights Reserved.

source system_bd_wrapper.tcl -notrace
INFO: [IP_Flow 19-234] Refreshing IP repositories
INFO: [IP_Flow 19-1700] Loaded user IP repository 'c:/Users/hrish/Downloads/ReRAM_Thesis/Project Folder/ip_repo/reram_axi_ip_1.0'.
INFO: [IP_Flow 19-2313] Loaded Vivado IP repository 'C:/Xilinx/Vivado/2018.1/data/ip'.
Command: link_design -top system_bd_wrapper -part xc7z020clg400-1
Design is defaulting to srcset: sources_1
Design is defaulting to constrset: constrs_1
INFO: [Netlist 29-17] Analyzing 1295 Unisim elements for replacement
INFO: [Netlist 29-28] Unisim Transformation completed in 0 CPU seconds
INFO: [Project 1-479] Netlist was created with Vivado 2018.1
INFO: [Device 21-403] Loading part xc7z020clg400-1
INFO: [Project 1-570] Preparing netlist for logic optimization
Parsing XDC File [c:/Users/hrish/Downloads/ReRAM_Thesis/Project Folder/ReRAM_AXI_Project/ReRAM_AXI_Project.srcs/sources_1/bd/system_bd/ip/system_bd_rst_ps7_0_50M_1/system_bd_rst_ps7_0_50M_1_board.xdc] for cell 'system_bd_i/rst_ps7_0_50M/U0'
Finished Parsing XDC File [c:/Users/hrish/Downloads/ReRAM_Thesis/Project Folder/ReRAM_AXI_Project/ReRAM_AXI_Project.srcs/sources_1/bd/system_bd/ip/system_bd_rst_ps7_0_50M_1/system_bd_rst_ps7_0_50M_1_board.xdc] for cell 'system_bd_i/rst_ps7_0_50M/U0'
Parsing XDC File [c:/Users/hrish/Downloads/ReRAM_Thesis/Project Folder/ReRAM_AXI_Project/ReRAM_AXI_Project.srcs/sources_1/bd/system_bd/ip/system_bd_rst_ps7_0_50M_1/system_bd_rst_ps7_0_50M_1.xdc] for cell 'system_bd_i/rst_ps7_0_50M/U0'
Finished Parsing XDC File [c:/Users/hrish/Downloads/ReRAM_Thesis/Project Folder/ReRAM_AXI_Project/ReRAM_AXI_Project.srcs/sources_1/bd/system_bd/ip/system_bd_rst_ps7_0_50M_1/system_bd_rst_ps7_0_50M_1.xdc] for cell 'system_bd_i/rst_ps7_0_50M/U0'
Parsing XDC File [c:/Users/hrish/Downloads/ReRAM_Thesis/Project Folder/ReRAM_AXI_Project/ReRAM_AXI_Project.srcs/sources_1/bd/system_bd/ip/system_bd_processing_system7_0_2/system_bd_processing_system7_0_2.xdc] for cell 'system_bd_i/processing_system7_0/inst'
Finished Parsing XDC File [c:/Users/hrish/Downloads/ReRAM_Thesis/Project Folder/ReRAM_AXI_Project/ReRAM_AXI_Project.srcs/sources_1/bd/system_bd/ip/system_bd_processing_system7_0_2/system_bd_processing_system7_0_2.xdc] for cell 'system_bd_i/processing_system7_0/inst'
Parsing XDC File [c:/Users/hrish/Downloads/ReRAM_Thesis/Project Folder/ReRAM_AXI_Project/ReRAM_AXI_Project.srcs/sources_1/bd/system_bd/ip/system_bd_ila_0_0/ila_v6_2/constraints/ila_impl.xdc] for cell 'system_bd_i/ila_0/inst'
Finished Parsing XDC File [c:/Users/hrish/Downloads/ReRAM_Thesis/Project Folder/ReRAM_AXI_Project/ReRAM_AXI_Project.srcs/sources_1/bd/system_bd/ip/system_bd_ila_0_0/ila_v6_2/constraints/ila_impl.xdc] for cell 'system_bd_i/ila_0/inst'
Parsing XDC File [c:/Users/hrish/Downloads/ReRAM_Thesis/Project Folder/ReRAM_AXI_Project/ReRAM_AXI_Project.srcs/sources_1/bd/system_bd/ip/system_bd_ila_0_0/ila_v6_2/constraints/ila.xdc] for cell 'system_bd_i/ila_0/inst'
Finished Parsing XDC File [c:/Users/hrish/Downloads/ReRAM_Thesis/Project Folder/ReRAM_AXI_Project/ReRAM_AXI_Project.srcs/sources_1/bd/system_bd/ip/system_bd_ila_0_0/ila_v6_2/constraints/ila.xdc] for cell 'system_bd_i/ila_0/inst'
Parsing XDC File [c:/Users/hrish/Downloads/ReRAM_Thesis/Project Folder/ReRAM_AXI_Project/ReRAM_AXI_Project.srcs/sources_1/bd/system_bd/ip/system_bd_ila_1_0/ila_v6_2/constraints/ila_impl.xdc] for cell 'system_bd_i/ila_1/inst'
Finished Parsing XDC File [c:/Users/hrish/Downloads/ReRAM_Thesis/Project Folder/ReRAM_AXI_Project/ReRAM_AXI_Project.srcs/sources_1/bd/system_bd/ip/system_bd_ila_1_0/ila_v6_2/constraints/ila_impl.xdc] for cell 'system_bd_i/ila_1/inst'
Parsing XDC File [c:/Users/hrish/Downloads/ReRAM_Thesis/Project Folder/ReRAM_AXI_Project/ReRAM_AXI_Project.srcs/sources_1/bd/system_bd/ip/system_bd_ila_1_0/ila_v6_2/constraints/ila.xdc] for cell 'system_bd_i/ila_1/inst'
Finished Parsing XDC File [c:/Users/hrish/Downloads/ReRAM_Thesis/Project Folder/ReRAM_AXI_Project/ReRAM_AXI_Project.srcs/sources_1/bd/system_bd/ip/system_bd_ila_1_0/ila_v6_2/constraints/ila.xdc] for cell 'system_bd_i/ila_1/inst'
INFO: [Opt 31-138] Pushed 0 inverter(s) to 0 load pin(s).
Generating merged BMM file for the design top 'system_bd_wrapper'...
INFO: [Project 1-111] Unisim Transformation Summary:
  A total of 568 instances were transformed.
  CFGLUT5 => CFGLUT5 (SRLC32E, SRL16E): 568 instances

10 Infos, 0 Warnings, 0 Critical Warnings and 0 Errors encountered.
link_design completed successfully
link_design: Time (s): cpu = 00:00:13 ; elapsed = 00:00:18 . Memory (MB): peak = 774.770 ; gain = 435.547
Command: opt_design
Attempting to get a license for feature 'Implementation' and/or device 'xc7z020'
INFO: [Common 17-349] Got license for feature 'Implementation' and/or device 'xc7z020'
Running DRC as a precondition to command opt_design

Starting DRC Task
INFO: [DRC 23-27] Running DRC with 2 threads
INFO: [Project 1-461] DRC finished with 0 Errors
INFO: [Project 1-462] Please refer to the DRC report (report_drc) for more information.

Time (s): cpu = 00:00:01 ; elapsed = 00:00:00.660 . Memory (MB): peak = 774.770 ; gain = 0.000
INFO: [Timing 38-35] Done setting XDC timing constraints.

Starting Logic Optimization Task

Phase 1 Generate And Synthesize Debug Cores
INFO: [Chipscope 16-329] Generating Script for core instance : dbg_hub 
INFO: [IP_Flow 19-3806] Processing IP xilinx.com:ip:xsdbm:3.0 for cell dbg_hub_CV.
Netlist sorting complete. Time (s): cpu = 00:00:00 ; elapsed = 00:00:00.058 . Memory (MB): peak = 1377.414 ; gain = 0.254
Phase 1 Generate And Synthesize Debug Cores | Checksum: 1ca9e51bc

Time (s): cpu = 00:00:03 ; elapsed = 00:01:26 . Memory (MB): peak = 1377.414 ; gain = 37.922

Phase 2 Retarget
INFO: [Opt 31-138] Pushed 1 inverter(s) to 2 load pin(s).
INFO: [Opt 31-49] Retargeted 0 cell(s).
Phase 2 Retarget | Checksum: 236d87b11

Time (s): cpu = 00:00:05 ; elapsed = 00:01:28 . Memory (MB): peak = 1377.414 ; gain = 37.922
INFO: [Opt 31-389] Phase Retarget created 0 cells and removed 0 cells

Phase 3 Constant propagation
INFO: [Opt 31-138] Pushed 2 inverter(s) to 6 load pin(s).
Phase 3 Constant propagation | Checksum: 18297e6a2

Time (s): cpu = 00:00:05 ; elapsed = 00:01:28 . Memory (MB): peak = 1377.414 ; gain = 37.922
INFO: [Opt 31-389] Phase Constant propagation created 24 cells and removed 125 cells

Phase 4 Sweep
Phase 4 Sweep | Checksum: 1f872b93a

Time (s): cpu = 00:00:06 ; elapsed = 00:01:29 . Memory (MB): peak = 1377.414 ; gain = 37.922
INFO: [Opt 31-389] Phase Sweep created 0 cells and removed 465 cells

Phase 5 BUFG optimization
Phase 5 BUFG optimization | Checksum: 1f872b93a

Time (s): cpu = 00:00:06 ; elapsed = 00:01:29 . Memory (MB): peak = 1377.414 ; gain = 37.922
INFO: [Opt 31-389] Phase BUFG optimization created 0 cells and removed 0 cells

Phase 6 Shift Register Optimization
Phase 6 Shift Register Optimization | Checksum: 1f872b93a

Time (s): cpu = 00:00:07 ; elapsed = 00:01:30 . Memory (MB): peak = 1377.414 ; gain = 37.922
INFO: [Opt 31-389] Phase Shift Register Optimization created 0 cells and removed 0 cells

Phase 7 Post Processing Netlist
Phase 7 Post Processing Netlist | Checksum: 1f872b93a

Time (s): cpu = 00:00:07 ; elapsed = 00:01:30 . Memory (MB): peak = 1377.414 ; gain = 37.922
INFO: [Opt 31-389] Phase Post Processing Netlist created 0 cells and removed 0 cells

Starting Connectivity Check Task

Time (s): cpu = 00:00:00 ; elapsed = 00:00:00.038 . Memory (MB): peak = 1377.414 ; gain = 0.000
Ending Logic Optimization Task | Checksum: 1f872b93a

Time (s): cpu = 00:00:07 ; elapsed = 00:01:30 . Memory (MB): peak = 1377.414 ; gain = 37.922

Starting Power Optimization Task
INFO: [Pwropt 34-132] Skipping clock gating for clocks with a period < 2.00 ns.
INFO: [Timing 38-35] Done setting XDC timing constraints.
INFO: [Pwropt 34-9] Applying IDT optimizations ...
INFO: [Pwropt 34-10] Applying ODC optimizations ...
INFO: [Physopt 32-619] Estimated Timing Summary | WNS=12.408 | TNS=0.000 |
Running Vector-less Activity Propagation...

Finished Running Vector-less Activity Propagation


Starting PowerOpt Patch Enables Task
INFO: [Pwropt 34-162] WRITE_MODE attribute of 0 BRAM(s) out of a total of 17 has been updated to save power. Run report_power_opt to get a complete listing of the BRAMs updated.
INFO: [Pwropt 34-201] Structural ODC has moved 0 WE to EN ports
Number of BRAM Ports augmented: 15 newly gated: 0 Total Ports: 34
Ending PowerOpt Patch Enables Task | Checksum: 2037d1a1e

Time (s): cpu = 00:00:00 ; elapsed = 00:00:00.119 . Memory (MB): peak = 1638.125 ; gain = 0.000
Ending Power Optimization Task | Checksum: 2037d1a1e

Time (s): cpu = 00:00:09 ; elapsed = 00:00:05 . Memory (MB): peak = 1638.125 ; gain = 260.711
INFO: [Common 17-83] Releasing license: Implementation
37 Infos, 0 Warnings, 0 Critical Warnings and 0 Errors encountered.
opt_design completed successfully
opt_design: Time (s): cpu = 00:00:27 ; elapsed = 00:01:50 . Memory (MB): peak = 1638.125 ; gain = 863.355
INFO: [Timing 38-480] Writing timing data to binary archive.
Writing placer database...
Writing XDEF routing.
Writing XDEF routing logical nets.
Writing XDEF routing special nets.
Write XDEF Complete: Time (s): cpu = 00:00:00 ; elapsed = 00:00:00.075 . Memory (MB): peak = 1638.125 ; gain = 0.000
INFO: [Common 17-1381] The checkpoint 'C:/Users/hrish/Downloads/ReRAM_Thesis/Project Folder/ReRAM_AXI_Project/ReRAM_AXI_Project.runs/impl_1/system_bd_wrapper_opt.dcp' has been generated.
INFO: [runtcl-4] Executing : report_drc -file system_bd_wrapper_drc_opted.rpt -pb system_bd_wrapper_drc_opted.pb -rpx system_bd_wrapper_drc_opted.rpx
Command: report_drc -file system_bd_wrapper_drc_opted.rpt -pb system_bd_wrapper_drc_opted.pb -rpx system_bd_wrapper_drc_opted.rpx
INFO: [IP_Flow 19-1839] IP Catalog is up to date.
INFO: [DRC 23-27] Running DRC with 2 threads
INFO: [Coretcl 2-168] The results of DRC are in file C:/Users/hrish/Downloads/ReRAM_Thesis/Project Folder/ReRAM_AXI_Project/ReRAM_AXI_Project.runs/impl_1/system_bd_wrapper_drc_opted.rpt.
report_drc completed successfully
INFO: [Chipscope 16-240] Debug cores have already been implemented
Command: place_design
Attempting to get a license for feature 'Implementation' and/or device 'xc7z020'
INFO: [Common 17-349] Got license for feature 'Implementation' and/or device 'xc7z020'
INFO: [DRC 23-27] Running DRC with 2 threads
INFO: [Vivado_Tcl 4-198] DRC finished with 0 Errors
INFO: [Vivado_Tcl 4-199] Please refer to the DRC report (report_drc) for more information.
Running DRC as a precondition to command place_design
INFO: [DRC 23-27] Running DRC with 2 threads
INFO: [Vivado_Tcl 4-198] DRC finished with 0 Errors
INFO: [Vivado_Tcl 4-199] Please refer to the DRC report (report_drc) for more information.

Starting Placer Task
INFO: [Place 30-611] Multithreading enabled for place_design using a maximum of 2 CPUs

Phase 1 Placer Initialization

Phase 1.1 Placer Initialization Netlist Sorting
Netlist sorting complete. Time (s): cpu = 00:00:00 ; elapsed = 00:00:00.025 . Memory (MB): peak = 1638.125 ; gain = 0.000
Phase 1.1 Placer Initialization Netlist Sorting | Checksum: 141847f7b

Time (s): cpu = 00:00:00 ; elapsed = 00:00:00.037 . Memory (MB): peak = 1638.125 ; gain = 0.000
INFO: [Timing 38-35] Done setting XDC timing constraints.
INFO: [Opt 31-138] Pushed 0 inverter(s) to 0 load pin(s).
Netlist sorting complete. Time (s): cpu = 00:00:00 ; elapsed = 00:00:00.025 . Memory (MB): peak = 1638.125 ; gain = 0.000

Phase 1.2 IO Placement/ Clock Placement/ Build Placer Device
INFO: [Timing 38-35] Done setting XDC timing constraints.
Phase 1.2 IO Placement/ Clock Placement/ Build Placer Device | Checksum: 4feee6f3

Time (s): cpu = 00:00:04 ; elapsed = 00:00:05 . Memory (MB): peak = 1638.125 ; gain = 0.000

Phase 1.3 Build Placer Netlist Model
Phase 1.3 Build Placer Netlist Model | Checksum: 11a949cc4

Time (s): cpu = 00:00:08 ; elapsed = 00:00:07 . Memory (MB): peak = 1638.125 ; gain = 0.000

Phase 1.4 Constrain Clocks/Macros
Phase 1.4 Constrain Clocks/Macros | Checksum: 11a949cc4

Time (s): cpu = 00:00:08 ; elapsed = 00:00:07 . Memory (MB): peak = 1638.125 ; gain = 0.000
Phase 1 Placer Initialization | Checksum: 11a949cc4

Time (s): cpu = 00:00:08 ; elapsed = 00:00:07 . Memory (MB): peak = 1638.125 ; gain = 0.000

Phase 2 Global Placement
Phase 2 Global Placement | Checksum: d3bac8b1

Time (s): cpu = 00:00:19 ; elapsed = 00:00:13 . Memory (MB): peak = 1638.125 ; gain = 0.000

Phase 3 Detail Placement

Phase 3.1 Commit Multi Column Macros
Phase 3.1 Commit Multi Column Macros | Checksum: d3bac8b1

Time (s): cpu = 00:00:19 ; elapsed = 00:00:14 . Memory (MB): peak = 1638.125 ; gain = 0.000

Phase 3.2 Commit Most Macros & LUTRAMs
Phase 3.2 Commit Most Macros & LUTRAMs | Checksum: 16f782cf4

Time (s): cpu = 00:00:21 ; elapsed = 00:00:15 . Memory (MB): peak = 1638.125 ; gain = 0.000

Phase 3.3 Area Swap Optimization
Phase 3.3 Area Swap Optimization | Checksum: 195d60b46

Time (s): cpu = 00:00:21 ; elapsed = 00:00:15 . Memory (MB): peak = 1638.125 ; gain = 0.000

Phase 3.4 Pipeline Register Optimization
Phase 3.4 Pipeline Register Optimization | Checksum: 1928ea534

Time (s): cpu = 00:00:21 ; elapsed = 00:00:15 . Memory (MB): peak = 1638.125 ; gain = 0.000

Phase 3.5 Small Shape Detail Placement
Phase 3.5 Small Shape Detail Placement | Checksum: 1115a5b83

Time (s): cpu = 00:00:25 ; elapsed = 00:00:19 . Memory (MB): peak = 1638.125 ; gain = 0.000

Phase 3.6 Re-assign LUT pins
Phase 3.6 Re-assign LUT pins | Checksum: c972805d

Time (s): cpu = 00:00:25 ; elapsed = 00:00:19 . Memory (MB): peak = 1638.125 ; gain = 0.000

Phase 3.7 Pipeline Register Optimization
Phase 3.7 Pipeline Register Optimization | Checksum: c972805d

Time (s): cpu = 00:00:25 ; elapsed = 00:00:19 . Memory (MB): peak = 1638.125 ; gain = 0.000
Phase 3 Detail Placement | Checksum: c972805d

Time (s): cpu = 00:00:25 ; elapsed = 00:00:19 . Memory (MB): peak = 1638.125 ; gain = 0.000

Phase 4 Post Placement Optimization and Clean-Up

Phase 4.1 Post Commit Optimization
INFO: [Timing 38-35] Done setting XDC timing constraints.

Phase 4.1.1 Post Placement Optimization
Post Placement Optimization Initialization | Checksum: 1e695393b

Phase 4.1.1.1 BUFG Insertion
INFO: [Physopt 32-721] Multithreading enabled for phys_opt_design using a maximum of 2 CPUs
INFO: [Place 46-31] BUFG insertion identified 0 candidate nets, 0 success, 0 skipped for placement/routing, 0 skipped for timing, 0 skipped for netlist change reason.
Phase 4.1.1.1 BUFG Insertion | Checksum: 1e695393b

Time (s): cpu = 00:00:29 ; elapsed = 00:00:22 . Memory (MB): peak = 1638.125 ; gain = 0.000
INFO: [Place 30-746] Post Placement Timing Summary WNS=11.010. For the most accurate timing information please run report_timing.
Phase 4.1.1 Post Placement Optimization | Checksum: 15644433e

Time (s): cpu = 00:00:29 ; elapsed = 00:00:22 . Memory (MB): peak = 1638.125 ; gain = 0.000
Phase 4.1 Post Commit Optimization | Checksum: 15644433e

Time (s): cpu = 00:00:29 ; elapsed = 00:00:22 . Memory (MB): peak = 1638.125 ; gain = 0.000

Phase 4.2 Post Placement Cleanup
Phase 4.2 Post Placement Cleanup | Checksum: 15644433e

Time (s): cpu = 00:00:29 ; elapsed = 00:00:22 . Memory (MB): peak = 1638.125 ; gain = 0.000

Phase 4.3 Placer Reporting
Phase 4.3 Placer Reporting | Checksum: 15644433e

Time (s): cpu = 00:00:29 ; elapsed = 00:00:22 . Memory (MB): peak = 1638.125 ; gain = 0.000

Phase 4.4 Final Placement Cleanup
Phase 4.4 Final Placement Cleanup | Checksum: f0a4dc50

Time (s): cpu = 00:00:29 ; elapsed = 00:00:22 . Memory (MB): peak = 1638.125 ; gain = 0.000
Phase 4 Post Placement Optimization and Clean-Up | Checksum: f0a4dc50

Time (s): cpu = 00:00:29 ; elapsed = 00:00:22 . Memory (MB): peak = 1638.125 ; gain = 0.000
Ending Placer Task | Checksum: d036a68b

Time (s): cpu = 00:00:29 ; elapsed = 00:00:22 . Memory (MB): peak = 1638.125 ; gain = 0.000
INFO: [Common 17-83] Releasing license: Implementation
60 Infos, 0 Warnings, 0 Critical Warnings and 0 Errors encountered.
place_design completed successfully
place_design: Time (s): cpu = 00:00:33 ; elapsed = 00:00:24 . Memory (MB): peak = 1638.125 ; gain = 0.000
INFO: [Timing 38-480] Writing timing data to binary archive.
Writing placer database...
Writing XDEF routing.
Writing XDEF routing logical nets.
Writing XDEF routing special nets.
Write XDEF Complete: Time (s): cpu = 00:00:03 ; elapsed = 00:00:01 . Memory (MB): peak = 1638.125 ; gain = 0.000
INFO: [Common 17-1381] The checkpoint 'C:/Users/hrish/Downloads/ReRAM_Thesis/Project Folder/ReRAM_AXI_Project/ReRAM_AXI_Project.runs/impl_1/system_bd_wrapper_placed.dcp' has been generated.
write_checkpoint: Time (s): cpu = 00:00:06 ; elapsed = 00:00:05 . Memory (MB): peak = 1638.125 ; gain = 0.000
INFO: [runtcl-4] Executing : report_io -file system_bd_wrapper_io_placed.rpt
report_io: Time (s): cpu = 00:00:00 ; elapsed = 00:00:00.042 . Memory (MB): peak = 1638.125 ; gain = 0.000
INFO: [runtcl-4] Executing : report_utilization -file system_bd_wrapper_utilization_placed.rpt -pb system_bd_wrapper_utilization_placed.pb
report_utilization: Time (s): cpu = 00:00:01 ; elapsed = 00:00:00.158 . Memory (MB): peak = 1638.125 ; gain = 0.000
INFO: [runtcl-4] Executing : report_control_sets -verbose -file system_bd_wrapper_control_sets_placed.rpt
report_control_sets: Time (s): cpu = 00:00:00 ; elapsed = 00:00:00.060 . Memory (MB): peak = 1638.125 ; gain = 0.000
Command: route_design
Attempting to get a license for feature 'Implementation' and/or device 'xc7z020'
INFO: [Common 17-349] Got license for feature 'Implementation' and/or device 'xc7z020'
Running DRC as a precondition to command route_design
INFO: [DRC 23-27] Running DRC with 2 threads
INFO: [Vivado_Tcl 4-198] DRC finished with 0 Errors
INFO: [Vivado_Tcl 4-199] Please refer to the DRC report (report_drc) for more information.


Starting Routing Task
INFO: [Route 35-254] Multithreading enabled for route_design using a maximum of 2 CPUs
Checksum: PlaceDB: 4b02ecb6 ConstDB: 0 ShapeSum: 8533b9d5 RouteDB: 0

Phase 1 Build RT Design
Phase 1 Build RT Design | Checksum: 185265a03

Time (s): cpu = 00:00:22 ; elapsed = 00:00:19 . Memory (MB): peak = 1638.125 ; gain = 0.000
Post Restoration Checksum: NetGraph: f5d3e0a9 NumContArr: 8f52795a Constraints: 0 Timing: 0

Phase 2 Router Initialization

Phase 2.1 Create Timer
Phase 2.1 Create Timer | Checksum: 185265a03

Time (s): cpu = 00:00:22 ; elapsed = 00:00:19 . Memory (MB): peak = 1638.125 ; gain = 0.000

Phase 2.2 Fix Topology Constraints
Phase 2.2 Fix Topology Constraints | Checksum: 185265a03

Time (s): cpu = 00:00:22 ; elapsed = 00:00:19 . Memory (MB): peak = 1638.125 ; gain = 0.000

Phase 2.3 Pre Route Cleanup
Phase 2.3 Pre Route Cleanup | Checksum: 185265a03

Time (s): cpu = 00:00:22 ; elapsed = 00:00:19 . Memory (MB): peak = 1638.125 ; gain = 0.000
 Number of Nodes with overlaps = 0

Phase 2.4 Update Timing
Phase 2.4 Update Timing | Checksum: 1b8930ded

Time (s): cpu = 00:00:27 ; elapsed = 00:00:22 . Memory (MB): peak = 1638.125 ; gain = 0.000
INFO: [Route 35-416] Intermediate Timing Summary | WNS=11.095 | TNS=0.000  | WHS=-0.356 | THS=-361.302|

Phase 2 Router Initialization | Checksum: 1471a2b9e

Time (s): cpu = 00:00:29 ; elapsed = 00:00:24 . Memory (MB): peak = 1638.125 ; gain = 0.000

Phase 3 Initial Routing
Phase 3 Initial Routing | Checksum: 220c6c81b

Time (s): cpu = 00:00:31 ; elapsed = 00:00:25 . Memory (MB): peak = 1638.125 ; gain = 0.000

Phase 4 Rip-up And Reroute

Phase 4.1 Global Iteration 0
 Number of Nodes with overlaps = 1442
 Number of Nodes with overlaps = 62
 Number of Nodes with overlaps = 0
INFO: [Route 35-416] Intermediate Timing Summary | WNS=9.321  | TNS=0.000  | WHS=N/A    | THS=N/A    |

Phase 4.1 Global Iteration 0 | Checksum: 9edc3a2f

Time (s): cpu = 00:00:37 ; elapsed = 00:00:28 . Memory (MB): peak = 1638.125 ; gain = 0.000

Phase 4.2 Global Iteration 1
 Number of Nodes with overlaps = 2
 Number of Nodes with overlaps = 0
INFO: [Route 35-416] Intermediate Timing Summary | WNS=9.321  | TNS=0.000  | WHS=N/A    | THS=N/A    |

Phase 4.2 Global Iteration 1 | Checksum: 1bdf31b5c

Time (s): cpu = 00:00:37 ; elapsed = 00:00:28 . Memory (MB): peak = 1638.125 ; gain = 0.000
Phase 4 Rip-up And Reroute | Checksum: 1bdf31b5c

Time (s): cpu = 00:00:38 ; elapsed = 00:00:28 . Memory (MB): peak = 1638.125 ; gain = 0.000

Phase 5 Delay and Skew Optimization

Phase 5.1 Delay CleanUp

Phase 5.1.1 Update Timing
Phase 5.1.1 Update Timing | Checksum: 127127b49

Time (s): cpu = 00:00:38 ; elapsed = 00:00:29 . Memory (MB): peak = 1638.125 ; gain = 0.000
INFO: [Route 35-416] Intermediate Timing Summary | WNS=9.436  | TNS=0.000  | WHS=N/A    | THS=N/A    |

Phase 5.1 Delay CleanUp | Checksum: 127127b49

Time (s): cpu = 00:00:38 ; elapsed = 00:00:29 . Memory (MB): peak = 1638.125 ; gain = 0.000

Phase 5.2 Clock Skew Optimization
Phase 5.2 Clock Skew Optimization | Checksum: 127127b49

Time (s): cpu = 00:00:38 ; elapsed = 00:00:29 . Memory (MB): peak = 1638.125 ; gain = 0.000
Phase 5 Delay and Skew Optimization | Checksum: 127127b49

Time (s): cpu = 00:00:38 ; elapsed = 00:00:29 . Memory (MB): peak = 1638.125 ; gain = 0.000

Phase 6 Post Hold Fix

Phase 6.1 Hold Fix Iter

Phase 6.1.1 Update Timing
Phase 6.1.1 Update Timing | Checksum: 14c9ec45a

Time (s): cpu = 00:00:39 ; elapsed = 00:00:29 . Memory (MB): peak = 1638.125 ; gain = 0.000
INFO: [Route 35-416] Intermediate Timing Summary | WNS=9.436  | TNS=0.000  | WHS=0.022  | THS=0.000  |

Phase 6.1 Hold Fix Iter | Checksum: 1a912cef9

Time (s): cpu = 00:00:39 ; elapsed = 00:00:29 . Memory (MB): peak = 1638.125 ; gain = 0.000
Phase 6 Post Hold Fix | Checksum: 1a912cef9

Time (s): cpu = 00:00:39 ; elapsed = 00:00:29 . Memory (MB): peak = 1638.125 ; gain = 0.000

Phase 7 Route finalize

Router Utilization Summary
  Global Vertical Routing Utilization    = 2.95423 %
  Global Horizontal Routing Utilization  = 3.49772 %
  Routable Net Status*
  *Does not include unroutable nets such as driverless and loadless.
  Run report_route_status for detailed report.
  Number of Failed Nets               = 0
  Number of Unrouted Nets             = 0
  Number of Partially Routed Nets     = 0
  Number of Node Overlaps             = 0

Phase 7 Route finalize | Checksum: 19d28b314

Time (s): cpu = 00:00:39 ; elapsed = 00:00:30 . Memory (MB): peak = 1638.125 ; gain = 0.000

Phase 8 Verifying routed nets

 Verification completed successfully
Phase 8 Verifying routed nets | Checksum: 19d28b314

Time (s): cpu = 00:00:39 ; elapsed = 00:00:30 . Memory (MB): peak = 1638.125 ; gain = 0.000

Phase 9 Depositing Routes
Phase 9 Depositing Routes | Checksum: 15f1993b1

Time (s): cpu = 00:00:40 ; elapsed = 00:00:31 . Memory (MB): peak = 1638.125 ; gain = 0.000

Phase 10 Post Router Timing
INFO: [Route 35-57] Estimated Timing Summary | WNS=9.436  | TNS=0.000  | WHS=0.022  | THS=0.000  |

INFO: [Route 35-327] The final timing numbers are based on the router estimated timing analysis. For a complete and accurate timing signoff, please run report_timing_summary.
Phase 10 Post Router Timing | Checksum: 15f1993b1

Time (s): cpu = 00:00:41 ; elapsed = 00:00:31 . Memory (MB): peak = 1638.125 ; gain = 0.000
INFO: [Route 35-16] Router Completed Successfully

Time (s): cpu = 00:00:41 ; elapsed = 00:00:31 . Memory (MB): peak = 1638.125 ; gain = 0.000

Routing Is Done.
INFO: [Common 17-83] Releasing license: Implementation
79 Infos, 0 Warnings, 0 Critical Warnings and 0 Errors encountered.
route_design completed successfully
route_design: Time (s): cpu = 00:00:44 ; elapsed = 00:00:33 . Memory (MB): peak = 1638.125 ; gain = 0.000
INFO: [Timing 38-480] Writing timing data to binary archive.
Writing placer database...
Writing XDEF routing.
Writing XDEF routing logical nets.
Writing XDEF routing special nets.
Write XDEF Complete: Time (s): cpu = 00:00:04 ; elapsed = 00:00:02 . Memory (MB): peak = 1638.125 ; gain = 0.000
INFO: [Common 17-1381] The checkpoint 'C:/Users/hrish/Downloads/ReRAM_Thesis/Project Folder/ReRAM_AXI_Project/ReRAM_AXI_Project.runs/impl_1/system_bd_wrapper_routed.dcp' has been generated.
write_checkpoint: Time (s): cpu = 00:00:07 ; elapsed = 00:00:07 . Memory (MB): peak = 1638.125 ; gain = 0.000
INFO: [runtcl-4] Executing : report_drc -file system_bd_wrapper_drc_routed.rpt -pb system_bd_wrapper_drc_routed.pb -rpx system_bd_wrapper_drc_routed.rpx
Command: report_drc -file system_bd_wrapper_drc_routed.rpt -pb system_bd_wrapper_drc_routed.pb -rpx system_bd_wrapper_drc_routed.rpx
INFO: [IP_Flow 19-1839] IP Catalog is up to date.
INFO: [DRC 23-27] Running DRC with 2 threads
INFO: [Coretcl 2-168] The results of DRC are in file C:/Users/hrish/Downloads/ReRAM_Thesis/Project Folder/ReRAM_AXI_Project/ReRAM_AXI_Project.runs/impl_1/system_bd_wrapper_drc_routed.rpt.
report_drc completed successfully
INFO: [runtcl-4] Executing : report_methodology -file system_bd_wrapper_methodology_drc_routed.rpt -pb system_bd_wrapper_methodology_drc_routed.pb -rpx system_bd_wrapper_methodology_drc_routed.rpx
Command: report_methodology -file system_bd_wrapper_methodology_drc_routed.rpt -pb system_bd_wrapper_methodology_drc_routed.pb -rpx system_bd_wrapper_methodology_drc_routed.rpx
INFO: [Timing 38-35] Done setting XDC timing constraints.
INFO: [Timing 38-35] Done setting XDC timing constraints.
INFO: [DRC 23-133] Running Methodology with 2 threads
INFO: [Coretcl 2-1520] The results of Report Methodology are in file C:/Users/hrish/Downloads/ReRAM_Thesis/Project Folder/ReRAM_AXI_Project/ReRAM_AXI_Project.runs/impl_1/system_bd_wrapper_methodology_drc_routed.rpt.
report_methodology completed successfully
INFO: [runtcl-4] Executing : report_power -file system_bd_wrapper_power_routed.rpt -pb system_bd_wrapper_power_summary_routed.pb -rpx system_bd_wrapper_power_routed.rpx
Command: report_power -file system_bd_wrapper_power_routed.rpt -pb system_bd_wrapper_power_summary_routed.pb -rpx system_bd_wrapper_power_routed.rpx
INFO: [Timing 38-35] Done setting XDC timing constraints.
Running Vector-less Activity Propagation...

Finished Running Vector-less Activity Propagation
92 Infos, 0 Warnings, 0 Critical Warnings and 0 Errors encountered.
report_power completed successfully
INFO: [runtcl-4] Executing : report_route_status -file system_bd_wrapper_route_status.rpt -pb system_bd_wrapper_route_status.pb
INFO: [runtcl-4] Executing : report_timing_summary -max_paths 10 -file system_bd_wrapper_timing_summary_routed.rpt -pb system_bd_wrapper_timing_summary_routed.pb -rpx system_bd_wrapper_timing_summary_routed.rpx -warn_on_violation 
INFO: [Timing 38-91] UpdateTimingParams: Speed grade: -1, Delay Type: min_max, Timing Stage: Requireds.
INFO: [Timing 38-191] Multithreading enabled for timing update using a maximum of 2 CPUs
INFO: [runtcl-4] Executing : report_incremental_reuse -file system_bd_wrapper_incremental_reuse_routed.rpt
INFO: [Vivado_Tcl 4-545] No incremental reuse to report, no incremental placement and routing data was found.
INFO: [runtcl-4] Executing : report_clock_utilization -file system_bd_wrapper_clock_utilization_routed.rpt
INFO: [runtcl-4] Executing : report_bus_skew -warn_on_violation -file route_report_bus_skew_0.rpt -rpx route_report_bus_skew_0.rpx
INFO: [Timing 38-91] UpdateTimingParams: Speed grade: -1, Delay Type: min_max, Timing Stage: Requireds.
INFO: [Timing 38-191] Multithreading enabled for timing update using a maximum of 2 CPUs
Command: write_bitstream -force system_bd_wrapper.bit
Attempting to get a license for feature 'Implementation' and/or device 'xc7z020'
INFO: [Common 17-349] Got license for feature 'Implementation' and/or device 'xc7z020'
Running DRC as a precondition to command write_bitstream
INFO: [IP_Flow 19-1839] IP Catalog is up to date.
INFO: [DRC 23-27] Running DRC with 2 threads
WARNING: [DRC RTSTAT-10] No routable loads: 27 net(s) have no routable loads. The problem bus(es) and/or net(s) are dbg_hub/inst/BSCANID.u_xsdbm_id/CORE_XSDB.UUT_MASTER/U_ICON_INTERFACE/U_CMD6_RD/U_RD_FIFO/SUBCORE_FIFO.xsdbm_v3_0_0_rdfifo_inst/inst_fifo_gen/gconvfifo.rf/grf.rf/gntv_or_sync_fifo.gl0.rd/gr1.gr1_int.rfwft/aempty_fwft_i, dbg_hub/inst/BSCANID.u_xsdbm_id/CORE_XSDB.UUT_MASTER/U_ICON_INTERFACE/U_CMD7_CTL/ctl_reg[2:0], dbg_hub/inst/BSCANID.u_xsdbm_id/CORE_XSDB.UUT_MASTER/U_ICON_INTERFACE/U_CMD7_CTL/ctl_reg_en_2[1], dbg_hub/inst/BSCANID.u_xsdbm_id/CORE_XSDB.UUT_MASTER/U_ICON_INTERFACE/U_CMD1/ctl_reg_en_2[1], dbg_hub/inst/BSCANID.u_xsdbm_id/SWITCH_N_EXT_BSCAN.bscan_switch/m_bscan_capture[0], dbg_hub/inst/BSCANID.u_xsdbm_id/SWITCH_N_EXT_BSCAN.bscan_switch/m_bscan_drck[0], dbg_hub/inst/BSCANID.u_xsdbm_id/SWITCH_N_EXT_BSCAN.bscan_switch/m_bscan_runtest[0], dbg_hub/inst/BSCANID.u_xsdbm_id/CORE_XSDB.UUT_MASTER/U_ICON_INTERFACE/U_CMD6_RD/U_RD_FIFO/SUBCORE_FIFO.xsdbm_v3_0_0_rdfifo_inst/inst_fifo_gen/gconvfifo.rf/grf.rf/gntv_or_sync_fifo.gl0.rd/gras.rsts/ram_empty_i, dbg_hub/inst/BSCANID.u_xsdbm_id/CORE_XSDB.UUT_MASTER/U_ICON_INTERFACE/U_CMD6_WR/U_WR_FIFO/SUBCORE_FIFO.xsdbm_v3_0_0_wrfifo_inst/inst_fifo_gen/gconvfifo.rf/grf.rf/gntv_or_sync_fifo.gl0.wr/gwas.wsts/ram_full_i, dbg_hub/inst/BSCANID.u_xsdbm_id/CORE_XSDB.UUT_MASTER/U_ICON_INTERFACE/U_CMD6_WR/U_WR_FIFO/SUBCORE_FIFO.xsdbm_v3_0_0_wrfifo_inst/inst_fifo_gen/gconvfifo.rf/grf.rf/rstblk/rd_rst_reg[0], dbg_hub/inst/BSCANID.u_xsdbm_id/SWITCH_N_EXT_BSCAN.bscan_inst/s_bscan_tms, system_bd_i/ila_0/inst/ila_core_inst/u_ila_regs/U_XSDB_SLAVE/s_daddr_o[13], system_bd_i/ila_1/inst/ila_core_inst/u_ila_regs/U_XSDB_SLAVE/s_daddr_o[13], system_bd_i/ila_0/inst/ila_core_inst/u_ila_regs/U_XSDB_SLAVE/s_daddr_o[14], system_bd_i/ila_1/inst/ila_core_inst/u_ila_regs/U_XSDB_SLAVE/s_daddr_o[14]... and (the first 15 of 25 listed).
INFO: [Vivado 12-3199] DRC finished with 0 Errors, 1 Warnings
INFO: [Vivado 12-3200] Please refer to the DRC report (report_drc) for more information.
INFO: [Designutils 20-2272] Running write_bitstream with 2 threads.
Loading data files...
Loading site data...
Loading route data...
Processing options...
Creating bitmap...
Creating bitstream...
Writing bitstream ./system_bd_wrapper.bit...
INFO: [Vivado 12-1842] Bitgen Completed Successfully.
INFO: [Project 1-120] WebTalk data collection is mandatory when using a WebPACK part without a full Vivado license. To see the specific WebTalk data collected for your design, open the usage_statistics_webtalk.html or usage_statistics_webtalk.xml file in the implementation directory.
Access is denied.
Access is denied.
INFO: [Common 17-83] Releasing license: Implementation
111 Infos, 1 Warnings, 0 Critical Warnings and 0 Errors encountered.
write_bitstream completed successfully
write_bitstream: Time (s): cpu = 00:00:23 ; elapsed = 00:00:19 . Memory (MB): peak = 2194.129 ; gain = 448.547
INFO: [Common 17-206] Exiting Vivado at Sun Oct 12 14:42:36 2025...
