Copyright 1986-2018 Xilinx, Inc. All Rights Reserved.
-----------------------------------------------------------------------------------------------------------------------------------------------------------------------------------------
| Tool Version : Vivado v.2018.1 (win64) Build 2188600 Wed Apr  4 18:40:38 MDT 2018
| Date         : Mon Aug 18 22:39:36 2025
| Host         : LOREFARM running 64-bit major release  (build 9200)
| Command      : report_methodology -file system_bd_wrapper_methodology_drc_routed.rpt -pb system_bd_wrapper_methodology_drc_routed.pb -rpx system_bd_wrapper_methodology_drc_routed.rpx
| Design       : system_bd_wrapper
| Device       : xc7z020clg400-1
| Speed File   : -1
| Design State : Routed
-----------------------------------------------------------------------------------------------------------------------------------------------------------------------------------------

Report Methodology

Table of Contents
-----------------
1. REPORT SUMMARY
2. REPORT DETAILS

1. REPORT SUMMARY
-----------------
            Netlist: netlist
          Floorplan: checkpoint_system_bd_wrapper
      Design limits: <entire design considered>
             Max violations: <unlimited>
             Violations found: 5
+---------+----------+------------------------------+------------+
| Rule    | Severity | Description                  | Violations |
+---------+----------+------------------------------+------------+
| LUTAR-1 | Warning  | LUT drives async reset alert | 5          |
+---------+----------+------------------------------+------------+

2. REPORT DETAILS
-----------------
LUTAR-1#1 Warning
LUT drives async reset alert  
LUT cell system_bd_i/reram_axi_ip_0/inst/reram_axi_ip_v1_0_S00_AXI_inst/u_core/GEN_CELLS[0].u_cell/FSM_sequential_write_fsm_state[1]_i_2__11, with 2 or more inputs, drives asynchronous reset pin(s) system_bd_i/reram_axi_ip_0/inst/reram_axi_ip_v1_0_S00_AXI_inst/u_core/GEN_CELLS[1].u_cell/FSM_sequential_write_fsm_state_reg[0]/CLR, system_bd_i/reram_axi_ip_0/inst/reram_axi_ip_v1_0_S00_AXI_inst/u_core/GEN_CELLS[1].u_cell/FSM_sequential_write_fsm_state_reg[1]/CLR, system_bd_i/reram_axi_ip_0/inst/reram_axi_ip_v1_0_S00_AXI_inst/u_core/GEN_CELLS[1].u_cell/cell_failed_flag_reg/CLR, system_bd_i/reram_axi_ip_0/inst/reram_axi_ip_v1_0_S00_AXI_inst/u_core/GEN_CELLS[1].u_cell/delay_counter_reg[0]/CLR, system_bd_i/reram_axi_ip_0/inst/reram_axi_ip_v1_0_S00_AXI_inst/u_core/GEN_CELLS[1].u_cell/delay_counter_reg[1]/CLR, system_bd_i/reram_axi_ip_0/inst/reram_axi_ip_v1_0_S00_AXI_inst/u_core/GEN_CELLS[1].u_cell/delay_counter_reg[2]/CLR, system_bd_i/reram_axi_ip_0/inst/reram_axi_ip_v1_0_S00_AXI_inst/u_core/GEN_CELLS[1].u_cell/delay_counter_reg[3]/CLR, system_bd_i/reram_axi_ip_0/inst/reram_axi_ip_v1_0_S00_AXI_inst/u_core/GEN_CELLS[1].u_cell/endurance_counter_reg[0]/CLR, system_bd_i/reram_axi_ip_0/inst/reram_axi_ip_v1_0_S00_AXI_inst/u_core/GEN_CELLS[1].u_cell/endurance_counter_reg[10]/CLR, system_bd_i/reram_axi_ip_0/inst/reram_axi_ip_v1_0_S00_AXI_inst/u_core/GEN_CELLS[1].u_cell/endurance_counter_reg[11]/CLR, system_bd_i/reram_axi_ip_0/inst/reram_axi_ip_v1_0_S00_AXI_inst/u_core/GEN_CELLS[1].u_cell/endurance_counter_reg[12]/CLR, system_bd_i/reram_axi_ip_0/inst/reram_axi_ip_v1_0_S00_AXI_inst/u_core/GEN_CELLS[1].u_cell/endurance_counter_reg[13]/CLR, system_bd_i/reram_axi_ip_0/inst/reram_axi_ip_v1_0_S00_AXI_inst/u_core/GEN_CELLS[1].u_cell/endurance_counter_reg[14]/CLR, system_bd_i/reram_axi_ip_0/inst/reram_axi_ip_v1_0_S00_AXI_inst/u_core/GEN_CELLS[1].u_cell/endurance_counter_reg[15]/CLR, system_bd_i/reram_axi_ip_0/inst/reram_axi_ip_v1_0_S00_AXI_inst/u_core/GEN_CELLS[1].u_cell/endurance_counter_reg[16]/CLR (the first 15 of 156 listed). The LUT may glitch and trigger an unexpected reset, even if it is a properly timed path.
Related violations: <none>

LUTAR-1#2 Warning
LUT drives async reset alert  
LUT cell system_bd_i/reram_axi_ip_0/inst/reram_axi_ip_v1_0_S00_AXI_inst/u_core/GEN_CELLS[0].u_cell/current_state_i_3, with 2 or more inputs, drives asynchronous reset pin(s) system_bd_i/reram_axi_ip_0/inst/reram_axi_ip_v1_0_S00_AXI_inst/u_core/GEN_CELLS[10].u_cell/stored_data_reg/CLR, system_bd_i/reram_axi_ip_0/inst/reram_axi_ip_v1_0_S00_AXI_inst/u_core/GEN_CELLS[10].u_cell/current_state_reg/PRE, system_bd_i/reram_axi_ip_0/inst/reram_axi_ip_v1_0_S00_AXI_inst/u_core/GEN_CELLS[11].u_cell/stored_data_reg/CLR, system_bd_i/reram_axi_ip_0/inst/reram_axi_ip_v1_0_S00_AXI_inst/u_core/GEN_CELLS[11].u_cell/current_state_reg/PRE, system_bd_i/reram_axi_ip_0/inst/reram_axi_ip_v1_0_S00_AXI_inst/u_core/GEN_CELLS[12].u_cell/stored_data_reg/CLR, system_bd_i/reram_axi_ip_0/inst/reram_axi_ip_v1_0_S00_AXI_inst/u_core/GEN_CELLS[12].u_cell/current_state_reg/PRE, system_bd_i/reram_axi_ip_0/inst/reram_axi_ip_v1_0_S00_AXI_inst/u_core/GEN_CELLS[13].u_cell/stored_data_reg/CLR, system_bd_i/reram_axi_ip_0/inst/reram_axi_ip_v1_0_S00_AXI_inst/u_core/GEN_CELLS[13].u_cell/current_state_reg/PRE, system_bd_i/reram_axi_ip_0/inst/reram_axi_ip_v1_0_S00_AXI_inst/u_core/GEN_CELLS[14].u_cell/stored_data_reg/CLR, system_bd_i/reram_axi_ip_0/inst/reram_axi_ip_v1_0_S00_AXI_inst/u_core/GEN_CELLS[14].u_cell/current_state_reg/PRE, system_bd_i/reram_axi_ip_0/inst/reram_axi_ip_v1_0_S00_AXI_inst/u_core/GEN_CELLS[15].u_cell/stored_data_reg/CLR, system_bd_i/reram_axi_ip_0/inst/reram_axi_ip_v1_0_S00_AXI_inst/u_core/GEN_CELLS[15].u_cell/current_state_reg/PRE, system_bd_i/reram_axi_ip_0/inst/reram_axi_ip_v1_0_S00_AXI_inst/u_core/GEN_CELLS[1].u_cell/stored_data_reg/CLR, system_bd_i/reram_axi_ip_0/inst/reram_axi_ip_v1_0_S00_AXI_inst/u_core/GEN_CELLS[1].u_cell/current_state_reg/PRE, system_bd_i/reram_axi_ip_0/inst/reram_axi_ip_v1_0_S00_AXI_inst/u_core/GEN_CELLS[2].u_cell/stored_data_reg/CLR (the first 15 of 32 listed). The LUT may glitch and trigger an unexpected reset, even if it is a properly timed path.
Related violations: <none>

LUTAR-1#3 Warning
LUT drives async reset alert  
LUT cell system_bd_i/reram_axi_ip_0/inst/reram_axi_ip_v1_0_S00_AXI_inst/u_core/GEN_CELLS[12].u_cell/FSM_sequential_write_fsm_state[1]_i_2__14, with 2 or more inputs, drives asynchronous reset pin(s) system_bd_i/reram_axi_ip_0/inst/reram_axi_ip_v1_0_S00_AXI_inst/u_core/GEN_CELLS[13].u_cell/FSM_sequential_write_fsm_state_reg[0]/CLR, system_bd_i/reram_axi_ip_0/inst/reram_axi_ip_v1_0_S00_AXI_inst/u_core/GEN_CELLS[13].u_cell/FSM_sequential_write_fsm_state_reg[1]/CLR, system_bd_i/reram_axi_ip_0/inst/reram_axi_ip_v1_0_S00_AXI_inst/u_core/GEN_CELLS[13].u_cell/cell_failed_flag_reg/CLR, system_bd_i/reram_axi_ip_0/inst/reram_axi_ip_v1_0_S00_AXI_inst/u_core/GEN_CELLS[13].u_cell/delay_counter_reg[0]/CLR, system_bd_i/reram_axi_ip_0/inst/reram_axi_ip_v1_0_S00_AXI_inst/u_core/GEN_CELLS[13].u_cell/delay_counter_reg[1]/CLR, system_bd_i/reram_axi_ip_0/inst/reram_axi_ip_v1_0_S00_AXI_inst/u_core/GEN_CELLS[13].u_cell/delay_counter_reg[2]/CLR, system_bd_i/reram_axi_ip_0/inst/reram_axi_ip_v1_0_S00_AXI_inst/u_core/GEN_CELLS[13].u_cell/delay_counter_reg[3]/CLR, system_bd_i/reram_axi_ip_0/inst/reram_axi_ip_v1_0_S00_AXI_inst/u_core/GEN_CELLS[13].u_cell/endurance_counter_reg[0]/CLR, system_bd_i/reram_axi_ip_0/inst/reram_axi_ip_v1_0_S00_AXI_inst/u_core/GEN_CELLS[13].u_cell/endurance_counter_reg[10]/CLR, system_bd_i/reram_axi_ip_0/inst/reram_axi_ip_v1_0_S00_AXI_inst/u_core/GEN_CELLS[13].u_cell/endurance_counter_reg[11]/CLR, system_bd_i/reram_axi_ip_0/inst/reram_axi_ip_v1_0_S00_AXI_inst/u_core/GEN_CELLS[13].u_cell/endurance_counter_reg[12]/CLR, system_bd_i/reram_axi_ip_0/inst/reram_axi_ip_v1_0_S00_AXI_inst/u_core/GEN_CELLS[13].u_cell/endurance_counter_reg[13]/CLR, system_bd_i/reram_axi_ip_0/inst/reram_axi_ip_v1_0_S00_AXI_inst/u_core/GEN_CELLS[13].u_cell/endurance_counter_reg[14]/CLR, system_bd_i/reram_axi_ip_0/inst/reram_axi_ip_v1_0_S00_AXI_inst/u_core/GEN_CELLS[13].u_cell/endurance_counter_reg[15]/CLR, system_bd_i/reram_axi_ip_0/inst/reram_axi_ip_v1_0_S00_AXI_inst/u_core/GEN_CELLS[13].u_cell/endurance_counter_reg[16]/CLR (the first 15 of 156 listed). The LUT may glitch and trigger an unexpected reset, even if it is a properly timed path.
Related violations: <none>

LUTAR-1#4 Warning
LUT drives async reset alert  
LUT cell system_bd_i/reram_axi_ip_0/inst/reram_axi_ip_v1_0_S00_AXI_inst/u_core/GEN_CELLS[7].u_cell/FSM_sequential_write_fsm_state[1]_i_2__12, with 2 or more inputs, drives asynchronous reset pin(s) system_bd_i/reram_axi_ip_0/inst/reram_axi_ip_v1_0_S00_AXI_inst/u_core/GEN_CELLS[4].u_cell/FSM_sequential_write_fsm_state_reg[0]/CLR, system_bd_i/reram_axi_ip_0/inst/reram_axi_ip_v1_0_S00_AXI_inst/u_core/GEN_CELLS[4].u_cell/FSM_sequential_write_fsm_state_reg[1]/CLR, system_bd_i/reram_axi_ip_0/inst/reram_axi_ip_v1_0_S00_AXI_inst/u_core/GEN_CELLS[4].u_cell/cell_failed_flag_reg/CLR, system_bd_i/reram_axi_ip_0/inst/reram_axi_ip_v1_0_S00_AXI_inst/u_core/GEN_CELLS[4].u_cell/delay_counter_reg[0]/CLR, system_bd_i/reram_axi_ip_0/inst/reram_axi_ip_v1_0_S00_AXI_inst/u_core/GEN_CELLS[4].u_cell/delay_counter_reg[1]/CLR, system_bd_i/reram_axi_ip_0/inst/reram_axi_ip_v1_0_S00_AXI_inst/u_core/GEN_CELLS[4].u_cell/delay_counter_reg[2]/CLR, system_bd_i/reram_axi_ip_0/inst/reram_axi_ip_v1_0_S00_AXI_inst/u_core/GEN_CELLS[4].u_cell/delay_counter_reg[3]/CLR, system_bd_i/reram_axi_ip_0/inst/reram_axi_ip_v1_0_S00_AXI_inst/u_core/GEN_CELLS[4].u_cell/endurance_counter_reg[0]/CLR, system_bd_i/reram_axi_ip_0/inst/reram_axi_ip_v1_0_S00_AXI_inst/u_core/GEN_CELLS[4].u_cell/endurance_counter_reg[10]/CLR, system_bd_i/reram_axi_ip_0/inst/reram_axi_ip_v1_0_S00_AXI_inst/u_core/GEN_CELLS[4].u_cell/endurance_counter_reg[11]/CLR, system_bd_i/reram_axi_ip_0/inst/reram_axi_ip_v1_0_S00_AXI_inst/u_core/GEN_CELLS[4].u_cell/endurance_counter_reg[12]/CLR, system_bd_i/reram_axi_ip_0/inst/reram_axi_ip_v1_0_S00_AXI_inst/u_core/GEN_CELLS[4].u_cell/endurance_counter_reg[13]/CLR, system_bd_i/reram_axi_ip_0/inst/reram_axi_ip_v1_0_S00_AXI_inst/u_core/GEN_CELLS[4].u_cell/endurance_counter_reg[14]/CLR, system_bd_i/reram_axi_ip_0/inst/reram_axi_ip_v1_0_S00_AXI_inst/u_core/GEN_CELLS[4].u_cell/endurance_counter_reg[15]/CLR, system_bd_i/reram_axi_ip_0/inst/reram_axi_ip_v1_0_S00_AXI_inst/u_core/GEN_CELLS[4].u_cell/endurance_counter_reg[16]/CLR (the first 15 of 156 listed). The LUT may glitch and trigger an unexpected reset, even if it is a properly timed path.
Related violations: <none>

LUTAR-1#5 Warning
LUT drives async reset alert  
LUT cell system_bd_i/reram_axi_ip_0/inst/reram_axi_ip_v1_0_S00_AXI_inst/u_core/GEN_CELLS[8].u_cell/FSM_sequential_write_fsm_state[1]_i_2__13, with 2 or more inputs, drives asynchronous reset pin(s) system_bd_i/reram_axi_ip_0/inst/reram_axi_ip_v1_0_S00_AXI_inst/u_core/GEN_CELLS[10].u_cell/FSM_sequential_write_fsm_state_reg[0]/CLR, system_bd_i/reram_axi_ip_0/inst/reram_axi_ip_v1_0_S00_AXI_inst/u_core/GEN_CELLS[10].u_cell/FSM_sequential_write_fsm_state_reg[1]/CLR, system_bd_i/reram_axi_ip_0/inst/reram_axi_ip_v1_0_S00_AXI_inst/u_core/GEN_CELLS[10].u_cell/cell_failed_flag_reg/CLR, system_bd_i/reram_axi_ip_0/inst/reram_axi_ip_v1_0_S00_AXI_inst/u_core/GEN_CELLS[10].u_cell/delay_counter_reg[0]/CLR, system_bd_i/reram_axi_ip_0/inst/reram_axi_ip_v1_0_S00_AXI_inst/u_core/GEN_CELLS[10].u_cell/delay_counter_reg[1]/CLR, system_bd_i/reram_axi_ip_0/inst/reram_axi_ip_v1_0_S00_AXI_inst/u_core/GEN_CELLS[10].u_cell/delay_counter_reg[2]/CLR, system_bd_i/reram_axi_ip_0/inst/reram_axi_ip_v1_0_S00_AXI_inst/u_core/GEN_CELLS[10].u_cell/delay_counter_reg[3]/CLR, system_bd_i/reram_axi_ip_0/inst/reram_axi_ip_v1_0_S00_AXI_inst/u_core/GEN_CELLS[10].u_cell/endurance_counter_reg[0]/CLR, system_bd_i/reram_axi_ip_0/inst/reram_axi_ip_v1_0_S00_AXI_inst/u_core/GEN_CELLS[10].u_cell/endurance_counter_reg[10]/CLR, system_bd_i/reram_axi_ip_0/inst/reram_axi_ip_v1_0_S00_AXI_inst/u_core/GEN_CELLS[10].u_cell/endurance_counter_reg[11]/CLR, system_bd_i/reram_axi_ip_0/inst/reram_axi_ip_v1_0_S00_AXI_inst/u_core/GEN_CELLS[10].u_cell/endurance_counter_reg[12]/CLR, system_bd_i/reram_axi_ip_0/inst/reram_axi_ip_v1_0_S00_AXI_inst/u_core/GEN_CELLS[10].u_cell/endurance_counter_reg[13]/CLR, system_bd_i/reram_axi_ip_0/inst/reram_axi_ip_v1_0_S00_AXI_inst/u_core/GEN_CELLS[10].u_cell/endurance_counter_reg[14]/CLR, system_bd_i/reram_axi_ip_0/inst/reram_axi_ip_v1_0_S00_AXI_inst/u_core/GEN_CELLS[10].u_cell/endurance_counter_reg[15]/CLR, system_bd_i/reram_axi_ip_0/inst/reram_axi_ip_v1_0_S00_AXI_inst/u_core/GEN_CELLS[10].u_cell/endurance_counter_reg[16]/CLR (the first 15 of 156 listed). The LUT may glitch and trigger an unexpected reset, even if it is a properly timed path.
Related violations: <none>


