Copyright 1986-2018 Xilinx, Inc. All Rights Reserved.
-------------------------------------------------------------------------------------------------------------------------------------------------------------------------
| Tool Version     : Vivado v.2018.1 (win64) Build 2188600 Wed Apr  4 18:40:38 MDT 2018
| Date             : Mon Aug 18 22:39:37 2025
| Host             : LOREFARM running 64-bit major release  (build 9200)
| Command          : report_power -file system_bd_wrapper_power_routed.rpt -pb system_bd_wrapper_power_summary_routed.pb -rpx system_bd_wrapper_power_routed.rpx
| Design           : system_bd_wrapper
| Device           : xc7z020clg400-1
| Design State     : routed
| Grade            : commercial
| Process          : typical
| Characterization : Production
-------------------------------------------------------------------------------------------------------------------------------------------------------------------------

Power Report

Table of Contents
-----------------
1. Summary
1.1 On-Chip Components
1.2 Power Supply Summary
1.3 Confidence Level
2. Settings
2.1 Environment
2.2 Clock Constraints
3. Detailed Reports
3.1 By Hierarchy

1. Summary
----------

+--------------------------+--------------+
| Total On-Chip Power (W)  | 1.542        |
| Design Power Budget (W)  | Unspecified* |
| Power Budget Margin (W)  | NA           |
| Dynamic (W)              | 1.404        |
| Device Static (W)        | 0.137        |
| Effective TJA (C/W)      | 11.5         |
| Max Ambient (C)          | 67.2         |
| Junction Temperature (C) | 42.8         |
| Confidence Level         | Medium       |
| Setting File             | ---          |
| Simulation Activity File | ---          |
| Design Nets Matched      | NA           |
+--------------------------+--------------+
* Specify Design Power Budget using, set_operating_conditions -design_power_budget <value in Watts>


1.1 On-Chip Components
----------------------

+-------------------------+-----------+----------+-----------+-----------------+
| On-Chip                 | Power (W) | Used     | Available | Utilization (%) |
+-------------------------+-----------+----------+-----------+-----------------+
| Clocks                  |     0.003 |        3 |       --- |             --- |
| Slice Logic             |     0.001 |     2509 |       --- |             --- |
|   LUT as Logic          |     0.001 |      777 |     53200 |            1.46 |
|   CARRY4                |    <0.001 |      140 |     13300 |            1.05 |
|   Register              |    <0.001 |     1209 |    106400 |            1.14 |
|   LUT as Shift Register |    <0.001 |       60 |     17400 |            0.34 |
|   Others                |     0.000 |      220 |       --- |             --- |
| Signals                 |     0.001 |     1938 |       --- |             --- |
| PS7                     |     1.399 |        1 |       --- |             --- |
| Static Power            |     0.137 |          |           |                 |
| Total                   |     1.542 |          |           |                 |
+-------------------------+-----------+----------+-----------+-----------------+


1.2 Power Supply Summary
------------------------

+-----------+-------------+-----------+-------------+------------+
| Source    | Voltage (V) | Total (A) | Dynamic (A) | Static (A) |
+-----------+-------------+-----------+-------------+------------+
| Vccint    |       1.000 |     0.019 |       0.005 |      0.014 |
| Vccaux    |       1.800 |     0.015 |       0.000 |      0.015 |
| Vcco33    |       3.300 |     0.000 |       0.000 |      0.000 |
| Vcco25    |       2.500 |     0.000 |       0.000 |      0.000 |
| Vcco18    |       1.800 |     0.000 |       0.000 |      0.000 |
| Vcco15    |       1.500 |     0.000 |       0.000 |      0.000 |
| Vcco135   |       1.350 |     0.000 |       0.000 |      0.000 |
| Vcco12    |       1.200 |     0.000 |       0.000 |      0.000 |
| Vccaux_io |       1.800 |     0.000 |       0.000 |      0.000 |
| Vccbram   |       1.000 |     0.001 |       0.000 |      0.001 |
| MGTAVcc   |       1.000 |     0.000 |       0.000 |      0.000 |
| MGTAVtt   |       1.200 |     0.000 |       0.000 |      0.000 |
| MGTVccaux |       1.800 |     0.000 |       0.000 |      0.000 |
| Vccpint   |       1.000 |     0.745 |       0.717 |      0.028 |
| Vccpaux   |       1.800 |     0.061 |       0.051 |      0.010 |
| Vccpll    |       1.800 |     0.017 |       0.014 |      0.003 |
| Vcco_ddr  |       1.350 |     0.413 |       0.411 |      0.002 |
| Vcco_mio0 |       3.300 |     0.003 |       0.002 |      0.001 |
| Vcco_mio1 |       1.800 |     0.003 |       0.002 |      0.001 |
| Vccadc    |       1.800 |     0.020 |       0.000 |      0.020 |
+-----------+-------------+-----------+-------------+------------+


1.3 Confidence Level
--------------------

+-----------------------------+------------+------------------------------------------------+------------------------------------------------------------------------------------------------------------+
| User Input Data             | Confidence | Details                                        | Action                                                                                                     |
+-----------------------------+------------+------------------------------------------------+------------------------------------------------------------------------------------------------------------+
| Design implementation state | High       | Design is routed                               |                                                                                                            |
| Clock nodes activity        | High       | User specified more than 95% of clocks         |                                                                                                            |
| I/O nodes activity          | High       | User specified more than 95% of inputs         |                                                                                                            |
| Internal nodes activity     | Medium     | User specified less than 25% of internal nodes | Provide missing internal nodes activity with simulation results or by editing the "By Resource Type" views |
| Device models               | High       | Device models are Production                   |                                                                                                            |
|                             |            |                                                |                                                                                                            |
| Overall confidence level    | Medium     |                                                |                                                                                                            |
+-----------------------------+------------+------------------------------------------------+------------------------------------------------------------------------------------------------------------+


2. Settings
-----------

2.1 Environment
---------------

+-----------------------+------------------------+
| Ambient Temp (C)      | 25.0                   |
| ThetaJA (C/W)         | 11.5                   |
| Airflow (LFM)         | 250                    |
| Heat Sink             | none                   |
| ThetaSA (C/W)         | 0.0                    |
| Board Selection       | medium (10"x10")       |
| # of Board Layers     | 8to11 (8 to 11 Layers) |
| Board Temperature (C) | 25.0                   |
+-----------------------+------------------------+


2.2 Clock Constraints
---------------------

+------------+--------------------------------------------------------------+-----------------+
| Clock      | Domain                                                       | Constraint (ns) |
+------------+--------------------------------------------------------------+-----------------+
| clk_fpga_0 | system_bd_i/processing_system7_0/inst/FCLK_CLK_unbuffered[0] |            20.0 |
+------------+--------------------------------------------------------------+-----------------+


3. Detailed Reports
-------------------

3.1 By Hierarchy
----------------

+--------------------------------------------------+-----------+
| Name                                             | Power (W) |
+--------------------------------------------------+-----------+
| system_bd_wrapper                                |     1.404 |
|   system_bd_i                                    |     1.404 |
|     processing_system7_0                         |     1.399 |
|       inst                                       |     1.399 |
|     ps7_0_axi_periph                             |     0.003 |
|       s00_couplers                               |     0.003 |
|         auto_pc                                  |     0.003 |
|           inst                                   |     0.003 |
|             gen_axilite.gen_b2s_conv.axilite_b2s |     0.003 |
|               RD.ar_channel_0                    |    <0.001 |
|                 ar_cmd_fsm_0                     |    <0.001 |
|                 cmd_translator_0                 |    <0.001 |
|                   incr_cmd_0                     |    <0.001 |
|                   wrap_cmd_0                     |    <0.001 |
|               RD.r_channel_0                     |    <0.001 |
|                 rd_data_fifo_0                   |    <0.001 |
|                 transaction_fifo_0               |    <0.001 |
|               SI_REG                             |    <0.001 |
|                 ar.ar_pipe                       |    <0.001 |
|                 aw.aw_pipe                       |    <0.001 |
|                 b.b_pipe                         |    <0.001 |
|                 r.r_pipe                         |    <0.001 |
|               WR.aw_channel_0                    |    <0.001 |
|                 aw_cmd_fsm_0                     |    <0.001 |
|                 cmd_translator_0                 |    <0.001 |
|                   incr_cmd_0                     |    <0.001 |
|                   wrap_cmd_0                     |    <0.001 |
|               WR.b_channel_0                     |    <0.001 |
|                 bid_fifo_0                       |    <0.001 |
|                 bresp_fifo_0                     |    <0.001 |
|     reram_axi_ip_0                               |     0.002 |
|       inst                                       |     0.002 |
|         reram_axi_ip_v1_0_S00_AXI_inst           |     0.002 |
|           u_core                                 |     0.002 |
|             GEN_CELLS[0].u_cell                  |    <0.001 |
|             GEN_CELLS[10].u_cell                 |    <0.001 |
|             GEN_CELLS[11].u_cell                 |    <0.001 |
|             GEN_CELLS[12].u_cell                 |    <0.001 |
|             GEN_CELLS[13].u_cell                 |    <0.001 |
|             GEN_CELLS[14].u_cell                 |    <0.001 |
|             GEN_CELLS[15].u_cell                 |    <0.001 |
|             GEN_CELLS[1].u_cell                  |    <0.001 |
|             GEN_CELLS[2].u_cell                  |    <0.001 |
|             GEN_CELLS[3].u_cell                  |    <0.001 |
|             GEN_CELLS[4].u_cell                  |    <0.001 |
|             GEN_CELLS[5].u_cell                  |    <0.001 |
|             GEN_CELLS[6].u_cell                  |    <0.001 |
|             GEN_CELLS[7].u_cell                  |    <0.001 |
|             GEN_CELLS[8].u_cell                  |    <0.001 |
|             GEN_CELLS[9].u_cell                  |    <0.001 |
|     rst_ps7_0_50M                                |    <0.001 |
|       U0                                         |    <0.001 |
|         EXT_LPF                                  |    <0.001 |
|           ACTIVE_LOW_AUX.ACT_LO_AUX              |    <0.001 |
|           ACTIVE_LOW_EXT.ACT_LO_EXT              |    <0.001 |
|         SEQ                                      |    <0.001 |
|           SEQ_COUNTER                            |    <0.001 |
+--------------------------------------------------+-----------+


