18:18:17 INFO  : Registering command handlers for SDK TCF services
18:18:17 INFO  : Launching XSCT server: xsct.bat -interactive C:\Users\hrish\OneDrive\Desktop\ReRam_Revision\sdk\temp_xsdb_launch_script.tcl
18:18:19 INFO  : XSCT server has started successfully.
18:18:19 INFO  : Successfully done setting XSCT server connection channel  
18:18:20 INFO  : Successfully done setting SDK workspace  
18:18:20 INFO  : Processing command line option -hwspec C:/Users/hrish/OneDrive/Desktop/ReRam_Revision/hw/RevisionDesign_wrapper.hdf.
18:22:27 INFO  : Connected to target on host '127.0.0.1' and port '3121'.
18:22:28 INFO  : 'targets -set -filter {jtag_cable_name =~ "Digilent Zybo Z7 210351A81D96A" && level==0} -index 1' command is executed.
18:22:30 INFO  : FPGA configured successfully with bitstream "C:/Users/hrish/OneDrive/Desktop/ReRam_Revision/sdk/RevisionDesign_wrapper_hw_platform_0/RevisionDesign_wrapper.bit"
18:22:42 INFO  : 'targets -set -filter {jtag_cable_name =~ "Digilent Zybo Z7 210351A81D96A" && level==0} -index 1' command is executed.
18:22:42 INFO  : 'fpga -state' command is executed.
18:22:42 INFO  : Connected to target on host '127.0.0.1' and port '3121'.
18:22:43 INFO  : Jtag cable 'Digilent Zybo Z7 210351A81D96A' is selected.
18:22:43 INFO  : 'jtag frequency' command is executed.
18:22:43 INFO  : Sourcing of 'C:/Users/hrish/OneDrive/Desktop/ReRam_Revision/sdk/RevisionDesign_wrapper_hw_platform_0/ps7_init.tcl' is done.
18:22:43 INFO  : Context for 'APU' is selected.
18:22:43 INFO  : Hardware design information is loaded from 'C:/Users/hrish/OneDrive/Desktop/ReRam_Revision/sdk/RevisionDesign_wrapper_hw_platform_0/system.hdf'.
18:22:43 INFO  : 'configparams force-mem-access 1' command is executed.
18:22:43 INFO  : Context for 'APU' is selected.
18:22:43 INFO  : 'stop' command is executed.
18:22:43 INFO  : 'ps7_init' command is executed.
18:22:43 INFO  : 'ps7_post_config' command is executed.
18:22:43 INFO  : Context for processor 'ps7_cortexa9_0' is selected.
18:22:43 INFO  : Processor reset is completed for 'ps7_cortexa9_0'.
18:22:43 INFO  : Context for processor 'ps7_cortexa9_0' is selected.
18:22:43 INFO  : The application 'C:/Users/hrish/OneDrive/Desktop/ReRam_Revision/sdk/reram_revision_test/Debug/reram_revision_test.elf' is downloaded to processor 'ps7_cortexa9_0'.
18:22:43 INFO  : 'configparams force-mem-access 0' command is executed.
18:22:43 INFO  : ----------------XSDB Script----------------
connect -url tcp:127.0.0.1:3121
source C:/Users/hrish/OneDrive/Desktop/ReRam_Revision/sdk/RevisionDesign_wrapper_hw_platform_0/ps7_init.tcl
targets -set -nocase -filter {name =~"APU*" && jtag_cable_name =~ "Digilent Zybo Z7 210351A81D96A"} -index 0
loadhw -hw C:/Users/hrish/OneDrive/Desktop/ReRam_Revision/sdk/RevisionDesign_wrapper_hw_platform_0/system.hdf -mem-ranges [list {0x40000000 0xbfffffff}]
configparams force-mem-access 1
targets -set -nocase -filter {name =~"APU*" && jtag_cable_name =~ "Digilent Zybo Z7 210351A81D96A"} -index 0
stop
ps7_init
ps7_post_config
targets -set -nocase -filter {name =~ "ARM*#0" && jtag_cable_name =~ "Digilent Zybo Z7 210351A81D96A"} -index 0
rst -processor
targets -set -nocase -filter {name =~ "ARM*#0" && jtag_cable_name =~ "Digilent Zybo Z7 210351A81D96A"} -index 0
dow C:/Users/hrish/OneDrive/Desktop/ReRam_Revision/sdk/reram_revision_test/Debug/reram_revision_test.elf
configparams force-mem-access 0
----------------End of Script----------------

18:22:43 INFO  : Memory regions updated for context APU
18:22:44 INFO  : Context for processor 'ps7_cortexa9_0' is selected.
18:22:44 INFO  : 'con' command is executed.
18:22:44 INFO  : ----------------XSDB Script (After Launch)----------------
targets -set -nocase -filter {name =~ "ARM*#0" && jtag_cable_name =~ "Digilent Zybo Z7 210351A81D96A"} -index 0
con
----------------End of Script----------------

18:22:44 INFO  : Launch script is exported to file 'C:\Users\hrish\OneDrive\Desktop\ReRam_Revision\sdk\.sdk\launch_scripts\xilinx_c-c++_application_(system_debugger)\system_debugger_using_debug_reram_revision_test.elf_on_local.tcl'
18:24:51 INFO  : Disconnected from the channel tcfchan#1.
18:32:59 INFO  : Connected to target on host '127.0.0.1' and port '3121'.
18:32:59 INFO  : 'targets -set -filter {jtag_cable_name =~ "Digilent Zybo Z7 210351A81D96A" && level==0} -index 1' command is executed.
18:33:01 INFO  : FPGA configured successfully with bitstream "C:/Users/hrish/OneDrive/Desktop/ReRam_Revision/sdk/RevisionDesign_wrapper_hw_platform_0/RevisionDesign_wrapper.bit"
18:33:08 INFO  : 'targets -set -filter {jtag_cable_name =~ "Digilent Zybo Z7 210351A81D96A" && level==0} -index 1' command is executed.
18:33:08 INFO  : 'fpga -state' command is executed.
18:33:09 INFO  : Connected to target on host '127.0.0.1' and port '3121'.
18:33:09 INFO  : Jtag cable 'Digilent Zybo Z7 210351A81D96A' is selected.
18:33:09 INFO  : 'jtag frequency' command is executed.
18:33:09 INFO  : Sourcing of 'C:/Users/hrish/OneDrive/Desktop/ReRam_Revision/sdk/RevisionDesign_wrapper_hw_platform_0/ps7_init.tcl' is done.
18:33:09 INFO  : Context for 'APU' is selected.
18:33:09 INFO  : Hardware design information is loaded from 'C:/Users/hrish/OneDrive/Desktop/ReRam_Revision/sdk/RevisionDesign_wrapper_hw_platform_0/system.hdf'.
18:33:09 INFO  : 'configparams force-mem-access 1' command is executed.
18:33:09 INFO  : Context for 'APU' is selected.
18:33:09 INFO  : 'stop' command is executed.
18:33:10 INFO  : 'ps7_init' command is executed.
18:33:10 INFO  : 'ps7_post_config' command is executed.
18:33:10 INFO  : Context for processor 'ps7_cortexa9_0' is selected.
18:33:10 INFO  : Processor reset is completed for 'ps7_cortexa9_0'.
18:33:10 INFO  : Context for processor 'ps7_cortexa9_0' is selected.
18:33:10 INFO  : The application 'C:/Users/hrish/OneDrive/Desktop/ReRam_Revision/sdk/reram_revision_test/Debug/reram_revision_test.elf' is downloaded to processor 'ps7_cortexa9_0'.
18:33:10 INFO  : 'configparams force-mem-access 0' command is executed.
18:33:10 INFO  : ----------------XSDB Script----------------
connect -url tcp:127.0.0.1:3121
source C:/Users/hrish/OneDrive/Desktop/ReRam_Revision/sdk/RevisionDesign_wrapper_hw_platform_0/ps7_init.tcl
targets -set -nocase -filter {name =~"APU*" && jtag_cable_name =~ "Digilent Zybo Z7 210351A81D96A"} -index 0
loadhw -hw C:/Users/hrish/OneDrive/Desktop/ReRam_Revision/sdk/RevisionDesign_wrapper_hw_platform_0/system.hdf -mem-ranges [list {0x40000000 0xbfffffff}]
configparams force-mem-access 1
targets -set -nocase -filter {name =~"APU*" && jtag_cable_name =~ "Digilent Zybo Z7 210351A81D96A"} -index 0
stop
ps7_init
ps7_post_config
targets -set -nocase -filter {name =~ "ARM*#0" && jtag_cable_name =~ "Digilent Zybo Z7 210351A81D96A"} -index 0
rst -processor
targets -set -nocase -filter {name =~ "ARM*#0" && jtag_cable_name =~ "Digilent Zybo Z7 210351A81D96A"} -index 0
dow C:/Users/hrish/OneDrive/Desktop/ReRam_Revision/sdk/reram_revision_test/Debug/reram_revision_test.elf
configparams force-mem-access 0
----------------End of Script----------------

18:33:10 INFO  : Memory regions updated for context APU
18:33:10 INFO  : Context for processor 'ps7_cortexa9_0' is selected.
18:33:10 INFO  : 'con' command is executed.
18:33:10 INFO  : ----------------XSDB Script (After Launch)----------------
targets -set -nocase -filter {name =~ "ARM*#0" && jtag_cable_name =~ "Digilent Zybo Z7 210351A81D96A"} -index 0
con
----------------End of Script----------------

18:33:10 INFO  : Launch script is exported to file 'C:\Users\hrish\OneDrive\Desktop\ReRam_Revision\sdk\.sdk\launch_scripts\xilinx_c-c++_application_(system_debugger)\system_debugger_using_debug_reram_revision_test.elf_on_local.tcl'
18:37:19 INFO  : Disconnected from the channel tcfchan#2.
18:54:05 INFO  : Connected to target on host '127.0.0.1' and port '3121'.
18:54:05 INFO  : 'targets -set -filter {jtag_cable_name =~ "Digilent Zybo Z7 210351A81D96A" && level==0} -index 1' command is executed.
18:54:07 INFO  : FPGA configured successfully with bitstream "C:/Users/hrish/OneDrive/Desktop/ReRam_Revision/sdk/RevisionDesign_wrapper_hw_platform_0/RevisionDesign_wrapper.bit"
18:54:16 INFO  : 'targets -set -filter {jtag_cable_name =~ "Digilent Zybo Z7 210351A81D96A" && level==0} -index 1' command is executed.
18:54:16 INFO  : 'fpga -state' command is executed.
18:54:16 INFO  : Connected to target on host '127.0.0.1' and port '3121'.
18:54:17 INFO  : Jtag cable 'Digilent Zybo Z7 210351A81D96A' is selected.
18:54:17 INFO  : 'jtag frequency' command is executed.
18:54:17 INFO  : Sourcing of 'C:/Users/hrish/OneDrive/Desktop/ReRam_Revision/sdk/RevisionDesign_wrapper_hw_platform_0/ps7_init.tcl' is done.
18:54:17 INFO  : Context for 'APU' is selected.
18:54:17 INFO  : Hardware design information is loaded from 'C:/Users/hrish/OneDrive/Desktop/ReRam_Revision/sdk/RevisionDesign_wrapper_hw_platform_0/system.hdf'.
18:54:17 INFO  : 'configparams force-mem-access 1' command is executed.
18:54:17 INFO  : Context for 'APU' is selected.
18:54:17 INFO  : 'stop' command is executed.
18:54:17 INFO  : 'ps7_init' command is executed.
18:54:18 INFO  : 'ps7_post_config' command is executed.
18:54:18 INFO  : Context for processor 'ps7_cortexa9_0' is selected.
18:54:18 INFO  : Processor reset is completed for 'ps7_cortexa9_0'.
18:54:18 INFO  : Context for processor 'ps7_cortexa9_0' is selected.
18:54:18 INFO  : The application 'C:/Users/hrish/OneDrive/Desktop/ReRam_Revision/sdk/reram_revision_test/Debug/reram_revision_test.elf' is downloaded to processor 'ps7_cortexa9_0'.
18:54:18 INFO  : 'configparams force-mem-access 0' command is executed.
18:54:18 INFO  : ----------------XSDB Script----------------
connect -url tcp:127.0.0.1:3121
source C:/Users/hrish/OneDrive/Desktop/ReRam_Revision/sdk/RevisionDesign_wrapper_hw_platform_0/ps7_init.tcl
targets -set -nocase -filter {name =~"APU*" && jtag_cable_name =~ "Digilent Zybo Z7 210351A81D96A"} -index 0
loadhw -hw C:/Users/hrish/OneDrive/Desktop/ReRam_Revision/sdk/RevisionDesign_wrapper_hw_platform_0/system.hdf -mem-ranges [list {0x40000000 0xbfffffff}]
configparams force-mem-access 1
targets -set -nocase -filter {name =~"APU*" && jtag_cable_name =~ "Digilent Zybo Z7 210351A81D96A"} -index 0
stop
ps7_init
ps7_post_config
targets -set -nocase -filter {name =~ "ARM*#0" && jtag_cable_name =~ "Digilent Zybo Z7 210351A81D96A"} -index 0
rst -processor
targets -set -nocase -filter {name =~ "ARM*#0" && jtag_cable_name =~ "Digilent Zybo Z7 210351A81D96A"} -index 0
dow C:/Users/hrish/OneDrive/Desktop/ReRam_Revision/sdk/reram_revision_test/Debug/reram_revision_test.elf
configparams force-mem-access 0
----------------End of Script----------------

18:54:18 INFO  : Memory regions updated for context APU
18:54:18 INFO  : Context for processor 'ps7_cortexa9_0' is selected.
18:54:18 INFO  : 'con' command is executed.
18:54:18 INFO  : ----------------XSDB Script (After Launch)----------------
targets -set -nocase -filter {name =~ "ARM*#0" && jtag_cable_name =~ "Digilent Zybo Z7 210351A81D96A"} -index 0
con
----------------End of Script----------------

18:54:18 INFO  : Launch script is exported to file 'C:\Users\hrish\OneDrive\Desktop\ReRam_Revision\sdk\.sdk\launch_scripts\xilinx_c-c++_application_(system_debugger)\system_debugger_using_debug_reram_revision_test.elf_on_local.tcl'
18:58:31 INFO  : Disconnected from the channel tcfchan#3.
19:00:30 INFO  : Connected to target on host '127.0.0.1' and port '3121'.
19:00:30 INFO  : 'targets -set -filter {jtag_cable_name =~ "Digilent Zybo Z7 210351A81D96A" && level==0} -index 1' command is executed.
19:00:33 INFO  : FPGA configured successfully with bitstream "C:/Users/hrish/OneDrive/Desktop/ReRam_Revision/sdk/RevisionDesign_wrapper_hw_platform_0/RevisionDesign_wrapper.bit"
19:00:41 INFO  : 'targets -set -filter {jtag_cable_name =~ "Digilent Zybo Z7 210351A81D96A" && level==0} -index 1' command is executed.
19:00:41 INFO  : 'fpga -state' command is executed.
19:00:41 INFO  : Connected to target on host '127.0.0.1' and port '3121'.
19:00:42 INFO  : Jtag cable 'Digilent Zybo Z7 210351A81D96A' is selected.
19:00:42 INFO  : 'jtag frequency' command is executed.
19:00:42 INFO  : Sourcing of 'C:/Users/hrish/OneDrive/Desktop/ReRam_Revision/sdk/RevisionDesign_wrapper_hw_platform_0/ps7_init.tcl' is done.
19:00:42 INFO  : Context for 'APU' is selected.
19:00:42 INFO  : Hardware design information is loaded from 'C:/Users/hrish/OneDrive/Desktop/ReRam_Revision/sdk/RevisionDesign_wrapper_hw_platform_0/system.hdf'.
19:00:42 INFO  : 'configparams force-mem-access 1' command is executed.
19:00:42 INFO  : Context for 'APU' is selected.
19:00:42 INFO  : 'stop' command is executed.
19:00:43 INFO  : 'ps7_init' command is executed.
19:00:43 INFO  : 'ps7_post_config' command is executed.
19:00:43 INFO  : Context for processor 'ps7_cortexa9_0' is selected.
19:00:43 INFO  : Processor reset is completed for 'ps7_cortexa9_0'.
19:00:43 INFO  : Context for processor 'ps7_cortexa9_0' is selected.
19:00:43 INFO  : The application 'C:/Users/hrish/OneDrive/Desktop/ReRam_Revision/sdk/reram_revision_test/Debug/reram_revision_test.elf' is downloaded to processor 'ps7_cortexa9_0'.
19:00:43 INFO  : 'configparams force-mem-access 0' command is executed.
19:00:43 INFO  : ----------------XSDB Script----------------
connect -url tcp:127.0.0.1:3121
source C:/Users/hrish/OneDrive/Desktop/ReRam_Revision/sdk/RevisionDesign_wrapper_hw_platform_0/ps7_init.tcl
targets -set -nocase -filter {name =~"APU*" && jtag_cable_name =~ "Digilent Zybo Z7 210351A81D96A"} -index 0
loadhw -hw C:/Users/hrish/OneDrive/Desktop/ReRam_Revision/sdk/RevisionDesign_wrapper_hw_platform_0/system.hdf -mem-ranges [list {0x40000000 0xbfffffff}]
configparams force-mem-access 1
targets -set -nocase -filter {name =~"APU*" && jtag_cable_name =~ "Digilent Zybo Z7 210351A81D96A"} -index 0
stop
ps7_init
ps7_post_config
targets -set -nocase -filter {name =~ "ARM*#0" && jtag_cable_name =~ "Digilent Zybo Z7 210351A81D96A"} -index 0
rst -processor
targets -set -nocase -filter {name =~ "ARM*#0" && jtag_cable_name =~ "Digilent Zybo Z7 210351A81D96A"} -index 0
dow C:/Users/hrish/OneDrive/Desktop/ReRam_Revision/sdk/reram_revision_test/Debug/reram_revision_test.elf
configparams force-mem-access 0
----------------End of Script----------------

19:00:43 INFO  : Memory regions updated for context APU
19:00:43 INFO  : Context for processor 'ps7_cortexa9_0' is selected.
19:00:43 INFO  : 'con' command is executed.
19:00:43 INFO  : ----------------XSDB Script (After Launch)----------------
targets -set -nocase -filter {name =~ "ARM*#0" && jtag_cable_name =~ "Digilent Zybo Z7 210351A81D96A"} -index 0
con
----------------End of Script----------------

19:00:43 INFO  : Launch script is exported to file 'C:\Users\hrish\OneDrive\Desktop\ReRam_Revision\sdk\.sdk\launch_scripts\xilinx_c-c++_application_(system_debugger)\system_debugger_using_debug_reram_revision_test.elf_on_local.tcl'
19:01:43 INFO  : Disconnected from the channel tcfchan#4.
19:02:31 INFO  : Connected to target on host '127.0.0.1' and port '3121'.
19:02:32 INFO  : 'targets -set -filter {jtag_cable_name =~ "Digilent Zybo Z7 210351A81D96A" && level==0} -index 1' command is executed.
19:02:34 INFO  : FPGA configured successfully with bitstream "C:/Users/hrish/OneDrive/Desktop/ReRam_Revision/sdk/RevisionDesign_wrapper_hw_platform_0/RevisionDesign_wrapper.bit"
19:02:47 INFO  : 'targets -set -filter {jtag_cable_name =~ "Digilent Zybo Z7 210351A81D96A" && level==0} -index 1' command is executed.
19:02:47 INFO  : 'fpga -state' command is executed.
19:02:47 INFO  : Connected to target on host '127.0.0.1' and port '3121'.
19:02:48 INFO  : Jtag cable 'Digilent Zybo Z7 210351A81D96A' is selected.
19:02:48 INFO  : 'jtag frequency' command is executed.
19:02:48 INFO  : Sourcing of 'C:/Users/hrish/OneDrive/Desktop/ReRam_Revision/sdk/RevisionDesign_wrapper_hw_platform_0/ps7_init.tcl' is done.
19:02:48 INFO  : Context for 'APU' is selected.
19:02:48 INFO  : Hardware design information is loaded from 'C:/Users/hrish/OneDrive/Desktop/ReRam_Revision/sdk/RevisionDesign_wrapper_hw_platform_0/system.hdf'.
19:02:48 INFO  : 'configparams force-mem-access 1' command is executed.
19:02:48 INFO  : Context for 'APU' is selected.
19:02:48 INFO  : 'stop' command is executed.
19:02:48 INFO  : 'ps7_init' command is executed.
19:02:48 INFO  : 'ps7_post_config' command is executed.
19:02:48 INFO  : Context for processor 'ps7_cortexa9_0' is selected.
19:02:49 INFO  : Processor reset is completed for 'ps7_cortexa9_0'.
19:02:49 INFO  : Context for processor 'ps7_cortexa9_0' is selected.
19:02:49 INFO  : The application 'C:/Users/hrish/OneDrive/Desktop/ReRam_Revision/sdk/reram_revision_test/Debug/reram_revision_test.elf' is downloaded to processor 'ps7_cortexa9_0'.
19:02:49 INFO  : 'configparams force-mem-access 0' command is executed.
19:02:49 INFO  : ----------------XSDB Script----------------
connect -url tcp:127.0.0.1:3121
source C:/Users/hrish/OneDrive/Desktop/ReRam_Revision/sdk/RevisionDesign_wrapper_hw_platform_0/ps7_init.tcl
targets -set -nocase -filter {name =~"APU*" && jtag_cable_name =~ "Digilent Zybo Z7 210351A81D96A"} -index 0
loadhw -hw C:/Users/hrish/OneDrive/Desktop/ReRam_Revision/sdk/RevisionDesign_wrapper_hw_platform_0/system.hdf -mem-ranges [list {0x40000000 0xbfffffff}]
configparams force-mem-access 1
targets -set -nocase -filter {name =~"APU*" && jtag_cable_name =~ "Digilent Zybo Z7 210351A81D96A"} -index 0
stop
ps7_init
ps7_post_config
targets -set -nocase -filter {name =~ "ARM*#0" && jtag_cable_name =~ "Digilent Zybo Z7 210351A81D96A"} -index 0
rst -processor
targets -set -nocase -filter {name =~ "ARM*#0" && jtag_cable_name =~ "Digilent Zybo Z7 210351A81D96A"} -index 0
dow C:/Users/hrish/OneDrive/Desktop/ReRam_Revision/sdk/reram_revision_test/Debug/reram_revision_test.elf
configparams force-mem-access 0
----------------End of Script----------------

19:02:49 INFO  : Memory regions updated for context APU
19:02:49 INFO  : Context for processor 'ps7_cortexa9_0' is selected.
19:02:49 INFO  : 'con' command is executed.
19:02:49 INFO  : ----------------XSDB Script (After Launch)----------------
targets -set -nocase -filter {name =~ "ARM*#0" && jtag_cable_name =~ "Digilent Zybo Z7 210351A81D96A"} -index 0
con
----------------End of Script----------------

19:02:49 INFO  : Launch script is exported to file 'C:\Users\hrish\OneDrive\Desktop\ReRam_Revision\sdk\.sdk\launch_scripts\performance_analysis\performance_analysis_using_debug_reram_revision_test.elf_on_local.tcl'
19:02:50 INFO  : Apm configuration has been updated and stored to 'C:\Users\hrish\OneDrive\Desktop\ReRam_Revision\sdk\RevisionDesign_wrapper_hw_platform_0\apmconfigs\apm_default.json' for the project 'RevisionDesign_wrapper_hw_platform_0'
19:02:50 INFO  : Performance data for 'PS' will be exported to the file 'C:\Users\hrish\OneDrive\Desktop\ReRam_Revision\sdk\RevisionDesign_wrapper_hw_platform_0_Traces\Traces\Run_Oct-12_19-02\PS_Trace_Oct-12_19-02\trace'
19:02:50 INFO  : Created tracing project 'RevisionDesign_wrapper_hw_platform_0_Traces'
19:02:50 INFO  : Added tracing folder 'C:\Users\hrish\OneDrive\Desktop\ReRam_Revision\sdk\RevisionDesign_wrapper_hw_platform_0_Traces\Traces\Run_Oct-12_19-02\PS_Trace_Oct-12_19-02' into  'RevisionDesign_wrapper_hw_platform_0_Traces'
19:02:51 INFO  : Attempting to open tracing file 'PS_Trace_Oct-12_19-02'
19:03:18 INFO  : Performance data for 'PS' has been exported to the file 'C:\Users\hrish\OneDrive\Desktop\ReRam_Revision\sdk\RevisionDesign_wrapper_hw_platform_0_Traces\Traces\Run_Oct-12_19-02\PS_Trace_Oct-12_19-02\trace'
19:03:18 INFO  : Disconnected from the channel tcfchan#5.
19:03:53 INFO  : Connected to target on host '127.0.0.1' and port '3121'.
19:03:54 INFO  : 'targets -set -filter {jtag_cable_name =~ "Digilent Zybo Z7 210351A81D96A" && level==0} -index 1' command is executed.
19:03:56 INFO  : FPGA configured successfully with bitstream "C:/Users/hrish/OneDrive/Desktop/ReRam_Revision/sdk/RevisionDesign_wrapper_hw_platform_0/RevisionDesign_wrapper.bit"
19:04:12 INFO  : 'targets -set -filter {jtag_cable_name =~ "Digilent Zybo Z7 210351A81D96A" && level==0} -index 1' command is executed.
19:04:12 INFO  : 'fpga -state' command is executed.
19:04:12 INFO  : Connected to target on host '127.0.0.1' and port '3121'.
19:04:12 INFO  : Jtag cable 'Digilent Zybo Z7 210351A81D96A' is selected.
19:04:12 INFO  : 'jtag frequency' command is executed.
19:04:12 INFO  : Sourcing of 'C:/Users/hrish/OneDrive/Desktop/ReRam_Revision/sdk/RevisionDesign_wrapper_hw_platform_0/ps7_init.tcl' is done.
19:04:12 INFO  : Context for 'APU' is selected.
19:04:13 INFO  : Hardware design information is loaded from 'C:/Users/hrish/OneDrive/Desktop/ReRam_Revision/sdk/RevisionDesign_wrapper_hw_platform_0/system.hdf'.
19:04:13 INFO  : 'configparams force-mem-access 1' command is executed.
19:04:13 INFO  : Context for 'APU' is selected.
19:04:13 INFO  : 'stop' command is executed.
19:04:13 INFO  : 'ps7_init' command is executed.
19:04:13 INFO  : 'ps7_post_config' command is executed.
19:04:13 INFO  : Context for processor 'ps7_cortexa9_0' is selected.
19:04:13 INFO  : Processor reset is completed for 'ps7_cortexa9_0'.
19:04:13 INFO  : Context for processor 'ps7_cortexa9_0' is selected.
19:04:13 INFO  : The application 'C:/Users/hrish/OneDrive/Desktop/ReRam_Revision/sdk/reram_revision_test/Debug/reram_revision_test.elf' is downloaded to processor 'ps7_cortexa9_0'.
19:04:13 INFO  : 'configparams force-mem-access 0' command is executed.
19:04:13 INFO  : ----------------XSDB Script----------------
connect -url tcp:127.0.0.1:3121
source C:/Users/hrish/OneDrive/Desktop/ReRam_Revision/sdk/RevisionDesign_wrapper_hw_platform_0/ps7_init.tcl
targets -set -nocase -filter {name =~"APU*" && jtag_cable_name =~ "Digilent Zybo Z7 210351A81D96A"} -index 0
loadhw -hw C:/Users/hrish/OneDrive/Desktop/ReRam_Revision/sdk/RevisionDesign_wrapper_hw_platform_0/system.hdf -mem-ranges [list {0x40000000 0xbfffffff}]
configparams force-mem-access 1
targets -set -nocase -filter {name =~"APU*" && jtag_cable_name =~ "Digilent Zybo Z7 210351A81D96A"} -index 0
stop
ps7_init
ps7_post_config
targets -set -nocase -filter {name =~ "ARM*#0" && jtag_cable_name =~ "Digilent Zybo Z7 210351A81D96A"} -index 0
rst -processor
targets -set -nocase -filter {name =~ "ARM*#0" && jtag_cable_name =~ "Digilent Zybo Z7 210351A81D96A"} -index 0
dow C:/Users/hrish/OneDrive/Desktop/ReRam_Revision/sdk/reram_revision_test/Debug/reram_revision_test.elf
configparams force-mem-access 0
----------------End of Script----------------

19:04:14 INFO  : Memory regions updated for context APU
19:04:14 INFO  : Context for processor 'ps7_cortexa9_0' is selected.
19:04:14 INFO  : 'con' command is executed.
19:04:14 INFO  : ----------------XSDB Script (After Launch)----------------
targets -set -nocase -filter {name =~ "ARM*#0" && jtag_cable_name =~ "Digilent Zybo Z7 210351A81D96A"} -index 0
con
----------------End of Script----------------

19:04:14 INFO  : Launch script is exported to file 'C:\Users\hrish\OneDrive\Desktop\ReRam_Revision\sdk\.sdk\launch_scripts\xilinx_c-c++_application_(system_debugger)\system_debugger_using_debug_reram_revision_test.elf_on_local.tcl'
19:06:49 INFO  : Disconnected from the channel tcfchan#6.
14:08:21 INFO  : Registering command handlers for SDK TCF services
14:08:22 INFO  : Launching XSCT server: xsct.bat -interactive C:\Users\hrish\OneDrive\Desktop\ReRam_Revision\sdk\temp_xsdb_launch_script.tcl
14:08:24 INFO  : XSCT server has started successfully.
14:08:24 INFO  : Successfully done setting XSCT server connection channel  
14:08:24 INFO  : Successfully done setting SDK workspace  
14:09:17 INFO  : Connected to target on host '127.0.0.1' and port '3121'.
14:09:18 INFO  : 'targets -set -filter {jtag_cable_name =~ "Digilent Zybo Z7 210351A81D96A" && level==0} -index 1' command is executed.
14:09:21 INFO  : FPGA configured successfully with bitstream "C:/Users/hrish/OneDrive/Desktop/ReRam_Revision/sdk/RevisionDesign_wrapper_hw_platform_0/RevisionDesign_wrapper.bit"
14:09:36 INFO  : 'targets -set -filter {jtag_cable_name =~ "Digilent Zybo Z7 210351A81D96A" && level==0} -index 1' command is executed.
14:09:36 INFO  : 'fpga -state' command is executed.
14:09:36 INFO  : Connected to target on host '127.0.0.1' and port '3121'.
14:09:36 INFO  : Jtag cable 'Digilent Zybo Z7 210351A81D96A' is selected.
14:09:36 INFO  : 'jtag frequency' command is executed.
14:09:36 INFO  : Sourcing of 'C:/Users/hrish/OneDrive/Desktop/ReRam_Revision/sdk/RevisionDesign_wrapper_hw_platform_0/ps7_init.tcl' is done.
14:09:36 INFO  : Context for 'APU' is selected.
14:09:37 INFO  : Hardware design information is loaded from 'C:/Users/hrish/OneDrive/Desktop/ReRam_Revision/sdk/RevisionDesign_wrapper_hw_platform_0/system.hdf'.
14:09:37 INFO  : 'configparams force-mem-access 1' command is executed.
14:09:37 INFO  : Context for 'APU' is selected.
14:09:37 INFO  : 'stop' command is executed.
14:09:37 INFO  : 'ps7_init' command is executed.
14:09:37 INFO  : 'ps7_post_config' command is executed.
14:09:37 INFO  : Context for processor 'ps7_cortexa9_0' is selected.
14:09:37 INFO  : Processor reset is completed for 'ps7_cortexa9_0'.
14:09:38 INFO  : Context for processor 'ps7_cortexa9_0' is selected.
14:09:38 INFO  : The application 'C:/Users/hrish/OneDrive/Desktop/ReRam_Revision/sdk/reram_revision_test/Debug/reram_revision_test.elf' is downloaded to processor 'ps7_cortexa9_0'.
14:09:38 INFO  : 'configparams force-mem-access 0' command is executed.
14:09:38 INFO  : ----------------XSDB Script----------------
connect -url tcp:127.0.0.1:3121
source C:/Users/hrish/OneDrive/Desktop/ReRam_Revision/sdk/RevisionDesign_wrapper_hw_platform_0/ps7_init.tcl
targets -set -nocase -filter {name =~"APU*" && jtag_cable_name =~ "Digilent Zybo Z7 210351A81D96A"} -index 0
loadhw -hw C:/Users/hrish/OneDrive/Desktop/ReRam_Revision/sdk/RevisionDesign_wrapper_hw_platform_0/system.hdf -mem-ranges [list {0x40000000 0xbfffffff}]
configparams force-mem-access 1
targets -set -nocase -filter {name =~"APU*" && jtag_cable_name =~ "Digilent Zybo Z7 210351A81D96A"} -index 0
stop
ps7_init
ps7_post_config
targets -set -nocase -filter {name =~ "ARM*#0" && jtag_cable_name =~ "Digilent Zybo Z7 210351A81D96A"} -index 0
rst -processor
targets -set -nocase -filter {name =~ "ARM*#0" && jtag_cable_name =~ "Digilent Zybo Z7 210351A81D96A"} -index 0
dow C:/Users/hrish/OneDrive/Desktop/ReRam_Revision/sdk/reram_revision_test/Debug/reram_revision_test.elf
configparams force-mem-access 0
----------------End of Script----------------

14:09:38 INFO  : Memory regions updated for context APU
14:09:38 INFO  : Context for processor 'ps7_cortexa9_0' is selected.
14:09:38 INFO  : 'con' command is executed.
14:09:38 INFO  : ----------------XSDB Script (After Launch)----------------
targets -set -nocase -filter {name =~ "ARM*#0" && jtag_cable_name =~ "Digilent Zybo Z7 210351A81D96A"} -index 0
con
----------------End of Script----------------

14:09:38 INFO  : Launch script is exported to file 'C:\Users\hrish\OneDrive\Desktop\ReRam_Revision\sdk\.sdk\launch_scripts\xilinx_c-c++_application_(system_debugger)\system_debugger_using_debug_reram_revision_test.elf_on_local.tcl'
14:17:28 INFO  : Disconnected from the channel tcfchan#1.
