21:47:21 INFO  : Registering command handlers for SDK TCF services
21:47:21 INFO  : Launching XSCT server: xsct.bat -interactive C:\Users\hrish\OneDrive\Desktop\id4\SDK\temp_xsdb_launch_script.tcl
21:47:28 INFO  : XSCT server has started successfully.
21:47:28 INFO  : Successfully done setting XSCT server connection channel  
21:47:38 INFO  : Successfully done setting SDK workspace  
21:47:38 INFO  : Processing command line option -hwspec C:/Users/hrish/OneDrive/Desktop/id4/HW/EightBitMemoryBlock_wrapper.hdf.
21:57:19 INFO  : Connected to target on host '127.0.0.1' and port '3121'.
21:57:20 INFO  : 'targets -set -filter {jtag_cable_name =~ "Digilent Zybo Z7 210351A81D96A" && level==0} -index 1' command is executed.
21:57:22 INFO  : FPGA configured successfully with bitstream "C:/Users/hrish/OneDrive/Desktop/id4/SDK/EightBitMemoryBlock_wrapper_hw_platform_0/EightBitMemoryBlock_wrapper.bit"
21:57:53 INFO  : 'targets -set -filter {jtag_cable_name =~ "Digilent Zybo Z7 210351A81D96A" && level==0} -index 1' command is executed.
21:57:53 INFO  : 'fpga -state' command is executed.
21:57:53 INFO  : Connected to target on host '127.0.0.1' and port '3121'.
21:57:53 INFO  : Jtag cable 'Digilent Zybo Z7 210351A81D96A' is selected.
21:57:53 INFO  : 'jtag frequency' command is executed.
21:57:53 INFO  : Sourcing of 'C:/Users/hrish/OneDrive/Desktop/id4/SDK/EightBitMemoryBlock_wrapper_hw_platform_0/ps7_init.tcl' is done.
21:57:53 INFO  : Context for 'APU' is selected.
21:57:53 INFO  : Hardware design information is loaded from 'C:/Users/hrish/OneDrive/Desktop/id4/SDK/EightBitMemoryBlock_wrapper_hw_platform_0/system.hdf'.
21:57:53 INFO  : 'configparams force-mem-access 1' command is executed.
21:57:53 INFO  : Context for 'APU' is selected.
21:57:53 INFO  : 'stop' command is executed.
21:57:54 INFO  : 'ps7_init' command is executed.
21:57:54 INFO  : 'ps7_post_config' command is executed.
21:57:54 INFO  : Context for processor 'ps7_cortexa9_0' is selected.
21:57:54 INFO  : Processor reset is completed for 'ps7_cortexa9_0'.
21:57:54 INFO  : Context for processor 'ps7_cortexa9_0' is selected.
21:57:55 INFO  : The application 'C:/Users/hrish/OneDrive/Desktop/id4/SDK/TestingRegMemory/Debug/TestingRegMemory.elf' is downloaded to processor 'ps7_cortexa9_0'.
21:57:55 INFO  : 'configparams force-mem-access 0' command is executed.
21:57:55 INFO  : ----------------XSDB Script----------------
connect -url tcp:127.0.0.1:3121
source C:/Users/hrish/OneDrive/Desktop/id4/SDK/EightBitMemoryBlock_wrapper_hw_platform_0/ps7_init.tcl
targets -set -nocase -filter {name =~"APU*" && jtag_cable_name =~ "Digilent Zybo Z7 210351A81D96A"} -index 0
loadhw -hw C:/Users/hrish/OneDrive/Desktop/id4/SDK/EightBitMemoryBlock_wrapper_hw_platform_0/system.hdf -mem-ranges [list {0x40000000 0xbfffffff}]
configparams force-mem-access 1
targets -set -nocase -filter {name =~"APU*" && jtag_cable_name =~ "Digilent Zybo Z7 210351A81D96A"} -index 0
stop
ps7_init
ps7_post_config
targets -set -nocase -filter {name =~ "ARM*#0" && jtag_cable_name =~ "Digilent Zybo Z7 210351A81D96A"} -index 0
rst -processor
targets -set -nocase -filter {name =~ "ARM*#0" && jtag_cable_name =~ "Digilent Zybo Z7 210351A81D96A"} -index 0
dow C:/Users/hrish/OneDrive/Desktop/id4/SDK/TestingRegMemory/Debug/TestingRegMemory.elf
configparams force-mem-access 0
----------------End of Script----------------

21:57:55 INFO  : Memory regions updated for context APU
21:57:55 INFO  : Context for processor 'ps7_cortexa9_0' is selected.
21:57:55 INFO  : 'con' command is executed.
21:57:55 INFO  : ----------------XSDB Script (After Launch)----------------
targets -set -nocase -filter {name =~ "ARM*#0" && jtag_cable_name =~ "Digilent Zybo Z7 210351A81D96A"} -index 0
con
----------------End of Script----------------

21:57:55 INFO  : Launch script is exported to file 'C:\Users\hrish\OneDrive\Desktop\id4\SDK\.sdk\launch_scripts\xilinx_c-c++_application_(system_debugger)\system_debugger_using_debug_testingregmemory.elf_on_local.tcl'
22:03:03 INFO  : Disconnected from the channel tcfchan#1.
14:10:27 INFO  : Registering command handlers for SDK TCF services
14:10:28 INFO  : Launching XSCT server: xsct.bat -interactive C:\Users\hrish\OneDrive\Desktop\id4\SDK\temp_xsdb_launch_script.tcl
14:10:33 INFO  : XSCT server has started successfully.
14:10:33 INFO  : Successfully done setting XSCT server connection channel  
14:10:40 INFO  : Successfully done setting SDK workspace  
14:10:40 INFO  : Processing command line option -hwspec C:/Users/hrish/OneDrive/Desktop/id4/HW/EightBitMemoryBlock_wrapper.hdf.
14:10:41 INFO  : Checking for hwspec changes in the project EightBitMemoryBlock_wrapper_hw_platform_0.
14:12:25 INFO  : Connected to target on host '127.0.0.1' and port '3121'.
14:12:26 INFO  : 'targets -set -filter {jtag_cable_name =~ "Digilent Zybo Z7 210351A81D96A" && level==0} -index 1' command is executed.
14:12:29 INFO  : FPGA configured successfully with bitstream "C:/Users/hrish/OneDrive/Desktop/id4/SDK/EightBitMemoryBlock_wrapper_hw_platform_0/EightBitMemoryBlock_wrapper.bit"
14:13:07 INFO  : 'targets -set -filter {jtag_cable_name =~ "Digilent Zybo Z7 210351A81D96A" && level==0} -index 1' command is executed.
14:13:07 INFO  : 'fpga -state' command is executed.
14:13:07 INFO  : Connected to target on host '127.0.0.1' and port '3121'.
14:13:07 INFO  : Jtag cable 'Digilent Zybo Z7 210351A81D96A' is selected.
14:13:07 INFO  : 'jtag frequency' command is executed.
14:13:07 INFO  : Sourcing of 'C:/Users/hrish/OneDrive/Desktop/id4/SDK/EightBitMemoryBlock_wrapper_hw_platform_0/ps7_init.tcl' is done.
14:13:08 INFO  : Context for 'APU' is selected.
14:13:08 INFO  : Hardware design information is loaded from 'C:/Users/hrish/OneDrive/Desktop/id4/SDK/EightBitMemoryBlock_wrapper_hw_platform_0/system.hdf'.
14:13:08 INFO  : 'configparams force-mem-access 1' command is executed.
14:13:08 INFO  : Context for 'APU' is selected.
14:13:08 INFO  : 'stop' command is executed.
14:13:08 INFO  : 'ps7_init' command is executed.
14:13:08 INFO  : 'ps7_post_config' command is executed.
14:13:08 INFO  : Context for processor 'ps7_cortexa9_0' is selected.
14:13:08 INFO  : Processor reset is completed for 'ps7_cortexa9_0'.
14:13:09 INFO  : Context for processor 'ps7_cortexa9_0' is selected.
14:13:09 INFO  : The application 'C:/Users/hrish/OneDrive/Desktop/id4/SDK/TestingRegMemory/Debug/TestingRegMemory.elf' is downloaded to processor 'ps7_cortexa9_0'.
14:13:09 INFO  : 'configparams force-mem-access 0' command is executed.
14:13:09 INFO  : ----------------XSDB Script----------------
connect -url tcp:127.0.0.1:3121
source C:/Users/hrish/OneDrive/Desktop/id4/SDK/EightBitMemoryBlock_wrapper_hw_platform_0/ps7_init.tcl
targets -set -nocase -filter {name =~"APU*" && jtag_cable_name =~ "Digilent Zybo Z7 210351A81D96A"} -index 0
loadhw -hw C:/Users/hrish/OneDrive/Desktop/id4/SDK/EightBitMemoryBlock_wrapper_hw_platform_0/system.hdf -mem-ranges [list {0x40000000 0xbfffffff}]
configparams force-mem-access 1
targets -set -nocase -filter {name =~"APU*" && jtag_cable_name =~ "Digilent Zybo Z7 210351A81D96A"} -index 0
stop
ps7_init
ps7_post_config
targets -set -nocase -filter {name =~ "ARM*#0" && jtag_cable_name =~ "Digilent Zybo Z7 210351A81D96A"} -index 0
rst -processor
targets -set -nocase -filter {name =~ "ARM*#0" && jtag_cable_name =~ "Digilent Zybo Z7 210351A81D96A"} -index 0
dow C:/Users/hrish/OneDrive/Desktop/id4/SDK/TestingRegMemory/Debug/TestingRegMemory.elf
configparams force-mem-access 0
----------------End of Script----------------

14:13:09 INFO  : Memory regions updated for context APU
14:13:09 INFO  : Context for processor 'ps7_cortexa9_0' is selected.
14:13:09 INFO  : 'con' command is executed.
14:13:09 INFO  : ----------------XSDB Script (After Launch)----------------
targets -set -nocase -filter {name =~ "ARM*#0" && jtag_cable_name =~ "Digilent Zybo Z7 210351A81D96A"} -index 0
con
----------------End of Script----------------

14:13:09 INFO  : Launch script is exported to file 'C:\Users\hrish\OneDrive\Desktop\id4\SDK\.sdk\launch_scripts\xilinx_c-c++_application_(system_debugger)\system_debugger_using_debug_testingregmemory.elf_on_local.tcl'
14:21:10 INFO  : Disconnected from the channel tcfchan#1.
14:19:07 INFO  : Registering command handlers for SDK TCF services
14:19:07 INFO  : Launching XSCT server: xsct.bat -interactive C:\Users\hrish\OneDrive\Desktop\id4\SDK\temp_xsdb_launch_script.tcl
14:19:10 INFO  : XSCT server has started successfully.
14:19:10 INFO  : Successfully done setting XSCT server connection channel  
14:19:11 INFO  : Successfully done setting SDK workspace  
