22:47:12 INFO  : Registering command handlers for SDK TCF services
22:47:13 INFO  : Launching XSCT server: xsct.bat -interactive C:\Users\hrish\OneDrive\Desktop\secondRevision\sdk\temp_xsdb_launch_script.tcl
22:47:15 INFO  : XSCT server has started successfully.
22:47:16 INFO  : Successfully done setting XSCT server connection channel  
22:47:16 INFO  : Successfully done setting SDK workspace  
22:47:16 INFO  : Processing command line option -hwspec C:/Users/hrish/OneDrive/Desktop/secondRevision/hw/RevisionDesign_wrapper.hdf.
22:49:50 INFO  : Connected to target on host '127.0.0.1' and port '3121'.
22:49:50 INFO  : 'targets -set -filter {jtag_cable_name =~ "Digilent Zybo Z7 210351A81D96A" && level==0} -index 1' command is executed.
22:49:53 INFO  : FPGA configured successfully with bitstream "C:/Users/hrish/OneDrive/Desktop/secondRevision/sdk/RevisionDesign_wrapper_hw_platform_0/RevisionDesign_wrapper.bit"
22:50:15 INFO  : 'targets -set -filter {jtag_cable_name =~ "Digilent Zybo Z7 210351A81D96A" && level==0} -index 1' command is executed.
22:50:15 INFO  : 'fpga -state' command is executed.
22:50:15 INFO  : Connected to target on host '127.0.0.1' and port '3121'.
22:50:16 INFO  : Jtag cable 'Digilent Zybo Z7 210351A81D96A' is selected.
22:50:16 INFO  : 'jtag frequency' command is executed.
22:50:16 INFO  : Sourcing of 'C:/Users/hrish/OneDrive/Desktop/secondRevision/sdk/RevisionDesign_wrapper_hw_platform_0/ps7_init.tcl' is done.
22:50:16 INFO  : Context for 'APU' is selected.
22:50:16 INFO  : Hardware design information is loaded from 'C:/Users/hrish/OneDrive/Desktop/secondRevision/sdk/RevisionDesign_wrapper_hw_platform_0/system.hdf'.
22:50:16 INFO  : 'configparams force-mem-access 1' command is executed.
22:50:16 INFO  : Context for 'APU' is selected.
22:50:16 INFO  : 'stop' command is executed.
22:50:16 INFO  : 'ps7_init' command is executed.
22:50:16 INFO  : 'ps7_post_config' command is executed.
22:50:16 INFO  : Context for processor 'ps7_cortexa9_0' is selected.
22:50:16 INFO  : Processor reset is completed for 'ps7_cortexa9_0'.
22:50:17 INFO  : Context for processor 'ps7_cortexa9_0' is selected.
22:50:17 INFO  : The application 'C:/Users/hrish/OneDrive/Desktop/secondRevision/sdk/secrevtest/Debug/secrevtest.elf' is downloaded to processor 'ps7_cortexa9_0'.
22:50:17 INFO  : 'configparams force-mem-access 0' command is executed.
22:50:17 INFO  : ----------------XSDB Script----------------
connect -url tcp:127.0.0.1:3121
source C:/Users/hrish/OneDrive/Desktop/secondRevision/sdk/RevisionDesign_wrapper_hw_platform_0/ps7_init.tcl
targets -set -nocase -filter {name =~"APU*" && jtag_cable_name =~ "Digilent Zybo Z7 210351A81D96A"} -index 0
loadhw -hw C:/Users/hrish/OneDrive/Desktop/secondRevision/sdk/RevisionDesign_wrapper_hw_platform_0/system.hdf -mem-ranges [list {0x40000000 0xbfffffff}]
configparams force-mem-access 1
targets -set -nocase -filter {name =~"APU*" && jtag_cable_name =~ "Digilent Zybo Z7 210351A81D96A"} -index 0
stop
ps7_init
ps7_post_config
targets -set -nocase -filter {name =~ "ARM*#0" && jtag_cable_name =~ "Digilent Zybo Z7 210351A81D96A"} -index 0
rst -processor
targets -set -nocase -filter {name =~ "ARM*#0" && jtag_cable_name =~ "Digilent Zybo Z7 210351A81D96A"} -index 0
dow C:/Users/hrish/OneDrive/Desktop/secondRevision/sdk/secrevtest/Debug/secrevtest.elf
configparams force-mem-access 0
----------------End of Script----------------

22:50:17 INFO  : Memory regions updated for context APU
22:50:17 INFO  : Context for processor 'ps7_cortexa9_0' is selected.
22:50:17 INFO  : 'con' command is executed.
22:50:17 INFO  : ----------------XSDB Script (After Launch)----------------
targets -set -nocase -filter {name =~ "ARM*#0" && jtag_cable_name =~ "Digilent Zybo Z7 210351A81D96A"} -index 0
con
----------------End of Script----------------

22:50:17 INFO  : Launch script is exported to file 'C:\Users\hrish\OneDrive\Desktop\secondRevision\sdk\.sdk\launch_scripts\xilinx_c-c++_application_(system_debugger)\system_debugger_using_debug_secrevtest.elf_on_local.tcl'
22:53:04 INFO  : Disconnected from the channel tcfchan#1.
22:56:58 INFO  : Connected to target on host '127.0.0.1' and port '3121'.
22:56:59 INFO  : 'targets -set -filter {jtag_cable_name =~ "Digilent Zybo Z7 210351A81D96A" && level==0} -index 1' command is executed.
22:57:01 INFO  : FPGA configured successfully with bitstream "C:/Users/hrish/OneDrive/Desktop/secondRevision/sdk/RevisionDesign_wrapper_hw_platform_0/RevisionDesign_wrapper.bit"
22:57:09 INFO  : 'targets -set -filter {jtag_cable_name =~ "Digilent Zybo Z7 210351A81D96A" && level==0} -index 1' command is executed.
22:57:09 INFO  : 'fpga -state' command is executed.
22:57:09 INFO  : Connected to target on host '127.0.0.1' and port '3121'.
22:57:09 INFO  : Jtag cable 'Digilent Zybo Z7 210351A81D96A' is selected.
22:57:09 INFO  : 'jtag frequency' command is executed.
22:57:09 INFO  : Sourcing of 'C:/Users/hrish/OneDrive/Desktop/secondRevision/sdk/RevisionDesign_wrapper_hw_platform_0/ps7_init.tcl' is done.
22:57:09 INFO  : Context for 'APU' is selected.
22:57:09 INFO  : Hardware design information is loaded from 'C:/Users/hrish/OneDrive/Desktop/secondRevision/sdk/RevisionDesign_wrapper_hw_platform_0/system.hdf'.
22:57:09 INFO  : 'configparams force-mem-access 1' command is executed.
22:57:09 INFO  : Context for 'APU' is selected.
22:57:09 INFO  : 'stop' command is executed.
22:57:10 INFO  : 'ps7_init' command is executed.
22:57:10 INFO  : 'ps7_post_config' command is executed.
22:57:10 INFO  : Context for processor 'ps7_cortexa9_0' is selected.
22:57:10 INFO  : Processor reset is completed for 'ps7_cortexa9_0'.
22:57:10 INFO  : Context for processor 'ps7_cortexa9_0' is selected.
22:57:10 INFO  : The application 'C:/Users/hrish/OneDrive/Desktop/secondRevision/sdk/secrevtest/Debug/secrevtest.elf' is downloaded to processor 'ps7_cortexa9_0'.
22:57:10 INFO  : 'configparams force-mem-access 0' command is executed.
22:57:10 INFO  : ----------------XSDB Script----------------
connect -url tcp:127.0.0.1:3121
source C:/Users/hrish/OneDrive/Desktop/secondRevision/sdk/RevisionDesign_wrapper_hw_platform_0/ps7_init.tcl
targets -set -nocase -filter {name =~"APU*" && jtag_cable_name =~ "Digilent Zybo Z7 210351A81D96A"} -index 0
loadhw -hw C:/Users/hrish/OneDrive/Desktop/secondRevision/sdk/RevisionDesign_wrapper_hw_platform_0/system.hdf -mem-ranges [list {0x40000000 0xbfffffff}]
configparams force-mem-access 1
targets -set -nocase -filter {name =~"APU*" && jtag_cable_name =~ "Digilent Zybo Z7 210351A81D96A"} -index 0
stop
ps7_init
ps7_post_config
targets -set -nocase -filter {name =~ "ARM*#0" && jtag_cable_name =~ "Digilent Zybo Z7 210351A81D96A"} -index 0
rst -processor
targets -set -nocase -filter {name =~ "ARM*#0" && jtag_cable_name =~ "Digilent Zybo Z7 210351A81D96A"} -index 0
dow C:/Users/hrish/OneDrive/Desktop/secondRevision/sdk/secrevtest/Debug/secrevtest.elf
configparams force-mem-access 0
----------------End of Script----------------

22:57:10 INFO  : Memory regions updated for context APU
22:57:10 INFO  : Context for processor 'ps7_cortexa9_0' is selected.
22:57:10 INFO  : 'con' command is executed.
22:57:10 INFO  : ----------------XSDB Script (After Launch)----------------
targets -set -nocase -filter {name =~ "ARM*#0" && jtag_cable_name =~ "Digilent Zybo Z7 210351A81D96A"} -index 0
con
----------------End of Script----------------

22:57:10 INFO  : Launch script is exported to file 'C:\Users\hrish\OneDrive\Desktop\secondRevision\sdk\.sdk\launch_scripts\xilinx_c-c++_application_(system_debugger)\system_debugger_using_debug_secrevtest.elf_on_local.tcl'
22:59:29 INFO  : Disconnected from the channel tcfchan#2.
13:43:12 INFO  : Registering command handlers for SDK TCF services
13:43:13 INFO  : Launching XSCT server: xsct.bat -interactive C:\Users\hrish\OneDrive\Desktop\secondRevision\sdk\temp_xsdb_launch_script.tcl
13:43:18 INFO  : XSCT server has started successfully.
13:43:24 INFO  : Successfully done setting XSCT server connection channel  
13:43:24 INFO  : Successfully done setting SDK workspace  
