
*** Running vivado
    with args -log DesignForPStoReg_simple_reg_0_0.vds -m64 -product Vivado -mode batch -messageDb vivado.pb -notrace -source DesignForPStoReg_simple_reg_0_0.tcl


****** Vivado v2018.1 (64-bit)
  **** SW Build 2188600 on Wed Apr  4 18:40:38 MDT 2018
  **** IP Build 2185939 on Wed Apr  4 20:55:05 MDT 2018
    ** Copyright 1986-2018 Xilinx, Inc. All Rights Reserved.

source DesignForPStoReg_simple_reg_0_0.tcl -notrace
Command: synth_design -top DesignForPStoReg_simple_reg_0_0 -part xc7z020clg400-1 -mode out_of_context
Starting synth_design
Attempting to get a license for feature 'Synthesis' and/or device 'xc7z020'
INFO: [Common 17-349] Got license for feature 'Synthesis' and/or device 'xc7z020'
INFO: Launching helper process for spawning children vivado processes
INFO: Helper process launched with PID 14080 
WARNING: [Synth 8-976] reg_data_out has already been declared [c:/Users/hrish/Downloads/ReRAM_Thesis/Project Folder/EightBitRegisterMemory/EightBitRegisterMemory.srcs/sources_1/bd/DesignForPStoReg/ipshared/f5b0/hdl/simple_reg_v1_0_S00_AXI.v:405]
WARNING: [Synth 8-2654] second declaration of reg_data_out ignored [c:/Users/hrish/Downloads/ReRAM_Thesis/Project Folder/EightBitRegisterMemory/EightBitRegisterMemory.srcs/sources_1/bd/DesignForPStoReg/ipshared/f5b0/hdl/simple_reg_v1_0_S00_AXI.v:405]
INFO: [Synth 8-994] reg_data_out is declared here [c:/Users/hrish/Downloads/ReRAM_Thesis/Project Folder/EightBitRegisterMemory/EightBitRegisterMemory.srcs/sources_1/bd/DesignForPStoReg/ipshared/f5b0/hdl/simple_reg_v1_0_S00_AXI.v:113]
---------------------------------------------------------------------------------
Starting RTL Elaboration : Time (s): cpu = 00:00:05 ; elapsed = 00:00:04 . Memory (MB): peak = 406.027 ; gain = 112.059
---------------------------------------------------------------------------------
INFO: [Synth 8-6157] synthesizing module 'DesignForPStoReg_simple_reg_0_0' [c:/Users/hrish/Downloads/ReRAM_Thesis/Project Folder/EightBitRegisterMemory/EightBitRegisterMemory.srcs/sources_1/bd/DesignForPStoReg/ip/DesignForPStoReg_simple_reg_0_0/synth/DesignForPStoReg_simple_reg_0_0.v:57]
INFO: [Synth 8-6157] synthesizing module 'simple_reg_v1_0' [c:/Users/hrish/Downloads/ReRAM_Thesis/Project Folder/EightBitRegisterMemory/EightBitRegisterMemory.srcs/sources_1/bd/DesignForPStoReg/ipshared/f5b0/hdl/simple_reg_v1_0.v:4]
	Parameter C_S00_AXI_DATA_WIDTH bound to: 32 - type: integer 
	Parameter C_S00_AXI_ADDR_WIDTH bound to: 4 - type: integer 
INFO: [Synth 8-6157] synthesizing module 'simple_reg_v1_0_S00_AXI' [c:/Users/hrish/Downloads/ReRAM_Thesis/Project Folder/EightBitRegisterMemory/EightBitRegisterMemory.srcs/sources_1/bd/DesignForPStoReg/ipshared/f5b0/hdl/simple_reg_v1_0_S00_AXI.v:4]
	Parameter C_S_AXI_DATA_WIDTH bound to: 32 - type: integer 
	Parameter C_S_AXI_ADDR_WIDTH bound to: 4 - type: integer 
	Parameter ADDR_LSB bound to: 2 - type: integer 
	Parameter OPT_MEM_ADDR_BITS bound to: 1 - type: integer 
INFO: [Synth 8-226] default block is never used [c:/Users/hrish/Downloads/ReRAM_Thesis/Project Folder/EightBitRegisterMemory/EightBitRegisterMemory.srcs/sources_1/bd/DesignForPStoReg/ipshared/f5b0/hdl/simple_reg_v1_0_S00_AXI.v:231]
INFO: [Synth 8-226] default block is never used [c:/Users/hrish/Downloads/ReRAM_Thesis/Project Folder/EightBitRegisterMemory/EightBitRegisterMemory.srcs/sources_1/bd/DesignForPStoReg/ipshared/f5b0/hdl/simple_reg_v1_0_S00_AXI.v:372]
INFO: [Synth 8-6155] done synthesizing module 'simple_reg_v1_0_S00_AXI' (1#1) [c:/Users/hrish/Downloads/ReRAM_Thesis/Project Folder/EightBitRegisterMemory/EightBitRegisterMemory.srcs/sources_1/bd/DesignForPStoReg/ipshared/f5b0/hdl/simple_reg_v1_0_S00_AXI.v:4]
INFO: [Synth 8-6155] done synthesizing module 'simple_reg_v1_0' (2#1) [c:/Users/hrish/Downloads/ReRAM_Thesis/Project Folder/EightBitRegisterMemory/EightBitRegisterMemory.srcs/sources_1/bd/DesignForPStoReg/ipshared/f5b0/hdl/simple_reg_v1_0.v:4]
INFO: [Synth 8-6155] done synthesizing module 'DesignForPStoReg_simple_reg_0_0' (3#1) [c:/Users/hrish/Downloads/ReRAM_Thesis/Project Folder/EightBitRegisterMemory/EightBitRegisterMemory.srcs/sources_1/bd/DesignForPStoReg/ip/DesignForPStoReg_simple_reg_0_0/synth/DesignForPStoReg_simple_reg_0_0.v:57]
WARNING: [Synth 8-3331] design simple_reg_v1_0_S00_AXI has unconnected port S_AXI_AWPROT[2]
WARNING: [Synth 8-3331] design simple_reg_v1_0_S00_AXI has unconnected port S_AXI_AWPROT[1]
WARNING: [Synth 8-3331] design simple_reg_v1_0_S00_AXI has unconnected port S_AXI_AWPROT[0]
WARNING: [Synth 8-3331] design simple_reg_v1_0_S00_AXI has unconnected port S_AXI_ARPROT[2]
WARNING: [Synth 8-3331] design simple_reg_v1_0_S00_AXI has unconnected port S_AXI_ARPROT[1]
WARNING: [Synth 8-3331] design simple_reg_v1_0_S00_AXI has unconnected port S_AXI_ARPROT[0]
---------------------------------------------------------------------------------
Finished RTL Elaboration : Time (s): cpu = 00:00:05 ; elapsed = 00:00:05 . Memory (MB): peak = 440.246 ; gain = 146.277
---------------------------------------------------------------------------------

Report Check Netlist: 
+------+------------------+-------+---------+-------+------------------+
|      |Item              |Errors |Warnings |Status |Description       |
+------+------------------+-------+---------+-------+------------------+
|1     |multi_driven_nets |      0|        0|Passed |Multi driven nets |
+------+------------------+-------+---------+-------+------------------+
---------------------------------------------------------------------------------
Start Handling Custom Attributes
---------------------------------------------------------------------------------
---------------------------------------------------------------------------------
Finished Handling Custom Attributes : Time (s): cpu = 00:00:05 ; elapsed = 00:00:05 . Memory (MB): peak = 440.246 ; gain = 146.277
---------------------------------------------------------------------------------
---------------------------------------------------------------------------------
Finished RTL Optimization Phase 1 : Time (s): cpu = 00:00:05 ; elapsed = 00:00:05 . Memory (MB): peak = 440.246 ; gain = 146.277
---------------------------------------------------------------------------------
INFO: [Device 21-403] Loading part xc7z020clg400-1
INFO: [Project 1-570] Preparing netlist for logic optimization

Processing XDC Constraints
Initializing timing engine
Completed Processing XDC Constraints

INFO: [Project 1-111] Unisim Transformation Summary:
No Unisim elements were transformed.

Constraint Validation Runtime : Time (s): cpu = 00:00:00 ; elapsed = 00:00:00.021 . Memory (MB): peak = 793.504 ; gain = 0.125
---------------------------------------------------------------------------------
Finished Constraint Validation : Time (s): cpu = 00:00:15 ; elapsed = 00:00:19 . Memory (MB): peak = 793.504 ; gain = 499.535
---------------------------------------------------------------------------------
---------------------------------------------------------------------------------
Start Loading Part and Timing Information
---------------------------------------------------------------------------------
Loading part: xc7z020clg400-1
---------------------------------------------------------------------------------
Finished Loading Part and Timing Information : Time (s): cpu = 00:00:15 ; elapsed = 00:00:19 . Memory (MB): peak = 793.504 ; gain = 499.535
---------------------------------------------------------------------------------
---------------------------------------------------------------------------------
Start Applying 'set_property' XDC Constraints
---------------------------------------------------------------------------------
---------------------------------------------------------------------------------
Finished applying 'set_property' XDC Constraints : Time (s): cpu = 00:00:15 ; elapsed = 00:00:19 . Memory (MB): peak = 793.504 ; gain = 499.535
---------------------------------------------------------------------------------
---------------------------------------------------------------------------------
Finished RTL Optimization Phase 2 : Time (s): cpu = 00:00:16 ; elapsed = 00:00:19 . Memory (MB): peak = 793.504 ; gain = 499.535
---------------------------------------------------------------------------------

Report RTL Partitions: 
+-+--------------+------------+----------+
| |RTL Partition |Replication |Instances |
+-+--------------+------------+----------+
+-+--------------+------------+----------+
---------------------------------------------------------------------------------
Start RTL Component Statistics 
---------------------------------------------------------------------------------
Detailed RTL Component Info : 
+---Registers : 
	               32 Bit    Registers := 6     
	                4 Bit    Registers := 2     
	                2 Bit    Registers := 2     
	                1 Bit    Registers := 6     
+---Muxes : 
	   3 Input     32 Bit        Muxes := 1     
	   2 Input     32 Bit        Muxes := 4     
	   4 Input     32 Bit        Muxes := 5     
	   2 Input      1 Bit        Muxes := 5     
---------------------------------------------------------------------------------
Finished RTL Component Statistics 
---------------------------------------------------------------------------------
---------------------------------------------------------------------------------
Start RTL Hierarchical Component Statistics 
---------------------------------------------------------------------------------
Hierarchical RTL Component report 
Module simple_reg_v1_0_S00_AXI 
Detailed RTL Component Info : 
+---Registers : 
	               32 Bit    Registers := 6     
	                4 Bit    Registers := 2     
	                2 Bit    Registers := 2     
	                1 Bit    Registers := 6     
+---Muxes : 
	   3 Input     32 Bit        Muxes := 1     
	   2 Input     32 Bit        Muxes := 4     
	   4 Input     32 Bit        Muxes := 5     
	   2 Input      1 Bit        Muxes := 5     
---------------------------------------------------------------------------------
Finished RTL Hierarchical Component Statistics
---------------------------------------------------------------------------------
---------------------------------------------------------------------------------
Start Part Resource Summary
---------------------------------------------------------------------------------
Part Resources:
DSPs: 220 (col length:60)
BRAMs: 280 (col length: RAMB18 60 RAMB36 30)
---------------------------------------------------------------------------------
Finished Part Resource Summary
---------------------------------------------------------------------------------
---------------------------------------------------------------------------------
Start Cross Boundary and Area Optimization
---------------------------------------------------------------------------------
Warning: Parallel synthesis criteria is not met 
WARNING: [Synth 8-3331] design DesignForPStoReg_simple_reg_0_0 has unconnected port s00_axi_awprot[2]
WARNING: [Synth 8-3331] design DesignForPStoReg_simple_reg_0_0 has unconnected port s00_axi_awprot[1]
WARNING: [Synth 8-3331] design DesignForPStoReg_simple_reg_0_0 has unconnected port s00_axi_awprot[0]
WARNING: [Synth 8-3331] design DesignForPStoReg_simple_reg_0_0 has unconnected port s00_axi_arprot[2]
WARNING: [Synth 8-3331] design DesignForPStoReg_simple_reg_0_0 has unconnected port s00_axi_arprot[1]
WARNING: [Synth 8-3331] design DesignForPStoReg_simple_reg_0_0 has unconnected port s00_axi_arprot[0]
INFO: [Synth 8-3886] merging instance 'inst/simple_reg_v1_0_S00_AXI_inst/axi_rresp_reg[0]' (FDRE) to 'inst/simple_reg_v1_0_S00_AXI_inst/axi_rresp_reg[1]'
INFO: [Synth 8-3333] propagating constant 0 across sequential element (\inst/simple_reg_v1_0_S00_AXI_inst/axi_rresp_reg[1] )
INFO: [Synth 8-3886] merging instance 'inst/simple_reg_v1_0_S00_AXI_inst/axi_bresp_reg[0]' (FDRE) to 'inst/simple_reg_v1_0_S00_AXI_inst/axi_bresp_reg[1]'
INFO: [Synth 8-3333] propagating constant 0 across sequential element (\inst/simple_reg_v1_0_S00_AXI_inst/axi_bresp_reg[1] )
INFO: [Synth 8-3332] Sequential element (inst/simple_reg_v1_0_S00_AXI_inst/reg_data_out_reg[31]) is unused and will be removed from module DesignForPStoReg_simple_reg_0_0.
CRITICAL WARNING: [Synth 8-3352] multi-driven net Q with 1st driver pin 'inst/simple_reg_v1_0_S00_AXI_inst/reg_data_out_reg[31]/Q' [c:/Users/hrish/Downloads/ReRAM_Thesis/Project Folder/EightBitRegisterMemory/EightBitRegisterMemory.srcs/sources_1/bd/DesignForPStoReg/ipshared/f5b0/hdl/simple_reg_v1_0_S00_AXI.v:413]
CRITICAL WARNING: [Synth 8-3352] multi-driven net Q with 2nd driver pin 'GND' [c:/Users/hrish/Downloads/ReRAM_Thesis/Project Folder/EightBitRegisterMemory/EightBitRegisterMemory.srcs/sources_1/bd/DesignForPStoReg/ipshared/f5b0/hdl/simple_reg_v1_0_S00_AXI.v:413]
CRITICAL WARNING: [Synth 8-5559] multi-driven net Q is connected to constant driver, other driver is ignored [c:/Users/hrish/Downloads/ReRAM_Thesis/Project Folder/EightBitRegisterMemory/EightBitRegisterMemory.srcs/sources_1/bd/DesignForPStoReg/ipshared/f5b0/hdl/simple_reg_v1_0_S00_AXI.v:413]
INFO: [Synth 8-3332] Sequential element (inst/simple_reg_v1_0_S00_AXI_inst/reg_data_out_reg[30]) is unused and will be removed from module DesignForPStoReg_simple_reg_0_0.
CRITICAL WARNING: [Synth 8-3352] multi-driven net Q with 1st driver pin 'inst/simple_reg_v1_0_S00_AXI_inst/reg_data_out_reg[30]/Q' [c:/Users/hrish/Downloads/ReRAM_Thesis/Project Folder/EightBitRegisterMemory/EightBitRegisterMemory.srcs/sources_1/bd/DesignForPStoReg/ipshared/f5b0/hdl/simple_reg_v1_0_S00_AXI.v:413]
CRITICAL WARNING: [Synth 8-3352] multi-driven net Q with 2nd driver pin 'GND' [c:/Users/hrish/Downloads/ReRAM_Thesis/Project Folder/EightBitRegisterMemory/EightBitRegisterMemory.srcs/sources_1/bd/DesignForPStoReg/ipshared/f5b0/hdl/simple_reg_v1_0_S00_AXI.v:413]
CRITICAL WARNING: [Synth 8-5559] multi-driven net Q is connected to constant driver, other driver is ignored [c:/Users/hrish/Downloads/ReRAM_Thesis/Project Folder/EightBitRegisterMemory/EightBitRegisterMemory.srcs/sources_1/bd/DesignForPStoReg/ipshared/f5b0/hdl/simple_reg_v1_0_S00_AXI.v:413]
INFO: [Synth 8-3332] Sequential element (inst/simple_reg_v1_0_S00_AXI_inst/reg_data_out_reg[29]) is unused and will be removed from module DesignForPStoReg_simple_reg_0_0.
CRITICAL WARNING: [Synth 8-3352] multi-driven net Q with 1st driver pin 'inst/simple_reg_v1_0_S00_AXI_inst/reg_data_out_reg[29]/Q' [c:/Users/hrish/Downloads/ReRAM_Thesis/Project Folder/EightBitRegisterMemory/EightBitRegisterMemory.srcs/sources_1/bd/DesignForPStoReg/ipshared/f5b0/hdl/simple_reg_v1_0_S00_AXI.v:413]
CRITICAL WARNING: [Synth 8-3352] multi-driven net Q with 2nd driver pin 'GND' [c:/Users/hrish/Downloads/ReRAM_Thesis/Project Folder/EightBitRegisterMemory/EightBitRegisterMemory.srcs/sources_1/bd/DesignForPStoReg/ipshared/f5b0/hdl/simple_reg_v1_0_S00_AXI.v:413]
CRITICAL WARNING: [Synth 8-5559] multi-driven net Q is connected to constant driver, other driver is ignored [c:/Users/hrish/Downloads/ReRAM_Thesis/Project Folder/EightBitRegisterMemory/EightBitRegisterMemory.srcs/sources_1/bd/DesignForPStoReg/ipshared/f5b0/hdl/simple_reg_v1_0_S00_AXI.v:413]
INFO: [Synth 8-3332] Sequential element (inst/simple_reg_v1_0_S00_AXI_inst/reg_data_out_reg[28]) is unused and will be removed from module DesignForPStoReg_simple_reg_0_0.
CRITICAL WARNING: [Synth 8-3352] multi-driven net Q with 1st driver pin 'inst/simple_reg_v1_0_S00_AXI_inst/reg_data_out_reg[28]/Q' [c:/Users/hrish/Downloads/ReRAM_Thesis/Project Folder/EightBitRegisterMemory/EightBitRegisterMemory.srcs/sources_1/bd/DesignForPStoReg/ipshared/f5b0/hdl/simple_reg_v1_0_S00_AXI.v:413]
CRITICAL WARNING: [Synth 8-3352] multi-driven net Q with 2nd driver pin 'GND' [c:/Users/hrish/Downloads/ReRAM_Thesis/Project Folder/EightBitRegisterMemory/EightBitRegisterMemory.srcs/sources_1/bd/DesignForPStoReg/ipshared/f5b0/hdl/simple_reg_v1_0_S00_AXI.v:413]
CRITICAL WARNING: [Synth 8-5559] multi-driven net Q is connected to constant driver, other driver is ignored [c:/Users/hrish/Downloads/ReRAM_Thesis/Project Folder/EightBitRegisterMemory/EightBitRegisterMemory.srcs/sources_1/bd/DesignForPStoReg/ipshared/f5b0/hdl/simple_reg_v1_0_S00_AXI.v:413]
INFO: [Synth 8-3332] Sequential element (inst/simple_reg_v1_0_S00_AXI_inst/reg_data_out_reg[27]) is unused and will be removed from module DesignForPStoReg_simple_reg_0_0.
CRITICAL WARNING: [Synth 8-3352] multi-driven net Q with 1st driver pin 'inst/simple_reg_v1_0_S00_AXI_inst/reg_data_out_reg[27]/Q' [c:/Users/hrish/Downloads/ReRAM_Thesis/Project Folder/EightBitRegisterMemory/EightBitRegisterMemory.srcs/sources_1/bd/DesignForPStoReg/ipshared/f5b0/hdl/simple_reg_v1_0_S00_AXI.v:413]
CRITICAL WARNING: [Synth 8-3352] multi-driven net Q with 2nd driver pin 'GND' [c:/Users/hrish/Downloads/ReRAM_Thesis/Project Folder/EightBitRegisterMemory/EightBitRegisterMemory.srcs/sources_1/bd/DesignForPStoReg/ipshared/f5b0/hdl/simple_reg_v1_0_S00_AXI.v:413]
CRITICAL WARNING: [Synth 8-5559] multi-driven net Q is connected to constant driver, other driver is ignored [c:/Users/hrish/Downloads/ReRAM_Thesis/Project Folder/EightBitRegisterMemory/EightBitRegisterMemory.srcs/sources_1/bd/DesignForPStoReg/ipshared/f5b0/hdl/simple_reg_v1_0_S00_AXI.v:413]
INFO: [Synth 8-3332] Sequential element (inst/simple_reg_v1_0_S00_AXI_inst/reg_data_out_reg[26]) is unused and will be removed from module DesignForPStoReg_simple_reg_0_0.
CRITICAL WARNING: [Synth 8-3352] multi-driven net Q with 1st driver pin 'inst/simple_reg_v1_0_S00_AXI_inst/reg_data_out_reg[26]/Q' [c:/Users/hrish/Downloads/ReRAM_Thesis/Project Folder/EightBitRegisterMemory/EightBitRegisterMemory.srcs/sources_1/bd/DesignForPStoReg/ipshared/f5b0/hdl/simple_reg_v1_0_S00_AXI.v:413]
CRITICAL WARNING: [Synth 8-3352] multi-driven net Q with 2nd driver pin 'GND' [c:/Users/hrish/Downloads/ReRAM_Thesis/Project Folder/EightBitRegisterMemory/EightBitRegisterMemory.srcs/sources_1/bd/DesignForPStoReg/ipshared/f5b0/hdl/simple_reg_v1_0_S00_AXI.v:413]
CRITICAL WARNING: [Synth 8-5559] multi-driven net Q is connected to constant driver, other driver is ignored [c:/Users/hrish/Downloads/ReRAM_Thesis/Project Folder/EightBitRegisterMemory/EightBitRegisterMemory.srcs/sources_1/bd/DesignForPStoReg/ipshared/f5b0/hdl/simple_reg_v1_0_S00_AXI.v:413]
INFO: [Synth 8-3332] Sequential element (inst/simple_reg_v1_0_S00_AXI_inst/reg_data_out_reg[25]) is unused and will be removed from module DesignForPStoReg_simple_reg_0_0.
CRITICAL WARNING: [Synth 8-3352] multi-driven net Q with 1st driver pin 'inst/simple_reg_v1_0_S00_AXI_inst/reg_data_out_reg[25]/Q' [c:/Users/hrish/Downloads/ReRAM_Thesis/Project Folder/EightBitRegisterMemory/EightBitRegisterMemory.srcs/sources_1/bd/DesignForPStoReg/ipshared/f5b0/hdl/simple_reg_v1_0_S00_AXI.v:413]
CRITICAL WARNING: [Synth 8-3352] multi-driven net Q with 2nd driver pin 'GND' [c:/Users/hrish/Downloads/ReRAM_Thesis/Project Folder/EightBitRegisterMemory/EightBitRegisterMemory.srcs/sources_1/bd/DesignForPStoReg/ipshared/f5b0/hdl/simple_reg_v1_0_S00_AXI.v:413]
CRITICAL WARNING: [Synth 8-5559] multi-driven net Q is connected to constant driver, other driver is ignored [c:/Users/hrish/Downloads/ReRAM_Thesis/Project Folder/EightBitRegisterMemory/EightBitRegisterMemory.srcs/sources_1/bd/DesignForPStoReg/ipshared/f5b0/hdl/simple_reg_v1_0_S00_AXI.v:413]
INFO: [Synth 8-3332] Sequential element (inst/simple_reg_v1_0_S00_AXI_inst/reg_data_out_reg[24]) is unused and will be removed from module DesignForPStoReg_simple_reg_0_0.
CRITICAL WARNING: [Synth 8-3352] multi-driven net Q with 1st driver pin 'inst/simple_reg_v1_0_S00_AXI_inst/reg_data_out_reg[24]/Q' [c:/Users/hrish/Downloads/ReRAM_Thesis/Project Folder/EightBitRegisterMemory/EightBitRegisterMemory.srcs/sources_1/bd/DesignForPStoReg/ipshared/f5b0/hdl/simple_reg_v1_0_S00_AXI.v:413]
CRITICAL WARNING: [Synth 8-3352] multi-driven net Q with 2nd driver pin 'GND' [c:/Users/hrish/Downloads/ReRAM_Thesis/Project Folder/EightBitRegisterMemory/EightBitRegisterMemory.srcs/sources_1/bd/DesignForPStoReg/ipshared/f5b0/hdl/simple_reg_v1_0_S00_AXI.v:413]
CRITICAL WARNING: [Synth 8-5559] multi-driven net Q is connected to constant driver, other driver is ignored [c:/Users/hrish/Downloads/ReRAM_Thesis/Project Folder/EightBitRegisterMemory/EightBitRegisterMemory.srcs/sources_1/bd/DesignForPStoReg/ipshared/f5b0/hdl/simple_reg_v1_0_S00_AXI.v:413]
INFO: [Synth 8-3332] Sequential element (inst/simple_reg_v1_0_S00_AXI_inst/reg_data_out_reg[23]) is unused and will be removed from module DesignForPStoReg_simple_reg_0_0.
CRITICAL WARNING: [Synth 8-3352] multi-driven net Q with 1st driver pin 'inst/simple_reg_v1_0_S00_AXI_inst/reg_data_out_reg[23]/Q' [c:/Users/hrish/Downloads/ReRAM_Thesis/Project Folder/EightBitRegisterMemory/EightBitRegisterMemory.srcs/sources_1/bd/DesignForPStoReg/ipshared/f5b0/hdl/simple_reg_v1_0_S00_AXI.v:413]
CRITICAL WARNING: [Synth 8-3352] multi-driven net Q with 2nd driver pin 'GND' [c:/Users/hrish/Downloads/ReRAM_Thesis/Project Folder/EightBitRegisterMemory/EightBitRegisterMemory.srcs/sources_1/bd/DesignForPStoReg/ipshared/f5b0/hdl/simple_reg_v1_0_S00_AXI.v:413]
CRITICAL WARNING: [Synth 8-5559] multi-driven net Q is connected to constant driver, other driver is ignored [c:/Users/hrish/Downloads/ReRAM_Thesis/Project Folder/EightBitRegisterMemory/EightBitRegisterMemory.srcs/sources_1/bd/DesignForPStoReg/ipshared/f5b0/hdl/simple_reg_v1_0_S00_AXI.v:413]
INFO: [Synth 8-3332] Sequential element (inst/simple_reg_v1_0_S00_AXI_inst/reg_data_out_reg[22]) is unused and will be removed from module DesignForPStoReg_simple_reg_0_0.
CRITICAL WARNING: [Synth 8-3352] multi-driven net Q with 1st driver pin 'inst/simple_reg_v1_0_S00_AXI_inst/reg_data_out_reg[22]/Q' [c:/Users/hrish/Downloads/ReRAM_Thesis/Project Folder/EightBitRegisterMemory/EightBitRegisterMemory.srcs/sources_1/bd/DesignForPStoReg/ipshared/f5b0/hdl/simple_reg_v1_0_S00_AXI.v:413]
CRITICAL WARNING: [Synth 8-3352] multi-driven net Q with 2nd driver pin 'GND' [c:/Users/hrish/Downloads/ReRAM_Thesis/Project Folder/EightBitRegisterMemory/EightBitRegisterMemory.srcs/sources_1/bd/DesignForPStoReg/ipshared/f5b0/hdl/simple_reg_v1_0_S00_AXI.v:413]
CRITICAL WARNING: [Synth 8-5559] multi-driven net Q is connected to constant driver, other driver is ignored [c:/Users/hrish/Downloads/ReRAM_Thesis/Project Folder/EightBitRegisterMemory/EightBitRegisterMemory.srcs/sources_1/bd/DesignForPStoReg/ipshared/f5b0/hdl/simple_reg_v1_0_S00_AXI.v:413]
INFO: [Synth 8-3332] Sequential element (inst/simple_reg_v1_0_S00_AXI_inst/reg_data_out_reg[21]) is unused and will be removed from module DesignForPStoReg_simple_reg_0_0.
CRITICAL WARNING: [Synth 8-3352] multi-driven net Q with 1st driver pin 'inst/simple_reg_v1_0_S00_AXI_inst/reg_data_out_reg[21]/Q' [c:/Users/hrish/Downloads/ReRAM_Thesis/Project Folder/EightBitRegisterMemory/EightBitRegisterMemory.srcs/sources_1/bd/DesignForPStoReg/ipshared/f5b0/hdl/simple_reg_v1_0_S00_AXI.v:413]
CRITICAL WARNING: [Synth 8-3352] multi-driven net Q with 2nd driver pin 'GND' [c:/Users/hrish/Downloads/ReRAM_Thesis/Project Folder/EightBitRegisterMemory/EightBitRegisterMemory.srcs/sources_1/bd/DesignForPStoReg/ipshared/f5b0/hdl/simple_reg_v1_0_S00_AXI.v:413]
CRITICAL WARNING: [Synth 8-5559] multi-driven net Q is connected to constant driver, other driver is ignored [c:/Users/hrish/Downloads/ReRAM_Thesis/Project Folder/EightBitRegisterMemory/EightBitRegisterMemory.srcs/sources_1/bd/DesignForPStoReg/ipshared/f5b0/hdl/simple_reg_v1_0_S00_AXI.v:413]
INFO: [Synth 8-3332] Sequential element (inst/simple_reg_v1_0_S00_AXI_inst/reg_data_out_reg[20]) is unused and will be removed from module DesignForPStoReg_simple_reg_0_0.
CRITICAL WARNING: [Synth 8-3352] multi-driven net Q with 1st driver pin 'inst/simple_reg_v1_0_S00_AXI_inst/reg_data_out_reg[20]/Q' [c:/Users/hrish/Downloads/ReRAM_Thesis/Project Folder/EightBitRegisterMemory/EightBitRegisterMemory.srcs/sources_1/bd/DesignForPStoReg/ipshared/f5b0/hdl/simple_reg_v1_0_S00_AXI.v:413]
CRITICAL WARNING: [Synth 8-3352] multi-driven net Q with 2nd driver pin 'GND' [c:/Users/hrish/Downloads/ReRAM_Thesis/Project Folder/EightBitRegisterMemory/EightBitRegisterMemory.srcs/sources_1/bd/DesignForPStoReg/ipshared/f5b0/hdl/simple_reg_v1_0_S00_AXI.v:413]
CRITICAL WARNING: [Synth 8-5559] multi-driven net Q is connected to constant driver, other driver is ignored [c:/Users/hrish/Downloads/ReRAM_Thesis/Project Folder/EightBitRegisterMemory/EightBitRegisterMemory.srcs/sources_1/bd/DesignForPStoReg/ipshared/f5b0/hdl/simple_reg_v1_0_S00_AXI.v:413]
INFO: [Synth 8-3332] Sequential element (inst/simple_reg_v1_0_S00_AXI_inst/reg_data_out_reg[19]) is unused and will be removed from module DesignForPStoReg_simple_reg_0_0.
CRITICAL WARNING: [Synth 8-3352] multi-driven net Q with 1st driver pin 'inst/simple_reg_v1_0_S00_AXI_inst/reg_data_out_reg[19]/Q' [c:/Users/hrish/Downloads/ReRAM_Thesis/Project Folder/EightBitRegisterMemory/EightBitRegisterMemory.srcs/sources_1/bd/DesignForPStoReg/ipshared/f5b0/hdl/simple_reg_v1_0_S00_AXI.v:413]
CRITICAL WARNING: [Synth 8-3352] multi-driven net Q with 2nd driver pin 'GND' [c:/Users/hrish/Downloads/ReRAM_Thesis/Project Folder/EightBitRegisterMemory/EightBitRegisterMemory.srcs/sources_1/bd/DesignForPStoReg/ipshared/f5b0/hdl/simple_reg_v1_0_S00_AXI.v:413]
CRITICAL WARNING: [Synth 8-5559] multi-driven net Q is connected to constant driver, other driver is ignored [c:/Users/hrish/Downloads/ReRAM_Thesis/Project Folder/EightBitRegisterMemory/EightBitRegisterMemory.srcs/sources_1/bd/DesignForPStoReg/ipshared/f5b0/hdl/simple_reg_v1_0_S00_AXI.v:413]
INFO: [Synth 8-3332] Sequential element (inst/simple_reg_v1_0_S00_AXI_inst/reg_data_out_reg[18]) is unused and will be removed from module DesignForPStoReg_simple_reg_0_0.
CRITICAL WARNING: [Synth 8-3352] multi-driven net Q with 1st driver pin 'inst/simple_reg_v1_0_S00_AXI_inst/reg_data_out_reg[18]/Q' [c:/Users/hrish/Downloads/ReRAM_Thesis/Project Folder/EightBitRegisterMemory/EightBitRegisterMemory.srcs/sources_1/bd/DesignForPStoReg/ipshared/f5b0/hdl/simple_reg_v1_0_S00_AXI.v:413]
CRITICAL WARNING: [Synth 8-3352] multi-driven net Q with 2nd driver pin 'GND' [c:/Users/hrish/Downloads/ReRAM_Thesis/Project Folder/EightBitRegisterMemory/EightBitRegisterMemory.srcs/sources_1/bd/DesignForPStoReg/ipshared/f5b0/hdl/simple_reg_v1_0_S00_AXI.v:413]
CRITICAL WARNING: [Synth 8-5559] multi-driven net Q is connected to constant driver, other driver is ignored [c:/Users/hrish/Downloads/ReRAM_Thesis/Project Folder/EightBitRegisterMemory/EightBitRegisterMemory.srcs/sources_1/bd/DesignForPStoReg/ipshared/f5b0/hdl/simple_reg_v1_0_S00_AXI.v:413]
INFO: [Synth 8-3332] Sequential element (inst/simple_reg_v1_0_S00_AXI_inst/reg_data_out_reg[17]) is unused and will be removed from module DesignForPStoReg_simple_reg_0_0.
CRITICAL WARNING: [Synth 8-3352] multi-driven net Q with 1st driver pin 'inst/simple_reg_v1_0_S00_AXI_inst/reg_data_out_reg[17]/Q' [c:/Users/hrish/Downloads/ReRAM_Thesis/Project Folder/EightBitRegisterMemory/EightBitRegisterMemory.srcs/sources_1/bd/DesignForPStoReg/ipshared/f5b0/hdl/simple_reg_v1_0_S00_AXI.v:413]
CRITICAL WARNING: [Synth 8-3352] multi-driven net Q with 2nd driver pin 'GND' [c:/Users/hrish/Downloads/ReRAM_Thesis/Project Folder/EightBitRegisterMemory/EightBitRegisterMemory.srcs/sources_1/bd/DesignForPStoReg/ipshared/f5b0/hdl/simple_reg_v1_0_S00_AXI.v:413]
CRITICAL WARNING: [Synth 8-5559] multi-driven net Q is connected to constant driver, other driver is ignored [c:/Users/hrish/Downloads/ReRAM_Thesis/Project Folder/EightBitRegisterMemory/EightBitRegisterMemory.srcs/sources_1/bd/DesignForPStoReg/ipshared/f5b0/hdl/simple_reg_v1_0_S00_AXI.v:413]
INFO: [Synth 8-3332] Sequential element (inst/simple_reg_v1_0_S00_AXI_inst/reg_data_out_reg[16]) is unused and will be removed from module DesignForPStoReg_simple_reg_0_0.
CRITICAL WARNING: [Synth 8-3352] multi-driven net Q with 1st driver pin 'inst/simple_reg_v1_0_S00_AXI_inst/reg_data_out_reg[16]/Q' [c:/Users/hrish/Downloads/ReRAM_Thesis/Project Folder/EightBitRegisterMemory/EightBitRegisterMemory.srcs/sources_1/bd/DesignForPStoReg/ipshared/f5b0/hdl/simple_reg_v1_0_S00_AXI.v:413]
CRITICAL WARNING: [Synth 8-3352] multi-driven net Q with 2nd driver pin 'GND' [c:/Users/hrish/Downloads/ReRAM_Thesis/Project Folder/EightBitRegisterMemory/EightBitRegisterMemory.srcs/sources_1/bd/DesignForPStoReg/ipshared/f5b0/hdl/simple_reg_v1_0_S00_AXI.v:413]
CRITICAL WARNING: [Synth 8-5559] multi-driven net Q is connected to constant driver, other driver is ignored [c:/Users/hrish/Downloads/ReRAM_Thesis/Project Folder/EightBitRegisterMemory/EightBitRegisterMemory.srcs/sources_1/bd/DesignForPStoReg/ipshared/f5b0/hdl/simple_reg_v1_0_S00_AXI.v:413]
INFO: [Synth 8-3332] Sequential element (inst/simple_reg_v1_0_S00_AXI_inst/reg_data_out_reg[15]) is unused and will be removed from module DesignForPStoReg_simple_reg_0_0.
CRITICAL WARNING: [Synth 8-3352] multi-driven net Q with 1st driver pin 'inst/simple_reg_v1_0_S00_AXI_inst/reg_data_out_reg[15]/Q' [c:/Users/hrish/Downloads/ReRAM_Thesis/Project Folder/EightBitRegisterMemory/EightBitRegisterMemory.srcs/sources_1/bd/DesignForPStoReg/ipshared/f5b0/hdl/simple_reg_v1_0_S00_AXI.v:413]
CRITICAL WARNING: [Synth 8-3352] multi-driven net Q with 2nd driver pin 'GND' [c:/Users/hrish/Downloads/ReRAM_Thesis/Project Folder/EightBitRegisterMemory/EightBitRegisterMemory.srcs/sources_1/bd/DesignForPStoReg/ipshared/f5b0/hdl/simple_reg_v1_0_S00_AXI.v:413]
CRITICAL WARNING: [Synth 8-5559] multi-driven net Q is connected to constant driver, other driver is ignored [c:/Users/hrish/Downloads/ReRAM_Thesis/Project Folder/EightBitRegisterMemory/EightBitRegisterMemory.srcs/sources_1/bd/DesignForPStoReg/ipshared/f5b0/hdl/simple_reg_v1_0_S00_AXI.v:413]
INFO: [Synth 8-3332] Sequential element (inst/simple_reg_v1_0_S00_AXI_inst/reg_data_out_reg[14]) is unused and will be removed from module DesignForPStoReg_simple_reg_0_0.
CRITICAL WARNING: [Synth 8-3352] multi-driven net Q with 1st driver pin 'inst/simple_reg_v1_0_S00_AXI_inst/reg_data_out_reg[14]/Q' [c:/Users/hrish/Downloads/ReRAM_Thesis/Project Folder/EightBitRegisterMemory/EightBitRegisterMemory.srcs/sources_1/bd/DesignForPStoReg/ipshared/f5b0/hdl/simple_reg_v1_0_S00_AXI.v:413]
CRITICAL WARNING: [Synth 8-3352] multi-driven net Q with 2nd driver pin 'GND' [c:/Users/hrish/Downloads/ReRAM_Thesis/Project Folder/EightBitRegisterMemory/EightBitRegisterMemory.srcs/sources_1/bd/DesignForPStoReg/ipshared/f5b0/hdl/simple_reg_v1_0_S00_AXI.v:413]
CRITICAL WARNING: [Synth 8-5559] multi-driven net Q is connected to constant driver, other driver is ignored [c:/Users/hrish/Downloads/ReRAM_Thesis/Project Folder/EightBitRegisterMemory/EightBitRegisterMemory.srcs/sources_1/bd/DesignForPStoReg/ipshared/f5b0/hdl/simple_reg_v1_0_S00_AXI.v:413]
INFO: [Synth 8-3332] Sequential element (inst/simple_reg_v1_0_S00_AXI_inst/reg_data_out_reg[13]) is unused and will be removed from module DesignForPStoReg_simple_reg_0_0.
CRITICAL WARNING: [Synth 8-3352] multi-driven net Q with 1st driver pin 'inst/simple_reg_v1_0_S00_AXI_inst/reg_data_out_reg[13]/Q' [c:/Users/hrish/Downloads/ReRAM_Thesis/Project Folder/EightBitRegisterMemory/EightBitRegisterMemory.srcs/sources_1/bd/DesignForPStoReg/ipshared/f5b0/hdl/simple_reg_v1_0_S00_AXI.v:413]
CRITICAL WARNING: [Synth 8-3352] multi-driven net Q with 2nd driver pin 'GND' [c:/Users/hrish/Downloads/ReRAM_Thesis/Project Folder/EightBitRegisterMemory/EightBitRegisterMemory.srcs/sources_1/bd/DesignForPStoReg/ipshared/f5b0/hdl/simple_reg_v1_0_S00_AXI.v:413]
CRITICAL WARNING: [Synth 8-5559] multi-driven net Q is connected to constant driver, other driver is ignored [c:/Users/hrish/Downloads/ReRAM_Thesis/Project Folder/EightBitRegisterMemory/EightBitRegisterMemory.srcs/sources_1/bd/DesignForPStoReg/ipshared/f5b0/hdl/simple_reg_v1_0_S00_AXI.v:413]
INFO: [Synth 8-3332] Sequential element (inst/simple_reg_v1_0_S00_AXI_inst/reg_data_out_reg[12]) is unused and will be removed from module DesignForPStoReg_simple_reg_0_0.
CRITICAL WARNING: [Synth 8-3352] multi-driven net Q with 1st driver pin 'inst/simple_reg_v1_0_S00_AXI_inst/reg_data_out_reg[12]/Q' [c:/Users/hrish/Downloads/ReRAM_Thesis/Project Folder/EightBitRegisterMemory/EightBitRegisterMemory.srcs/sources_1/bd/DesignForPStoReg/ipshared/f5b0/hdl/simple_reg_v1_0_S00_AXI.v:413]
CRITICAL WARNING: [Synth 8-3352] multi-driven net Q with 2nd driver pin 'GND' [c:/Users/hrish/Downloads/ReRAM_Thesis/Project Folder/EightBitRegisterMemory/EightBitRegisterMemory.srcs/sources_1/bd/DesignForPStoReg/ipshared/f5b0/hdl/simple_reg_v1_0_S00_AXI.v:413]
CRITICAL WARNING: [Synth 8-5559] multi-driven net Q is connected to constant driver, other driver is ignored [c:/Users/hrish/Downloads/ReRAM_Thesis/Project Folder/EightBitRegisterMemory/EightBitRegisterMemory.srcs/sources_1/bd/DesignForPStoReg/ipshared/f5b0/hdl/simple_reg_v1_0_S00_AXI.v:413]
INFO: [Synth 8-3332] Sequential element (inst/simple_reg_v1_0_S00_AXI_inst/reg_data_out_reg[11]) is unused and will be removed from module DesignForPStoReg_simple_reg_0_0.
CRITICAL WARNING: [Synth 8-3352] multi-driven net Q with 1st driver pin 'inst/simple_reg_v1_0_S00_AXI_inst/reg_data_out_reg[11]/Q' [c:/Users/hrish/Downloads/ReRAM_Thesis/Project Folder/EightBitRegisterMemory/EightBitRegisterMemory.srcs/sources_1/bd/DesignForPStoReg/ipshared/f5b0/hdl/simple_reg_v1_0_S00_AXI.v:413]
CRITICAL WARNING: [Synth 8-3352] multi-driven net Q with 2nd driver pin 'GND' [c:/Users/hrish/Downloads/ReRAM_Thesis/Project Folder/EightBitRegisterMemory/EightBitRegisterMemory.srcs/sources_1/bd/DesignForPStoReg/ipshared/f5b0/hdl/simple_reg_v1_0_S00_AXI.v:413]
CRITICAL WARNING: [Synth 8-5559] multi-driven net Q is connected to constant driver, other driver is ignored [c:/Users/hrish/Downloads/ReRAM_Thesis/Project Folder/EightBitRegisterMemory/EightBitRegisterMemory.srcs/sources_1/bd/DesignForPStoReg/ipshared/f5b0/hdl/simple_reg_v1_0_S00_AXI.v:413]
INFO: [Synth 8-3332] Sequential element (inst/simple_reg_v1_0_S00_AXI_inst/reg_data_out_reg[10]) is unused and will be removed from module DesignForPStoReg_simple_reg_0_0.
CRITICAL WARNING: [Synth 8-3352] multi-driven net Q with 1st driver pin 'inst/simple_reg_v1_0_S00_AXI_inst/reg_data_out_reg[10]/Q' [c:/Users/hrish/Downloads/ReRAM_Thesis/Project Folder/EightBitRegisterMemory/EightBitRegisterMemory.srcs/sources_1/bd/DesignForPStoReg/ipshared/f5b0/hdl/simple_reg_v1_0_S00_AXI.v:413]
CRITICAL WARNING: [Synth 8-3352] multi-driven net Q with 2nd driver pin 'GND' [c:/Users/hrish/Downloads/ReRAM_Thesis/Project Folder/EightBitRegisterMemory/EightBitRegisterMemory.srcs/sources_1/bd/DesignForPStoReg/ipshared/f5b0/hdl/simple_reg_v1_0_S00_AXI.v:413]
CRITICAL WARNING: [Synth 8-5559] multi-driven net Q is connected to constant driver, other driver is ignored [c:/Users/hrish/Downloads/ReRAM_Thesis/Project Folder/EightBitRegisterMemory/EightBitRegisterMemory.srcs/sources_1/bd/DesignForPStoReg/ipshared/f5b0/hdl/simple_reg_v1_0_S00_AXI.v:413]
INFO: [Synth 8-3332] Sequential element (inst/simple_reg_v1_0_S00_AXI_inst/reg_data_out_reg[9]) is unused and will be removed from module DesignForPStoReg_simple_reg_0_0.
CRITICAL WARNING: [Synth 8-3352] multi-driven net Q with 1st driver pin 'inst/simple_reg_v1_0_S00_AXI_inst/reg_data_out_reg[9]/Q' [c:/Users/hrish/Downloads/ReRAM_Thesis/Project Folder/EightBitRegisterMemory/EightBitRegisterMemory.srcs/sources_1/bd/DesignForPStoReg/ipshared/f5b0/hdl/simple_reg_v1_0_S00_AXI.v:413]
CRITICAL WARNING: [Synth 8-3352] multi-driven net Q with 2nd driver pin 'GND' [c:/Users/hrish/Downloads/ReRAM_Thesis/Project Folder/EightBitRegisterMemory/EightBitRegisterMemory.srcs/sources_1/bd/DesignForPStoReg/ipshared/f5b0/hdl/simple_reg_v1_0_S00_AXI.v:413]
CRITICAL WARNING: [Synth 8-5559] multi-driven net Q is connected to constant driver, other driver is ignored [c:/Users/hrish/Downloads/ReRAM_Thesis/Project Folder/EightBitRegisterMemory/EightBitRegisterMemory.srcs/sources_1/bd/DesignForPStoReg/ipshared/f5b0/hdl/simple_reg_v1_0_S00_AXI.v:413]
INFO: [Synth 8-3332] Sequential element (inst/simple_reg_v1_0_S00_AXI_inst/reg_data_out_reg[8]) is unused and will be removed from module DesignForPStoReg_simple_reg_0_0.
CRITICAL WARNING: [Synth 8-3352] multi-driven net Q with 1st driver pin 'inst/simple_reg_v1_0_S00_AXI_inst/reg_data_out_reg[8]/Q' [c:/Users/hrish/Downloads/ReRAM_Thesis/Project Folder/EightBitRegisterMemory/EightBitRegisterMemory.srcs/sources_1/bd/DesignForPStoReg/ipshared/f5b0/hdl/simple_reg_v1_0_S00_AXI.v:413]
CRITICAL WARNING: [Synth 8-3352] multi-driven net Q with 2nd driver pin 'GND' [c:/Users/hrish/Downloads/ReRAM_Thesis/Project Folder/EightBitRegisterMemory/EightBitRegisterMemory.srcs/sources_1/bd/DesignForPStoReg/ipshared/f5b0/hdl/simple_reg_v1_0_S00_AXI.v:413]
CRITICAL WARNING: [Synth 8-5559] multi-driven net Q is connected to constant driver, other driver is ignored [c:/Users/hrish/Downloads/ReRAM_Thesis/Project Folder/EightBitRegisterMemory/EightBitRegisterMemory.srcs/sources_1/bd/DesignForPStoReg/ipshared/f5b0/hdl/simple_reg_v1_0_S00_AXI.v:413]
INFO: [Synth 8-3332] Sequential element (inst/simple_reg_v1_0_S00_AXI_inst/axi_bresp_reg[1]) is unused and will be removed from module DesignForPStoReg_simple_reg_0_0.
INFO: [Synth 8-3332] Sequential element (inst/simple_reg_v1_0_S00_AXI_inst/axi_araddr_reg[1]) is unused and will be removed from module DesignForPStoReg_simple_reg_0_0.
INFO: [Synth 8-3332] Sequential element (inst/simple_reg_v1_0_S00_AXI_inst/axi_araddr_reg[0]) is unused and will be removed from module DesignForPStoReg_simple_reg_0_0.
INFO: [Synth 8-3332] Sequential element (inst/simple_reg_v1_0_S00_AXI_inst/axi_awaddr_reg[1]) is unused and will be removed from module DesignForPStoReg_simple_reg_0_0.
INFO: [Synth 8-3332] Sequential element (inst/simple_reg_v1_0_S00_AXI_inst/axi_awaddr_reg[0]) is unused and will be removed from module DesignForPStoReg_simple_reg_0_0.
INFO: [Synth 8-3332] Sequential element (inst/simple_reg_v1_0_S00_AXI_inst/slv_reg3_reg[31]) is unused and will be removed from module DesignForPStoReg_simple_reg_0_0.
INFO: [Synth 8-3332] Sequential element (inst/simple_reg_v1_0_S00_AXI_inst/slv_reg3_reg[30]) is unused and will be removed from module DesignForPStoReg_simple_reg_0_0.
INFO: [Synth 8-3332] Sequential element (inst/simple_reg_v1_0_S00_AXI_inst/slv_reg3_reg[29]) is unused and will be removed from module DesignForPStoReg_simple_reg_0_0.
INFO: [Synth 8-3332] Sequential element (inst/simple_reg_v1_0_S00_AXI_inst/slv_reg3_reg[28]) is unused and will be removed from module DesignForPStoReg_simple_reg_0_0.
INFO: [Synth 8-3332] Sequential element (inst/simple_reg_v1_0_S00_AXI_inst/slv_reg3_reg[27]) is unused and will be removed from module DesignForPStoReg_simple_reg_0_0.
INFO: [Synth 8-3332] Sequential element (inst/simple_reg_v1_0_S00_AXI_inst/slv_reg3_reg[26]) is unused and will be removed from module DesignForPStoReg_simple_reg_0_0.
INFO: [Synth 8-3332] Sequential element (inst/simple_reg_v1_0_S00_AXI_inst/slv_reg3_reg[25]) is unused and will be removed from module DesignForPStoReg_simple_reg_0_0.
INFO: [Synth 8-3332] Sequential element (inst/simple_reg_v1_0_S00_AXI_inst/slv_reg3_reg[24]) is unused and will be removed from module DesignForPStoReg_simple_reg_0_0.
INFO: [Synth 8-3332] Sequential element (inst/simple_reg_v1_0_S00_AXI_inst/slv_reg3_reg[23]) is unused and will be removed from module DesignForPStoReg_simple_reg_0_0.
INFO: [Synth 8-3332] Sequential element (inst/simple_reg_v1_0_S00_AXI_inst/slv_reg3_reg[22]) is unused and will be removed from module DesignForPStoReg_simple_reg_0_0.
INFO: [Synth 8-3332] Sequential element (inst/simple_reg_v1_0_S00_AXI_inst/slv_reg3_reg[21]) is unused and will be removed from module DesignForPStoReg_simple_reg_0_0.
INFO: [Synth 8-3332] Sequential element (inst/simple_reg_v1_0_S00_AXI_inst/slv_reg3_reg[20]) is unused and will be removed from module DesignForPStoReg_simple_reg_0_0.
INFO: [Synth 8-3332] Sequential element (inst/simple_reg_v1_0_S00_AXI_inst/slv_reg3_reg[19]) is unused and will be removed from module DesignForPStoReg_simple_reg_0_0.
INFO: [Synth 8-3332] Sequential element (inst/simple_reg_v1_0_S00_AXI_inst/slv_reg3_reg[18]) is unused and will be removed from module DesignForPStoReg_simple_reg_0_0.
INFO: [Synth 8-3332] Sequential element (inst/simple_reg_v1_0_S00_AXI_inst/slv_reg3_reg[17]) is unused and will be removed from module DesignForPStoReg_simple_reg_0_0.
INFO: [Synth 8-3332] Sequential element (inst/simple_reg_v1_0_S00_AXI_inst/slv_reg3_reg[16]) is unused and will be removed from module DesignForPStoReg_simple_reg_0_0.
INFO: [Synth 8-3332] Sequential element (inst/simple_reg_v1_0_S00_AXI_inst/slv_reg3_reg[15]) is unused and will be removed from module DesignForPStoReg_simple_reg_0_0.
INFO: [Synth 8-3332] Sequential element (inst/simple_reg_v1_0_S00_AXI_inst/slv_reg3_reg[14]) is unused and will be removed from module DesignForPStoReg_simple_reg_0_0.
INFO: [Synth 8-3332] Sequential element (inst/simple_reg_v1_0_S00_AXI_inst/slv_reg3_reg[13]) is unused and will be removed from module DesignForPStoReg_simple_reg_0_0.
INFO: [Synth 8-3332] Sequential element (inst/simple_reg_v1_0_S00_AXI_inst/slv_reg3_reg[12]) is unused and will be removed from module DesignForPStoReg_simple_reg_0_0.
INFO: [Synth 8-3332] Sequential element (inst/simple_reg_v1_0_S00_AXI_inst/slv_reg3_reg[11]) is unused and will be removed from module DesignForPStoReg_simple_reg_0_0.
INFO: [Synth 8-3332] Sequential element (inst/simple_reg_v1_0_S00_AXI_inst/slv_reg3_reg[10]) is unused and will be removed from module DesignForPStoReg_simple_reg_0_0.
INFO: [Synth 8-3332] Sequential element (inst/simple_reg_v1_0_S00_AXI_inst/slv_reg3_reg[9]) is unused and will be removed from module DesignForPStoReg_simple_reg_0_0.
INFO: [Synth 8-3332] Sequential element (inst/simple_reg_v1_0_S00_AXI_inst/slv_reg3_reg[8]) is unused and will be removed from module DesignForPStoReg_simple_reg_0_0.
INFO: [Synth 8-3332] Sequential element (inst/simple_reg_v1_0_S00_AXI_inst/slv_reg2_reg[31]) is unused and will be removed from module DesignForPStoReg_simple_reg_0_0.
INFO: [Synth 8-3332] Sequential element (inst/simple_reg_v1_0_S00_AXI_inst/slv_reg2_reg[30]) is unused and will be removed from module DesignForPStoReg_simple_reg_0_0.
INFO: [Synth 8-3332] Sequential element (inst/simple_reg_v1_0_S00_AXI_inst/slv_reg2_reg[29]) is unused and will be removed from module DesignForPStoReg_simple_reg_0_0.
INFO: [Synth 8-3332] Sequential element (inst/simple_reg_v1_0_S00_AXI_inst/slv_reg2_reg[28]) is unused and will be removed from module DesignForPStoReg_simple_reg_0_0.
INFO: [Synth 8-3332] Sequential element (inst/simple_reg_v1_0_S00_AXI_inst/slv_reg2_reg[27]) is unused and will be removed from module DesignForPStoReg_simple_reg_0_0.
INFO: [Synth 8-3332] Sequential element (inst/simple_reg_v1_0_S00_AXI_inst/slv_reg2_reg[26]) is unused and will be removed from module DesignForPStoReg_simple_reg_0_0.
INFO: [Synth 8-3332] Sequential element (inst/simple_reg_v1_0_S00_AXI_inst/slv_reg2_reg[25]) is unused and will be removed from module DesignForPStoReg_simple_reg_0_0.
INFO: [Synth 8-3332] Sequential element (inst/simple_reg_v1_0_S00_AXI_inst/slv_reg2_reg[24]) is unused and will be removed from module DesignForPStoReg_simple_reg_0_0.
INFO: [Synth 8-3332] Sequential element (inst/simple_reg_v1_0_S00_AXI_inst/slv_reg2_reg[23]) is unused and will be removed from module DesignForPStoReg_simple_reg_0_0.
INFO: [Synth 8-3332] Sequential element (inst/simple_reg_v1_0_S00_AXI_inst/slv_reg2_reg[22]) is unused and will be removed from module DesignForPStoReg_simple_reg_0_0.
INFO: [Synth 8-3332] Sequential element (inst/simple_reg_v1_0_S00_AXI_inst/slv_reg2_reg[21]) is unused and will be removed from module DesignForPStoReg_simple_reg_0_0.
INFO: [Synth 8-3332] Sequential element (inst/simple_reg_v1_0_S00_AXI_inst/slv_reg2_reg[20]) is unused and will be removed from module DesignForPStoReg_simple_reg_0_0.
INFO: [Synth 8-3332] Sequential element (inst/simple_reg_v1_0_S00_AXI_inst/slv_reg2_reg[19]) is unused and will be removed from module DesignForPStoReg_simple_reg_0_0.
INFO: [Synth 8-3332] Sequential element (inst/simple_reg_v1_0_S00_AXI_inst/slv_reg2_reg[18]) is unused and will be removed from module DesignForPStoReg_simple_reg_0_0.
INFO: [Synth 8-3332] Sequential element (inst/simple_reg_v1_0_S00_AXI_inst/slv_reg2_reg[17]) is unused and will be removed from module DesignForPStoReg_simple_reg_0_0.
INFO: [Synth 8-3332] Sequential element (inst/simple_reg_v1_0_S00_AXI_inst/slv_reg2_reg[16]) is unused and will be removed from module DesignForPStoReg_simple_reg_0_0.
INFO: [Synth 8-3332] Sequential element (inst/simple_reg_v1_0_S00_AXI_inst/slv_reg2_reg[15]) is unused and will be removed from module DesignForPStoReg_simple_reg_0_0.
INFO: [Synth 8-3332] Sequential element (inst/simple_reg_v1_0_S00_AXI_inst/slv_reg2_reg[14]) is unused and will be removed from module DesignForPStoReg_simple_reg_0_0.
INFO: [Synth 8-3332] Sequential element (inst/simple_reg_v1_0_S00_AXI_inst/slv_reg2_reg[13]) is unused and will be removed from module DesignForPStoReg_simple_reg_0_0.
INFO: [Synth 8-3332] Sequential element (inst/simple_reg_v1_0_S00_AXI_inst/slv_reg2_reg[12]) is unused and will be removed from module DesignForPStoReg_simple_reg_0_0.
INFO: [Synth 8-3332] Sequential element (inst/simple_reg_v1_0_S00_AXI_inst/slv_reg2_reg[11]) is unused and will be removed from module DesignForPStoReg_simple_reg_0_0.
INFO: [Synth 8-3332] Sequential element (inst/simple_reg_v1_0_S00_AXI_inst/slv_reg2_reg[10]) is unused and will be removed from module DesignForPStoReg_simple_reg_0_0.
INFO: [Synth 8-3332] Sequential element (inst/simple_reg_v1_0_S00_AXI_inst/slv_reg2_reg[9]) is unused and will be removed from module DesignForPStoReg_simple_reg_0_0.
INFO: [Synth 8-3332] Sequential element (inst/simple_reg_v1_0_S00_AXI_inst/slv_reg2_reg[8]) is unused and will be removed from module DesignForPStoReg_simple_reg_0_0.
INFO: [Synth 8-3332] Sequential element (inst/simple_reg_v1_0_S00_AXI_inst/slv_reg1_reg[31]) is unused and will be removed from module DesignForPStoReg_simple_reg_0_0.
INFO: [Synth 8-3332] Sequential element (inst/simple_reg_v1_0_S00_AXI_inst/slv_reg1_reg[30]) is unused and will be removed from module DesignForPStoReg_simple_reg_0_0.
INFO: [Synth 8-3332] Sequential element (inst/simple_reg_v1_0_S00_AXI_inst/slv_reg1_reg[29]) is unused and will be removed from module DesignForPStoReg_simple_reg_0_0.
INFO: [Synth 8-3332] Sequential element (inst/simple_reg_v1_0_S00_AXI_inst/slv_reg1_reg[28]) is unused and will be removed from module DesignForPStoReg_simple_reg_0_0.
INFO: [Synth 8-3332] Sequential element (inst/simple_reg_v1_0_S00_AXI_inst/slv_reg1_reg[27]) is unused and will be removed from module DesignForPStoReg_simple_reg_0_0.
INFO: [Synth 8-3332] Sequential element (inst/simple_reg_v1_0_S00_AXI_inst/slv_reg1_reg[26]) is unused and will be removed from module DesignForPStoReg_simple_reg_0_0.
INFO: [Synth 8-3332] Sequential element (inst/simple_reg_v1_0_S00_AXI_inst/slv_reg1_reg[25]) is unused and will be removed from module DesignForPStoReg_simple_reg_0_0.
INFO: [Synth 8-3332] Sequential element (inst/simple_reg_v1_0_S00_AXI_inst/slv_reg1_reg[24]) is unused and will be removed from module DesignForPStoReg_simple_reg_0_0.
INFO: [Synth 8-3332] Sequential element (inst/simple_reg_v1_0_S00_AXI_inst/slv_reg1_reg[23]) is unused and will be removed from module DesignForPStoReg_simple_reg_0_0.
INFO: [Synth 8-3332] Sequential element (inst/simple_reg_v1_0_S00_AXI_inst/slv_reg1_reg[22]) is unused and will be removed from module DesignForPStoReg_simple_reg_0_0.
INFO: [Synth 8-3332] Sequential element (inst/simple_reg_v1_0_S00_AXI_inst/slv_reg1_reg[21]) is unused and will be removed from module DesignForPStoReg_simple_reg_0_0.
INFO: [Synth 8-3332] Sequential element (inst/simple_reg_v1_0_S00_AXI_inst/slv_reg1_reg[20]) is unused and will be removed from module DesignForPStoReg_simple_reg_0_0.
INFO: [Synth 8-3332] Sequential element (inst/simple_reg_v1_0_S00_AXI_inst/slv_reg1_reg[19]) is unused and will be removed from module DesignForPStoReg_simple_reg_0_0.
INFO: [Synth 8-3332] Sequential element (inst/simple_reg_v1_0_S00_AXI_inst/slv_reg1_reg[18]) is unused and will be removed from module DesignForPStoReg_simple_reg_0_0.
INFO: [Synth 8-3332] Sequential element (inst/simple_reg_v1_0_S00_AXI_inst/slv_reg1_reg[17]) is unused and will be removed from module DesignForPStoReg_simple_reg_0_0.
INFO: [Synth 8-3332] Sequential element (inst/simple_reg_v1_0_S00_AXI_inst/slv_reg1_reg[16]) is unused and will be removed from module DesignForPStoReg_simple_reg_0_0.
INFO: [Synth 8-3332] Sequential element (inst/simple_reg_v1_0_S00_AXI_inst/slv_reg1_reg[15]) is unused and will be removed from module DesignForPStoReg_simple_reg_0_0.
INFO: [Synth 8-3332] Sequential element (inst/simple_reg_v1_0_S00_AXI_inst/slv_reg1_reg[14]) is unused and will be removed from module DesignForPStoReg_simple_reg_0_0.
INFO: [Synth 8-3332] Sequential element (inst/simple_reg_v1_0_S00_AXI_inst/slv_reg1_reg[13]) is unused and will be removed from module DesignForPStoReg_simple_reg_0_0.
INFO: [Synth 8-3332] Sequential element (inst/simple_reg_v1_0_S00_AXI_inst/slv_reg1_reg[12]) is unused and will be removed from module DesignForPStoReg_simple_reg_0_0.
INFO: [Synth 8-3332] Sequential element (inst/simple_reg_v1_0_S00_AXI_inst/slv_reg1_reg[11]) is unused and will be removed from module DesignForPStoReg_simple_reg_0_0.
INFO: [Synth 8-3332] Sequential element (inst/simple_reg_v1_0_S00_AXI_inst/slv_reg1_reg[10]) is unused and will be removed from module DesignForPStoReg_simple_reg_0_0.
INFO: [Synth 8-3332] Sequential element (inst/simple_reg_v1_0_S00_AXI_inst/slv_reg1_reg[9]) is unused and will be removed from module DesignForPStoReg_simple_reg_0_0.
INFO: [Common 17-14] Message 'Synth 8-3332' appears 100 times and further instances of the messages will be disabled. Use the Tcl command set_msg_config to change the current settings.
---------------------------------------------------------------------------------
Finished Cross Boundary and Area Optimization : Time (s): cpu = 00:00:16 ; elapsed = 00:00:20 . Memory (MB): peak = 793.504 ; gain = 499.535
---------------------------------------------------------------------------------

Report RTL Partitions: 
+-+--------------+------------+----------+
| |RTL Partition |Replication |Instances |
+-+--------------+------------+----------+
+-+--------------+------------+----------+
---------------------------------------------------------------------------------
Start Applying XDC Timing Constraints
---------------------------------------------------------------------------------
---------------------------------------------------------------------------------
Finished Applying XDC Timing Constraints : Time (s): cpu = 00:00:24 ; elapsed = 00:00:29 . Memory (MB): peak = 794.004 ; gain = 500.035
---------------------------------------------------------------------------------
---------------------------------------------------------------------------------
Start Timing Optimization
---------------------------------------------------------------------------------
---------------------------------------------------------------------------------
Finished Timing Optimization : Time (s): cpu = 00:00:24 ; elapsed = 00:00:29 . Memory (MB): peak = 794.004 ; gain = 500.035
---------------------------------------------------------------------------------

Report RTL Partitions: 
+-+--------------+------------+----------+
| |RTL Partition |Replication |Instances |
+-+--------------+------------+----------+
+-+--------------+------------+----------+
---------------------------------------------------------------------------------
Start Technology Mapping
---------------------------------------------------------------------------------
---------------------------------------------------------------------------------
Finished Technology Mapping : Time (s): cpu = 00:00:24 ; elapsed = 00:00:29 . Memory (MB): peak = 803.566 ; gain = 509.598
---------------------------------------------------------------------------------

Report RTL Partitions: 
+-+--------------+------------+----------+
| |RTL Partition |Replication |Instances |
+-+--------------+------------+----------+
+-+--------------+------------+----------+
---------------------------------------------------------------------------------
Start IO Insertion
---------------------------------------------------------------------------------
---------------------------------------------------------------------------------
Start Flattening Before IO Insertion
---------------------------------------------------------------------------------
---------------------------------------------------------------------------------
Finished Flattening Before IO Insertion
---------------------------------------------------------------------------------
---------------------------------------------------------------------------------
Start Final Netlist Cleanup
---------------------------------------------------------------------------------
---------------------------------------------------------------------------------
Finished Final Netlist Cleanup
---------------------------------------------------------------------------------
---------------------------------------------------------------------------------
Finished IO Insertion : Time (s): cpu = 00:00:24 ; elapsed = 00:00:30 . Memory (MB): peak = 803.566 ; gain = 509.598
---------------------------------------------------------------------------------
CRITICAL WARNING: [Synth 8-3352] multi-driven net inst/simple_reg_v1_0_S00_AXI_inst/reg_data_out[7] with 1st driver pin 'i_17/O' [c:/Users/hrish/Downloads/ReRAM_Thesis/Project Folder/EightBitRegisterMemory/EightBitRegisterMemory.srcs/sources_1/bd/DesignForPStoReg/ipshared/f5b0/hdl/simple_reg_v1_0_S00_AXI.v:372]
CRITICAL WARNING: [Synth 8-3352] multi-driven net inst/simple_reg_v1_0_S00_AXI_inst/reg_data_out[7] with 2nd driver pin 'inst/simple_reg_v1_0_S00_AXI_inst/reg_data_out_reg[7]/Q' [c:/Users/hrish/Downloads/ReRAM_Thesis/Project Folder/EightBitRegisterMemory/EightBitRegisterMemory.srcs/sources_1/bd/DesignForPStoReg/ipshared/f5b0/hdl/simple_reg_v1_0_S00_AXI.v:413]
CRITICAL WARNING: [Synth 8-3352] multi-driven net inst/simple_reg_v1_0_S00_AXI_inst/reg_data_out[6] with 1st driver pin 'i_18/O' [c:/Users/hrish/Downloads/ReRAM_Thesis/Project Folder/EightBitRegisterMemory/EightBitRegisterMemory.srcs/sources_1/bd/DesignForPStoReg/ipshared/f5b0/hdl/simple_reg_v1_0_S00_AXI.v:372]
CRITICAL WARNING: [Synth 8-3352] multi-driven net inst/simple_reg_v1_0_S00_AXI_inst/reg_data_out[6] with 2nd driver pin 'inst/simple_reg_v1_0_S00_AXI_inst/reg_data_out_reg[6]/Q' [c:/Users/hrish/Downloads/ReRAM_Thesis/Project Folder/EightBitRegisterMemory/EightBitRegisterMemory.srcs/sources_1/bd/DesignForPStoReg/ipshared/f5b0/hdl/simple_reg_v1_0_S00_AXI.v:413]
CRITICAL WARNING: [Synth 8-3352] multi-driven net inst/simple_reg_v1_0_S00_AXI_inst/reg_data_out[5] with 1st driver pin 'i_19/O' [c:/Users/hrish/Downloads/ReRAM_Thesis/Project Folder/EightBitRegisterMemory/EightBitRegisterMemory.srcs/sources_1/bd/DesignForPStoReg/ipshared/f5b0/hdl/simple_reg_v1_0_S00_AXI.v:372]
CRITICAL WARNING: [Synth 8-3352] multi-driven net inst/simple_reg_v1_0_S00_AXI_inst/reg_data_out[5] with 2nd driver pin 'inst/simple_reg_v1_0_S00_AXI_inst/reg_data_out_reg[5]/Q' [c:/Users/hrish/Downloads/ReRAM_Thesis/Project Folder/EightBitRegisterMemory/EightBitRegisterMemory.srcs/sources_1/bd/DesignForPStoReg/ipshared/f5b0/hdl/simple_reg_v1_0_S00_AXI.v:413]
CRITICAL WARNING: [Synth 8-3352] multi-driven net inst/simple_reg_v1_0_S00_AXI_inst/reg_data_out[4] with 1st driver pin 'i_20/O' [c:/Users/hrish/Downloads/ReRAM_Thesis/Project Folder/EightBitRegisterMemory/EightBitRegisterMemory.srcs/sources_1/bd/DesignForPStoReg/ipshared/f5b0/hdl/simple_reg_v1_0_S00_AXI.v:372]
CRITICAL WARNING: [Synth 8-3352] multi-driven net inst/simple_reg_v1_0_S00_AXI_inst/reg_data_out[4] with 2nd driver pin 'inst/simple_reg_v1_0_S00_AXI_inst/reg_data_out_reg[4]/Q' [c:/Users/hrish/Downloads/ReRAM_Thesis/Project Folder/EightBitRegisterMemory/EightBitRegisterMemory.srcs/sources_1/bd/DesignForPStoReg/ipshared/f5b0/hdl/simple_reg_v1_0_S00_AXI.v:413]
CRITICAL WARNING: [Synth 8-3352] multi-driven net inst/simple_reg_v1_0_S00_AXI_inst/reg_data_out[3] with 1st driver pin 'i_21/O' [c:/Users/hrish/Downloads/ReRAM_Thesis/Project Folder/EightBitRegisterMemory/EightBitRegisterMemory.srcs/sources_1/bd/DesignForPStoReg/ipshared/f5b0/hdl/simple_reg_v1_0_S00_AXI.v:372]
CRITICAL WARNING: [Synth 8-3352] multi-driven net inst/simple_reg_v1_0_S00_AXI_inst/reg_data_out[3] with 2nd driver pin 'inst/simple_reg_v1_0_S00_AXI_inst/reg_data_out_reg[3]/Q' [c:/Users/hrish/Downloads/ReRAM_Thesis/Project Folder/EightBitRegisterMemory/EightBitRegisterMemory.srcs/sources_1/bd/DesignForPStoReg/ipshared/f5b0/hdl/simple_reg_v1_0_S00_AXI.v:413]
CRITICAL WARNING: [Synth 8-3352] multi-driven net inst/simple_reg_v1_0_S00_AXI_inst/reg_data_out[2] with 1st driver pin 'i_22/O' [c:/Users/hrish/Downloads/ReRAM_Thesis/Project Folder/EightBitRegisterMemory/EightBitRegisterMemory.srcs/sources_1/bd/DesignForPStoReg/ipshared/f5b0/hdl/simple_reg_v1_0_S00_AXI.v:372]
CRITICAL WARNING: [Synth 8-3352] multi-driven net inst/simple_reg_v1_0_S00_AXI_inst/reg_data_out[2] with 2nd driver pin 'inst/simple_reg_v1_0_S00_AXI_inst/reg_data_out_reg[2]/Q' [c:/Users/hrish/Downloads/ReRAM_Thesis/Project Folder/EightBitRegisterMemory/EightBitRegisterMemory.srcs/sources_1/bd/DesignForPStoReg/ipshared/f5b0/hdl/simple_reg_v1_0_S00_AXI.v:413]
CRITICAL WARNING: [Synth 8-3352] multi-driven net inst/simple_reg_v1_0_S00_AXI_inst/reg_data_out[1] with 1st driver pin 'i_23/O' [c:/Users/hrish/Downloads/ReRAM_Thesis/Project Folder/EightBitRegisterMemory/EightBitRegisterMemory.srcs/sources_1/bd/DesignForPStoReg/ipshared/f5b0/hdl/simple_reg_v1_0_S00_AXI.v:372]
CRITICAL WARNING: [Synth 8-3352] multi-driven net inst/simple_reg_v1_0_S00_AXI_inst/reg_data_out[1] with 2nd driver pin 'inst/simple_reg_v1_0_S00_AXI_inst/reg_data_out_reg[1]/Q' [c:/Users/hrish/Downloads/ReRAM_Thesis/Project Folder/EightBitRegisterMemory/EightBitRegisterMemory.srcs/sources_1/bd/DesignForPStoReg/ipshared/f5b0/hdl/simple_reg_v1_0_S00_AXI.v:413]
CRITICAL WARNING: [Synth 8-3352] multi-driven net inst/simple_reg_v1_0_S00_AXI_inst/reg_data_out[0] with 1st driver pin 'i_16/O' [c:/Users/hrish/Downloads/ReRAM_Thesis/Project Folder/EightBitRegisterMemory/EightBitRegisterMemory.srcs/sources_1/bd/DesignForPStoReg/ipshared/f5b0/hdl/simple_reg_v1_0_S00_AXI.v:372]
CRITICAL WARNING: [Synth 8-3352] multi-driven net inst/simple_reg_v1_0_S00_AXI_inst/reg_data_out[0] with 2nd driver pin 'inst/simple_reg_v1_0_S00_AXI_inst/reg_data_out_reg[0]/Q' [c:/Users/hrish/Downloads/ReRAM_Thesis/Project Folder/EightBitRegisterMemory/EightBitRegisterMemory.srcs/sources_1/bd/DesignForPStoReg/ipshared/f5b0/hdl/simple_reg_v1_0_S00_AXI.v:413]

Report Check Netlist: 
+------+------------------+-------+---------+-------+------------------+
|      |Item              |Errors |Warnings |Status |Description       |
+------+------------------+-------+---------+-------+------------------+
|1     |multi_driven_nets |      0|        8|Failed |Multi driven nets |
+------+------------------+-------+---------+-------+------------------+
---------------------------------------------------------------------------------
Start Renaming Generated Instances
---------------------------------------------------------------------------------
---------------------------------------------------------------------------------
Finished Renaming Generated Instances : Time (s): cpu = 00:00:24 ; elapsed = 00:00:30 . Memory (MB): peak = 803.566 ; gain = 509.598
---------------------------------------------------------------------------------

Report RTL Partitions: 
+-+--------------+------------+----------+
| |RTL Partition |Replication |Instances |
+-+--------------+------------+----------+
+-+--------------+------------+----------+
---------------------------------------------------------------------------------
Start Rebuilding User Hierarchy
---------------------------------------------------------------------------------
---------------------------------------------------------------------------------
Finished Rebuilding User Hierarchy : Time (s): cpu = 00:00:24 ; elapsed = 00:00:30 . Memory (MB): peak = 803.566 ; gain = 509.598
---------------------------------------------------------------------------------
---------------------------------------------------------------------------------
Start Renaming Generated Ports
---------------------------------------------------------------------------------
---------------------------------------------------------------------------------
Finished Renaming Generated Ports : Time (s): cpu = 00:00:24 ; elapsed = 00:00:30 . Memory (MB): peak = 803.566 ; gain = 509.598
---------------------------------------------------------------------------------
---------------------------------------------------------------------------------
Start Handling Custom Attributes
---------------------------------------------------------------------------------
---------------------------------------------------------------------------------
Finished Handling Custom Attributes : Time (s): cpu = 00:00:24 ; elapsed = 00:00:30 . Memory (MB): peak = 803.566 ; gain = 509.598
---------------------------------------------------------------------------------
---------------------------------------------------------------------------------
Start Renaming Generated Nets
---------------------------------------------------------------------------------
---------------------------------------------------------------------------------
Finished Renaming Generated Nets : Time (s): cpu = 00:00:24 ; elapsed = 00:00:30 . Memory (MB): peak = 803.566 ; gain = 509.598
---------------------------------------------------------------------------------
---------------------------------------------------------------------------------
Start Writing Synthesis Report
---------------------------------------------------------------------------------

Report BlackBoxes: 
+-+--------------+----------+
| |BlackBox name |Instances |
+-+--------------+----------+
+-+--------------+----------+

Report Cell Usage: 
+------+-----+------+
|      |Cell |Count |
+------+-----+------+
|1     |LUT1 |     1|
|2     |LUT2 |     1|
|3     |LUT3 |     1|
|4     |LUT4 |    10|
|5     |LUT6 |    12|
|6     |FDRE |    57|
|7     |FDSE |     1|
+------+-----+------+

Report Instance Areas: 
+------+---------------------------------+------------------------+------+
|      |Instance                         |Module                  |Cells |
+------+---------------------------------+------------------------+------+
|1     |top                              |                        |    83|
|2     |  inst                           |simple_reg_v1_0         |    83|
|3     |    simple_reg_v1_0_S00_AXI_inst |simple_reg_v1_0_S00_AXI |    83|
+------+---------------------------------+------------------------+------+
---------------------------------------------------------------------------------
Finished Writing Synthesis Report : Time (s): cpu = 00:00:24 ; elapsed = 00:00:30 . Memory (MB): peak = 803.566 ; gain = 509.598
---------------------------------------------------------------------------------
Synthesis finished with 0 errors, 88 critical warnings and 6 warnings.
Synthesis Optimization Runtime : Time (s): cpu = 00:00:13 ; elapsed = 00:00:21 . Memory (MB): peak = 803.566 ; gain = 156.340
Synthesis Optimization Complete : Time (s): cpu = 00:00:24 ; elapsed = 00:00:30 . Memory (MB): peak = 803.566 ; gain = 509.598
INFO: [Project 1-571] Translating synthesized netlist
INFO: [Project 1-570] Preparing netlist for logic optimization
INFO: [Opt 31-138] Pushed 0 inverter(s) to 0 load pin(s).
INFO: [Project 1-111] Unisim Transformation Summary:
No Unisim elements were transformed.

INFO: [Common 17-83] Releasing license: Synthesis
123 Infos, 14 Warnings, 88 Critical Warnings and 0 Errors encountered.
synth_design completed successfully
synth_design: Time (s): cpu = 00:00:25 ; elapsed = 00:00:32 . Memory (MB): peak = 814.629 ; gain = 532.164
INFO: [Common 17-1381] The checkpoint 'C:/Users/hrish/Downloads/ReRAM_Thesis/Project Folder/EightBitRegisterMemory/EightBitRegisterMemory.runs/DesignForPStoReg_simple_reg_0_0_synth_1/DesignForPStoReg_simple_reg_0_0.dcp' has been generated.
