Copyright 1986-2018 Xilinx, Inc. All Rights Reserved.
---------------------------------------------------------------------------------------------------
| Tool Version : Vivado v.2018.1 (win64) Build 2188600 Wed Apr  4 18:40:38 MDT 2018
| Date         : Sun Oct 12 22:45:02 2025
| Host         : LOREFARM running 64-bit major release  (build 9200)
| Command      : report_control_sets -verbose -file RevisionDesign_wrapper_control_sets_placed.rpt
| Design       : RevisionDesign_wrapper
| Device       : xc7z020
---------------------------------------------------------------------------------------------------

Control Set Information

Table of Contents
-----------------
1. Summary
2. Histogram
3. Flip-Flop Distribution
4. Detailed Control Set Information

1. Summary
----------

+----------------------------------------------------------+-------+
|                          Status                          | Count |
+----------------------------------------------------------+-------+
| Number of unique control sets                            |   143 |
| Unused register locations in slices containing registers |   481 |
+----------------------------------------------------------+-------+


2. Histogram
------------

+--------+--------------+
| Fanout | Control Sets |
+--------+--------------+
|      1 |            3 |
|      2 |            2 |
|      4 |           48 |
|      5 |            1 |
|      6 |            3 |
|      7 |            1 |
|      8 |           14 |
|     12 |            9 |
|     13 |            3 |
|     14 |           21 |
|    16+ |           38 |
+--------+--------------+


3. Flip-Flop Distribution
-------------------------

+--------------+-----------------------+------------------------+-----------------+--------------+
| Clock Enable | Synchronous Set/Reset | Asynchronous Set/Reset | Total Registers | Total Slices |
+--------------+-----------------------+------------------------+-----------------+--------------+
| No           | No                    | No                     |             154 |           52 |
| No           | No                    | Yes                    |              48 |           31 |
| No           | Yes                   | No                     |             160 |           77 |
| Yes          | No                    | No                     |             491 |          129 |
| Yes          | No                    | Yes                    |             608 |          187 |
| Yes          | Yes                   | No                     |             610 |          169 |
+--------------+-----------------------+------------------------+-----------------+--------------+


4. Detailed Control Set Information
-----------------------------------

+-------------------------------------------------------+--------------------------------------------------------------------------------------------------------------------------------------------------------------------------------------------------------------+--------------------------------------------------------------------------------------------------------------------------------------------------------------+------------------+----------------+
|                      Clock Signal                     |                                                                                                 Enable Signal                                                                                                |                                                                       Set/Reset Signal                                                                       | Slice Load Count | Bel Load Count |
+-------------------------------------------------------+--------------------------------------------------------------------------------------------------------------------------------------------------------------------------------------------------------------+--------------------------------------------------------------------------------------------------------------------------------------------------------------+------------------+----------------+
|  RevisionDesign_i/processing_system7_0/inst/FCLK_CLK0 | RevisionDesign_i/axi_bram_ctrl_0/U0/gext_inst.abcv4_0_ext_inst/GEN_AXI4.I_FULL_AXI/I_RD_CHNL/axi_rdata_en                                                                                                    | RevisionDesign_i/axi_bram_ctrl_0/U0/gext_inst.abcv4_0_ext_inst/GEN_AXI4.I_FULL_AXI/I_RD_CHNL/GEN_RID.axi_rid_int[11]_i_1_n_0                                 |                1 |              1 |
|  RevisionDesign_i/processing_system7_0/inst/FCLK_CLK0 | RevisionDesign_i/axi_bram_ctrl_0/U0/gext_inst.abcv4_0_ext_inst/GEN_AXI4.I_FULL_AXI/I_WR_CHNL/I_WRAP_BRST/bram_addr_ld_en                                                                                     | RevisionDesign_i/axi_bram_ctrl_0/U0/gext_inst.abcv4_0_ext_inst/GEN_AXI4.I_FULL_AXI/I_RD_CHNL/I_WRAP_BRST/wrap_burst_total_reg[0]_0                           |                1 |              1 |
|  RevisionDesign_i/processing_system7_0/inst/FCLK_CLK0 | RevisionDesign_i/axi_bram_ctrl_0/U0/gext_inst.abcv4_0_ext_inst/GEN_AXI4.I_FULL_AXI/I_RD_CHNL/rd_skid_buf_ld                                                                                                  | RevisionDesign_i/axi_bram_ctrl_0/U0/gext_inst.abcv4_0_ext_inst/GEN_AXI4.I_FULL_AXI/I_RD_CHNL/I_WRAP_BRST/wrap_burst_total_reg[0]_0                           |                1 |              1 |
|  RevisionDesign_i/processing_system7_0/inst/FCLK_CLK0 | RevisionDesign_i/ps7_0_axi_periph/m00_couplers/auto_pc/inst/gen_axilite.gen_b2s_conv.axilite_b2s/WR.b_channel_0/bid_fifo_0/bresp_push                                                                        |                                                                                                                                                              |                1 |              2 |
|  RevisionDesign_i/processing_system7_0/inst/FCLK_CLK0 | RevisionDesign_i/ps7_0_axi_periph/xbar/inst/gen_samd.crossbar_samd/gen_slave_slots[0].gen_si_write.wdata_router_w/wrouter_aw_fifo/gen_srls[0].gen_rep[1].srl_nx1/push                                        |                                                                                                                                                              |                1 |              2 |
|  RevisionDesign_i/processing_system7_0/inst/FCLK_CLK0 | RevisionDesign_i/ps7_0_axi_periph/xbar/inst/gen_samd.crossbar_samd/gen_slave_slots[0].gen_si_read.si_transactor_ar/gen_multi_thread.arbiter_resp_inst/gen_multi_thread.accept_cnt_reg[3][0]                  | RevisionDesign_i/ps7_0_axi_periph/xbar/inst/gen_samd.crossbar_samd/gen_slave_slots[0].gen_si_write.si_transactor_aw/gen_multi_thread.arbiter_resp_inst/SR[0] |                1 |              4 |
|  RevisionDesign_i/processing_system7_0/inst/FCLK_CLK0 | RevisionDesign_i/ps7_0_axi_periph/xbar/inst/gen_samd.crossbar_samd/gen_slave_slots[0].gen_si_read.si_transactor_ar/gen_multi_thread.arbiter_resp_inst/gen_multi_thread.active_cnt_reg[42][0]                 | RevisionDesign_i/ps7_0_axi_periph/xbar/inst/gen_samd.crossbar_samd/gen_slave_slots[0].gen_si_write.si_transactor_aw/gen_multi_thread.arbiter_resp_inst/SR[0] |                1 |              4 |
|  RevisionDesign_i/processing_system7_0/inst/FCLK_CLK0 | RevisionDesign_i/axi_reram_0/inst/u_core/CELL_ARRAY[3].u_cell/delay_counter[3]_i_1__2_n_0                                                                                                                    | RevisionDesign_i/axi_reram_0/inst/u_core/CELL_ARRAY[0].u_cell/endurance_counter_reg[0]_0                                                                     |                3 |              4 |
|  RevisionDesign_i/processing_system7_0/inst/FCLK_CLK0 | RevisionDesign_i/ps7_0_axi_periph/xbar/inst/gen_samd.crossbar_samd/gen_slave_slots[0].gen_si_read.si_transactor_ar/gen_multi_thread.arbiter_resp_inst/gen_multi_thread.active_cnt_reg[58][0]                 | RevisionDesign_i/ps7_0_axi_periph/xbar/inst/gen_samd.crossbar_samd/gen_slave_slots[0].gen_si_write.si_transactor_aw/gen_multi_thread.arbiter_resp_inst/SR[0] |                2 |              4 |
|  RevisionDesign_i/processing_system7_0/inst/FCLK_CLK0 |                                                                                                                                                                                                              | RevisionDesign_i/ps7_0_axi_periph/m00_couplers/auto_pc/inst/gen_axilite.gen_b2s_conv.axilite_b2s/SI_REG/ar.ar_pipe/m_valid_i_reg_0                           |                4 |              4 |
|  RevisionDesign_i/processing_system7_0/inst/FCLK_CLK0 |                                                                                                                                                                                                              | RevisionDesign_i/ps7_0_axi_periph/m00_couplers/auto_pc/inst/gen_axilite.gen_b2s_conv.axilite_b2s/SI_REG/aw.aw_pipe/s_ready_i_reg_0                           |                4 |              4 |
|  RevisionDesign_i/processing_system7_0/inst/FCLK_CLK0 | RevisionDesign_i/axi_reram_0/inst/u_core/CELL_ARRAY[0].u_cell/delay_counter[3]_i_1_n_0                                                                                                                       | RevisionDesign_i/axi_reram_0/inst/u_core/CELL_ARRAY[0].u_cell/endurance_counter_reg[0]_0                                                                     |                3 |              4 |
|  RevisionDesign_i/processing_system7_0/inst/FCLK_CLK0 | RevisionDesign_i/axi_reram_0/inst/u_core/CELL_ARRAY[5].u_cell/delay_counter[3]_i_1__4_n_0                                                                                                                    | RevisionDesign_i/axi_reram_0/inst/u_core/CELL_ARRAY[0].u_cell/endurance_counter_reg[0]_0                                                                     |                2 |              4 |
|  RevisionDesign_i/processing_system7_0/inst/FCLK_CLK0 | RevisionDesign_i/axi_reram_0/inst/u_core/CELL_ARRAY[6].u_cell/delay_counter[3]_i_1__5_n_0                                                                                                                    | RevisionDesign_i/axi_reram_0/inst/u_core/CELL_ARRAY[0].u_cell/endurance_counter_reg[0]_0                                                                     |                2 |              4 |
|  RevisionDesign_i/processing_system7_0/inst/FCLK_CLK0 | RevisionDesign_i/ps7_0_axi_periph/xbar/inst/gen_samd.crossbar_samd/gen_slave_slots[0].gen_si_read.si_transactor_ar/gen_multi_thread.arbiter_resp_inst/gen_multi_thread.active_cnt_reg[34][0]                 | RevisionDesign_i/ps7_0_axi_periph/xbar/inst/gen_samd.crossbar_samd/gen_slave_slots[0].gen_si_write.si_transactor_aw/gen_multi_thread.arbiter_resp_inst/SR[0] |                1 |              4 |
|  RevisionDesign_i/processing_system7_0/inst/FCLK_CLK0 | RevisionDesign_i/ps7_0_axi_periph/xbar/inst/gen_samd.crossbar_samd/gen_slave_slots[0].gen_si_read.si_transactor_ar/gen_multi_thread.arbiter_resp_inst/gen_multi_thread.active_cnt_reg[2][0]                  | RevisionDesign_i/ps7_0_axi_periph/xbar/inst/gen_samd.crossbar_samd/gen_slave_slots[0].gen_si_write.si_transactor_aw/gen_multi_thread.arbiter_resp_inst/SR[0] |                1 |              4 |
|  RevisionDesign_i/processing_system7_0/inst/FCLK_CLK0 | RevisionDesign_i/axi_reram_0/inst/u_core/CELL_ARRAY[7].u_cell/delay_counter[3]_i_1__6_n_0                                                                                                                    | RevisionDesign_i/axi_reram_0/inst/u_core/CELL_ARRAY[0].u_cell/endurance_counter_reg[0]_0                                                                     |                2 |              4 |
|  RevisionDesign_i/processing_system7_0/inst/FCLK_CLK0 | RevisionDesign_i/ps7_0_axi_periph/xbar/inst/gen_samd.crossbar_samd/gen_slave_slots[0].gen_si_write.wdata_router_w/wrouter_aw_fifo/m_valid_i                                                                  | RevisionDesign_i/ps7_0_axi_periph/xbar/inst/gen_samd.crossbar_samd/gen_slave_slots[0].gen_si_write.wdata_router_w/wrouter_aw_fifo/areset_d1                  |                2 |              4 |
|  RevisionDesign_i/processing_system7_0/inst/FCLK_CLK0 | RevisionDesign_i/axi_reram_0/inst/u_core/CELL_ARRAY[8].u_cell/delay_counter[3]_i_1__7_n_0                                                                                                                    | RevisionDesign_i/axi_reram_0/inst/u_core/CELL_ARRAY[0].u_cell/endurance_counter_reg[0]_0                                                                     |                3 |              4 |
|  RevisionDesign_i/processing_system7_0/inst/FCLK_CLK0 | RevisionDesign_i/ps7_0_axi_periph/xbar/inst/gen_samd.crossbar_samd/gen_slave_slots[0].gen_si_read.si_transactor_ar/gen_multi_thread.arbiter_resp_inst/E[0]                                                   | RevisionDesign_i/ps7_0_axi_periph/xbar/inst/gen_samd.crossbar_samd/gen_slave_slots[0].gen_si_write.si_transactor_aw/gen_multi_thread.arbiter_resp_inst/SR[0] |                1 |              4 |
|  RevisionDesign_i/processing_system7_0/inst/FCLK_CLK0 | RevisionDesign_i/ps7_0_axi_periph/xbar/inst/gen_samd.crossbar_samd/gen_slave_slots[0].gen_si_read.si_transactor_ar/gen_multi_thread.arbiter_resp_inst/gen_multi_thread.active_cnt_reg[10][0]                 | RevisionDesign_i/ps7_0_axi_periph/xbar/inst/gen_samd.crossbar_samd/gen_slave_slots[0].gen_si_write.si_transactor_aw/gen_multi_thread.arbiter_resp_inst/SR[0] |                2 |              4 |
|  RevisionDesign_i/processing_system7_0/inst/FCLK_CLK0 | RevisionDesign_i/axi_reram_0/inst/u_core/CELL_ARRAY[9].u_cell/delay_counter[3]_i_1__8_n_0                                                                                                                    | RevisionDesign_i/axi_reram_0/inst/u_core/CELL_ARRAY[0].u_cell/endurance_counter_reg[0]_0                                                                     |                2 |              4 |
|  RevisionDesign_i/processing_system7_0/inst/FCLK_CLK0 | RevisionDesign_i/ps7_0_axi_periph/xbar/inst/gen_samd.crossbar_samd/gen_slave_slots[0].gen_si_read.si_transactor_ar/gen_multi_thread.arbiter_resp_inst/gen_multi_thread.active_cnt_reg[50][0]                 | RevisionDesign_i/ps7_0_axi_periph/xbar/inst/gen_samd.crossbar_samd/gen_slave_slots[0].gen_si_write.si_transactor_aw/gen_multi_thread.arbiter_resp_inst/SR[0] |                1 |              4 |
|  RevisionDesign_i/processing_system7_0/inst/FCLK_CLK0 | RevisionDesign_i/ps7_0_axi_periph/xbar/inst/gen_samd.crossbar_samd/gen_slave_slots[0].gen_si_read.si_transactor_ar/gen_multi_thread.arbiter_resp_inst/gen_multi_thread.active_cnt_reg[18][0]                 | RevisionDesign_i/ps7_0_axi_periph/xbar/inst/gen_samd.crossbar_samd/gen_slave_slots[0].gen_si_write.si_transactor_aw/gen_multi_thread.arbiter_resp_inst/SR[0] |                2 |              4 |
|  RevisionDesign_i/processing_system7_0/inst/FCLK_CLK0 | RevisionDesign_i/ps7_0_axi_periph/m00_couplers/auto_pc/inst/gen_axilite.gen_b2s_conv.axilite_b2s/WR.aw_channel_0/aw_cmd_fsm_0/axaddr_incr_reg[0][0]                                                          |                                                                                                                                                              |                1 |              4 |
|  RevisionDesign_i/processing_system7_0/inst/FCLK_CLK0 | RevisionDesign_i/ps7_0_axi_periph/m00_couplers/auto_pc/inst/gen_axilite.gen_b2s_conv.axilite_b2s/WR.aw_channel_0/aw_cmd_fsm_0/wrap_boundary_axaddr_r_reg[11]                                                 |                                                                                                                                                              |                2 |              4 |
|  RevisionDesign_i/processing_system7_0/inst/FCLK_CLK0 | RevisionDesign_i/ps7_0_axi_periph/m00_couplers/auto_pc/inst/gen_axilite.gen_b2s_conv.axilite_b2s/RD.ar_channel_0/ar_cmd_fsm_0/axaddr_incr_reg[0][0]                                                          |                                                                                                                                                              |                2 |              4 |
|  RevisionDesign_i/processing_system7_0/inst/FCLK_CLK0 | RevisionDesign_i/axi_bram_ctrl_0/U0/gext_inst.abcv4_0_ext_inst/GEN_AXI4.I_FULL_AXI/I_WR_CHNL/BID_FIFO/bid_fifo_not_empty                                                                                     | RevisionDesign_i/axi_bram_ctrl_0/U0/gext_inst.abcv4_0_ext_inst/GEN_AXI4.I_FULL_AXI/I_RD_CHNL/I_WRAP_BRST/wrap_burst_total_reg[0]_0                           |                1 |              4 |
|  RevisionDesign_i/processing_system7_0/inst/FCLK_CLK0 | RevisionDesign_i/ps7_0_axi_periph/m00_couplers/auto_pc/inst/gen_axilite.gen_b2s_conv.axilite_b2s/RD.ar_channel_0/ar_cmd_fsm_0/wrap_boundary_axaddr_r_reg[0]                                                  |                                                                                                                                                              |                2 |              4 |
|  RevisionDesign_i/processing_system7_0/inst/FCLK_CLK0 | RevisionDesign_i/axi_reram_0/inst/u_core/CELL_ARRAY[1].u_cell/delay_counter[3]_i_1__0_n_0                                                                                                                    | RevisionDesign_i/axi_reram_0/inst/u_core/CELL_ARRAY[0].u_cell/endurance_counter_reg[0]_0                                                                     |                2 |              4 |
|  RevisionDesign_i/processing_system7_0/inst/FCLK_CLK0 | RevisionDesign_i/axi_bram_ctrl_0/U0/gext_inst.abcv4_0_ext_inst/GEN_AXI4.I_FULL_AXI/I_RD_CHNL/FSM_sequential_rd_data_sm_cs[3]_i_1_n_0                                                                         | RevisionDesign_i/axi_bram_ctrl_0/U0/gext_inst.abcv4_0_ext_inst/GEN_AXI4.I_FULL_AXI/I_RD_CHNL/I_WRAP_BRST/wrap_burst_total_reg[0]_0                           |                3 |              4 |
|  RevisionDesign_i/processing_system7_0/inst/FCLK_CLK0 | RevisionDesign_i/ps7_0_axi_periph/xbar/inst/gen_samd.crossbar_samd/gen_slave_slots[0].gen_si_write.si_transactor_aw/gen_multi_thread.arbiter_resp_inst/gen_multi_thread.active_cnt_reg[58][0]                | RevisionDesign_i/ps7_0_axi_periph/xbar/inst/gen_samd.crossbar_samd/gen_slave_slots[0].gen_si_write.si_transactor_aw/gen_multi_thread.arbiter_resp_inst/SR[0] |                2 |              4 |
|  RevisionDesign_i/processing_system7_0/inst/FCLK_CLK0 | RevisionDesign_i/ps7_0_axi_periph/xbar/inst/gen_samd.crossbar_samd/gen_slave_slots[0].gen_si_write.si_transactor_aw/gen_multi_thread.arbiter_resp_inst/gen_multi_thread.active_cnt_reg[10][0]                | RevisionDesign_i/ps7_0_axi_periph/xbar/inst/gen_samd.crossbar_samd/gen_slave_slots[0].gen_si_write.si_transactor_aw/gen_multi_thread.arbiter_resp_inst/SR[0] |                2 |              4 |
|  RevisionDesign_i/processing_system7_0/inst/FCLK_CLK0 | RevisionDesign_i/ps7_0_axi_periph/xbar/inst/gen_samd.crossbar_samd/gen_slave_slots[0].gen_si_write.si_transactor_aw/gen_multi_thread.arbiter_resp_inst/gen_multi_thread.active_cnt_reg[2][0]                 | RevisionDesign_i/ps7_0_axi_periph/xbar/inst/gen_samd.crossbar_samd/gen_slave_slots[0].gen_si_write.si_transactor_aw/gen_multi_thread.arbiter_resp_inst/SR[0] |                2 |              4 |
|  RevisionDesign_i/processing_system7_0/inst/FCLK_CLK0 | RevisionDesign_i/ps7_0_axi_periph/xbar/inst/gen_samd.crossbar_samd/gen_slave_slots[0].gen_si_write.si_transactor_aw/gen_multi_thread.arbiter_resp_inst/gen_multi_thread.accept_cnt_reg[3]_0[0]               | RevisionDesign_i/ps7_0_axi_periph/xbar/inst/gen_samd.crossbar_samd/gen_slave_slots[0].gen_si_write.si_transactor_aw/gen_multi_thread.arbiter_resp_inst/SR[0] |                2 |              4 |
|  RevisionDesign_i/processing_system7_0/inst/FCLK_CLK0 | RevisionDesign_i/ps7_0_axi_periph/xbar/inst/gen_samd.crossbar_samd/gen_slave_slots[0].gen_si_write.si_transactor_aw/gen_multi_thread.arbiter_resp_inst/gen_multi_thread.active_cnt_reg[18][0]                | RevisionDesign_i/ps7_0_axi_periph/xbar/inst/gen_samd.crossbar_samd/gen_slave_slots[0].gen_si_write.si_transactor_aw/gen_multi_thread.arbiter_resp_inst/SR[0] |                1 |              4 |
|  RevisionDesign_i/processing_system7_0/inst/FCLK_CLK0 | RevisionDesign_i/ps7_0_axi_periph/xbar/inst/gen_samd.crossbar_samd/gen_slave_slots[0].gen_si_write.si_transactor_aw/gen_multi_thread.arbiter_resp_inst/gen_multi_thread.active_cnt_reg[34][0]                | RevisionDesign_i/ps7_0_axi_periph/xbar/inst/gen_samd.crossbar_samd/gen_slave_slots[0].gen_si_write.si_transactor_aw/gen_multi_thread.arbiter_resp_inst/SR[0] |                2 |              4 |
|  RevisionDesign_i/processing_system7_0/inst/FCLK_CLK0 |                                                                                                                                                                                                              | RevisionDesign_i/axi_bram_ctrl_0/U0/gext_inst.abcv4_0_ext_inst/GEN_AXI4.I_FULL_AXI/I_WR_CHNL/GEN_AW_DUAL.aw_active_reg_0                                     |                4 |              4 |
|  RevisionDesign_i/processing_system7_0/inst/FCLK_CLK0 | RevisionDesign_i/ps7_0_axi_periph/xbar/inst/gen_samd.crossbar_samd/gen_slave_slots[0].gen_si_write.si_transactor_aw/gen_multi_thread.arbiter_resp_inst/gen_multi_thread.active_cnt_reg[26][0]                | RevisionDesign_i/ps7_0_axi_periph/xbar/inst/gen_samd.crossbar_samd/gen_slave_slots[0].gen_si_write.si_transactor_aw/gen_multi_thread.arbiter_resp_inst/SR[0] |                1 |              4 |
|  RevisionDesign_i/processing_system7_0/inst/FCLK_CLK0 | RevisionDesign_i/axi_reram_0/inst/u_core/CELL_ARRAY[4].u_cell/delay_counter[3]_i_1__3_n_0                                                                                                                    | RevisionDesign_i/axi_reram_0/inst/u_core/CELL_ARRAY[0].u_cell/endurance_counter_reg[0]_0                                                                     |                2 |              4 |
|  RevisionDesign_i/processing_system7_0/inst/FCLK_CLK0 | RevisionDesign_i/ps7_0_axi_periph/xbar/inst/gen_samd.crossbar_samd/gen_slave_slots[0].gen_si_write.si_transactor_aw/gen_multi_thread.arbiter_resp_inst/gen_multi_thread.active_cnt_reg[50][0]                | RevisionDesign_i/ps7_0_axi_periph/xbar/inst/gen_samd.crossbar_samd/gen_slave_slots[0].gen_si_write.si_transactor_aw/gen_multi_thread.arbiter_resp_inst/SR[0] |                1 |              4 |
|  RevisionDesign_i/processing_system7_0/inst/FCLK_CLK0 | RevisionDesign_i/axi_reram_0/inst/u_core/CELL_ARRAY[10].u_cell/delay_counter[3]_i_1__9_n_0                                                                                                                   | RevisionDesign_i/axi_reram_0/inst/u_core/CELL_ARRAY[0].u_cell/endurance_counter_reg[0]_0                                                                     |                2 |              4 |
|  RevisionDesign_i/processing_system7_0/inst/FCLK_CLK0 | RevisionDesign_i/axi_reram_0/inst/u_core/CELL_ARRAY[11].u_cell/delay_counter[3]_i_1__10_n_0                                                                                                                  | RevisionDesign_i/axi_reram_0/inst/u_core/CELL_ARRAY[0].u_cell/endurance_counter_reg[0]_0                                                                     |                3 |              4 |
|  RevisionDesign_i/processing_system7_0/inst/FCLK_CLK0 | RevisionDesign_i/ps7_0_axi_periph/xbar/inst/gen_samd.crossbar_samd/gen_slave_slots[0].gen_si_write.si_transactor_aw/gen_multi_thread.arbiter_resp_inst/gen_master_slots[0].w_issuing_cnt_reg[0]_0[0]         | RevisionDesign_i/ps7_0_axi_periph/xbar/inst/gen_samd.crossbar_samd/gen_slave_slots[0].gen_si_write.si_transactor_aw/gen_multi_thread.arbiter_resp_inst/SR[0] |                2 |              4 |
|  RevisionDesign_i/processing_system7_0/inst/FCLK_CLK0 | RevisionDesign_i/ps7_0_axi_periph/xbar/inst/gen_samd.crossbar_samd/gen_slave_slots[0].gen_si_write.si_transactor_aw/gen_multi_thread.arbiter_resp_inst/gen_master_slots[1].w_issuing_cnt_reg[8][0]           | RevisionDesign_i/ps7_0_axi_periph/xbar/inst/gen_samd.crossbar_samd/gen_slave_slots[0].gen_si_write.si_transactor_aw/gen_multi_thread.arbiter_resp_inst/SR[0] |                1 |              4 |
|  RevisionDesign_i/processing_system7_0/inst/FCLK_CLK0 | RevisionDesign_i/axi_reram_0/inst/u_core/CELL_ARRAY[12].u_cell/delay_counter[3]_i_1__11_n_0                                                                                                                  | RevisionDesign_i/axi_reram_0/inst/u_core/CELL_ARRAY[0].u_cell/endurance_counter_reg[0]_0                                                                     |                2 |              4 |
|  RevisionDesign_i/processing_system7_0/inst/FCLK_CLK0 | RevisionDesign_i/axi_reram_0/inst/u_core/CELL_ARRAY[13].u_cell/delay_counter[3]_i_1__12_n_0                                                                                                                  | RevisionDesign_i/axi_reram_0/inst/u_core/CELL_ARRAY[0].u_cell/endurance_counter_reg[0]_0                                                                     |                2 |              4 |
|  RevisionDesign_i/processing_system7_0/inst/FCLK_CLK0 | RevisionDesign_i/ps7_0_axi_periph/xbar/inst/gen_samd.crossbar_samd/gen_slave_slots[0].gen_si_write.si_transactor_aw/gen_multi_thread.arbiter_resp_inst/E[0]                                                  | RevisionDesign_i/ps7_0_axi_periph/xbar/inst/gen_samd.crossbar_samd/gen_slave_slots[0].gen_si_write.si_transactor_aw/gen_multi_thread.arbiter_resp_inst/SR[0] |                2 |              4 |
|  RevisionDesign_i/processing_system7_0/inst/FCLK_CLK0 | RevisionDesign_i/axi_reram_0/inst/u_core/CELL_ARRAY[2].u_cell/delay_counter[3]_i_1__1_n_0                                                                                                                    | RevisionDesign_i/axi_reram_0/inst/u_core/CELL_ARRAY[0].u_cell/endurance_counter_reg[0]_0                                                                     |                2 |              4 |
|  RevisionDesign_i/processing_system7_0/inst/FCLK_CLK0 | RevisionDesign_i/axi_reram_0/inst/u_core/CELL_ARRAY[14].u_cell/delay_counter[3]_i_1__13_n_0                                                                                                                  | RevisionDesign_i/axi_reram_0/inst/u_core/CELL_ARRAY[0].u_cell/endurance_counter_reg[0]_0                                                                     |                3 |              4 |
|  RevisionDesign_i/processing_system7_0/inst/FCLK_CLK0 | RevisionDesign_i/ps7_0_axi_periph/xbar/inst/gen_samd.crossbar_samd/addr_arbiter_ar/gen_master_slots[1].r_issuing_cnt_reg[8][0]                                                                               | RevisionDesign_i/ps7_0_axi_periph/xbar/inst/gen_samd.crossbar_samd/gen_slave_slots[0].gen_si_write.si_transactor_aw/gen_multi_thread.arbiter_resp_inst/SR[0] |                2 |              4 |
|  RevisionDesign_i/processing_system7_0/inst/FCLK_CLK0 | RevisionDesign_i/axi_reram_0/inst/u_core/CELL_ARRAY[15].u_cell/delay_counter[3]_i_1__14_n_0                                                                                                                  | RevisionDesign_i/axi_reram_0/inst/u_core/CELL_ARRAY[0].u_cell/endurance_counter_reg[0]_0                                                                     |                2 |              4 |
|  RevisionDesign_i/processing_system7_0/inst/FCLK_CLK0 | RevisionDesign_i/ps7_0_axi_periph/xbar/inst/gen_samd.crossbar_samd/addr_arbiter_ar/gen_master_slots[0].r_issuing_cnt_reg[0][0]                                                                               | RevisionDesign_i/ps7_0_axi_periph/xbar/inst/gen_samd.crossbar_samd/gen_slave_slots[0].gen_si_write.si_transactor_aw/gen_multi_thread.arbiter_resp_inst/SR[0] |                2 |              4 |
|  RevisionDesign_i/processing_system7_0/inst/FCLK_CLK0 |                                                                                                                                                                                                              | RevisionDesign_i/rst_ps7_0_50M/U0/EXT_LPF/lpf_int                                                                                                            |                2 |              5 |
|  RevisionDesign_i/processing_system7_0/inst/FCLK_CLK0 | RevisionDesign_i/rst_ps7_0_50M/U0/SEQ/seq_cnt_en                                                                                                                                                             | RevisionDesign_i/rst_ps7_0_50M/U0/SEQ/SEQ_COUNTER/clear                                                                                                      |                1 |              6 |
|  RevisionDesign_i/processing_system7_0/inst/FCLK_CLK0 |                                                                                                                                                                                                              | RevisionDesign_i/ps7_0_axi_periph/xbar/inst/gen_master_slots[1].reg_slice_mi/p_1_in                                                                          |                4 |              6 |
|  RevisionDesign_i/processing_system7_0/inst/FCLK_CLK0 |                                                                                                                                                                                                              | RevisionDesign_i/ps7_0_axi_periph/xbar/inst/m_valid_i_i_1__5_n_0                                                                                             |                4 |              6 |
|  RevisionDesign_i/processing_system7_0/inst/FCLK_CLK0 | RevisionDesign_i/axi_reram_0/inst/S00_AXI_inst/slv_reg0[7]_i_1_n_0                                                                                                                                           | RevisionDesign_i/axi_reram_0/inst/u_core/CELL_ARRAY[0].u_cell/endurance_counter_reg[0]_0                                                                     |                3 |              7 |
|  RevisionDesign_i/processing_system7_0/inst/FCLK_CLK0 | RevisionDesign_i/axi_reram_0/inst/S00_AXI_inst/slv_reg1[7]_i_1_n_0                                                                                                                                           | RevisionDesign_i/axi_reram_0/inst/u_core/CELL_ARRAY[0].u_cell/endurance_counter_reg[0]_0                                                                     |                3 |              8 |
|  RevisionDesign_i/processing_system7_0/inst/FCLK_CLK0 | RevisionDesign_i/axi_reram_0/inst/S00_AXI_inst/slv_reg0[15]_i_1_n_0                                                                                                                                          | RevisionDesign_i/axi_reram_0/inst/u_core/CELL_ARRAY[0].u_cell/endurance_counter_reg[0]_0                                                                     |                1 |              8 |
|  RevisionDesign_i/processing_system7_0/inst/FCLK_CLK0 | RevisionDesign_i/axi_reram_0/inst/S00_AXI_inst/slv_reg0[31]_i_1_n_0                                                                                                                                          | RevisionDesign_i/axi_reram_0/inst/u_core/CELL_ARRAY[0].u_cell/endurance_counter_reg[0]_0                                                                     |                2 |              8 |
|  RevisionDesign_i/processing_system7_0/inst/FCLK_CLK0 | RevisionDesign_i/axi_reram_0/inst/S00_AXI_inst/slv_reg0[23]_i_1_n_0                                                                                                                                          | RevisionDesign_i/axi_reram_0/inst/u_core/CELL_ARRAY[0].u_cell/endurance_counter_reg[0]_0                                                                     |                1 |              8 |
|  RevisionDesign_i/processing_system7_0/inst/FCLK_CLK0 | RevisionDesign_i/axi_reram_0/inst/S00_AXI_inst/slv_reg1[15]_i_1_n_0                                                                                                                                          | RevisionDesign_i/axi_reram_0/inst/u_core/CELL_ARRAY[0].u_cell/endurance_counter_reg[0]_0                                                                     |                1 |              8 |
|  RevisionDesign_i/processing_system7_0/inst/FCLK_CLK0 | RevisionDesign_i/axi_reram_0/inst/S00_AXI_inst/slv_reg1[31]_i_1_n_0                                                                                                                                          | RevisionDesign_i/axi_reram_0/inst/u_core/CELL_ARRAY[0].u_cell/endurance_counter_reg[0]_0                                                                     |                1 |              8 |
|  RevisionDesign_i/processing_system7_0/inst/FCLK_CLK0 | RevisionDesign_i/axi_reram_0/inst/S00_AXI_inst/slv_reg1[23]_i_1_n_0                                                                                                                                          | RevisionDesign_i/axi_reram_0/inst/u_core/CELL_ARRAY[0].u_cell/endurance_counter_reg[0]_0                                                                     |                1 |              8 |
|  RevisionDesign_i/processing_system7_0/inst/FCLK_CLK0 | RevisionDesign_i/axi_reram_0/inst/S00_AXI_inst/p_1_in[15]                                                                                                                                                    | RevisionDesign_i/axi_reram_0/inst/u_core/CELL_ARRAY[0].u_cell/endurance_counter_reg[0]_0                                                                     |                1 |              8 |
|  RevisionDesign_i/processing_system7_0/inst/FCLK_CLK0 | RevisionDesign_i/axi_reram_0/inst/S00_AXI_inst/p_1_in[31]                                                                                                                                                    | RevisionDesign_i/axi_reram_0/inst/u_core/CELL_ARRAY[0].u_cell/endurance_counter_reg[0]_0                                                                     |                1 |              8 |
|  RevisionDesign_i/processing_system7_0/inst/FCLK_CLK0 | RevisionDesign_i/ps7_0_axi_periph/xbar/inst/gen_samd.crossbar_samd/gen_decerr_slave.decerr_slave_inst/gen_axi.read_cnt[7]_i_1_n_0                                                                            | RevisionDesign_i/ps7_0_axi_periph/xbar/inst/gen_samd.crossbar_samd/gen_slave_slots[0].gen_si_write.si_transactor_aw/gen_multi_thread.arbiter_resp_inst/SR[0] |                3 |              8 |
|  RevisionDesign_i/processing_system7_0/inst/FCLK_CLK0 | RevisionDesign_i/axi_bram_ctrl_0/U0/gext_inst.abcv4_0_ext_inst/GEN_AXI4.I_FULL_AXI/I_RD_CHNL/brst_cnt[7]_i_1_n_0                                                                                             | RevisionDesign_i/axi_bram_ctrl_0/U0/gext_inst.abcv4_0_ext_inst/GEN_AXI4.I_FULL_AXI/I_RD_CHNL/I_WRAP_BRST/wrap_burst_total_reg[0]_0                           |                3 |              8 |
|  RevisionDesign_i/processing_system7_0/inst/FCLK_CLK0 | RevisionDesign_i/axi_reram_0/inst/S00_AXI_inst/p_1_in[23]                                                                                                                                                    | RevisionDesign_i/axi_reram_0/inst/u_core/CELL_ARRAY[0].u_cell/endurance_counter_reg[0]_0                                                                     |                1 |              8 |
|  RevisionDesign_i/processing_system7_0/inst/FCLK_CLK0 | RevisionDesign_i/ps7_0_axi_periph/m00_couplers/auto_pc/inst/gen_axilite.gen_b2s_conv.axilite_b2s/WR.b_channel_0/mhandshake_r                                                                                 | RevisionDesign_i/ps7_0_axi_periph/m00_couplers/auto_pc/inst/gen_axilite.gen_b2s_conv.axilite_b2s/WR.b_channel_0/bid_fifo_0/SR[0]                             |                3 |              8 |
|  RevisionDesign_i/processing_system7_0/inst/FCLK_CLK0 | RevisionDesign_i/axi_reram_0/inst/S00_AXI_inst/p_1_in[7]                                                                                                                                                     | RevisionDesign_i/axi_reram_0/inst/u_core/CELL_ARRAY[0].u_cell/endurance_counter_reg[0]_0                                                                     |                3 |              8 |
|  RevisionDesign_i/processing_system7_0/inst/FCLK_CLK0 | RevisionDesign_i/ps7_0_axi_periph/xbar/inst/gen_samd.crossbar_samd/gen_master_slots[1].reg_slice_mi/b.b_pipe/m_payload_i[13]_i_1__0_n_0                                                                      |                                                                                                                                                              |                2 |             12 |
|  RevisionDesign_i/processing_system7_0/inst/FCLK_CLK0 | RevisionDesign_i/axi_bram_ctrl_0/U0/gext_inst.abcv4_0_ext_inst/GEN_AXI4.I_FULL_AXI/I_RD_CHNL/p_26_out                                                                                                        | RevisionDesign_i/axi_bram_ctrl_0/U0/gext_inst.abcv4_0_ext_inst/GEN_AXI4.I_FULL_AXI/I_RD_CHNL/I_WRAP_BRST/wrap_burst_total_reg[0]_0                           |                2 |             12 |
|  RevisionDesign_i/processing_system7_0/inst/FCLK_CLK0 | RevisionDesign_i/axi_bram_ctrl_0/U0/gext_inst.abcv4_0_ext_inst/GEN_AXI4.I_FULL_AXI/I_RD_CHNL/GEN_RID.axi_rid_temp[11]_i_1_n_0                                                                                | RevisionDesign_i/axi_bram_ctrl_0/U0/gext_inst.abcv4_0_ext_inst/GEN_AXI4.I_FULL_AXI/I_RD_CHNL/I_WRAP_BRST/wrap_burst_total_reg[0]_0                           |                4 |             12 |
|  RevisionDesign_i/processing_system7_0/inst/FCLK_CLK0 | RevisionDesign_i/ps7_0_axi_periph/xbar/inst/gen_samd.crossbar_samd/gen_master_slots[2].reg_slice_mi/b.b_pipe/gen_slave_slots[0].gen_si_write.si_transactor_aw/gen_multi_thread.arbiter_resp_inst/chosen40_in |                                                                                                                                                              |                4 |             12 |
|  RevisionDesign_i/processing_system7_0/inst/FCLK_CLK0 | RevisionDesign_i/ps7_0_axi_periph/xbar/inst/gen_samd.crossbar_samd/gen_decerr_slave.decerr_slave_inst/gen_axi.s_axi_bid_i_reg[0]_0[0]                                                                        | RevisionDesign_i/ps7_0_axi_periph/xbar/inst/gen_samd.crossbar_samd/gen_slave_slots[0].gen_si_write.si_transactor_aw/gen_multi_thread.arbiter_resp_inst/SR[0] |                5 |             12 |
|  RevisionDesign_i/processing_system7_0/inst/FCLK_CLK0 | RevisionDesign_i/axi_bram_ctrl_0/U0/gext_inst.abcv4_0_ext_inst/GEN_AXI4.I_FULL_AXI/I_RD_CHNL/p_4_out                                                                                                         | RevisionDesign_i/axi_bram_ctrl_0/U0/gext_inst.abcv4_0_ext_inst/GEN_AXI4.I_FULL_AXI/I_RD_CHNL/GEN_RID.axi_rid_int[11]_i_1_n_0                                 |                2 |             12 |
|  RevisionDesign_i/processing_system7_0/inst/FCLK_CLK0 | RevisionDesign_i/axi_bram_ctrl_0/U0/gext_inst.abcv4_0_ext_inst/GEN_AXI4.I_FULL_AXI/I_WR_CHNL/BID_FIFO/CI                                                                                                     |                                                                                                                                                              |                2 |             12 |
|  RevisionDesign_i/processing_system7_0/inst/FCLK_CLK0 | RevisionDesign_i/axi_bram_ctrl_0/U0/gext_inst.abcv4_0_ext_inst/GEN_AXI4.I_FULL_AXI/I_WR_CHNL/BID_FIFO/E[0]                                                                                                   | RevisionDesign_i/axi_bram_ctrl_0/U0/gext_inst.abcv4_0_ext_inst/GEN_AXI4.I_FULL_AXI/I_RD_CHNL/I_WRAP_BRST/wrap_burst_total_reg[0]_0                           |                4 |             12 |
|  RevisionDesign_i/processing_system7_0/inst/FCLK_CLK0 | RevisionDesign_i/ps7_0_axi_periph/xbar/inst/gen_samd.crossbar_samd/addr_arbiter_ar/E[0]                                                                                                                      | RevisionDesign_i/ps7_0_axi_periph/xbar/inst/gen_samd.crossbar_samd/gen_slave_slots[0].gen_si_write.si_transactor_aw/gen_multi_thread.arbiter_resp_inst/SR[0] |                4 |             12 |
|  RevisionDesign_i/processing_system7_0/inst/FCLK_CLK0 | RevisionDesign_i/ps7_0_axi_periph/xbar/inst/gen_samd.crossbar_samd/gen_slave_slots[0].gen_si_read.si_transactor_ar/gen_multi_thread.arbiter_resp_inst/m_payload_i_reg[34][0]                                 |                                                                                                                                                              |                4 |             13 |
|  RevisionDesign_i/processing_system7_0/inst/FCLK_CLK0 | RevisionDesign_i/ps7_0_axi_periph/m00_couplers/auto_pc/inst/gen_axilite.gen_b2s_conv.axilite_b2s/RD.r_channel_0/r_push_r                                                                                     |                                                                                                                                                              |                4 |             13 |
|  RevisionDesign_i/processing_system7_0/inst/FCLK_CLK0 | RevisionDesign_i/ps7_0_axi_periph/xbar/inst/gen_samd.crossbar_samd/gen_master_slots[2].reg_slice_mi/r.r_pipe/skid_buffer_reg[46]_0                                                                           |                                                                                                                                                              |                3 |             13 |
|  RevisionDesign_i/processing_system7_0/inst/FCLK_CLK0 | RevisionDesign_i/ps7_0_axi_periph/xbar/inst/gen_samd.crossbar_samd/gen_slave_slots[0].gen_si_write.si_transactor_aw/gen_multi_thread.cmd_push_0                                                              | RevisionDesign_i/ps7_0_axi_periph/xbar/inst/gen_samd.crossbar_samd/gen_slave_slots[0].gen_si_write.si_transactor_aw/gen_multi_thread.arbiter_resp_inst/SR[0] |                3 |             14 |
|  RevisionDesign_i/processing_system7_0/inst/FCLK_CLK0 | RevisionDesign_i/ps7_0_axi_periph/xbar/inst/gen_samd.crossbar_samd/gen_slave_slots[0].gen_si_write.si_transactor_aw/gen_multi_thread.cmd_push_3                                                              | RevisionDesign_i/ps7_0_axi_periph/xbar/inst/gen_samd.crossbar_samd/gen_slave_slots[0].gen_si_write.si_transactor_aw/gen_multi_thread.arbiter_resp_inst/SR[0] |                3 |             14 |
|  RevisionDesign_i/processing_system7_0/inst/FCLK_CLK0 | RevisionDesign_i/ps7_0_axi_periph/xbar/inst/gen_samd.crossbar_samd/gen_slave_slots[0].gen_si_write.si_transactor_aw/gen_multi_thread.cmd_push_7                                                              | RevisionDesign_i/ps7_0_axi_periph/xbar/inst/gen_samd.crossbar_samd/gen_slave_slots[0].gen_si_write.si_transactor_aw/gen_multi_thread.arbiter_resp_inst/SR[0] |                3 |             14 |
|  RevisionDesign_i/processing_system7_0/inst/FCLK_CLK0 | RevisionDesign_i/ps7_0_axi_periph/xbar/inst/gen_samd.crossbar_samd/gen_master_slots[0].reg_slice_mi/b.b_pipe/gen_slave_slots[0].gen_si_write.si_transactor_aw/gen_multi_thread.arbiter_resp_inst/chosen41_in |                                                                                                                                                              |                3 |             14 |
|  RevisionDesign_i/processing_system7_0/inst/FCLK_CLK0 | RevisionDesign_i/ps7_0_axi_periph/xbar/inst/gen_samd.crossbar_samd/gen_master_slots[1].reg_slice_mi/r.r_pipe/skid_buffer_reg[0]_0                                                                            |                                                                                                                                                              |                3 |             14 |
|  RevisionDesign_i/processing_system7_0/inst/FCLK_CLK0 | RevisionDesign_i/ps7_0_axi_periph/m00_couplers/auto_pc/inst/gen_axilite.gen_b2s_conv.axilite_b2s/SI_REG/b.b_pipe/p_1_in                                                                                      |                                                                                                                                                              |                2 |             14 |
|  RevisionDesign_i/processing_system7_0/inst/FCLK_CLK0 | RevisionDesign_i/ps7_0_axi_periph/m00_couplers/auto_pc/inst/gen_axilite.gen_b2s_conv.axilite_b2s/SI_REG/b.b_pipe/skid_buffer_reg[0]_0                                                                        |                                                                                                                                                              |                2 |             14 |
|  RevisionDesign_i/processing_system7_0/inst/FCLK_CLK0 | RevisionDesign_i/ps7_0_axi_periph/xbar/inst/gen_samd.crossbar_samd/gen_slave_slots[0].gen_si_read.si_transactor_ar/gen_multi_thread.arbiter_resp_inst/m_payload_i_reg[0]_0[0]                                |                                                                                                                                                              |                3 |             14 |
|  RevisionDesign_i/processing_system7_0/inst/FCLK_CLK0 | RevisionDesign_i/ps7_0_axi_periph/xbar/inst/gen_samd.crossbar_samd/gen_slave_slots[0].gen_si_read.si_transactor_ar/gen_multi_thread.cmd_push_7                                                               | RevisionDesign_i/ps7_0_axi_periph/xbar/inst/gen_samd.crossbar_samd/gen_slave_slots[0].gen_si_write.si_transactor_aw/gen_multi_thread.arbiter_resp_inst/SR[0] |                3 |             14 |
|  RevisionDesign_i/processing_system7_0/inst/FCLK_CLK0 | RevisionDesign_i/ps7_0_axi_periph/xbar/inst/gen_samd.crossbar_samd/gen_slave_slots[0].gen_si_read.si_transactor_ar/gen_multi_thread.cmd_push_2                                                               | RevisionDesign_i/ps7_0_axi_periph/xbar/inst/gen_samd.crossbar_samd/gen_slave_slots[0].gen_si_write.si_transactor_aw/gen_multi_thread.arbiter_resp_inst/SR[0] |                3 |             14 |
|  RevisionDesign_i/processing_system7_0/inst/FCLK_CLK0 | RevisionDesign_i/ps7_0_axi_periph/xbar/inst/gen_samd.crossbar_samd/gen_slave_slots[0].gen_si_read.si_transactor_ar/gen_multi_thread.cmd_push_0                                                               | RevisionDesign_i/ps7_0_axi_periph/xbar/inst/gen_samd.crossbar_samd/gen_slave_slots[0].gen_si_write.si_transactor_aw/gen_multi_thread.arbiter_resp_inst/SR[0] |                3 |             14 |
|  RevisionDesign_i/processing_system7_0/inst/FCLK_CLK0 | RevisionDesign_i/ps7_0_axi_periph/xbar/inst/gen_samd.crossbar_samd/gen_slave_slots[0].gen_si_read.si_transactor_ar/gen_multi_thread.cmd_push_6                                                               | RevisionDesign_i/ps7_0_axi_periph/xbar/inst/gen_samd.crossbar_samd/gen_slave_slots[0].gen_si_write.si_transactor_aw/gen_multi_thread.arbiter_resp_inst/SR[0] |                5 |             14 |
|  RevisionDesign_i/processing_system7_0/inst/FCLK_CLK0 | RevisionDesign_i/ps7_0_axi_periph/xbar/inst/gen_samd.crossbar_samd/gen_slave_slots[0].gen_si_read.si_transactor_ar/gen_multi_thread.cmd_push_4                                                               | RevisionDesign_i/ps7_0_axi_periph/xbar/inst/gen_samd.crossbar_samd/gen_slave_slots[0].gen_si_write.si_transactor_aw/gen_multi_thread.arbiter_resp_inst/SR[0] |                4 |             14 |
|  RevisionDesign_i/processing_system7_0/inst/FCLK_CLK0 | RevisionDesign_i/ps7_0_axi_periph/xbar/inst/gen_samd.crossbar_samd/gen_slave_slots[0].gen_si_read.si_transactor_ar/gen_multi_thread.cmd_push_1                                                               | RevisionDesign_i/ps7_0_axi_periph/xbar/inst/gen_samd.crossbar_samd/gen_slave_slots[0].gen_si_write.si_transactor_aw/gen_multi_thread.arbiter_resp_inst/SR[0] |                3 |             14 |
|  RevisionDesign_i/processing_system7_0/inst/FCLK_CLK0 | RevisionDesign_i/ps7_0_axi_periph/xbar/inst/gen_samd.crossbar_samd/gen_slave_slots[0].gen_si_read.si_transactor_ar/gen_multi_thread.cmd_push_5                                                               | RevisionDesign_i/ps7_0_axi_periph/xbar/inst/gen_samd.crossbar_samd/gen_slave_slots[0].gen_si_write.si_transactor_aw/gen_multi_thread.arbiter_resp_inst/SR[0] |                3 |             14 |
|  RevisionDesign_i/processing_system7_0/inst/FCLK_CLK0 | RevisionDesign_i/ps7_0_axi_periph/xbar/inst/gen_samd.crossbar_samd/gen_slave_slots[0].gen_si_read.si_transactor_ar/gen_multi_thread.cmd_push_3                                                               | RevisionDesign_i/ps7_0_axi_periph/xbar/inst/gen_samd.crossbar_samd/gen_slave_slots[0].gen_si_write.si_transactor_aw/gen_multi_thread.arbiter_resp_inst/SR[0] |                4 |             14 |
|  RevisionDesign_i/processing_system7_0/inst/FCLK_CLK0 | RevisionDesign_i/ps7_0_axi_periph/xbar/inst/gen_samd.crossbar_samd/gen_slave_slots[0].gen_si_write.si_transactor_aw/gen_multi_thread.cmd_push_2                                                              | RevisionDesign_i/ps7_0_axi_periph/xbar/inst/gen_samd.crossbar_samd/gen_slave_slots[0].gen_si_write.si_transactor_aw/gen_multi_thread.arbiter_resp_inst/SR[0] |                3 |             14 |
|  RevisionDesign_i/processing_system7_0/inst/FCLK_CLK0 | RevisionDesign_i/ps7_0_axi_periph/xbar/inst/gen_samd.crossbar_samd/gen_slave_slots[0].gen_si_write.si_transactor_aw/gen_multi_thread.cmd_push_5                                                              | RevisionDesign_i/ps7_0_axi_periph/xbar/inst/gen_samd.crossbar_samd/gen_slave_slots[0].gen_si_write.si_transactor_aw/gen_multi_thread.arbiter_resp_inst/SR[0] |                3 |             14 |
|  RevisionDesign_i/processing_system7_0/inst/FCLK_CLK0 | RevisionDesign_i/ps7_0_axi_periph/xbar/inst/gen_samd.crossbar_samd/gen_slave_slots[0].gen_si_write.si_transactor_aw/gen_multi_thread.cmd_push_6                                                              | RevisionDesign_i/ps7_0_axi_periph/xbar/inst/gen_samd.crossbar_samd/gen_slave_slots[0].gen_si_write.si_transactor_aw/gen_multi_thread.arbiter_resp_inst/SR[0] |                2 |             14 |
|  RevisionDesign_i/processing_system7_0/inst/FCLK_CLK0 | RevisionDesign_i/ps7_0_axi_periph/xbar/inst/gen_samd.crossbar_samd/gen_slave_slots[0].gen_si_write.si_transactor_aw/gen_multi_thread.cmd_push_4                                                              | RevisionDesign_i/ps7_0_axi_periph/xbar/inst/gen_samd.crossbar_samd/gen_slave_slots[0].gen_si_write.si_transactor_aw/gen_multi_thread.arbiter_resp_inst/SR[0] |                3 |             14 |
|  RevisionDesign_i/processing_system7_0/inst/FCLK_CLK0 | RevisionDesign_i/ps7_0_axi_periph/xbar/inst/gen_samd.crossbar_samd/gen_slave_slots[0].gen_si_write.si_transactor_aw/gen_multi_thread.cmd_push_1                                                              | RevisionDesign_i/ps7_0_axi_periph/xbar/inst/gen_samd.crossbar_samd/gen_slave_slots[0].gen_si_write.si_transactor_aw/gen_multi_thread.arbiter_resp_inst/SR[0] |                5 |             14 |
|  RevisionDesign_i/processing_system7_0/inst/FCLK_CLK0 | RevisionDesign_i/ps7_0_axi_periph/m00_couplers/auto_pc/inst/gen_axilite.gen_b2s_conv.axilite_b2s/WR.aw_channel_0/aw_cmd_fsm_0/m_payload_i_reg[0]                                                             |                                                                                                                                                              |                4 |             16 |
|  RevisionDesign_i/processing_system7_0/inst/FCLK_CLK0 | RevisionDesign_i/axi_bram_ctrl_0/U0/gext_inst.abcv4_0_ext_inst/GEN_AXI4.I_FULL_AXI/I_WR_CHNL/GEN_AW_PIPE_DUAL.axi_awlen_pipe[7]_i_1_n_0                                                                      |                                                                                                                                                              |                4 |             16 |
|  RevisionDesign_i/processing_system7_0/inst/FCLK_CLK0 | RevisionDesign_i/ps7_0_axi_periph/m00_couplers/auto_pc/inst/gen_axilite.gen_b2s_conv.axilite_b2s/RD.ar_channel_0/ar_cmd_fsm_0/E[0]                                                                           |                                                                                                                                                              |                7 |             17 |
|  RevisionDesign_i/processing_system7_0/inst/FCLK_CLK0 | RevisionDesign_i/ps7_0_axi_periph/m00_couplers/auto_pc/inst/gen_axilite.gen_b2s_conv.axilite_b2s/WR.aw_channel_0/aw_cmd_fsm_0/E[0]                                                                           |                                                                                                                                                              |                8 |             17 |
|  RevisionDesign_i/processing_system7_0/inst/FCLK_CLK0 | RevisionDesign_i/axi_bram_ctrl_0/U0/gext_inst.abcv4_0_ext_inst/GEN_AXI4.I_FULL_AXI/I_RD_CHNL/araddr_pipe_ld43_out                                                                                            |                                                                                                                                                              |                6 |             17 |
|  RevisionDesign_i/processing_system7_0/inst/FCLK_CLK0 | RevisionDesign_i/ps7_0_axi_periph/xbar/inst/gen_samd.crossbar_samd/addr_arbiter_aw/p_1_in                                                                                                                    | RevisionDesign_i/ps7_0_axi_periph/xbar/inst/gen_samd.crossbar_samd/gen_slave_slots[0].gen_si_write.si_transactor_aw/gen_multi_thread.arbiter_resp_inst/SR[0] |                6 |             27 |
|  RevisionDesign_i/processing_system7_0/inst/FCLK_CLK0 | RevisionDesign_i/ps7_0_axi_periph/m00_couplers/auto_pc/inst/gen_axilite.gen_b2s_conv.axilite_b2s/WR.aw_channel_0/aw_cmd_fsm_0/m_payload_i_reg[0]_0[0]                                                        |                                                                                                                                                              |                7 |             27 |
|  RevisionDesign_i/processing_system7_0/inst/FCLK_CLK0 | RevisionDesign_i/ps7_0_axi_periph/m00_couplers/auto_pc/inst/gen_axilite.gen_b2s_conv.axilite_b2s/RD.ar_channel_0/ar_cmd_fsm_0/m_payload_i_reg[0]_0[0]                                                        |                                                                                                                                                              |                6 |             27 |
|  RevisionDesign_i/processing_system7_0/inst/FCLK_CLK0 | RevisionDesign_i/ps7_0_axi_periph/xbar/inst/gen_samd.crossbar_samd/addr_arbiter_ar/p_1_in                                                                                                                    | RevisionDesign_i/ps7_0_axi_periph/xbar/inst/gen_samd.crossbar_samd/gen_slave_slots[0].gen_si_write.si_transactor_aw/gen_multi_thread.arbiter_resp_inst/SR[0] |                5 |             27 |
|  RevisionDesign_i/processing_system7_0/inst/FCLK_CLK0 | RevisionDesign_i/ps7_0_axi_periph/m00_couplers/auto_pc/inst/gen_axilite.gen_b2s_conv.axilite_b2s/SI_REG/aw.aw_pipe/skid_buffer_reg[0]_0                                                                      |                                                                                                                                                              |                8 |             27 |
|  RevisionDesign_i/processing_system7_0/inst/FCLK_CLK0 | RevisionDesign_i/ps7_0_axi_periph/m00_couplers/auto_pc/inst/gen_axilite.gen_b2s_conv.axilite_b2s/SI_REG/ar.ar_pipe/skid_buffer_reg[0]_0                                                                      |                                                                                                                                                              |                6 |             27 |
|  RevisionDesign_i/processing_system7_0/inst/FCLK_CLK0 |                                                                                                                                                                                                              | RevisionDesign_i/ps7_0_axi_periph/xbar/inst/gen_samd.crossbar_samd/gen_slave_slots[0].gen_si_write.si_transactor_aw/gen_multi_thread.arbiter_resp_inst/SR[0] |               15 |             28 |
|  RevisionDesign_i/processing_system7_0/inst/FCLK_CLK0 |                                                                                                                                                                                                              | RevisionDesign_i/axi_bram_ctrl_0/U0/gext_inst.abcv4_0_ext_inst/GEN_AXI4.I_FULL_AXI/I_RD_CHNL/I_WRAP_BRST/wrap_burst_total_reg[0]_0                           |               21 |             30 |
|  RevisionDesign_i/processing_system7_0/inst/FCLK_CLK0 | RevisionDesign_i/axi_reram_0/inst/S00_AXI_inst/slv_reg_rden__0                                                                                                                                               | RevisionDesign_i/axi_reram_0/inst/u_core/CELL_ARRAY[0].u_cell/endurance_counter_reg[0]_0                                                                     |               12 |             32 |
|  RevisionDesign_i/processing_system7_0/inst/FCLK_CLK0 | RevisionDesign_i/ps7_0_axi_periph/m00_couplers/auto_pc/inst/gen_axilite.gen_b2s_conv.axilite_b2s/RD.r_channel_0/rd_data_fifo_0/wr_en0                                                                        |                                                                                                                                                              |                8 |             32 |
|  RevisionDesign_i/processing_system7_0/inst/FCLK_CLK0 | RevisionDesign_i/axi_reram_0/inst/u_core/CELL_ARRAY[0].u_cell/current_state_i_1_n_0                                                                                                                          | RevisionDesign_i/axi_reram_0/inst/u_core/CELL_ARRAY[0].u_cell/endurance_counter_reg[0]_0                                                                     |               10 |             34 |
|  RevisionDesign_i/processing_system7_0/inst/FCLK_CLK0 | RevisionDesign_i/axi_reram_0/inst/u_core/CELL_ARRAY[9].u_cell/current_state_i_1__8_n_0                                                                                                                       | RevisionDesign_i/axi_reram_0/inst/u_core/CELL_ARRAY[0].u_cell/endurance_counter_reg[0]_0                                                                     |                9 |             34 |
|  RevisionDesign_i/processing_system7_0/inst/FCLK_CLK0 | RevisionDesign_i/axi_reram_0/inst/u_core/CELL_ARRAY[8].u_cell/current_state_i_1__7_n_0                                                                                                                       | RevisionDesign_i/axi_reram_0/inst/u_core/CELL_ARRAY[0].u_cell/endurance_counter_reg[0]_0                                                                     |                9 |             34 |
|  RevisionDesign_i/processing_system7_0/inst/FCLK_CLK0 | RevisionDesign_i/axi_reram_0/inst/u_core/CELL_ARRAY[10].u_cell/current_state_i_1__9_n_0                                                                                                                      | RevisionDesign_i/axi_reram_0/inst/u_core/CELL_ARRAY[0].u_cell/endurance_counter_reg[0]_0                                                                     |                9 |             34 |
|  RevisionDesign_i/processing_system7_0/inst/FCLK_CLK0 | RevisionDesign_i/axi_reram_0/inst/u_core/CELL_ARRAY[4].u_cell/current_state_i_1__3_n_0                                                                                                                       | RevisionDesign_i/axi_reram_0/inst/u_core/CELL_ARRAY[0].u_cell/endurance_counter_reg[0]_0                                                                     |                9 |             34 |
|  RevisionDesign_i/processing_system7_0/inst/FCLK_CLK0 | RevisionDesign_i/axi_reram_0/inst/u_core/CELL_ARRAY[13].u_cell/current_state_i_1__12_n_0                                                                                                                     | RevisionDesign_i/axi_reram_0/inst/u_core/CELL_ARRAY[0].u_cell/endurance_counter_reg[0]_0                                                                     |               10 |             34 |
|  RevisionDesign_i/processing_system7_0/inst/FCLK_CLK0 | RevisionDesign_i/axi_reram_0/inst/u_core/CELL_ARRAY[1].u_cell/current_state_i_1__0_n_0                                                                                                                       | RevisionDesign_i/axi_reram_0/inst/u_core/CELL_ARRAY[0].u_cell/endurance_counter_reg[0]_0                                                                     |                9 |             34 |
|  RevisionDesign_i/processing_system7_0/inst/FCLK_CLK0 | RevisionDesign_i/axi_reram_0/inst/u_core/CELL_ARRAY[3].u_cell/current_state_i_1__2_n_0                                                                                                                       | RevisionDesign_i/axi_reram_0/inst/u_core/CELL_ARRAY[0].u_cell/endurance_counter_reg[0]_0                                                                     |               10 |             34 |
|  RevisionDesign_i/processing_system7_0/inst/FCLK_CLK0 | RevisionDesign_i/axi_reram_0/inst/u_core/CELL_ARRAY[5].u_cell/current_state_i_1__4_n_0                                                                                                                       | RevisionDesign_i/axi_reram_0/inst/u_core/CELL_ARRAY[0].u_cell/endurance_counter_reg[0]_0                                                                     |                9 |             34 |
|  RevisionDesign_i/processing_system7_0/inst/FCLK_CLK0 | RevisionDesign_i/axi_reram_0/inst/u_core/CELL_ARRAY[15].u_cell/current_state_i_1__14_n_0                                                                                                                     | RevisionDesign_i/axi_reram_0/inst/u_core/CELL_ARRAY[0].u_cell/endurance_counter_reg[0]_0                                                                     |                9 |             34 |
|  RevisionDesign_i/processing_system7_0/inst/FCLK_CLK0 | RevisionDesign_i/axi_reram_0/inst/u_core/CELL_ARRAY[6].u_cell/current_state_i_1__5_n_0                                                                                                                       | RevisionDesign_i/axi_reram_0/inst/u_core/CELL_ARRAY[0].u_cell/endurance_counter_reg[0]_0                                                                     |                9 |             34 |
|  RevisionDesign_i/processing_system7_0/inst/FCLK_CLK0 | RevisionDesign_i/axi_reram_0/inst/u_core/CELL_ARRAY[14].u_cell/current_state_i_1__13_n_0                                                                                                                     | RevisionDesign_i/axi_reram_0/inst/u_core/CELL_ARRAY[0].u_cell/endurance_counter_reg[0]_0                                                                     |                9 |             34 |
|  RevisionDesign_i/processing_system7_0/inst/FCLK_CLK0 | RevisionDesign_i/axi_reram_0/inst/u_core/CELL_ARRAY[7].u_cell/current_state_i_1__6_n_0                                                                                                                       | RevisionDesign_i/axi_reram_0/inst/u_core/CELL_ARRAY[0].u_cell/endurance_counter_reg[0]_0                                                                     |                9 |             34 |
|  RevisionDesign_i/processing_system7_0/inst/FCLK_CLK0 | RevisionDesign_i/axi_reram_0/inst/u_core/CELL_ARRAY[12].u_cell/current_state_i_1__11_n_0                                                                                                                     | RevisionDesign_i/axi_reram_0/inst/u_core/CELL_ARRAY[0].u_cell/endurance_counter_reg[0]_0                                                                     |               10 |             34 |
|  RevisionDesign_i/processing_system7_0/inst/FCLK_CLK0 | RevisionDesign_i/axi_reram_0/inst/u_core/CELL_ARRAY[11].u_cell/current_state_i_1__10_n_0                                                                                                                     | RevisionDesign_i/axi_reram_0/inst/u_core/CELL_ARRAY[0].u_cell/endurance_counter_reg[0]_0                                                                     |               10 |             34 |
|  RevisionDesign_i/processing_system7_0/inst/FCLK_CLK0 | RevisionDesign_i/axi_reram_0/inst/u_core/CELL_ARRAY[2].u_cell/current_state_i_1__1_n_0                                                                                                                       | RevisionDesign_i/axi_reram_0/inst/u_core/CELL_ARRAY[0].u_cell/endurance_counter_reg[0]_0                                                                     |               10 |             34 |
|  RevisionDesign_i/processing_system7_0/inst/FCLK_CLK0 | RevisionDesign_i/ps7_0_axi_periph/xbar/inst/gen_samd.crossbar_samd/gen_master_slots[0].reg_slice_mi/r.r_pipe/skid_buffer_reg[0]_0                                                                            |                                                                                                                                                              |               10 |             45 |
|  RevisionDesign_i/processing_system7_0/inst/FCLK_CLK0 | RevisionDesign_i/ps7_0_axi_periph/xbar/inst/gen_samd.crossbar_samd/gen_master_slots[0].reg_slice_mi/r.r_pipe/p_1_in_0                                                                                        |                                                                                                                                                              |               17 |             45 |
|  RevisionDesign_i/processing_system7_0/inst/FCLK_CLK0 | RevisionDesign_i/ps7_0_axi_periph/m00_couplers/auto_pc/inst/gen_axilite.gen_b2s_conv.axilite_b2s/SI_REG/r.r_pipe/skid_buffer_reg[0]_0                                                                        |                                                                                                                                                              |               10 |             45 |
|  RevisionDesign_i/processing_system7_0/inst/FCLK_CLK0 | RevisionDesign_i/ps7_0_axi_periph/m00_couplers/auto_pc/inst/gen_axilite.gen_b2s_conv.axilite_b2s/SI_REG/r.r_pipe/p_1_in                                                                                      |                                                                                                                                                              |                7 |             45 |
|  RevisionDesign_i/processing_system7_0/inst/FCLK_CLK0 |                                                                                                                                                                                                              | RevisionDesign_i/axi_reram_0/inst/u_core/CELL_ARRAY[0].u_cell/endurance_counter_reg[0]_0                                                                     |               35 |             59 |
|  RevisionDesign_i/processing_system7_0/inst/FCLK_CLK0 |                                                                                                                                                                                                              | RevisionDesign_i/ps7_0_axi_periph/m00_couplers/auto_pc/inst/gen_axilite.gen_b2s_conv.axilite_b2s/areset_d1                                                   |               15 |             62 |
|  RevisionDesign_i/processing_system7_0/inst/FCLK_CLK0 |                                                                                                                                                                                                              |                                                                                                                                                              |               53 |            155 |
+-------------------------------------------------------+--------------------------------------------------------------------------------------------------------------------------------------------------------------------------------------------------------------+--------------------------------------------------------------------------------------------------------------------------------------------------------------+------------------+----------------+


