Copyright 1986-2018 Xilinx, Inc. All Rights Reserved.
----------------------------------------------------------------------------------------------------------------------------------------------------------------------------------------
| Tool Version     : Vivado v.2018.1 (win64) Build 2188600 Wed Apr  4 18:40:38 MDT 2018
| Date             : Sun Oct 12 22:45:30 2025
| Host             : LOREFARM running 64-bit major release  (build 9200)
| Command          : report_power -file RevisionDesign_wrapper_power_routed.rpt -pb RevisionDesign_wrapper_power_summary_routed.pb -rpx RevisionDesign_wrapper_power_routed.rpx
| Design           : RevisionDesign_wrapper
| Device           : xc7z020clg400-1
| Design State     : routed
| Grade            : commercial
| Process          : typical
| Characterization : Production
----------------------------------------------------------------------------------------------------------------------------------------------------------------------------------------

Power Report

Table of Contents
-----------------
1. Summary
1.1 On-Chip Components
1.2 Power Supply Summary
1.3 Confidence Level
2. Settings
2.1 Environment
2.2 Clock Constraints
3. Detailed Reports
3.1 By Hierarchy

1. Summary
----------

+--------------------------+--------------+
| Total On-Chip Power (W)  | 1.544        |
| Design Power Budget (W)  | Unspecified* |
| Power Budget Margin (W)  | NA           |
| Dynamic (W)              | 1.406        |
| Device Static (W)        | 0.137        |
| Effective TJA (C/W)      | 11.5         |
| Max Ambient (C)          | 67.2         |
| Junction Temperature (C) | 42.8         |
| Confidence Level         | Medium       |
| Setting File             | ---          |
| Simulation Activity File | ---          |
| Design Nets Matched      | NA           |
+--------------------------+--------------+
* Specify Design Power Budget using, set_operating_conditions -design_power_budget <value in Watts>


1.1 On-Chip Components
----------------------

+-------------------------+-----------+----------+-----------+-----------------+
| On-Chip                 | Power (W) | Used     | Available | Utilization (%) |
+-------------------------+-----------+----------+-----------+-----------------+
| Clocks                  |     0.004 |        3 |       --- |             --- |
| Slice Logic             |     0.002 |     4364 |       --- |             --- |
|   LUT as Logic          |     0.001 |     1519 |     53200 |            2.86 |
|   CARRY4                |    <0.001 |      167 |     13300 |            1.26 |
|   Register              |    <0.001 |     2071 |    106400 |            1.95 |
|   LUT as Shift Register |    <0.001 |       74 |     17400 |            0.43 |
|   F7/F8 Muxes           |    <0.001 |       14 |     53200 |            0.03 |
|   Others                |     0.000 |      259 |       --- |             --- |
| Signals                 |     0.002 |     3313 |       --- |             --- |
| PS7                     |     1.399 |        1 |       --- |             --- |
| Static Power            |     0.137 |          |           |                 |
| Total                   |     1.544 |          |           |                 |
+-------------------------+-----------+----------+-----------+-----------------+


1.2 Power Supply Summary
------------------------

+-----------+-------------+-----------+-------------+------------+
| Source    | Voltage (V) | Total (A) | Dynamic (A) | Static (A) |
+-----------+-------------+-----------+-------------+------------+
| Vccint    |       1.000 |     0.021 |       0.008 |      0.014 |
| Vccaux    |       1.800 |     0.015 |       0.000 |      0.015 |
| Vcco33    |       3.300 |     0.000 |       0.000 |      0.000 |
| Vcco25    |       2.500 |     0.000 |       0.000 |      0.000 |
| Vcco18    |       1.800 |     0.000 |       0.000 |      0.000 |
| Vcco15    |       1.500 |     0.000 |       0.000 |      0.000 |
| Vcco135   |       1.350 |     0.000 |       0.000 |      0.000 |
| Vcco12    |       1.200 |     0.000 |       0.000 |      0.000 |
| Vccaux_io |       1.800 |     0.000 |       0.000 |      0.000 |
| Vccbram   |       1.000 |     0.001 |       0.000 |      0.001 |
| MGTAVcc   |       1.000 |     0.000 |       0.000 |      0.000 |
| MGTAVtt   |       1.200 |     0.000 |       0.000 |      0.000 |
| MGTVccaux |       1.800 |     0.000 |       0.000 |      0.000 |
| Vccpint   |       1.000 |     0.746 |       0.717 |      0.028 |
| Vccpaux   |       1.800 |     0.061 |       0.051 |      0.010 |
| Vccpll    |       1.800 |     0.017 |       0.014 |      0.003 |
| Vcco_ddr  |       1.350 |     0.413 |       0.411 |      0.002 |
| Vcco_mio0 |       3.300 |     0.003 |       0.002 |      0.001 |
| Vcco_mio1 |       1.800 |     0.003 |       0.002 |      0.001 |
| Vccadc    |       1.800 |     0.020 |       0.000 |      0.020 |
+-----------+-------------+-----------+-------------+------------+


1.3 Confidence Level
--------------------

+-----------------------------+------------+------------------------------------------------+------------------------------------------------------------------------------------------------------------+
| User Input Data             | Confidence | Details                                        | Action                                                                                                     |
+-----------------------------+------------+------------------------------------------------+------------------------------------------------------------------------------------------------------------+
| Design implementation state | High       | Design is routed                               |                                                                                                            |
| Clock nodes activity        | High       | User specified more than 95% of clocks         |                                                                                                            |
| I/O nodes activity          | High       | User specified more than 95% of inputs         |                                                                                                            |
| Internal nodes activity     | Medium     | User specified less than 25% of internal nodes | Provide missing internal nodes activity with simulation results or by editing the "By Resource Type" views |
| Device models               | High       | Device models are Production                   |                                                                                                            |
|                             |            |                                                |                                                                                                            |
| Overall confidence level    | Medium     |                                                |                                                                                                            |
+-----------------------------+------------+------------------------------------------------+------------------------------------------------------------------------------------------------------------+


2. Settings
-----------

2.1 Environment
---------------

+-----------------------+------------------------+
| Ambient Temp (C)      | 25.0                   |
| ThetaJA (C/W)         | 11.5                   |
| Airflow (LFM)         | 250                    |
| Heat Sink             | none                   |
| ThetaSA (C/W)         | 0.0                    |
| Board Selection       | medium (10"x10")       |
| # of Board Layers     | 8to11 (8 to 11 Layers) |
| Board Temperature (C) | 25.0                   |
+-----------------------+------------------------+


2.2 Clock Constraints
---------------------

+------------+-------------------------------------------------------------------+-----------------+
| Clock      | Domain                                                            | Constraint (ns) |
+------------+-------------------------------------------------------------------+-----------------+
| clk_fpga_0 | RevisionDesign_i/processing_system7_0/inst/FCLK_CLK_unbuffered[0] |            20.0 |
+------------+-------------------------------------------------------------------+-----------------+


3. Detailed Reports
-------------------

3.1 By Hierarchy
----------------

+--------------------------------------------------------------+-----------+
| Name                                                         | Power (W) |
+--------------------------------------------------------------+-----------+
| RevisionDesign_wrapper                                       |     1.406 |
|   RevisionDesign_i                                           |     1.406 |
|     axi_bram_ctrl_0                                          |    <0.001 |
|       U0                                                     |    <0.001 |
|         gext_inst.abcv4_0_ext_inst                           |    <0.001 |
|           GEN_AXI4.I_FULL_AXI                                |    <0.001 |
|             I_RD_CHNL                                        |    <0.001 |
|               I_WRAP_BRST                                    |    <0.001 |
|             I_WR_CHNL                                        |    <0.001 |
|               BID_FIFO                                       |    <0.001 |
|               I_WRAP_BRST                                    |    <0.001 |
|     axi_reram_0                                              |     0.002 |
|       inst                                                   |     0.002 |
|         S00_AXI_inst                                         |    <0.001 |
|         u_core                                               |     0.002 |
|           CELL_ARRAY[0].u_cell                               |    <0.001 |
|           CELL_ARRAY[10].u_cell                              |    <0.001 |
|           CELL_ARRAY[11].u_cell                              |    <0.001 |
|           CELL_ARRAY[12].u_cell                              |    <0.001 |
|           CELL_ARRAY[13].u_cell                              |    <0.001 |
|           CELL_ARRAY[14].u_cell                              |    <0.001 |
|           CELL_ARRAY[15].u_cell                              |    <0.001 |
|           CELL_ARRAY[1].u_cell                               |    <0.001 |
|           CELL_ARRAY[2].u_cell                               |    <0.001 |
|           CELL_ARRAY[3].u_cell                               |    <0.001 |
|           CELL_ARRAY[4].u_cell                               |    <0.001 |
|           CELL_ARRAY[5].u_cell                               |    <0.001 |
|           CELL_ARRAY[6].u_cell                               |    <0.001 |
|           CELL_ARRAY[7].u_cell                               |    <0.001 |
|           CELL_ARRAY[8].u_cell                               |    <0.001 |
|           CELL_ARRAY[9].u_cell                               |    <0.001 |
|     processing_system7_0                                     |     1.399 |
|       inst                                                   |     1.399 |
|     ps7_0_axi_periph                                         |     0.004 |
|       m00_couplers                                           |     0.002 |
|         auto_pc                                              |     0.002 |
|           inst                                               |     0.002 |
|             gen_axilite.gen_b2s_conv.axilite_b2s             |     0.002 |
|               RD.ar_channel_0                                |    <0.001 |
|                 ar_cmd_fsm_0                                 |    <0.001 |
|                 cmd_translator_0                             |    <0.001 |
|                   incr_cmd_0                                 |    <0.001 |
|                   wrap_cmd_0                                 |    <0.001 |
|               RD.r_channel_0                                 |    <0.001 |
|                 rd_data_fifo_0                               |    <0.001 |
|                 transaction_fifo_0                           |    <0.001 |
|               SI_REG                                         |    <0.001 |
|                 ar.ar_pipe                                   |    <0.001 |
|                 aw.aw_pipe                                   |    <0.001 |
|                 b.b_pipe                                     |    <0.001 |
|                 r.r_pipe                                     |    <0.001 |
|               WR.aw_channel_0                                |    <0.001 |
|                 aw_cmd_fsm_0                                 |    <0.001 |
|                 cmd_translator_0                             |    <0.001 |
|                   incr_cmd_0                                 |    <0.001 |
|                   wrap_cmd_0                                 |    <0.001 |
|               WR.b_channel_0                                 |    <0.001 |
|                 bid_fifo_0                                   |    <0.001 |
|                 bresp_fifo_0                                 |    <0.001 |
|       s00_couplers                                           |     0.000 |
|         auto_pc                                              |     0.000 |
|       xbar                                                   |     0.002 |
|         inst                                                 |     0.002 |
|           gen_samd.crossbar_samd                             |     0.002 |
|             addr_arbiter_ar                                  |    <0.001 |
|             addr_arbiter_aw                                  |    <0.001 |
|             gen_decerr_slave.decerr_slave_inst               |    <0.001 |
|             gen_master_slots[0].reg_slice_mi                 |    <0.001 |
|               b.b_pipe                                       |    <0.001 |
|               r.r_pipe                                       |    <0.001 |
|             gen_master_slots[1].reg_slice_mi                 |    <0.001 |
|               b.b_pipe                                       |    <0.001 |
|               r.r_pipe                                       |    <0.001 |
|             gen_master_slots[2].reg_slice_mi                 |    <0.001 |
|               b.b_pipe                                       |    <0.001 |
|               r.r_pipe                                       |    <0.001 |
|             gen_slave_slots[0].gen_si_read.si_transactor_ar  |    <0.001 |
|               gen_multi_thread.arbiter_resp_inst             |    <0.001 |
|             gen_slave_slots[0].gen_si_write.si_transactor_aw |    <0.001 |
|               gen_multi_thread.arbiter_resp_inst             |    <0.001 |
|             gen_slave_slots[0].gen_si_write.splitter_aw_si   |    <0.001 |
|             gen_slave_slots[0].gen_si_write.wdata_router_w   |    <0.001 |
|               wrouter_aw_fifo                                |    <0.001 |
|                 gen_srls[0].gen_rep[0].srl_nx1               |    <0.001 |
|                 gen_srls[0].gen_rep[1].srl_nx1               |    <0.001 |
|             splitter_aw_mi                                   |    <0.001 |
|     rst_ps7_0_50M                                            |    <0.001 |
|       U0                                                     |    <0.001 |
|         EXT_LPF                                              |    <0.001 |
|           ACTIVE_LOW_AUX.ACT_LO_AUX                          |    <0.001 |
|           ACTIVE_LOW_EXT.ACT_LO_EXT                          |    <0.001 |
|         SEQ                                                  |    <0.001 |
|           SEQ_COUNTER                                        |    <0.001 |
+--------------------------------------------------------------+-----------+


