14:46:08 INFO  : Registering command handlers for SDK TCF services
14:46:09 INFO  : Launching XSCT server: xsct.bat -interactive C:\Users\hrish\OneDrive\Desktop\AxiReramWithBram\sdk\temp_xsdb_launch_script.tcl
14:46:13 INFO  : XSCT server has started successfully.
14:46:19 INFO  : Successfully done setting XSCT server connection channel  
14:46:19 INFO  : Successfully done setting SDK workspace  
14:46:19 INFO  : Processing command line option -hwspec C:/Users/hrish/OneDrive/Desktop/AxiReramWithBram/hw/system_bd_wrapper.hdf.
14:50:41 INFO  : Connected to target on host '127.0.0.1' and port '3121'.
14:50:42 INFO  : 'targets -set -filter {jtag_cable_name =~ "Digilent Zybo Z7 210351A81D96A" && level==0} -index 1' command is executed.
14:50:44 INFO  : FPGA configured successfully with bitstream "C:/Users/hrish/OneDrive/Desktop/AxiReramWithBram/sdk/system_bd_wrapper_hw_platform_0/system_bd_wrapper.bit"
14:56:05 INFO  : 'targets -set -filter {jtag_cable_name =~ "Digilent Zybo Z7 210351A81D96A" && level==0} -index 1' command is executed.
14:56:05 INFO  : 'fpga -state' command is executed.
14:56:05 INFO  : Connected to target on host '127.0.0.1' and port '3121'.
14:56:05 INFO  : Jtag cable 'Digilent Zybo Z7 210351A81D96A' is selected.
14:56:05 INFO  : 'jtag frequency' command is executed.
14:56:05 INFO  : Sourcing of 'C:/Users/hrish/OneDrive/Desktop/AxiReramWithBram/sdk/system_bd_wrapper_hw_platform_0/ps7_init.tcl' is done.
14:56:05 INFO  : Context for 'APU' is selected.
14:56:05 INFO  : Hardware design information is loaded from 'C:/Users/hrish/OneDrive/Desktop/AxiReramWithBram/sdk/system_bd_wrapper_hw_platform_0/system.hdf'.
14:56:05 INFO  : 'configparams force-mem-access 1' command is executed.
14:56:06 INFO  : Context for 'APU' is selected.
14:56:06 INFO  : 'stop' command is executed.
14:56:06 INFO  : 'ps7_init' command is executed.
14:56:06 INFO  : 'ps7_post_config' command is executed.
14:56:06 INFO  : Context for processor 'ps7_cortexa9_0' is selected.
14:56:06 INFO  : Processor reset is completed for 'ps7_cortexa9_0'.
14:56:06 INFO  : Context for processor 'ps7_cortexa9_0' is selected.
14:56:06 INFO  : The application 'C:/Users/hrish/OneDrive/Desktop/AxiReramWithBram/sdk/ReramWithBramTest/Debug/ReramWithBramTest.elf' is downloaded to processor 'ps7_cortexa9_0'.
14:56:06 INFO  : 'configparams force-mem-access 0' command is executed.
14:56:06 INFO  : ----------------XSDB Script----------------
connect -url tcp:127.0.0.1:3121
source C:/Users/hrish/OneDrive/Desktop/AxiReramWithBram/sdk/system_bd_wrapper_hw_platform_0/ps7_init.tcl
targets -set -nocase -filter {name =~"APU*" && jtag_cable_name =~ "Digilent Zybo Z7 210351A81D96A"} -index 0
loadhw -hw C:/Users/hrish/OneDrive/Desktop/AxiReramWithBram/sdk/system_bd_wrapper_hw_platform_0/system.hdf -mem-ranges [list {0x40000000 0xbfffffff}]
configparams force-mem-access 1
targets -set -nocase -filter {name =~"APU*" && jtag_cable_name =~ "Digilent Zybo Z7 210351A81D96A"} -index 0
stop
ps7_init
ps7_post_config
targets -set -nocase -filter {name =~ "ARM*#0" && jtag_cable_name =~ "Digilent Zybo Z7 210351A81D96A"} -index 0
rst -processor
targets -set -nocase -filter {name =~ "ARM*#0" && jtag_cable_name =~ "Digilent Zybo Z7 210351A81D96A"} -index 0
dow C:/Users/hrish/OneDrive/Desktop/AxiReramWithBram/sdk/ReramWithBramTest/Debug/ReramWithBramTest.elf
configparams force-mem-access 0
----------------End of Script----------------

14:56:06 INFO  : Memory regions updated for context APU
14:56:07 INFO  : Context for processor 'ps7_cortexa9_0' is selected.
14:56:07 INFO  : 'con' command is executed.
14:56:07 INFO  : ----------------XSDB Script (After Launch)----------------
targets -set -nocase -filter {name =~ "ARM*#0" && jtag_cable_name =~ "Digilent Zybo Z7 210351A81D96A"} -index 0
con
----------------End of Script----------------

14:56:07 INFO  : Launch script is exported to file 'C:\Users\hrish\OneDrive\Desktop\AxiReramWithBram\sdk\.sdk\launch_scripts\xilinx_c-c++_application_(system_debugger)\system_debugger_using_debug_reramwithbramtest.elf_on_local.tcl'
14:57:51 INFO  : Disconnected from the channel tcfchan#1.
14:58:15 INFO  : 'targets -set -filter {jtag_cable_name =~ "Digilent Zybo Z7 210351A81D96A" && level==0} -index 1' command is executed.
14:58:15 INFO  : 'fpga -state' command is executed.
14:58:15 INFO  : Connected to target on host '127.0.0.1' and port '3121'.
14:58:15 INFO  : Jtag cable 'Digilent Zybo Z7 210351A81D96A' is selected.
14:58:15 INFO  : 'jtag frequency' command is executed.
14:58:15 INFO  : Sourcing of 'C:/Users/hrish/OneDrive/Desktop/AxiReramWithBram/sdk/system_bd_wrapper_hw_platform_0/ps7_init.tcl' is done.
14:58:16 INFO  : Context for 'APU' is selected.
14:58:16 INFO  : Hardware design information is loaded from 'C:/Users/hrish/OneDrive/Desktop/AxiReramWithBram/sdk/system_bd_wrapper_hw_platform_0/system.hdf'.
14:58:16 INFO  : 'configparams force-mem-access 1' command is executed.
14:58:16 INFO  : Context for 'APU' is selected.
14:58:16 INFO  : 'stop' command is executed.
14:58:18 INFO  : 'ps7_init' command is executed.
14:58:18 INFO  : 'ps7_post_config' command is executed.
14:58:18 INFO  : Context for processor 'ps7_cortexa9_0' is selected.
14:58:18 INFO  : Processor reset is completed for 'ps7_cortexa9_0'.
14:58:18 INFO  : Context for processor 'ps7_cortexa9_0' is selected.
14:58:20 ERROR : Memory write error at 0x100000. APB AP transaction error, DAP status f0000021
14:58:20 INFO  : ----------------XSDB Script----------------
connect -url tcp:127.0.0.1:3121
source C:/Users/hrish/OneDrive/Desktop/AxiReramWithBram/sdk/system_bd_wrapper_hw_platform_0/ps7_init.tcl
targets -set -nocase -filter {name =~"APU*" && jtag_cable_name =~ "Digilent Zybo Z7 210351A81D96A"} -index 0
loadhw -hw C:/Users/hrish/OneDrive/Desktop/AxiReramWithBram/sdk/system_bd_wrapper_hw_platform_0/system.hdf -mem-ranges [list {0x40000000 0xbfffffff}]
configparams force-mem-access 1
targets -set -nocase -filter {name =~"APU*" && jtag_cable_name =~ "Digilent Zybo Z7 210351A81D96A"} -index 0
stop
ps7_init
ps7_post_config
targets -set -nocase -filter {name =~ "ARM*#0" && jtag_cable_name =~ "Digilent Zybo Z7 210351A81D96A"} -index 0
rst -processor
targets -set -nocase -filter {name =~ "ARM*#0" && jtag_cable_name =~ "Digilent Zybo Z7 210351A81D96A"} -index 0
dow C:/Users/hrish/OneDrive/Desktop/AxiReramWithBram/sdk/ReramWithBramTest/Debug/ReramWithBramTest.elf
----------------End of Script----------------

14:58:39 INFO  : Connected to target on host '127.0.0.1' and port '3121'.
14:58:39 INFO  : 'targets -set -filter {jtag_cable_name =~ "Digilent Zybo Z7 210351A81D96A" && level==0} -index 1' command is executed.
14:58:42 INFO  : FPGA configured successfully with bitstream "C:/Users/hrish/OneDrive/Desktop/AxiReramWithBram/sdk/system_bd_wrapper_hw_platform_0/system_bd_wrapper.bit"
14:58:55 INFO  : 'targets -set -filter {jtag_cable_name =~ "Digilent Zybo Z7 210351A81D96A" && level==0} -index 1' command is executed.
14:58:55 INFO  : 'fpga -state' command is executed.
14:58:55 INFO  : Connected to target on host '127.0.0.1' and port '3121'.
14:58:55 INFO  : Jtag cable 'Digilent Zybo Z7 210351A81D96A' is selected.
14:58:55 INFO  : 'jtag frequency' command is executed.
14:58:55 INFO  : Sourcing of 'C:/Users/hrish/OneDrive/Desktop/AxiReramWithBram/sdk/system_bd_wrapper_hw_platform_0/ps7_init.tcl' is done.
14:58:56 INFO  : Context for 'APU' is selected.
14:58:56 INFO  : Hardware design information is loaded from 'C:/Users/hrish/OneDrive/Desktop/AxiReramWithBram/sdk/system_bd_wrapper_hw_platform_0/system.hdf'.
14:58:56 INFO  : 'configparams force-mem-access 1' command is executed.
14:58:56 INFO  : Context for 'APU' is selected.
14:58:56 INFO  : 'stop' command is executed.
14:58:56 INFO  : 'ps7_init' command is executed.
14:58:56 INFO  : 'ps7_post_config' command is executed.
14:58:56 INFO  : Context for processor 'ps7_cortexa9_0' is selected.
14:58:56 INFO  : Processor reset is completed for 'ps7_cortexa9_0'.
14:58:56 INFO  : Context for processor 'ps7_cortexa9_0' is selected.
14:58:57 INFO  : The application 'C:/Users/hrish/OneDrive/Desktop/AxiReramWithBram/sdk/ReramWithBramTest/Debug/ReramWithBramTest.elf' is downloaded to processor 'ps7_cortexa9_0'.
14:58:57 INFO  : 'configparams force-mem-access 0' command is executed.
14:58:57 INFO  : ----------------XSDB Script----------------
connect -url tcp:127.0.0.1:3121
source C:/Users/hrish/OneDrive/Desktop/AxiReramWithBram/sdk/system_bd_wrapper_hw_platform_0/ps7_init.tcl
targets -set -nocase -filter {name =~"APU*" && jtag_cable_name =~ "Digilent Zybo Z7 210351A81D96A"} -index 0
loadhw -hw C:/Users/hrish/OneDrive/Desktop/AxiReramWithBram/sdk/system_bd_wrapper_hw_platform_0/system.hdf -mem-ranges [list {0x40000000 0xbfffffff}]
configparams force-mem-access 1
targets -set -nocase -filter {name =~"APU*" && jtag_cable_name =~ "Digilent Zybo Z7 210351A81D96A"} -index 0
stop
ps7_init
ps7_post_config
targets -set -nocase -filter {name =~ "ARM*#0" && jtag_cable_name =~ "Digilent Zybo Z7 210351A81D96A"} -index 0
rst -processor
targets -set -nocase -filter {name =~ "ARM*#0" && jtag_cable_name =~ "Digilent Zybo Z7 210351A81D96A"} -index 0
dow C:/Users/hrish/OneDrive/Desktop/AxiReramWithBram/sdk/ReramWithBramTest/Debug/ReramWithBramTest.elf
configparams force-mem-access 0
----------------End of Script----------------

14:58:57 INFO  : Memory regions updated for context APU
14:58:57 INFO  : Context for processor 'ps7_cortexa9_0' is selected.
14:58:57 INFO  : 'con' command is executed.
14:58:57 INFO  : ----------------XSDB Script (After Launch)----------------
targets -set -nocase -filter {name =~ "ARM*#0" && jtag_cable_name =~ "Digilent Zybo Z7 210351A81D96A"} -index 0
con
----------------End of Script----------------

14:58:57 INFO  : Launch script is exported to file 'C:\Users\hrish\OneDrive\Desktop\AxiReramWithBram\sdk\.sdk\launch_scripts\xilinx_c-c++_application_(system_debugger)\system_debugger_using_debug_reramwithbramtest.elf_on_local.tcl'
15:00:57 INFO  : Disconnected from the channel tcfchan#2.
15:03:14 INFO  : Connected to target on host '127.0.0.1' and port '3121'.
15:03:15 INFO  : 'targets -set -filter {jtag_cable_name =~ "Digilent Zybo Z7 210351A81D96A" && level==0} -index 1' command is executed.
15:03:17 INFO  : FPGA configured successfully with bitstream "C:/Users/hrish/OneDrive/Desktop/AxiReramWithBram/sdk/system_bd_wrapper_hw_platform_0/system_bd_wrapper.bit"
15:03:24 INFO  : 'targets -set -filter {jtag_cable_name =~ "Digilent Zybo Z7 210351A81D96A" && level==0} -index 1' command is executed.
15:03:24 INFO  : 'fpga -state' command is executed.
15:03:24 INFO  : Connected to target on host '127.0.0.1' and port '3121'.
15:03:24 INFO  : Jtag cable 'Digilent Zybo Z7 210351A81D96A' is selected.
15:03:24 INFO  : 'jtag frequency' command is executed.
15:03:24 INFO  : Sourcing of 'C:/Users/hrish/OneDrive/Desktop/AxiReramWithBram/sdk/system_bd_wrapper_hw_platform_0/ps7_init.tcl' is done.
15:03:24 INFO  : Context for 'APU' is selected.
15:03:24 INFO  : Hardware design information is loaded from 'C:/Users/hrish/OneDrive/Desktop/AxiReramWithBram/sdk/system_bd_wrapper_hw_platform_0/system.hdf'.
15:03:24 INFO  : 'configparams force-mem-access 1' command is executed.
15:03:24 INFO  : Context for 'APU' is selected.
15:03:24 INFO  : 'stop' command is executed.
15:03:25 INFO  : 'ps7_init' command is executed.
15:03:25 INFO  : 'ps7_post_config' command is executed.
15:03:25 INFO  : Context for processor 'ps7_cortexa9_0' is selected.
15:03:25 INFO  : Processor reset is completed for 'ps7_cortexa9_0'.
15:03:25 INFO  : Context for processor 'ps7_cortexa9_0' is selected.
15:03:25 INFO  : The application 'C:/Users/hrish/OneDrive/Desktop/AxiReramWithBram/sdk/ReramWithBramTest/Debug/ReramWithBramTest.elf' is downloaded to processor 'ps7_cortexa9_0'.
15:03:25 INFO  : 'configparams force-mem-access 0' command is executed.
15:03:25 INFO  : ----------------XSDB Script----------------
connect -url tcp:127.0.0.1:3121
source C:/Users/hrish/OneDrive/Desktop/AxiReramWithBram/sdk/system_bd_wrapper_hw_platform_0/ps7_init.tcl
targets -set -nocase -filter {name =~"APU*" && jtag_cable_name =~ "Digilent Zybo Z7 210351A81D96A"} -index 0
loadhw -hw C:/Users/hrish/OneDrive/Desktop/AxiReramWithBram/sdk/system_bd_wrapper_hw_platform_0/system.hdf -mem-ranges [list {0x40000000 0xbfffffff}]
configparams force-mem-access 1
targets -set -nocase -filter {name =~"APU*" && jtag_cable_name =~ "Digilent Zybo Z7 210351A81D96A"} -index 0
stop
ps7_init
ps7_post_config
targets -set -nocase -filter {name =~ "ARM*#0" && jtag_cable_name =~ "Digilent Zybo Z7 210351A81D96A"} -index 0
rst -processor
targets -set -nocase -filter {name =~ "ARM*#0" && jtag_cable_name =~ "Digilent Zybo Z7 210351A81D96A"} -index 0
dow C:/Users/hrish/OneDrive/Desktop/AxiReramWithBram/sdk/ReramWithBramTest/Debug/ReramWithBramTest.elf
configparams force-mem-access 0
----------------End of Script----------------

15:03:25 INFO  : Memory regions updated for context APU
15:03:25 INFO  : Context for processor 'ps7_cortexa9_0' is selected.
15:03:25 INFO  : 'con' command is executed.
15:03:25 INFO  : ----------------XSDB Script (After Launch)----------------
targets -set -nocase -filter {name =~ "ARM*#0" && jtag_cable_name =~ "Digilent Zybo Z7 210351A81D96A"} -index 0
con
----------------End of Script----------------

15:03:25 INFO  : Launch script is exported to file 'C:\Users\hrish\OneDrive\Desktop\AxiReramWithBram\sdk\.sdk\launch_scripts\xilinx_c-c++_application_(system_debugger)\system_debugger_using_debug_reramwithbramtest.elf_on_local.tcl'
15:07:29 INFO  : Disconnected from the channel tcfchan#3.
